<html>
<body>
<pre>
<h1>礦ision Build Log</h1>
<h2>Tool Versions:</h2>
IDE-Version: μVision V5.37.0.0
Copyright (C) 2022 ARM Ltd and ARM Germany GmbH. All rights reserved.
License Information: 111 喵小黑, 111, LIC=HN0AE-5D9PY-UH28H-WZXWM-A1NVK-Z3PBI
 
Tool Versions:
Toolchain:       MDK-ARM Plus  Version: 5.37.0.0
Toolchain Path:  D:\Program\Keil\Keil_v5\ARM\ARMCLANG\Bin
C Compiler:      ArmClang.exe V6.18
Assembler:       Armasm.exe V6.18
Linker/Locator:  ArmLink.exe V6.18
Library Manager: ArmAr.exe V6.18
Hex Converter:   FromElf.exe V6.18
CPU DLL:         SARMCM3.DLL V5.37.0.0
Dialog DLL:      DCM.DLL V1.17.5.0
Target DLL:      UL2CM3.DLL V1.164.7.0
Dialog DLL:      TCM.DLL V1.56.1.0
 
<h2>Project:</h2>
F:\7.Program\3.STM32\3.STM32H750XBH6\STM32H750XBH6_ArtPi_QSPI_W25Q64JV_FLM\MDK-ARM\STM32H750XBH6_ArtPi_QSPI_W25Q64JV_FLM.uvprojx
Project File Date:  02/15/2023

<h2>Output:</h2>
*** Using Compiler 'V6.18', folder: 'D:\Program\Keil\Keil_v5\ARM\ARMCLANG\Bin'
Rebuild target 'STM32H750XBH6_ArtPi_QSPI_W25Q64JV_FLM'
compiling tim.c...
compiling stm32h7xx_it.c...
compiling main.c...
compiling usart.c...
compiling stm32h7xx_hal_msp.c...
compiling gpio.c...
compiling quadspi.c...
compiling stm32h7xx_hal_cortex.c...
compiling stm32h7xx_hal_flash.c...
compiling stm32h7xx_hal_rcc.c...
compiling stm32h7xx_hal_qspi.c...
compiling stm32h7xx_hal_rcc_ex.c...
compiling stm32h7xx_hal_gpio.c...
compiling stm32h7xx_hal_hsem.c...
compiling stm32h7xx_hal_flash_ex.c...
compiling stm32h7xx_hal_pwr.c...
compiling stm32h7xx_hal_dma_ex.c...
compiling stm32h7xx_hal_i2c_ex.c...
compiling stm32h7xx_hal.c...
compiling stm32h7xx_hal_pwr_ex.c...
compiling stm32h7xx_hal_mdma.c...
compiling FlashDev.c...
compiling stm32h7xx_hal_dma.c...
compiling stm32h7xx_hal_exti.c...
compiling system_stm32h7xx.c...
compiling stm32h7xx_hal_uart_ex.c...
compiling FlashPrg.c...
compiling user_delay.c...
compiling stm32h7xx_hal_tim_ex.c...
compiling w25q64jv.c...
compiling stm32h7xx_hal_i2c.c...
compiling stm32h7xx_hal_uart.c...
compiling stm32h7xx_hal_tim.c...
linking...
Program Size: Code=116080 RO-data=4356 RW-data=20 ZI-data=336  
After Build - User command #2: cmd.exe /C copy ".\Output\STM32H750XBH6_ArtPi_QSPI_W25Q64JV_FLM.axf" "..\Algorithms\STM32H750XBH6_ArtPi_QSPI_W25Q64JV_FLM.FLM"
已复制         1 个文件。
".\Output\STM32H750XBH6_ArtPi_QSPI_W25Q64JV_FLM.axf" - 0 Error(s), 0 Warning(s).

<h2>Software Packages used:</h2>

Package Vendor: ARM
                http://www.keil.com/pack/ARM.CMSIS.5.9.0.pack
                ARM.CMSIS.5.9.0
                CMSIS (Common Microcontroller Software Interface Standard)
   * Component: CORE Version: 5.6.0

Package Vendor: Keil
                http://www.keil.com/pack/Keil.STM32H7xx_DFP.3.0.0.pack
                Keil.STM32H7xx_DFP.3.0.0
                STMicroelectronics STM32H7 Series Device Support and Examples

<h2>Collection of Component include folders:</h2>
  ./RTE/_STM32H750XBH6_ArtPi_QSPI_W25Q64JV_FLM
  D:/Program/Keil/Packs/ARM/CMSIS/5.9.0/CMSIS/Core/Include
  D:/Program/Keil/Packs/Keil/STM32H7xx_DFP/3.0.0/Drivers/CMSIS/Device/ST/STM32H7xx/Include

<h2>Collection of Component Files used:</h2>

   * Component: ARM::CMSIS:CORE:5.6.0
      Include file:  CMSIS/Core/Include/tz_context.h
Build Time Elapsed:  00:00:04
</pre>
</body>
</html>
