<html>
<body>
<pre>
<h1>礦ision Build Log</h1>
<h2>Tool Versions:</h2>
IDE-Version: μVision V5.38.0.0
Copyright (C) 2022 ARM Ltd and ARM Germany GmbH. All rights reserved.
License Information: 111 喵小黑, 111, LIC=ESNGG-E1PLN-7TF3I-6MAF3-0CQLW-6DJ2R
 
Tool Versions:
Toolchain:       MDK-ARM Community  Version: 5.38.0.0
Toolchain Path:  D:\Program\Keil\Keil_v5\ARM\ARMCLANG\Bin
C Compiler:      ArmClang.exe V6.19
Assembler:       Armasm.exe V6.19
Linker/Locator:  ArmLink.exe V6.19
Library Manager: ArmAr.exe V6.19
Hex Converter:   FromElf.exe V6.19
CPU DLL:         SARMCM3.DLL V5.38.0.0
Dialog DLL:      DCM.DLL V1.17.5.0
Target DLL:      CMSIS_AGDI.dll V1.33.15.0
Dialog DLL:      TCM.DLL V1.56.4.0
 
<h2>Project:</h2>
F:\3.git\1.Github\ExFlash_Algorithm\embedfire\Algorithm_QSPI\MDK-ARM\stm32h750xb.uvprojx
Project File Date:  08/12/2023

<h2>Output:</h2>
*** Using Compiler 'V6.19', folder: 'D:\Program\Keil\Keil_v5\ARM\ARMCLANG\Bin'
Build target 'stm32h750xb'
compiling FlashPrg.c...
linking...
Program Size: Code=87860 RO-data=4324 RW-data=20 ZI-data=4448  
FromELF: creating hex file...
After Build - User command #1: cmd.exe /C copy "stm32h750xb\stm32h750xb.axf" "..\stm32h750xb.flm"
已复制         1 个文件。
"stm32h750xb\stm32h750xb.axf" - 0 Error(s), 0 Warning(s).

<h2>Software Packages used:</h2>

Package Vendor: ARM
                http://www.keil.com/pack/ARM.CMSIS.5.9.0.pack
                ARM.CMSIS.5.9.0
                CMSIS (Common Microcontroller Software Interface Standard)
   * Component: CORE Version: 5.6.0

Package Vendor: Keil
                https://www.keil.com/pack/Keil.STM32H7xx_DFP.3.1.1.pack
                Keil.STM32H7xx_DFP.3.1.1
                STMicroelectronics STM32H7 Series Device Support and Examples

<h2>Collection of Component include folders:</h2>
  ./RTE/_stm32h750xb
  D:/Program/Keil/Packs/ARM/CMSIS/5.9.0/CMSIS/Core/Include
  D:/Program/Keil/Packs/Keil/STM32H7xx_DFP/3.1.1/Drivers/CMSIS/Device/ST/STM32H7xx/Include

<h2>Collection of Component Files used:</h2>

   * Component: ARM::CMSIS:CORE:5.6.0
      Include file:  CMSIS/Core/Include/tz_context.h
Build Time Elapsed:  00:00:03
</pre>
</body>
</html>
