<!doctype html public "-//w3c//dtd html 4.0 transitional//en">
<html><head>
<title>Static Call Graph - [stm32h750xb\STM32H750XB_EMBEDFIRE_W25Q256JV.axf]</title></head>
<body><HR>
<H1>Static Call Graph for image stm32h750xb\STM32H750XB_EMBEDFIRE_W25Q256JV.axf</H1><HR>
<BR><P>#&#060CALLGRAPH&#062# ARM Linker, 5060960: Last Updated: Tue Aug 15 11:07:05 2023
<BR><P>
<H3>Maximum Stack Usage =        128 bytes + Unknown(Cycles, Untraceable Function Pointers)</H3><H3>
Call chain for Maximum Stack Depth:</H3>
I2C_Slave_ISR_DMA &rArr; I2C_ITSlaveCplt &rArr; I2C_ITError &rArr; HAL_DMA_Abort_IT
<P>
<H3>
Mutually Recursive functions
</H3> <LI><a href="#[127]">UART_EndTxTransfer</a>&nbsp;&nbsp;&nbsp;&rArr;&nbsp;&nbsp;&nbsp;<a href="#[127]">UART_EndTxTransfer</a><BR>
</UL>
<P>
<H3>
Function Pointers
</H3><UL>
 <LI><a href="#[5]">I2C_DMAAbort</a> from stm32h7xx_hal_i2c.o(.text) referenced 3 times from stm32h7xx_hal_i2c.o(.text)
 <LI><a href="#[b]">I2C_DMAError</a> from stm32h7xx_hal_i2c.o(.text) referenced 10 times from stm32h7xx_hal_i2c.o(.text)
 <LI><a href="#[c]">I2C_DMAMasterReceiveCplt</a> from stm32h7xx_hal_i2c.o(.text) referenced 3 times from stm32h7xx_hal_i2c.o(.text)
 <LI><a href="#[a]">I2C_DMAMasterTransmitCplt</a> from stm32h7xx_hal_i2c.o(.text) referenced 3 times from stm32h7xx_hal_i2c.o(.text)
 <LI><a href="#[e]">I2C_DMASlaveReceiveCplt</a> from stm32h7xx_hal_i2c.o(.text) referenced 2 times from stm32h7xx_hal_i2c.o(.text)
 <LI><a href="#[d]">I2C_DMASlaveTransmitCplt</a> from stm32h7xx_hal_i2c.o(.text) referenced 2 times from stm32h7xx_hal_i2c.o(.text)
 <LI><a href="#[7]">I2C_Master_ISR_DMA</a> from stm32h7xx_hal_i2c.o(.text) referenced 5 times from stm32h7xx_hal_i2c.o(.text)
 <LI><a href="#[9]">I2C_Master_ISR_IT</a> from stm32h7xx_hal_i2c.o(.text) referenced 6 times from stm32h7xx_hal_i2c.o(.text)
 <LI><a href="#[10]">I2C_Mem_ISR_DMA</a> from stm32h7xx_hal_i2c.o(.text) referenced 2 times from stm32h7xx_hal_i2c.o(.text)
 <LI><a href="#[f]">I2C_Mem_ISR_IT</a> from stm32h7xx_hal_i2c.o(.text) referenced from stm32h7xx_hal_i2c.o(.text)
 <LI><a href="#[8]">I2C_Slave_ISR_DMA</a> from stm32h7xx_hal_i2c.o(.text) referenced 5 times from stm32h7xx_hal_i2c.o(.text)
 <LI><a href="#[6]">I2C_Slave_ISR_IT</a> from stm32h7xx_hal_i2c.o(.text) referenced 5 times from stm32h7xx_hal_i2c.o(.text)
 <LI><a href="#[1]">QSPI_DMAAbortCplt</a> from stm32h7xx_hal_qspi.o(.text) referenced 2 times from stm32h7xx_hal_qspi.o(.text)
 <LI><a href="#[3]">QSPI_DMAError</a> from stm32h7xx_hal_qspi.o(.text) referenced 2 times from stm32h7xx_hal_qspi.o(.text)
 <LI><a href="#[4]">QSPI_DMARxCplt</a> from stm32h7xx_hal_qspi.o(.text) referenced from stm32h7xx_hal_qspi.o(.text)
 <LI><a href="#[2]">QSPI_DMATxCplt</a> from stm32h7xx_hal_qspi.o(.text) referenced from stm32h7xx_hal_qspi.o(.text)
 <LI><a href="#[22]">UART_DMAAbortOnError</a> from stm32h7xx_hal_uart.o(.text) referenced from stm32h7xx_hal_uart.o(.text)
 <LI><a href="#[1b]">UART_DMAError</a> from stm32h7xx_hal_uart.o(.text) referenced 2 times from stm32h7xx_hal_uart.o(.text)
 <LI><a href="#[1c]">UART_DMAReceiveCplt</a> from stm32h7xx_hal_uart.o(.text) referenced from stm32h7xx_hal_uart.o(.text)
 <LI><a href="#[1f]">UART_DMARxAbortCallback</a> from stm32h7xx_hal_uart.o(.text) referenced from stm32h7xx_hal_uart.o(.text)
 <LI><a href="#[1d]">UART_DMARxHalfCplt</a> from stm32h7xx_hal_uart.o(.text) referenced from stm32h7xx_hal_uart.o(.text)
 <LI><a href="#[21]">UART_DMARxOnlyAbortCallback</a> from stm32h7xx_hal_uart.o(.text) referenced from stm32h7xx_hal_uart.o(.text)
 <LI><a href="#[19]">UART_DMATransmitCplt</a> from stm32h7xx_hal_uart.o(.text) referenced from stm32h7xx_hal_uart.o(.text)
 <LI><a href="#[1e]">UART_DMATxAbortCallback</a> from stm32h7xx_hal_uart.o(.text) referenced from stm32h7xx_hal_uart.o(.text)
 <LI><a href="#[1a]">UART_DMATxHalfCplt</a> from stm32h7xx_hal_uart.o(.text) referenced from stm32h7xx_hal_uart.o(.text)
 <LI><a href="#[20]">UART_DMATxOnlyAbortCallback</a> from stm32h7xx_hal_uart.o(.text) referenced from stm32h7xx_hal_uart.o(.text)
 <LI><a href="#[16]">UART_RxISR_16BIT</a> from stm32h7xx_hal_uart.o(.text) referenced 2 times from stm32h7xx_hal_uart.o(.text)
 <LI><a href="#[18]">UART_RxISR_16BIT_FIFOEN</a> from stm32h7xx_hal_uart.o(.text) referenced from stm32h7xx_hal_uart.o(.text)
 <LI><a href="#[15]">UART_RxISR_8BIT</a> from stm32h7xx_hal_uart.o(.text) referenced 2 times from stm32h7xx_hal_uart.o(.text)
 <LI><a href="#[17]">UART_RxISR_8BIT_FIFOEN</a> from stm32h7xx_hal_uart.o(.text) referenced from stm32h7xx_hal_uart.o(.text)
 <LI><a href="#[14]">UART_TxISR_16BIT</a> from stm32h7xx_hal_uart.o(.text) referenced from stm32h7xx_hal_uart.o(.text)
 <LI><a href="#[13]">UART_TxISR_16BIT_FIFOEN</a> from stm32h7xx_hal_uart.o(.text) referenced from stm32h7xx_hal_uart.o(.text)
 <LI><a href="#[11]">UART_TxISR_8BIT</a> from stm32h7xx_hal_uart.o(.text) referenced from stm32h7xx_hal_uart.o(.text)
 <LI><a href="#[12]">UART_TxISR_8BIT_FIFOEN</a> from stm32h7xx_hal_uart.o(.text) referenced from stm32h7xx_hal_uart.o(.text)
</UL>
<P>
<H3>
Global Symbols
</H3>
<P><STRONG><a name="[146]"></a>__asm___11_w25q256jv_c_de83db4f____REV16</STRONG> (Thumb, 4 bytes, Stack size 0 bytes, w25q256jv.o(.rev16_text), UNUSED)

<P><STRONG><a name="[147]"></a>__asm___6_main_c_4557ba80____REV16</STRONG> (Thumb, 4 bytes, Stack size 0 bytes, main.o(.rev16_text), UNUSED)

<P><STRONG><a name="[148]"></a>__asm___6_gpio_c_62724882____REV16</STRONG> (Thumb, 4 bytes, Stack size 0 bytes, gpio.o(.rev16_text), UNUSED)

<P><STRONG><a name="[149]"></a>__asm___9_quadspi_c_aad5ee93____REV16</STRONG> (Thumb, 4 bytes, Stack size 0 bytes, quadspi.o(.rev16_text), UNUSED)

<P><STRONG><a name="[14a]"></a>__asm___7_usart_c_aa2567c7____REV16</STRONG> (Thumb, 4 bytes, Stack size 0 bytes, usart.o(.rev16_text), UNUSED)

<P><STRONG><a name="[14b]"></a>__asm___14_stm32h7xx_it_c_bb8ca80c____REV16</STRONG> (Thumb, 4 bytes, Stack size 0 bytes, stm32h7xx_it.o(.rev16_text), UNUSED)

<P><STRONG><a name="[14c]"></a>__asm___19_stm32h7xx_hal_msp_c_d46e2bee____REV16</STRONG> (Thumb, 4 bytes, Stack size 0 bytes, stm32h7xx_hal_msp.o(.rev16_text), UNUSED)

<P><STRONG><a name="[14d]"></a>__asm___10_FlashPrg_c_base_adr____REV16</STRONG> (Thumb, 4 bytes, Stack size 0 bytes, flashprg.o(.rev16_text), UNUSED)

<P><STRONG><a name="[14e]"></a>__asm___22_stm32h7xx_hal_cortex_c_2992dbc0____REV16</STRONG> (Thumb, 4 bytes, Stack size 0 bytes, stm32h7xx_hal_cortex.o(.rev16_text), UNUSED)

<P><STRONG><a name="[14f]"></a>__asm___20_stm32h7xx_hal_qspi_c_9f327679____REV16</STRONG> (Thumb, 4 bytes, Stack size 0 bytes, stm32h7xx_hal_qspi.o(.rev16_text), UNUSED)

<P><STRONG><a name="[150]"></a>__asm___19_stm32h7xx_hal_rcc_c_b7071a4b____REV16</STRONG> (Thumb, 4 bytes, Stack size 0 bytes, stm32h7xx_hal_rcc.o(.rev16_text), UNUSED)

<P><STRONG><a name="[151]"></a>__asm___22_stm32h7xx_hal_rcc_ex_c_bed13b44____REV16</STRONG> (Thumb, 4 bytes, Stack size 0 bytes, stm32h7xx_hal_rcc_ex.o(.rev16_text), UNUSED)

<P><STRONG><a name="[152]"></a>__asm___21_stm32h7xx_hal_flash_c_48aa8f3e____REV16</STRONG> (Thumb, 4 bytes, Stack size 0 bytes, stm32h7xx_hal_flash.o(.rev16_text), UNUSED)

<P><STRONG><a name="[153]"></a>__asm___24_stm32h7xx_hal_flash_ex_c_6648b60e____REV16</STRONG> (Thumb, 4 bytes, Stack size 0 bytes, stm32h7xx_hal_flash_ex.o(.rev16_text), UNUSED)

<P><STRONG><a name="[154]"></a>__asm___20_stm32h7xx_hal_gpio_c_ea787061____REV16</STRONG> (Thumb, 4 bytes, Stack size 0 bytes, stm32h7xx_hal_gpio.o(.rev16_text), UNUSED)

<P><STRONG><a name="[155]"></a>__asm___20_stm32h7xx_hal_hsem_c_c08ff923____REV16</STRONG> (Thumb, 4 bytes, Stack size 0 bytes, stm32h7xx_hal_hsem.o(.rev16_text), UNUSED)

<P><STRONG><a name="[156]"></a>__asm___19_stm32h7xx_hal_dma_c_c25f65ec____REV16</STRONG> (Thumb, 4 bytes, Stack size 0 bytes, stm32h7xx_hal_dma.o(.rev16_text), UNUSED)

<P><STRONG><a name="[157]"></a>__asm___22_stm32h7xx_hal_dma_ex_c_af8eecb0____REV16</STRONG> (Thumb, 4 bytes, Stack size 0 bytes, stm32h7xx_hal_dma_ex.o(.rev16_text), UNUSED)

<P><STRONG><a name="[158]"></a>__asm___20_stm32h7xx_hal_mdma_c_49e2804d____REV16</STRONG> (Thumb, 4 bytes, Stack size 0 bytes, stm32h7xx_hal_mdma.o(.rev16_text), UNUSED)

<P><STRONG><a name="[159]"></a>__asm___19_stm32h7xx_hal_pwr_c_f2cfe8be____REV16</STRONG> (Thumb, 4 bytes, Stack size 0 bytes, stm32h7xx_hal_pwr.o(.rev16_text), UNUSED)

<P><STRONG><a name="[15a]"></a>__asm___22_stm32h7xx_hal_pwr_ex_c_75a25fd4____REV16</STRONG> (Thumb, 4 bytes, Stack size 0 bytes, stm32h7xx_hal_pwr_ex.o(.rev16_text), UNUSED)

<P><STRONG><a name="[15b]"></a>__asm___15_stm32h7xx_hal_c_3da258af____REV16</STRONG> (Thumb, 4 bytes, Stack size 0 bytes, stm32h7xx_hal.o(.rev16_text), UNUSED)

<P><STRONG><a name="[15c]"></a>__asm___19_stm32h7xx_hal_i2c_c_0eb271f4____REV16</STRONG> (Thumb, 4 bytes, Stack size 0 bytes, stm32h7xx_hal_i2c.o(.rev16_text), UNUSED)

<P><STRONG><a name="[15d]"></a>__asm___22_stm32h7xx_hal_i2c_ex_c_a642fad8____REV16</STRONG> (Thumb, 4 bytes, Stack size 0 bytes, stm32h7xx_hal_i2c_ex.o(.rev16_text), UNUSED)

<P><STRONG><a name="[15e]"></a>__asm___20_stm32h7xx_hal_exti_c_ad9bfa1e____REV16</STRONG> (Thumb, 4 bytes, Stack size 0 bytes, stm32h7xx_hal_exti.o(.rev16_text), UNUSED)

<P><STRONG><a name="[15f]"></a>__asm___19_stm32h7xx_hal_tim_c____REV16</STRONG> (Thumb, 4 bytes, Stack size 0 bytes, stm32h7xx_hal_tim.o(.rev16_text), UNUSED)

<P><STRONG><a name="[160]"></a>__asm___22_stm32h7xx_hal_tim_ex_c____REV16</STRONG> (Thumb, 4 bytes, Stack size 0 bytes, stm32h7xx_hal_tim_ex.o(.rev16_text), UNUSED)

<P><STRONG><a name="[161]"></a>__asm___20_stm32h7xx_hal_uart_c_574fddf5____REV16</STRONG> (Thumb, 4 bytes, Stack size 0 bytes, stm32h7xx_hal_uart.o(.rev16_text), UNUSED)

<P><STRONG><a name="[162]"></a>__asm___23_stm32h7xx_hal_uart_ex_c_83a37df4____REV16</STRONG> (Thumb, 4 bytes, Stack size 0 bytes, stm32h7xx_hal_uart_ex.o(.rev16_text), UNUSED)

<P><STRONG><a name="[163]"></a>__asm___18_system_stm32h7xx_c_5d646a67____REV16</STRONG> (Thumb, 4 bytes, Stack size 0 bytes, system_stm32h7xx.o(.rev16_text), UNUSED)

<P><STRONG><a name="[164]"></a>__asm___11_w25q256jv_c_de83db4f____REVSH</STRONG> (Thumb, 4 bytes, Stack size 0 bytes, w25q256jv.o(.revsh_text), UNUSED)

<P><STRONG><a name="[165]"></a>__asm___6_main_c_4557ba80____REVSH</STRONG> (Thumb, 4 bytes, Stack size 0 bytes, main.o(.revsh_text), UNUSED)

<P><STRONG><a name="[166]"></a>__asm___6_gpio_c_62724882____REVSH</STRONG> (Thumb, 4 bytes, Stack size 0 bytes, gpio.o(.revsh_text), UNUSED)

<P><STRONG><a name="[167]"></a>__asm___9_quadspi_c_aad5ee93____REVSH</STRONG> (Thumb, 4 bytes, Stack size 0 bytes, quadspi.o(.revsh_text), UNUSED)

<P><STRONG><a name="[168]"></a>__asm___7_usart_c_aa2567c7____REVSH</STRONG> (Thumb, 4 bytes, Stack size 0 bytes, usart.o(.revsh_text), UNUSED)

<P><STRONG><a name="[169]"></a>__asm___14_stm32h7xx_it_c_bb8ca80c____REVSH</STRONG> (Thumb, 4 bytes, Stack size 0 bytes, stm32h7xx_it.o(.revsh_text), UNUSED)

<P><STRONG><a name="[16a]"></a>__asm___19_stm32h7xx_hal_msp_c_d46e2bee____REVSH</STRONG> (Thumb, 4 bytes, Stack size 0 bytes, stm32h7xx_hal_msp.o(.revsh_text), UNUSED)

<P><STRONG><a name="[16b]"></a>__asm___10_FlashPrg_c_base_adr____REVSH</STRONG> (Thumb, 4 bytes, Stack size 0 bytes, flashprg.o(.revsh_text), UNUSED)

<P><STRONG><a name="[16c]"></a>__asm___22_stm32h7xx_hal_cortex_c_2992dbc0____REVSH</STRONG> (Thumb, 4 bytes, Stack size 0 bytes, stm32h7xx_hal_cortex.o(.revsh_text), UNUSED)

<P><STRONG><a name="[16d]"></a>__asm___20_stm32h7xx_hal_qspi_c_9f327679____REVSH</STRONG> (Thumb, 4 bytes, Stack size 0 bytes, stm32h7xx_hal_qspi.o(.revsh_text), UNUSED)

<P><STRONG><a name="[16e]"></a>__asm___19_stm32h7xx_hal_rcc_c_b7071a4b____REVSH</STRONG> (Thumb, 4 bytes, Stack size 0 bytes, stm32h7xx_hal_rcc.o(.revsh_text), UNUSED)

<P><STRONG><a name="[16f]"></a>__asm___22_stm32h7xx_hal_rcc_ex_c_bed13b44____REVSH</STRONG> (Thumb, 4 bytes, Stack size 0 bytes, stm32h7xx_hal_rcc_ex.o(.revsh_text), UNUSED)

<P><STRONG><a name="[170]"></a>__asm___21_stm32h7xx_hal_flash_c_48aa8f3e____REVSH</STRONG> (Thumb, 4 bytes, Stack size 0 bytes, stm32h7xx_hal_flash.o(.revsh_text), UNUSED)

<P><STRONG><a name="[171]"></a>__asm___24_stm32h7xx_hal_flash_ex_c_6648b60e____REVSH</STRONG> (Thumb, 4 bytes, Stack size 0 bytes, stm32h7xx_hal_flash_ex.o(.revsh_text), UNUSED)

<P><STRONG><a name="[172]"></a>__asm___20_stm32h7xx_hal_gpio_c_ea787061____REVSH</STRONG> (Thumb, 4 bytes, Stack size 0 bytes, stm32h7xx_hal_gpio.o(.revsh_text), UNUSED)

<P><STRONG><a name="[173]"></a>__asm___20_stm32h7xx_hal_hsem_c_c08ff923____REVSH</STRONG> (Thumb, 4 bytes, Stack size 0 bytes, stm32h7xx_hal_hsem.o(.revsh_text), UNUSED)

<P><STRONG><a name="[174]"></a>__asm___19_stm32h7xx_hal_dma_c_c25f65ec____REVSH</STRONG> (Thumb, 4 bytes, Stack size 0 bytes, stm32h7xx_hal_dma.o(.revsh_text), UNUSED)

<P><STRONG><a name="[175]"></a>__asm___22_stm32h7xx_hal_dma_ex_c_af8eecb0____REVSH</STRONG> (Thumb, 4 bytes, Stack size 0 bytes, stm32h7xx_hal_dma_ex.o(.revsh_text), UNUSED)

<P><STRONG><a name="[176]"></a>__asm___20_stm32h7xx_hal_mdma_c_49e2804d____REVSH</STRONG> (Thumb, 4 bytes, Stack size 0 bytes, stm32h7xx_hal_mdma.o(.revsh_text), UNUSED)

<P><STRONG><a name="[177]"></a>__asm___19_stm32h7xx_hal_pwr_c_f2cfe8be____REVSH</STRONG> (Thumb, 4 bytes, Stack size 0 bytes, stm32h7xx_hal_pwr.o(.revsh_text), UNUSED)

<P><STRONG><a name="[178]"></a>__asm___22_stm32h7xx_hal_pwr_ex_c_75a25fd4____REVSH</STRONG> (Thumb, 4 bytes, Stack size 0 bytes, stm32h7xx_hal_pwr_ex.o(.revsh_text), UNUSED)

<P><STRONG><a name="[179]"></a>__asm___15_stm32h7xx_hal_c_3da258af____REVSH</STRONG> (Thumb, 4 bytes, Stack size 0 bytes, stm32h7xx_hal.o(.revsh_text), UNUSED)

<P><STRONG><a name="[17a]"></a>__asm___19_stm32h7xx_hal_i2c_c_0eb271f4____REVSH</STRONG> (Thumb, 4 bytes, Stack size 0 bytes, stm32h7xx_hal_i2c.o(.revsh_text), UNUSED)

<P><STRONG><a name="[17b]"></a>__asm___22_stm32h7xx_hal_i2c_ex_c_a642fad8____REVSH</STRONG> (Thumb, 4 bytes, Stack size 0 bytes, stm32h7xx_hal_i2c_ex.o(.revsh_text), UNUSED)

<P><STRONG><a name="[17c]"></a>__asm___20_stm32h7xx_hal_exti_c_ad9bfa1e____REVSH</STRONG> (Thumb, 4 bytes, Stack size 0 bytes, stm32h7xx_hal_exti.o(.revsh_text), UNUSED)

<P><STRONG><a name="[17d]"></a>__asm___19_stm32h7xx_hal_tim_c____REVSH</STRONG> (Thumb, 4 bytes, Stack size 0 bytes, stm32h7xx_hal_tim.o(.revsh_text), UNUSED)

<P><STRONG><a name="[17e]"></a>__asm___22_stm32h7xx_hal_tim_ex_c____REVSH</STRONG> (Thumb, 4 bytes, Stack size 0 bytes, stm32h7xx_hal_tim_ex.o(.revsh_text), UNUSED)

<P><STRONG><a name="[17f]"></a>__asm___20_stm32h7xx_hal_uart_c_574fddf5____REVSH</STRONG> (Thumb, 4 bytes, Stack size 0 bytes, stm32h7xx_hal_uart.o(.revsh_text), UNUSED)

<P><STRONG><a name="[180]"></a>__asm___23_stm32h7xx_hal_uart_ex_c_83a37df4____REVSH</STRONG> (Thumb, 4 bytes, Stack size 0 bytes, stm32h7xx_hal_uart_ex.o(.revsh_text), UNUSED)

<P><STRONG><a name="[181]"></a>__asm___18_system_stm32h7xx_c_5d646a67____REVSH</STRONG> (Thumb, 4 bytes, Stack size 0 bytes, system_stm32h7xx.o(.revsh_text), UNUSED)

<P><STRONG><a name="[182]"></a>__asm___11_w25q256jv_c_de83db4f____RRX</STRONG> (Thumb, 6 bytes, Stack size 0 bytes, w25q256jv.o(.rrx_text), UNUSED)

<P><STRONG><a name="[183]"></a>__asm___6_main_c_4557ba80____RRX</STRONG> (Thumb, 6 bytes, Stack size 0 bytes, main.o(.rrx_text), UNUSED)

<P><STRONG><a name="[184]"></a>__asm___6_gpio_c_62724882____RRX</STRONG> (Thumb, 6 bytes, Stack size 0 bytes, gpio.o(.rrx_text), UNUSED)

<P><STRONG><a name="[185]"></a>__asm___9_quadspi_c_aad5ee93____RRX</STRONG> (Thumb, 6 bytes, Stack size 0 bytes, quadspi.o(.rrx_text), UNUSED)

<P><STRONG><a name="[186]"></a>__asm___7_usart_c_aa2567c7____RRX</STRONG> (Thumb, 6 bytes, Stack size 0 bytes, usart.o(.rrx_text), UNUSED)

<P><STRONG><a name="[187]"></a>__asm___14_stm32h7xx_it_c_bb8ca80c____RRX</STRONG> (Thumb, 6 bytes, Stack size 0 bytes, stm32h7xx_it.o(.rrx_text), UNUSED)

<P><STRONG><a name="[188]"></a>__asm___19_stm32h7xx_hal_msp_c_d46e2bee____RRX</STRONG> (Thumb, 6 bytes, Stack size 0 bytes, stm32h7xx_hal_msp.o(.rrx_text), UNUSED)

<P><STRONG><a name="[189]"></a>__asm___10_FlashPrg_c_base_adr____RRX</STRONG> (Thumb, 6 bytes, Stack size 0 bytes, flashprg.o(.rrx_text), UNUSED)

<P><STRONG><a name="[18a]"></a>__asm___22_stm32h7xx_hal_cortex_c_2992dbc0____RRX</STRONG> (Thumb, 6 bytes, Stack size 0 bytes, stm32h7xx_hal_cortex.o(.rrx_text), UNUSED)

<P><STRONG><a name="[18b]"></a>__asm___20_stm32h7xx_hal_qspi_c_9f327679____RRX</STRONG> (Thumb, 6 bytes, Stack size 0 bytes, stm32h7xx_hal_qspi.o(.rrx_text), UNUSED)

<P><STRONG><a name="[18c]"></a>__asm___19_stm32h7xx_hal_rcc_c_b7071a4b____RRX</STRONG> (Thumb, 6 bytes, Stack size 0 bytes, stm32h7xx_hal_rcc.o(.rrx_text), UNUSED)

<P><STRONG><a name="[18d]"></a>__asm___22_stm32h7xx_hal_rcc_ex_c_bed13b44____RRX</STRONG> (Thumb, 6 bytes, Stack size 0 bytes, stm32h7xx_hal_rcc_ex.o(.rrx_text), UNUSED)

<P><STRONG><a name="[18e]"></a>__asm___21_stm32h7xx_hal_flash_c_48aa8f3e____RRX</STRONG> (Thumb, 6 bytes, Stack size 0 bytes, stm32h7xx_hal_flash.o(.rrx_text), UNUSED)

<P><STRONG><a name="[18f]"></a>__asm___24_stm32h7xx_hal_flash_ex_c_6648b60e____RRX</STRONG> (Thumb, 6 bytes, Stack size 0 bytes, stm32h7xx_hal_flash_ex.o(.rrx_text), UNUSED)

<P><STRONG><a name="[190]"></a>__asm___20_stm32h7xx_hal_gpio_c_ea787061____RRX</STRONG> (Thumb, 6 bytes, Stack size 0 bytes, stm32h7xx_hal_gpio.o(.rrx_text), UNUSED)

<P><STRONG><a name="[191]"></a>__asm___20_stm32h7xx_hal_hsem_c_c08ff923____RRX</STRONG> (Thumb, 6 bytes, Stack size 0 bytes, stm32h7xx_hal_hsem.o(.rrx_text), UNUSED)

<P><STRONG><a name="[192]"></a>__asm___19_stm32h7xx_hal_dma_c_c25f65ec____RRX</STRONG> (Thumb, 6 bytes, Stack size 0 bytes, stm32h7xx_hal_dma.o(.rrx_text), UNUSED)

<P><STRONG><a name="[193]"></a>__asm___22_stm32h7xx_hal_dma_ex_c_af8eecb0____RRX</STRONG> (Thumb, 6 bytes, Stack size 0 bytes, stm32h7xx_hal_dma_ex.o(.rrx_text), UNUSED)

<P><STRONG><a name="[194]"></a>__asm___20_stm32h7xx_hal_mdma_c_49e2804d____RRX</STRONG> (Thumb, 6 bytes, Stack size 0 bytes, stm32h7xx_hal_mdma.o(.rrx_text), UNUSED)

<P><STRONG><a name="[195]"></a>__asm___19_stm32h7xx_hal_pwr_c_f2cfe8be____RRX</STRONG> (Thumb, 6 bytes, Stack size 0 bytes, stm32h7xx_hal_pwr.o(.rrx_text), UNUSED)

<P><STRONG><a name="[196]"></a>__asm___22_stm32h7xx_hal_pwr_ex_c_75a25fd4____RRX</STRONG> (Thumb, 6 bytes, Stack size 0 bytes, stm32h7xx_hal_pwr_ex.o(.rrx_text), UNUSED)

<P><STRONG><a name="[197]"></a>__asm___15_stm32h7xx_hal_c_3da258af____RRX</STRONG> (Thumb, 6 bytes, Stack size 0 bytes, stm32h7xx_hal.o(.rrx_text), UNUSED)

<P><STRONG><a name="[198]"></a>__asm___19_stm32h7xx_hal_i2c_c_0eb271f4____RRX</STRONG> (Thumb, 6 bytes, Stack size 0 bytes, stm32h7xx_hal_i2c.o(.rrx_text), UNUSED)

<P><STRONG><a name="[199]"></a>__asm___22_stm32h7xx_hal_i2c_ex_c_a642fad8____RRX</STRONG> (Thumb, 6 bytes, Stack size 0 bytes, stm32h7xx_hal_i2c_ex.o(.rrx_text), UNUSED)

<P><STRONG><a name="[19a]"></a>__asm___20_stm32h7xx_hal_exti_c_ad9bfa1e____RRX</STRONG> (Thumb, 6 bytes, Stack size 0 bytes, stm32h7xx_hal_exti.o(.rrx_text), UNUSED)

<P><STRONG><a name="[19b]"></a>__asm___19_stm32h7xx_hal_tim_c____RRX</STRONG> (Thumb, 6 bytes, Stack size 0 bytes, stm32h7xx_hal_tim.o(.rrx_text), UNUSED)

<P><STRONG><a name="[19c]"></a>__asm___22_stm32h7xx_hal_tim_ex_c____RRX</STRONG> (Thumb, 6 bytes, Stack size 0 bytes, stm32h7xx_hal_tim_ex.o(.rrx_text), UNUSED)

<P><STRONG><a name="[19d]"></a>__asm___20_stm32h7xx_hal_uart_c_574fddf5____RRX</STRONG> (Thumb, 6 bytes, Stack size 0 bytes, stm32h7xx_hal_uart.o(.rrx_text), UNUSED)

<P><STRONG><a name="[19e]"></a>__asm___23_stm32h7xx_hal_uart_ex_c_83a37df4____RRX</STRONG> (Thumb, 6 bytes, Stack size 0 bytes, stm32h7xx_hal_uart_ex.o(.rrx_text), UNUSED)

<P><STRONG><a name="[19f]"></a>__asm___18_system_stm32h7xx_c_5d646a67____RRX</STRONG> (Thumb, 6 bytes, Stack size 0 bytes, system_stm32h7xx.o(.rrx_text), UNUSED)

<P><STRONG><a name="[25]"></a>W25QXX_ReadSR</STRONG> (Thumb, 120 bytes, Stack size 64 bytes, w25q256jv.o(.text), UNUSED)
<BR><BR>[Calls]<UL><LI><a href="#[26]">&gt;&gt;</a>&nbsp;&nbsp;&nbsp;HAL_QSPI_Receive
<LI><a href="#[24]">&gt;&gt;</a>&nbsp;&nbsp;&nbsp;HAL_QSPI_Command
</UL>
<BR>[Called By]<UL><LI><a href="#[27]">&gt;&gt;</a>&nbsp;&nbsp;&nbsp;W25QXX_Enter4ByteAddrMode
<LI><a href="#[2a]">&gt;&gt;</a>&nbsp;&nbsp;&nbsp;W25QXX_EnterQPIMode
<LI><a href="#[2c]">&gt;&gt;</a>&nbsp;&nbsp;&nbsp;W25QXX_CheckBusy
</UL>

<P><STRONG><a name="[27]"></a>W25QXX_Enter4ByteAddrMode</STRONG> (Thumb, 78 bytes, Stack size 64 bytes, w25q256jv.o(.text), UNUSED)
<BR><BR>[Calls]<UL><LI><a href="#[24]">&gt;&gt;</a>&nbsp;&nbsp;&nbsp;HAL_QSPI_Command
<LI><a href="#[25]">&gt;&gt;</a>&nbsp;&nbsp;&nbsp;W25QXX_ReadSR
</UL>
<BR>[Called By]<UL><LI><a href="#[28]">&gt;&gt;</a>&nbsp;&nbsp;&nbsp;W25QXX_Init
</UL>

<P><STRONG><a name="[28]"></a>W25QXX_Init</STRONG> (Thumb, 74 bytes, Stack size 64 bytes, w25q256jv.o(.text), UNUSED)
<BR><BR>[Calls]<UL><LI><a href="#[24]">&gt;&gt;</a>&nbsp;&nbsp;&nbsp;HAL_QSPI_Command
<LI><a href="#[27]">&gt;&gt;</a>&nbsp;&nbsp;&nbsp;W25QXX_Enter4ByteAddrMode
<LI><a href="#[29]">&gt;&gt;</a>&nbsp;&nbsp;&nbsp;W25QXX_Reset
<LI><a href="#[2a]">&gt;&gt;</a>&nbsp;&nbsp;&nbsp;W25QXX_EnterQPIMode
</UL>
<BR>[Called By]<UL><LI><a href="#[56]">&gt;&gt;</a>&nbsp;&nbsp;&nbsp;Init
</UL>

<P><STRONG><a name="[2b]"></a>W25QXX_Erase_Chip</STRONG> (Thumb, 82 bytes, Stack size 64 bytes, w25q256jv.o(.text), UNUSED)
<BR><BR>[Calls]<UL><LI><a href="#[24]">&gt;&gt;</a>&nbsp;&nbsp;&nbsp;HAL_QSPI_Command
<LI><a href="#[2c]">&gt;&gt;</a>&nbsp;&nbsp;&nbsp;W25QXX_CheckBusy
<LI><a href="#[23]">&gt;&gt;</a>&nbsp;&nbsp;&nbsp;W25QXX_WriteEnable
</UL>
<BR>[Called By]<UL><LI><a href="#[5c]">&gt;&gt;</a>&nbsp;&nbsp;&nbsp;EraseChip
</UL>

<P><STRONG><a name="[2d]"></a>W25QXX_Erase_Sector</STRONG> (Thumb, 92 bytes, Stack size 64 bytes, w25q256jv.o(.text), UNUSED)
<BR><BR>[Calls]<UL><LI><a href="#[24]">&gt;&gt;</a>&nbsp;&nbsp;&nbsp;HAL_QSPI_Command
<LI><a href="#[2c]">&gt;&gt;</a>&nbsp;&nbsp;&nbsp;W25QXX_CheckBusy
<LI><a href="#[23]">&gt;&gt;</a>&nbsp;&nbsp;&nbsp;W25QXX_WriteEnable
</UL>
<BR>[Called By]<UL><LI><a href="#[5d]">&gt;&gt;</a>&nbsp;&nbsp;&nbsp;EraseSector
<LI><a href="#[33]">&gt;&gt;</a>&nbsp;&nbsp;&nbsp;W25QXX_Write
</UL>

<P><STRONG><a name="[2e]"></a>W25QXX_Erase_64KB_Block</STRONG> (Thumb, 92 bytes, Stack size 64 bytes, w25q256jv.o(.text), UNUSED)
<BR><BR>[Calls]<UL><LI><a href="#[24]">&gt;&gt;</a>&nbsp;&nbsp;&nbsp;HAL_QSPI_Command
<LI><a href="#[2c]">&gt;&gt;</a>&nbsp;&nbsp;&nbsp;W25QXX_CheckBusy
<LI><a href="#[23]">&gt;&gt;</a>&nbsp;&nbsp;&nbsp;W25QXX_WriteEnable
</UL>

<P><STRONG><a name="[2f]"></a>W25QXX_ProgramPage</STRONG> (Thumb, 116 bytes, Stack size 72 bytes, w25q256jv.o(.text), UNUSED)
<BR><BR>[Calls]<UL><LI><a href="#[30]">&gt;&gt;</a>&nbsp;&nbsp;&nbsp;HAL_QSPI_Transmit
<LI><a href="#[24]">&gt;&gt;</a>&nbsp;&nbsp;&nbsp;HAL_QSPI_Command
<LI><a href="#[2c]">&gt;&gt;</a>&nbsp;&nbsp;&nbsp;W25QXX_CheckBusy
<LI><a href="#[23]">&gt;&gt;</a>&nbsp;&nbsp;&nbsp;W25QXX_WriteEnable
</UL>
<BR>[Called By]<UL><LI><a href="#[32]">&gt;&gt;</a>&nbsp;&nbsp;&nbsp;W25QXX_Write_NoCheck
</UL>

<P><STRONG><a name="[31]"></a>W25QXX_FastRead</STRONG> (Thumb, 106 bytes, Stack size 72 bytes, w25q256jv.o(.text), UNUSED)
<BR><BR>[Calls]<UL><LI><a href="#[26]">&gt;&gt;</a>&nbsp;&nbsp;&nbsp;HAL_QSPI_Receive
<LI><a href="#[24]">&gt;&gt;</a>&nbsp;&nbsp;&nbsp;HAL_QSPI_Command
</UL>
<BR>[Called By]<UL><LI><a href="#[33]">&gt;&gt;</a>&nbsp;&nbsp;&nbsp;W25QXX_Write
</UL>

<P><STRONG><a name="[32]"></a>W25QXX_Write_NoCheck</STRONG> (Thumb, 62 bytes, Stack size 24 bytes, w25q256jv.o(.text), UNUSED)
<BR><BR>[Calls]<UL><LI><a href="#[2f]">&gt;&gt;</a>&nbsp;&nbsp;&nbsp;W25QXX_ProgramPage
</UL>
<BR>[Called By]<UL><LI><a href="#[33]">&gt;&gt;</a>&nbsp;&nbsp;&nbsp;W25QXX_Write
</UL>

<P><STRONG><a name="[33]"></a>W25QXX_Write</STRONG> (Thumb, 166 bytes, Stack size 40 bytes, w25q256jv.o(.text), UNUSED)
<BR><BR>[Calls]<UL><LI><a href="#[32]">&gt;&gt;</a>&nbsp;&nbsp;&nbsp;W25QXX_Write_NoCheck
<LI><a href="#[31]">&gt;&gt;</a>&nbsp;&nbsp;&nbsp;W25QXX_FastRead
<LI><a href="#[2d]">&gt;&gt;</a>&nbsp;&nbsp;&nbsp;W25QXX_Erase_Sector
</UL>
<BR>[Called By]<UL><LI><a href="#[5e]">&gt;&gt;</a>&nbsp;&nbsp;&nbsp;ProgramPage
</UL>

<P><STRONG><a name="[34]"></a>W25QXX_MemoryMapped</STRONG> (Thumb, 76 bytes, Stack size 80 bytes, w25q256jv.o(.text), UNUSED)
<BR><BR>[Calls]<UL><LI><a href="#[35]">&gt;&gt;</a>&nbsp;&nbsp;&nbsp;HAL_QSPI_MemoryMapped
</UL>
<BR>[Called By]<UL><LI><a href="#[56]">&gt;&gt;</a>&nbsp;&nbsp;&nbsp;Init
</UL>

<P><STRONG><a name="[42]"></a>Error_Handler</STRONG> (Thumb, 4 bytes, Stack size 0 bytes, main.o(.text), UNUSED)
<BR><BR>[Called By]<UL><LI><a href="#[4d]">&gt;&gt;</a>&nbsp;&nbsp;&nbsp;HAL_UART_MspInit
<LI><a href="#[48]">&gt;&gt;</a>&nbsp;&nbsp;&nbsp;MX_USART1_UART_Init
<LI><a href="#[43]">&gt;&gt;</a>&nbsp;&nbsp;&nbsp;HAL_QSPI_MspInit
<LI><a href="#[40]">&gt;&gt;</a>&nbsp;&nbsp;&nbsp;MX_QUADSPI_Init
</UL>

<P><STRONG><a name="[38]"></a>SystemClock_Config</STRONG> (Thumb, 208 bytes, Stack size 128 bytes, main.o(.text), UNUSED)
<BR><BR>[Calls]<UL><LI><a href="#[3b]">&gt;&gt;</a>&nbsp;&nbsp;&nbsp;HAL_RCC_OscConfig
<LI><a href="#[3c]">&gt;&gt;</a>&nbsp;&nbsp;&nbsp;HAL_RCC_ClockConfig
<LI><a href="#[3a]">&gt;&gt;</a>&nbsp;&nbsp;&nbsp;HAL_PWREx_ConfigSupply
<LI><a href="#[39]">&gt;&gt;</a>&nbsp;&nbsp;&nbsp;__aeabi_memclr4
</UL>
<BR>[Called By]<UL><LI><a href="#[56]">&gt;&gt;</a>&nbsp;&nbsp;&nbsp;Init
</UL>

<P><STRONG><a name="[7a]"></a>HAL_InitTick</STRONG> (Thumb, 4 bytes, Stack size 0 bytes, main.o(.text), UNUSED)
<BR><BR>[Called By]<UL><LI><a href="#[79]">&gt;&gt;</a>&nbsp;&nbsp;&nbsp;HAL_RCC_DeInit
<LI><a href="#[5a]">&gt;&gt;</a>&nbsp;&nbsp;&nbsp;HAL_Init
<LI><a href="#[3c]">&gt;&gt;</a>&nbsp;&nbsp;&nbsp;HAL_RCC_ClockConfig
<LI><a href="#[d0]">&gt;&gt;</a>&nbsp;&nbsp;&nbsp;HAL_SetTickFreq
</UL>

<P><STRONG><a name="[3d]"></a>HAL_GetTick</STRONG> (Thumb, 50 bytes, Stack size 0 bytes, main.o(.text), UNUSED)
<BR><BR>[Called By]<UL><LI><a href="#[96]">&gt;&gt;</a>&nbsp;&nbsp;&nbsp;FLASH_WaitForLastOperation
<LI><a href="#[8e]">&gt;&gt;</a>&nbsp;&nbsp;&nbsp;HAL_RCCEx_CRSWaitSynchronization
<LI><a href="#[85]">&gt;&gt;</a>&nbsp;&nbsp;&nbsp;RCCEx_PLL2_Config
<LI><a href="#[84]">&gt;&gt;</a>&nbsp;&nbsp;&nbsp;RCCEx_PLL3_Config
<LI><a href="#[79]">&gt;&gt;</a>&nbsp;&nbsp;&nbsp;HAL_RCC_DeInit
<LI><a href="#[78]">&gt;&gt;</a>&nbsp;&nbsp;&nbsp;HAL_MDMA_Abort
<LI><a href="#[77]">&gt;&gt;</a>&nbsp;&nbsp;&nbsp;HAL_QSPI_Abort
<LI><a href="#[76]">&gt;&gt;</a>&nbsp;&nbsp;&nbsp;HAL_QSPI_AutoPolling_IT
<LI><a href="#[75]">&gt;&gt;</a>&nbsp;&nbsp;&nbsp;HAL_QSPI_AutoPolling
<LI><a href="#[70]">&gt;&gt;</a>&nbsp;&nbsp;&nbsp;HAL_QSPI_Command_IT
<LI><a href="#[64]">&gt;&gt;</a>&nbsp;&nbsp;&nbsp;QSPI_WaitFlagStateUntilTimeout
<LI><a href="#[44]">&gt;&gt;</a>&nbsp;&nbsp;&nbsp;HAL_RCCEx_PeriphCLKConfig
<LI><a href="#[41]">&gt;&gt;</a>&nbsp;&nbsp;&nbsp;HAL_QSPI_Init
<LI><a href="#[3f]">&gt;&gt;</a>&nbsp;&nbsp;&nbsp;HAL_UART_Transmit
<LI><a href="#[3b]">&gt;&gt;</a>&nbsp;&nbsp;&nbsp;HAL_RCC_OscConfig
<LI><a href="#[3c]">&gt;&gt;</a>&nbsp;&nbsp;&nbsp;HAL_RCC_ClockConfig
<LI><a href="#[3a]">&gt;&gt;</a>&nbsp;&nbsp;&nbsp;HAL_PWREx_ConfigSupply
<LI><a href="#[30]">&gt;&gt;</a>&nbsp;&nbsp;&nbsp;HAL_QSPI_Transmit
<LI><a href="#[26]">&gt;&gt;</a>&nbsp;&nbsp;&nbsp;HAL_QSPI_Receive
<LI><a href="#[35]">&gt;&gt;</a>&nbsp;&nbsp;&nbsp;HAL_QSPI_MemoryMapped
<LI><a href="#[24]">&gt;&gt;</a>&nbsp;&nbsp;&nbsp;HAL_QSPI_Command
<LI><a href="#[37]">&gt;&gt;</a>&nbsp;&nbsp;&nbsp;HAL_Delay
<LI><a href="#[143]">&gt;&gt;</a>&nbsp;&nbsp;&nbsp;HAL_UARTEx_ReceiveToIdle
<LI><a href="#[140]">&gt;&gt;</a>&nbsp;&nbsp;&nbsp;HAL_UARTEx_StopModeWakeUpSourceConfig
<LI><a href="#[121]">&gt;&gt;</a>&nbsp;&nbsp;&nbsp;HAL_UART_Receive
<LI><a href="#[119]">&gt;&gt;</a>&nbsp;&nbsp;&nbsp;UART_CheckIdleState
<LI><a href="#[117]">&gt;&gt;</a>&nbsp;&nbsp;&nbsp;UART_WaitOnFlagUntilTimeout
<LI><a href="#[109]">&gt;&gt;</a>&nbsp;&nbsp;&nbsp;HAL_I2C_IsDeviceReady
<LI><a href="#[103]">&gt;&gt;</a>&nbsp;&nbsp;&nbsp;HAL_I2C_Mem_Read
<LI><a href="#[101]">&gt;&gt;</a>&nbsp;&nbsp;&nbsp;HAL_I2C_Mem_Write
<LI><a href="#[e1]">&gt;&gt;</a>&nbsp;&nbsp;&nbsp;HAL_I2C_Slave_Receive
<LI><a href="#[e0]">&gt;&gt;</a>&nbsp;&nbsp;&nbsp;HAL_I2C_Slave_Transmit
<LI><a href="#[df]">&gt;&gt;</a>&nbsp;&nbsp;&nbsp;HAL_I2C_Master_Receive
<LI><a href="#[dc]">&gt;&gt;</a>&nbsp;&nbsp;&nbsp;HAL_I2C_Master_Transmit
<LI><a href="#[de]">&gt;&gt;</a>&nbsp;&nbsp;&nbsp;I2C_WaitOnRXNEFlagUntilTimeout
<LI><a href="#[db]">&gt;&gt;</a>&nbsp;&nbsp;&nbsp;I2C_WaitOnTXISFlagUntilTimeout
<LI><a href="#[da]">&gt;&gt;</a>&nbsp;&nbsp;&nbsp;I2C_WaitOnFlagUntilTimeout
<LI><a href="#[d9]">&gt;&gt;</a>&nbsp;&nbsp;&nbsp;I2C_WaitOnSTOPFlagUntilTimeout
<LI><a href="#[d7]">&gt;&gt;</a>&nbsp;&nbsp;&nbsp;I2C_IsErrorOccurred
<LI><a href="#[d2]">&gt;&gt;</a>&nbsp;&nbsp;&nbsp;HAL_SYSCFG_EnableVREFBUF
<LI><a href="#[d1]">&gt;&gt;</a>&nbsp;&nbsp;&nbsp;HAL_GetTickFreq
<LI><a href="#[ca]">&gt;&gt;</a>&nbsp;&nbsp;&nbsp;HAL_PWREx_DisableUSBReg
<LI><a href="#[c9]">&gt;&gt;</a>&nbsp;&nbsp;&nbsp;HAL_PWREx_EnableUSBReg
<LI><a href="#[c8]">&gt;&gt;</a>&nbsp;&nbsp;&nbsp;HAL_PWREx_DisableBkUpReg
<LI><a href="#[c7]">&gt;&gt;</a>&nbsp;&nbsp;&nbsp;HAL_PWREx_EnableBkUpReg
<LI><a href="#[bf]">&gt;&gt;</a>&nbsp;&nbsp;&nbsp;HAL_PWREx_ControlVoltageScaling
<LI><a href="#[bc]">&gt;&gt;</a>&nbsp;&nbsp;&nbsp;HAL_MDMA_PollForTransfer
<LI><a href="#[b8]">&gt;&gt;</a>&nbsp;&nbsp;&nbsp;HAL_MDMA_Init
<LI><a href="#[b4]">&gt;&gt;</a>&nbsp;&nbsp;&nbsp;HAL_DMA_PollForTransfer
<LI><a href="#[b3]">&gt;&gt;</a>&nbsp;&nbsp;&nbsp;HAL_DMA_Abort
<LI><a href="#[aa]">&gt;&gt;</a>&nbsp;&nbsp;&nbsp;HAL_DMA_Init
<LI><a href="#[9e]">&gt;&gt;</a>&nbsp;&nbsp;&nbsp;FLASH_CRC_WaitForLastOperation
<LI><a href="#[9d]">&gt;&gt;</a>&nbsp;&nbsp;&nbsp;FLASH_OB_WaitForLastOperation
</UL>

<P><STRONG><a name="[37]"></a>HAL_Delay</STRONG> (Thumb, 32 bytes, Stack size 4 bytes, main.o(.text), UNUSED)
<BR><BR>[Calls]<UL><LI><a href="#[3d]">&gt;&gt;</a>&nbsp;&nbsp;&nbsp;HAL_GetTick
</UL>
<BR>[Called By]<UL><LI><a href="#[29]">&gt;&gt;</a>&nbsp;&nbsp;&nbsp;W25QXX_Reset
</UL>

<P><STRONG><a name="[1a0]"></a>_sys_exit</STRONG> (Thumb, 2 bytes, Stack size 0 bytes, main.o(.text), UNUSED)

<P><STRONG><a name="[1a1]"></a>_ttywrch</STRONG> (Thumb, 2 bytes, Stack size 0 bytes, main.o(.text), UNUSED)

<P><STRONG><a name="[3e]"></a>__io_putchar</STRONG> (Thumb, 22 bytes, Stack size 8 bytes, main.o(.text), UNUSED)
<BR><BR>[Calls]<UL><LI><a href="#[3f]">&gt;&gt;</a>&nbsp;&nbsp;&nbsp;HAL_UART_Transmit
</UL>

<P><STRONG><a name="[5b]"></a>MX_GPIO_Init</STRONG> (Thumb, 102 bytes, Stack size 8 bytes, gpio.o(.text), UNUSED)
<BR><BR>[Called By]<UL><LI><a href="#[56]">&gt;&gt;</a>&nbsp;&nbsp;&nbsp;Init
</UL>

<P><STRONG><a name="[40]"></a>MX_QUADSPI_Init</STRONG> (Thumb, 56 bytes, Stack size 24 bytes, quadspi.o(.text), UNUSED)
<BR><BR>[Calls]<UL><LI><a href="#[41]">&gt;&gt;</a>&nbsp;&nbsp;&nbsp;HAL_QSPI_Init
<LI><a href="#[42]">&gt;&gt;</a>&nbsp;&nbsp;&nbsp;Error_Handler
</UL>
<BR>[Called By]<UL><LI><a href="#[56]">&gt;&gt;</a>&nbsp;&nbsp;&nbsp;Init
</UL>

<P><STRONG><a name="[43]"></a>HAL_QSPI_MspInit</STRONG> (Thumb, 228 bytes, Stack size 248 bytes, quadspi.o(.text), UNUSED)
<BR><BR>[Calls]<UL><LI><a href="#[44]">&gt;&gt;</a>&nbsp;&nbsp;&nbsp;HAL_RCCEx_PeriphCLKConfig
<LI><a href="#[45]">&gt;&gt;</a>&nbsp;&nbsp;&nbsp;HAL_GPIO_Init
<LI><a href="#[42]">&gt;&gt;</a>&nbsp;&nbsp;&nbsp;Error_Handler
<LI><a href="#[39]">&gt;&gt;</a>&nbsp;&nbsp;&nbsp;__aeabi_memclr4
</UL>
<BR>[Called By]<UL><LI><a href="#[41]">&gt;&gt;</a>&nbsp;&nbsp;&nbsp;HAL_QSPI_Init
</UL>

<P><STRONG><a name="[46]"></a>HAL_QSPI_MspDeInit</STRONG> (Thumb, 52 bytes, Stack size 8 bytes, quadspi.o(.text), UNUSED)
<BR><BR>[Calls]<UL><LI><a href="#[47]">&gt;&gt;</a>&nbsp;&nbsp;&nbsp;HAL_GPIO_DeInit
</UL>
<BR>[Called By]<UL><LI><a href="#[58]">&gt;&gt;</a>&nbsp;&nbsp;&nbsp;HAL_QSPI_DeInit
</UL>

<P><STRONG><a name="[48]"></a>MX_USART1_UART_Init</STRONG> (Thumb, 102 bytes, Stack size 8 bytes, usart.o(.text), UNUSED)
<BR><BR>[Calls]<UL><LI><a href="#[49]">&gt;&gt;</a>&nbsp;&nbsp;&nbsp;HAL_UART_Init
<LI><a href="#[4a]">&gt;&gt;</a>&nbsp;&nbsp;&nbsp;HAL_UARTEx_SetTxFifoThreshold
<LI><a href="#[4b]">&gt;&gt;</a>&nbsp;&nbsp;&nbsp;HAL_UARTEx_SetRxFifoThreshold
<LI><a href="#[4c]">&gt;&gt;</a>&nbsp;&nbsp;&nbsp;HAL_UARTEx_DisableFifoMode
<LI><a href="#[42]">&gt;&gt;</a>&nbsp;&nbsp;&nbsp;Error_Handler
</UL>

<P><STRONG><a name="[4d]"></a>HAL_UART_MspInit</STRONG> (Thumb, 122 bytes, Stack size 224 bytes, usart.o(.text), UNUSED)
<BR><BR>[Calls]<UL><LI><a href="#[44]">&gt;&gt;</a>&nbsp;&nbsp;&nbsp;HAL_RCCEx_PeriphCLKConfig
<LI><a href="#[45]">&gt;&gt;</a>&nbsp;&nbsp;&nbsp;HAL_GPIO_Init
<LI><a href="#[42]">&gt;&gt;</a>&nbsp;&nbsp;&nbsp;Error_Handler
<LI><a href="#[39]">&gt;&gt;</a>&nbsp;&nbsp;&nbsp;__aeabi_memclr4
</UL>
<BR>[Called By]<UL><LI><a href="#[49]">&gt;&gt;</a>&nbsp;&nbsp;&nbsp;HAL_UART_Init
<LI><a href="#[13e]">&gt;&gt;</a>&nbsp;&nbsp;&nbsp;HAL_RS485Ex_Init
<LI><a href="#[11f]">&gt;&gt;</a>&nbsp;&nbsp;&nbsp;HAL_MultiProcessor_Init
<LI><a href="#[11e]">&gt;&gt;</a>&nbsp;&nbsp;&nbsp;HAL_LIN_Init
<LI><a href="#[11d]">&gt;&gt;</a>&nbsp;&nbsp;&nbsp;HAL_HalfDuplex_Init
</UL>

<P><STRONG><a name="[4e]"></a>HAL_UART_MspDeInit</STRONG> (Thumb, 30 bytes, Stack size 0 bytes, usart.o(.text), UNUSED)
<BR><BR>[Calls]<UL><LI><a href="#[47]">&gt;&gt;</a>&nbsp;&nbsp;&nbsp;HAL_GPIO_DeInit
</UL>
<BR>[Called By]<UL><LI><a href="#[120]">&gt;&gt;</a>&nbsp;&nbsp;&nbsp;HAL_UART_DeInit
</UL>

<P><STRONG><a name="[4f]"></a>NMI_Handler</STRONG> (Thumb, 2 bytes, Stack size 0 bytes, stm32h7xx_it.o(.text), UNUSED)
<BR><BR>[Calls]<UL><LI><a href="#[4f]">&gt;&gt;</a>&nbsp;&nbsp;&nbsp;NMI_Handler
</UL>
<BR>[Called By]<UL><LI><a href="#[4f]">&gt;&gt;</a>&nbsp;&nbsp;&nbsp;NMI_Handler
</UL>

<P><STRONG><a name="[50]"></a>HardFault_Handler</STRONG> (Thumb, 2 bytes, Stack size 0 bytes, stm32h7xx_it.o(.text), UNUSED)
<BR><BR>[Calls]<UL><LI><a href="#[50]">&gt;&gt;</a>&nbsp;&nbsp;&nbsp;HardFault_Handler
</UL>
<BR>[Called By]<UL><LI><a href="#[50]">&gt;&gt;</a>&nbsp;&nbsp;&nbsp;HardFault_Handler
</UL>

<P><STRONG><a name="[51]"></a>MemManage_Handler</STRONG> (Thumb, 2 bytes, Stack size 0 bytes, stm32h7xx_it.o(.text), UNUSED)
<BR><BR>[Calls]<UL><LI><a href="#[51]">&gt;&gt;</a>&nbsp;&nbsp;&nbsp;MemManage_Handler
</UL>
<BR>[Called By]<UL><LI><a href="#[51]">&gt;&gt;</a>&nbsp;&nbsp;&nbsp;MemManage_Handler
</UL>

<P><STRONG><a name="[52]"></a>BusFault_Handler</STRONG> (Thumb, 2 bytes, Stack size 0 bytes, stm32h7xx_it.o(.text), UNUSED)
<BR><BR>[Calls]<UL><LI><a href="#[52]">&gt;&gt;</a>&nbsp;&nbsp;&nbsp;BusFault_Handler
</UL>
<BR>[Called By]<UL><LI><a href="#[52]">&gt;&gt;</a>&nbsp;&nbsp;&nbsp;BusFault_Handler
</UL>

<P><STRONG><a name="[53]"></a>UsageFault_Handler</STRONG> (Thumb, 2 bytes, Stack size 0 bytes, stm32h7xx_it.o(.text), UNUSED)
<BR><BR>[Calls]<UL><LI><a href="#[53]">&gt;&gt;</a>&nbsp;&nbsp;&nbsp;UsageFault_Handler
</UL>
<BR>[Called By]<UL><LI><a href="#[53]">&gt;&gt;</a>&nbsp;&nbsp;&nbsp;UsageFault_Handler
</UL>

<P><STRONG><a name="[1a2]"></a>SVC_Handler</STRONG> (Thumb, 2 bytes, Stack size 0 bytes, stm32h7xx_it.o(.text), UNUSED)

<P><STRONG><a name="[1a3]"></a>DebugMon_Handler</STRONG> (Thumb, 2 bytes, Stack size 0 bytes, stm32h7xx_it.o(.text), UNUSED)

<P><STRONG><a name="[1a4]"></a>PendSV_Handler</STRONG> (Thumb, 2 bytes, Stack size 0 bytes, stm32h7xx_it.o(.text), UNUSED)

<P><STRONG><a name="[54]"></a>SysTick_Handler</STRONG> (Thumb, 4 bytes, Stack size 0 bytes, stm32h7xx_it.o(.text), UNUSED)
<BR><BR>[Calls]<UL><LI><a href="#[55]">&gt;&gt;</a>&nbsp;&nbsp;&nbsp;HAL_IncTick
</UL>

<P><STRONG><a name="[ce]"></a>HAL_MspInit</STRONG> (Thumb, 22 bytes, Stack size 8 bytes, stm32h7xx_hal_msp.o(.text), UNUSED)
<BR><BR>[Called By]<UL><LI><a href="#[5a]">&gt;&gt;</a>&nbsp;&nbsp;&nbsp;HAL_Init
</UL>

<P><STRONG><a name="[56]"></a>Init</STRONG> (Thumb, 68 bytes, Stack size 16 bytes, flashprg.o(.text), UNUSED)
<BR><BR>[Calls]<UL><LI><a href="#[57]">&gt;&gt;</a>&nbsp;&nbsp;&nbsp;SystemInit
<LI><a href="#[58]">&gt;&gt;</a>&nbsp;&nbsp;&nbsp;HAL_QSPI_DeInit
<LI><a href="#[5a]">&gt;&gt;</a>&nbsp;&nbsp;&nbsp;HAL_Init
<LI><a href="#[59]">&gt;&gt;</a>&nbsp;&nbsp;&nbsp;HAL_DeInit
<LI><a href="#[40]">&gt;&gt;</a>&nbsp;&nbsp;&nbsp;MX_QUADSPI_Init
<LI><a href="#[5b]">&gt;&gt;</a>&nbsp;&nbsp;&nbsp;MX_GPIO_Init
<LI><a href="#[38]">&gt;&gt;</a>&nbsp;&nbsp;&nbsp;SystemClock_Config
<LI><a href="#[34]">&gt;&gt;</a>&nbsp;&nbsp;&nbsp;W25QXX_MemoryMapped
<LI><a href="#[28]">&gt;&gt;</a>&nbsp;&nbsp;&nbsp;W25QXX_Init
</UL>

<P><STRONG><a name="[1a5]"></a>UnInit</STRONG> (Thumb, 4 bytes, Stack size 0 bytes, flashprg.o(.text), UNUSED)

<P><STRONG><a name="[5c]"></a>EraseChip</STRONG> (Thumb, 10 bytes, Stack size 8 bytes, flashprg.o(.text), UNUSED)
<BR><BR>[Calls]<UL><LI><a href="#[2b]">&gt;&gt;</a>&nbsp;&nbsp;&nbsp;W25QXX_Erase_Chip
</UL>

<P><STRONG><a name="[5d]"></a>EraseSector</STRONG> (Thumb, 38 bytes, Stack size 8 bytes, flashprg.o(.text), UNUSED)
<BR><BR>[Calls]<UL><LI><a href="#[2d]">&gt;&gt;</a>&nbsp;&nbsp;&nbsp;W25QXX_Erase_Sector
</UL>

<P><STRONG><a name="[1a6]"></a>BlankCheck</STRONG> (Thumb, 4 bytes, Stack size 0 bytes, flashprg.o(.text), UNUSED)

<P><STRONG><a name="[5e]"></a>ProgramPage</STRONG> (Thumb, 28 bytes, Stack size 8 bytes, flashprg.o(.text), UNUSED)
<BR><BR>[Calls]<UL><LI><a href="#[33]">&gt;&gt;</a>&nbsp;&nbsp;&nbsp;W25QXX_Write
</UL>

<P><STRONG><a name="[1a7]"></a>Verify</STRONG> (Thumb, 28 bytes, Stack size 16 bytes, flashprg.o(.text), UNUSED)

<P><STRONG><a name="[cd]"></a>HAL_NVIC_SetPriorityGrouping</STRONG> (Thumb, 28 bytes, Stack size 8 bytes, stm32h7xx_hal_cortex.o(.text), UNUSED)
<BR><BR>[Called By]<UL><LI><a href="#[5a]">&gt;&gt;</a>&nbsp;&nbsp;&nbsp;HAL_Init
</UL>

<P><STRONG><a name="[5f]"></a>HAL_NVIC_SetPriority</STRONG> (Thumb, 60 bytes, Stack size 16 bytes, stm32h7xx_hal_cortex.o(.text), UNUSED)
<BR><BR>[Calls]<UL><LI><a href="#[60]">&gt;&gt;</a>&nbsp;&nbsp;&nbsp;__NVIC_SetPriority
</UL>

<P><STRONG><a name="[1a8]"></a>HAL_NVIC_EnableIRQ</STRONG> (Thumb, 26 bytes, Stack size 0 bytes, stm32h7xx_hal_cortex.o(.text), UNUSED)

<P><STRONG><a name="[1a9]"></a>HAL_NVIC_DisableIRQ</STRONG> (Thumb, 34 bytes, Stack size 0 bytes, stm32h7xx_hal_cortex.o(.text), UNUSED)

<P><STRONG><a name="[1aa]"></a>HAL_NVIC_SystemReset</STRONG> (Thumb, 28 bytes, Stack size 0 bytes, stm32h7xx_hal_cortex.o(.text), UNUSED)

<P><STRONG><a name="[61]"></a>HAL_SYSTICK_Config</STRONG> (Thumb, 38 bytes, Stack size 8 bytes, stm32h7xx_hal_cortex.o(.text), UNUSED)
<BR><BR>[Calls]<UL><LI><a href="#[60]">&gt;&gt;</a>&nbsp;&nbsp;&nbsp;__NVIC_SetPriority
</UL>

<P><STRONG><a name="[1ab]"></a>HAL_MPU_Disable</STRONG> (Thumb, 26 bytes, Stack size 0 bytes, stm32h7xx_hal_cortex.o(.text), UNUSED)

<P><STRONG><a name="[1ac]"></a>HAL_MPU_Enable</STRONG> (Thumb, 32 bytes, Stack size 0 bytes, stm32h7xx_hal_cortex.o(.text), UNUSED)

<P><STRONG><a name="[1ad]"></a>HAL_MPU_ConfigRegion</STRONG> (Thumb, 88 bytes, Stack size 20 bytes, stm32h7xx_hal_cortex.o(.text), UNUSED)

<P><STRONG><a name="[1ae]"></a>HAL_NVIC_GetPriorityGrouping</STRONG> (Thumb, 10 bytes, Stack size 0 bytes, stm32h7xx_hal_cortex.o(.text), UNUSED)

<P><STRONG><a name="[1af]"></a>HAL_NVIC_GetPriority</STRONG> (Thumb, 82 bytes, Stack size 16 bytes, stm32h7xx_hal_cortex.o(.text), UNUSED)

<P><STRONG><a name="[1b0]"></a>HAL_NVIC_SetPendingIRQ</STRONG> (Thumb, 26 bytes, Stack size 0 bytes, stm32h7xx_hal_cortex.o(.text), UNUSED)

<P><STRONG><a name="[1b1]"></a>HAL_NVIC_GetPendingIRQ</STRONG> (Thumb, 36 bytes, Stack size 0 bytes, stm32h7xx_hal_cortex.o(.text), UNUSED)

<P><STRONG><a name="[1b2]"></a>HAL_NVIC_ClearPendingIRQ</STRONG> (Thumb, 26 bytes, Stack size 0 bytes, stm32h7xx_hal_cortex.o(.text), UNUSED)

<P><STRONG><a name="[1b3]"></a>HAL_NVIC_GetActive</STRONG> (Thumb, 36 bytes, Stack size 0 bytes, stm32h7xx_hal_cortex.o(.text), UNUSED)

<P><STRONG><a name="[1b4]"></a>HAL_SYSTICK_CLKSourceConfig</STRONG> (Thumb, 24 bytes, Stack size 0 bytes, stm32h7xx_hal_cortex.o(.text), UNUSED)

<P><STRONG><a name="[63]"></a>HAL_SYSTICK_Callback</STRONG> (Thumb, 2 bytes, Stack size 0 bytes, stm32h7xx_hal_cortex.o(.text), UNUSED)
<BR><BR>[Called By]<UL><LI><a href="#[62]">&gt;&gt;</a>&nbsp;&nbsp;&nbsp;HAL_SYSTICK_IRQHandler
</UL>

<P><STRONG><a name="[62]"></a>HAL_SYSTICK_IRQHandler</STRONG> (Thumb, 8 bytes, Stack size 8 bytes, stm32h7xx_hal_cortex.o(.text), UNUSED)
<BR><BR>[Calls]<UL><LI><a href="#[63]">&gt;&gt;</a>&nbsp;&nbsp;&nbsp;HAL_SYSTICK_Callback
</UL>

<P><STRONG><a name="[1b5]"></a>HAL_GetCurrentCPUID</STRONG> (Thumb, 4 bytes, Stack size 0 bytes, stm32h7xx_hal_cortex.o(.text), UNUSED)

<P><STRONG><a name="[1b6]"></a>HAL_QSPI_SetTimeout</STRONG> (Thumb, 4 bytes, Stack size 0 bytes, stm32h7xx_hal_qspi.o(.text), UNUSED)

<P><STRONG><a name="[41]"></a>HAL_QSPI_Init</STRONG> (Thumb, 162 bytes, Stack size 24 bytes, stm32h7xx_hal_qspi.o(.text), UNUSED)
<BR><BR>[Calls]<UL><LI><a href="#[64]">&gt;&gt;</a>&nbsp;&nbsp;&nbsp;QSPI_WaitFlagStateUntilTimeout
<LI><a href="#[43]">&gt;&gt;</a>&nbsp;&nbsp;&nbsp;HAL_QSPI_MspInit
<LI><a href="#[3d]">&gt;&gt;</a>&nbsp;&nbsp;&nbsp;HAL_GetTick
</UL>
<BR>[Called By]<UL><LI><a href="#[40]">&gt;&gt;</a>&nbsp;&nbsp;&nbsp;MX_QUADSPI_Init
</UL>

<P><STRONG><a name="[58]"></a>HAL_QSPI_DeInit</STRONG> (Thumb, 36 bytes, Stack size 8 bytes, stm32h7xx_hal_qspi.o(.text), UNUSED)
<BR><BR>[Calls]<UL><LI><a href="#[46]">&gt;&gt;</a>&nbsp;&nbsp;&nbsp;HAL_QSPI_MspDeInit
</UL>
<BR>[Called By]<UL><LI><a href="#[56]">&gt;&gt;</a>&nbsp;&nbsp;&nbsp;Init
</UL>

<P><STRONG><a name="[6e]"></a>HAL_QSPI_TimeOutCallback</STRONG> (Thumb, 2 bytes, Stack size 0 bytes, stm32h7xx_hal_qspi.o(.text), UNUSED)
<BR><BR>[Called By]<UL><LI><a href="#[66]">&gt;&gt;</a>&nbsp;&nbsp;&nbsp;HAL_QSPI_IRQHandler
</UL>

<P><STRONG><a name="[65]"></a>HAL_QSPI_ErrorCallback</STRONG> (Thumb, 2 bytes, Stack size 0 bytes, stm32h7xx_hal_qspi.o(.text))
<BR><BR>[Called By]<UL><LI><a href="#[66]">&gt;&gt;</a>&nbsp;&nbsp;&nbsp;HAL_QSPI_IRQHandler
<LI><a href="#[1]">&gt;&gt;</a>&nbsp;&nbsp;&nbsp;QSPI_DMAAbortCplt
</UL>

<P><STRONG><a name="[6c]"></a>HAL_QSPI_StatusMatchCallback</STRONG> (Thumb, 2 bytes, Stack size 0 bytes, stm32h7xx_hal_qspi.o(.text), UNUSED)
<BR><BR>[Called By]<UL><LI><a href="#[66]">&gt;&gt;</a>&nbsp;&nbsp;&nbsp;HAL_QSPI_IRQHandler
</UL>

<P><STRONG><a name="[6b]"></a>HAL_QSPI_AbortCpltCallback</STRONG> (Thumb, 2 bytes, Stack size 0 bytes, stm32h7xx_hal_qspi.o(.text))
<BR><BR>[Called By]<UL><LI><a href="#[71]">&gt;&gt;</a>&nbsp;&nbsp;&nbsp;HAL_QSPI_Abort_IT
<LI><a href="#[66]">&gt;&gt;</a>&nbsp;&nbsp;&nbsp;HAL_QSPI_IRQHandler
</UL>

<P><STRONG><a name="[6a]"></a>HAL_QSPI_CmdCpltCallback</STRONG> (Thumb, 2 bytes, Stack size 0 bytes, stm32h7xx_hal_qspi.o(.text), UNUSED)
<BR><BR>[Called By]<UL><LI><a href="#[66]">&gt;&gt;</a>&nbsp;&nbsp;&nbsp;HAL_QSPI_IRQHandler
</UL>

<P><STRONG><a name="[69]"></a>HAL_QSPI_RxCpltCallback</STRONG> (Thumb, 2 bytes, Stack size 0 bytes, stm32h7xx_hal_qspi.o(.text), UNUSED)
<BR><BR>[Called By]<UL><LI><a href="#[66]">&gt;&gt;</a>&nbsp;&nbsp;&nbsp;HAL_QSPI_IRQHandler
</UL>

<P><STRONG><a name="[68]"></a>HAL_QSPI_TxCpltCallback</STRONG> (Thumb, 2 bytes, Stack size 0 bytes, stm32h7xx_hal_qspi.o(.text), UNUSED)
<BR><BR>[Called By]<UL><LI><a href="#[66]">&gt;&gt;</a>&nbsp;&nbsp;&nbsp;HAL_QSPI_IRQHandler
</UL>

<P><STRONG><a name="[67]"></a>HAL_QSPI_FifoThresholdCallback</STRONG> (Thumb, 2 bytes, Stack size 0 bytes, stm32h7xx_hal_qspi.o(.text), UNUSED)
<BR><BR>[Called By]<UL><LI><a href="#[66]">&gt;&gt;</a>&nbsp;&nbsp;&nbsp;HAL_QSPI_IRQHandler
</UL>

<P><STRONG><a name="[66]"></a>HAL_QSPI_IRQHandler</STRONG> (Thumb, 482 bytes, Stack size 16 bytes, stm32h7xx_hal_qspi.o(.text), UNUSED)
<BR><BR>[Calls]<UL><LI><a href="#[67]">&gt;&gt;</a>&nbsp;&nbsp;&nbsp;HAL_QSPI_FifoThresholdCallback
<LI><a href="#[68]">&gt;&gt;</a>&nbsp;&nbsp;&nbsp;HAL_QSPI_TxCpltCallback
<LI><a href="#[69]">&gt;&gt;</a>&nbsp;&nbsp;&nbsp;HAL_QSPI_RxCpltCallback
<LI><a href="#[6a]">&gt;&gt;</a>&nbsp;&nbsp;&nbsp;HAL_QSPI_CmdCpltCallback
<LI><a href="#[6b]">&gt;&gt;</a>&nbsp;&nbsp;&nbsp;HAL_QSPI_AbortCpltCallback
<LI><a href="#[6c]">&gt;&gt;</a>&nbsp;&nbsp;&nbsp;HAL_QSPI_StatusMatchCallback
<LI><a href="#[65]">&gt;&gt;</a>&nbsp;&nbsp;&nbsp;HAL_QSPI_ErrorCallback
<LI><a href="#[6e]">&gt;&gt;</a>&nbsp;&nbsp;&nbsp;HAL_QSPI_TimeOutCallback
<LI><a href="#[6d]">&gt;&gt;</a>&nbsp;&nbsp;&nbsp;HAL_MDMA_Abort_IT
</UL>

<P><STRONG><a name="[24]"></a>HAL_QSPI_Command</STRONG> (Thumb, 138 bytes, Stack size 48 bytes, stm32h7xx_hal_qspi.o(.text), UNUSED)
<BR><BR>[Calls]<UL><LI><a href="#[6f]">&gt;&gt;</a>&nbsp;&nbsp;&nbsp;QSPI_Config
<LI><a href="#[64]">&gt;&gt;</a>&nbsp;&nbsp;&nbsp;QSPI_WaitFlagStateUntilTimeout
<LI><a href="#[3d]">&gt;&gt;</a>&nbsp;&nbsp;&nbsp;HAL_GetTick
</UL>
<BR>[Called By]<UL><LI><a href="#[31]">&gt;&gt;</a>&nbsp;&nbsp;&nbsp;W25QXX_FastRead
<LI><a href="#[2f]">&gt;&gt;</a>&nbsp;&nbsp;&nbsp;W25QXX_ProgramPage
<LI><a href="#[2e]">&gt;&gt;</a>&nbsp;&nbsp;&nbsp;W25QXX_Erase_64KB_Block
<LI><a href="#[2d]">&gt;&gt;</a>&nbsp;&nbsp;&nbsp;W25QXX_Erase_Sector
<LI><a href="#[2b]">&gt;&gt;</a>&nbsp;&nbsp;&nbsp;W25QXX_Erase_Chip
<LI><a href="#[28]">&gt;&gt;</a>&nbsp;&nbsp;&nbsp;W25QXX_Init
<LI><a href="#[27]">&gt;&gt;</a>&nbsp;&nbsp;&nbsp;W25QXX_Enter4ByteAddrMode
<LI><a href="#[25]">&gt;&gt;</a>&nbsp;&nbsp;&nbsp;W25QXX_ReadSR
<LI><a href="#[36]">&gt;&gt;</a>&nbsp;&nbsp;&nbsp;W25QXX_WriteSR
<LI><a href="#[29]">&gt;&gt;</a>&nbsp;&nbsp;&nbsp;W25QXX_Reset
<LI><a href="#[2a]">&gt;&gt;</a>&nbsp;&nbsp;&nbsp;W25QXX_EnterQPIMode
<LI><a href="#[23]">&gt;&gt;</a>&nbsp;&nbsp;&nbsp;W25QXX_WriteEnable
</UL>

<P><STRONG><a name="[70]"></a>HAL_QSPI_Command_IT</STRONG> (Thumb, 128 bytes, Stack size 32 bytes, stm32h7xx_hal_qspi.o(.text), UNUSED)
<BR><BR>[Calls]<UL><LI><a href="#[6f]">&gt;&gt;</a>&nbsp;&nbsp;&nbsp;QSPI_Config
<LI><a href="#[64]">&gt;&gt;</a>&nbsp;&nbsp;&nbsp;QSPI_WaitFlagStateUntilTimeout
<LI><a href="#[3d]">&gt;&gt;</a>&nbsp;&nbsp;&nbsp;HAL_GetTick
</UL>

<P><STRONG><a name="[30]"></a>HAL_QSPI_Transmit</STRONG> (Thumb, 182 bytes, Stack size 40 bytes, stm32h7xx_hal_qspi.o(.text), UNUSED)
<BR><BR>[Calls]<UL><LI><a href="#[64]">&gt;&gt;</a>&nbsp;&nbsp;&nbsp;QSPI_WaitFlagStateUntilTimeout
<LI><a href="#[3d]">&gt;&gt;</a>&nbsp;&nbsp;&nbsp;HAL_GetTick
</UL>
<BR>[Called By]<UL><LI><a href="#[2f]">&gt;&gt;</a>&nbsp;&nbsp;&nbsp;W25QXX_ProgramPage
<LI><a href="#[36]">&gt;&gt;</a>&nbsp;&nbsp;&nbsp;W25QXX_WriteSR
<LI><a href="#[2a]">&gt;&gt;</a>&nbsp;&nbsp;&nbsp;W25QXX_EnterQPIMode
</UL>

<P><STRONG><a name="[26]"></a>HAL_QSPI_Receive</STRONG> (Thumb, 190 bytes, Stack size 40 bytes, stm32h7xx_hal_qspi.o(.text), UNUSED)
<BR><BR>[Calls]<UL><LI><a href="#[64]">&gt;&gt;</a>&nbsp;&nbsp;&nbsp;QSPI_WaitFlagStateUntilTimeout
<LI><a href="#[3d]">&gt;&gt;</a>&nbsp;&nbsp;&nbsp;HAL_GetTick
</UL>
<BR>[Called By]<UL><LI><a href="#[31]">&gt;&gt;</a>&nbsp;&nbsp;&nbsp;W25QXX_FastRead
<LI><a href="#[25]">&gt;&gt;</a>&nbsp;&nbsp;&nbsp;W25QXX_ReadSR
</UL>

<P><STRONG><a name="[1b7]"></a>HAL_QSPI_Transmit_IT</STRONG> (Thumb, 110 bytes, Stack size 16 bytes, stm32h7xx_hal_qspi.o(.text), UNUSED)

<P><STRONG><a name="[1b8]"></a>HAL_QSPI_Receive_IT</STRONG> (Thumb, 120 bytes, Stack size 20 bytes, stm32h7xx_hal_qspi.o(.text), UNUSED)

<P><STRONG><a name="[71]"></a>HAL_QSPI_Abort_IT</STRONG> (Thumb, 124 bytes, Stack size 16 bytes, stm32h7xx_hal_qspi.o(.text))
<BR><BR>[Stack]<UL><LI>Max Depth = 16<LI>Call Chain = HAL_QSPI_Abort_IT
</UL>
<BR>[Calls]<UL><LI><a href="#[6b]">&gt;&gt;</a>&nbsp;&nbsp;&nbsp;HAL_QSPI_AbortCpltCallback
<LI><a href="#[6d]">&gt;&gt;</a>&nbsp;&nbsp;&nbsp;HAL_MDMA_Abort_IT
</UL>
<BR>[Called By]<UL><LI><a href="#[3]">&gt;&gt;</a>&nbsp;&nbsp;&nbsp;QSPI_DMAError
</UL>

<P><STRONG><a name="[72]"></a>HAL_QSPI_Transmit_DMA</STRONG> (Thumb, 258 bytes, Stack size 24 bytes, stm32h7xx_hal_qspi.o(.text), UNUSED)
<BR><BR>[Calls]<UL><LI><a href="#[73]">&gt;&gt;</a>&nbsp;&nbsp;&nbsp;HAL_MDMA_Start_IT
</UL>

<P><STRONG><a name="[74]"></a>HAL_QSPI_Receive_DMA</STRONG> (Thumb, 280 bytes, Stack size 24 bytes, stm32h7xx_hal_qspi.o(.text), UNUSED)
<BR><BR>[Calls]<UL><LI><a href="#[73]">&gt;&gt;</a>&nbsp;&nbsp;&nbsp;HAL_MDMA_Start_IT
</UL>

<P><STRONG><a name="[75]"></a>HAL_QSPI_AutoPolling</STRONG> (Thumb, 170 bytes, Stack size 40 bytes, stm32h7xx_hal_qspi.o(.text), UNUSED)
<BR><BR>[Calls]<UL><LI><a href="#[6f]">&gt;&gt;</a>&nbsp;&nbsp;&nbsp;QSPI_Config
<LI><a href="#[64]">&gt;&gt;</a>&nbsp;&nbsp;&nbsp;QSPI_WaitFlagStateUntilTimeout
<LI><a href="#[3d]">&gt;&gt;</a>&nbsp;&nbsp;&nbsp;HAL_GetTick
</UL>

<P><STRONG><a name="[76]"></a>HAL_QSPI_AutoPolling_IT</STRONG> (Thumb, 182 bytes, Stack size 32 bytes, stm32h7xx_hal_qspi.o(.text), UNUSED)
<BR><BR>[Calls]<UL><LI><a href="#[6f]">&gt;&gt;</a>&nbsp;&nbsp;&nbsp;QSPI_Config
<LI><a href="#[64]">&gt;&gt;</a>&nbsp;&nbsp;&nbsp;QSPI_WaitFlagStateUntilTimeout
<LI><a href="#[3d]">&gt;&gt;</a>&nbsp;&nbsp;&nbsp;HAL_GetTick
</UL>

<P><STRONG><a name="[35]"></a>HAL_QSPI_MemoryMapped</STRONG> (Thumb, 138 bytes, Stack size 32 bytes, stm32h7xx_hal_qspi.o(.text), UNUSED)
<BR><BR>[Calls]<UL><LI><a href="#[6f]">&gt;&gt;</a>&nbsp;&nbsp;&nbsp;QSPI_Config
<LI><a href="#[64]">&gt;&gt;</a>&nbsp;&nbsp;&nbsp;QSPI_WaitFlagStateUntilTimeout
<LI><a href="#[3d]">&gt;&gt;</a>&nbsp;&nbsp;&nbsp;HAL_GetTick
</UL>
<BR>[Called By]<UL><LI><a href="#[34]">&gt;&gt;</a>&nbsp;&nbsp;&nbsp;W25QXX_MemoryMapped
</UL>

<P><STRONG><a name="[1b9]"></a>HAL_QSPI_GetState</STRONG> (Thumb, 6 bytes, Stack size 0 bytes, stm32h7xx_hal_qspi.o(.text), UNUSED)

<P><STRONG><a name="[1ba]"></a>HAL_QSPI_GetError</STRONG> (Thumb, 4 bytes, Stack size 0 bytes, stm32h7xx_hal_qspi.o(.text), UNUSED)

<P><STRONG><a name="[77]"></a>HAL_QSPI_Abort</STRONG> (Thumb, 142 bytes, Stack size 24 bytes, stm32h7xx_hal_qspi.o(.text), UNUSED)
<BR><BR>[Calls]<UL><LI><a href="#[78]">&gt;&gt;</a>&nbsp;&nbsp;&nbsp;HAL_MDMA_Abort
<LI><a href="#[64]">&gt;&gt;</a>&nbsp;&nbsp;&nbsp;QSPI_WaitFlagStateUntilTimeout
<LI><a href="#[3d]">&gt;&gt;</a>&nbsp;&nbsp;&nbsp;HAL_GetTick
</UL>

<P><STRONG><a name="[1bb]"></a>HAL_QSPI_SetFifoThreshold</STRONG> (Thumb, 66 bytes, Stack size 8 bytes, stm32h7xx_hal_qspi.o(.text), UNUSED)

<P><STRONG><a name="[1bc]"></a>HAL_QSPI_GetFifoThreshold</STRONG> (Thumb, 12 bytes, Stack size 0 bytes, stm32h7xx_hal_qspi.o(.text), UNUSED)

<P><STRONG><a name="[1bd]"></a>HAL_QSPI_SetFlashID</STRONG> (Thumb, 58 bytes, Stack size 8 bytes, stm32h7xx_hal_qspi.o(.text), UNUSED)

<P><STRONG><a name="[79]"></a>HAL_RCC_DeInit</STRONG> (Thumb, 458 bytes, Stack size 32 bytes, stm32h7xx_hal_rcc.o(.text), UNUSED)
<BR><BR>[Calls]<UL><LI><a href="#[3d]">&gt;&gt;</a>&nbsp;&nbsp;&nbsp;HAL_GetTick
<LI><a href="#[7a]">&gt;&gt;</a>&nbsp;&nbsp;&nbsp;HAL_InitTick
</UL>

<P><STRONG><a name="[3b]"></a>HAL_RCC_OscConfig</STRONG> (Thumb, 1426 bytes, Stack size 32 bytes, stm32h7xx_hal_rcc.o(.text), UNUSED)
<BR><BR>[Calls]<UL><LI><a href="#[7b]">&gt;&gt;</a>&nbsp;&nbsp;&nbsp;HAL_GetREVID
<LI><a href="#[3d]">&gt;&gt;</a>&nbsp;&nbsp;&nbsp;HAL_GetTick
</UL>
<BR>[Called By]<UL><LI><a href="#[38]">&gt;&gt;</a>&nbsp;&nbsp;&nbsp;SystemClock_Config
</UL>

<P><STRONG><a name="[7c]"></a>HAL_RCC_GetSysClockFreq</STRONG> (Thumb, 306 bytes, Stack size 16 bytes, stm32h7xx_hal_rcc.o(.text), UNUSED)
<BR><BR>[Called By]<UL><LI><a href="#[8c]">&gt;&gt;</a>&nbsp;&nbsp;&nbsp;HAL_RCCEx_GetD1SysClockFreq
<LI><a href="#[7e]">&gt;&gt;</a>&nbsp;&nbsp;&nbsp;HAL_RCC_GetHCLKFreq
<LI><a href="#[5a]">&gt;&gt;</a>&nbsp;&nbsp;&nbsp;HAL_Init
<LI><a href="#[3c]">&gt;&gt;</a>&nbsp;&nbsp;&nbsp;HAL_RCC_ClockConfig
</UL>

<P><STRONG><a name="[3c]"></a>HAL_RCC_ClockConfig</STRONG> (Thumb, 580 bytes, Stack size 32 bytes, stm32h7xx_hal_rcc.o(.text), UNUSED)
<BR><BR>[Calls]<UL><LI><a href="#[7c]">&gt;&gt;</a>&nbsp;&nbsp;&nbsp;HAL_RCC_GetSysClockFreq
<LI><a href="#[3d]">&gt;&gt;</a>&nbsp;&nbsp;&nbsp;HAL_GetTick
<LI><a href="#[7a]">&gt;&gt;</a>&nbsp;&nbsp;&nbsp;HAL_InitTick
</UL>
<BR>[Called By]<UL><LI><a href="#[38]">&gt;&gt;</a>&nbsp;&nbsp;&nbsp;SystemClock_Config
</UL>

<P><STRONG><a name="[7d]"></a>HAL_RCC_MCOConfig</STRONG> (Thumb, 130 bytes, Stack size 48 bytes, stm32h7xx_hal_rcc.o(.text), UNUSED)
<BR><BR>[Calls]<UL><LI><a href="#[45]">&gt;&gt;</a>&nbsp;&nbsp;&nbsp;HAL_GPIO_Init
</UL>

<P><STRONG><a name="[1be]"></a>HAL_RCC_EnableCSS</STRONG> (Thumb, 14 bytes, Stack size 0 bytes, stm32h7xx_hal_rcc.o(.text), UNUSED)

<P><STRONG><a name="[1bf]"></a>HAL_RCC_DisableCSS</STRONG> (Thumb, 14 bytes, Stack size 0 bytes, stm32h7xx_hal_rcc.o(.text), UNUSED)

<P><STRONG><a name="[7e]"></a>HAL_RCC_GetHCLKFreq</STRONG> (Thumb, 60 bytes, Stack size 12 bytes, stm32h7xx_hal_rcc.o(.text), UNUSED)
<BR><BR>[Calls]<UL><LI><a href="#[7c]">&gt;&gt;</a>&nbsp;&nbsp;&nbsp;HAL_RCC_GetSysClockFreq
</UL>
<BR>[Called By]<UL><LI><a href="#[8b]">&gt;&gt;</a>&nbsp;&nbsp;&nbsp;HAL_RCCEx_GetD1PCLK1Freq
<LI><a href="#[86]">&gt;&gt;</a>&nbsp;&nbsp;&nbsp;HAL_RCCEx_GetD3PCLK1Freq
<LI><a href="#[80]">&gt;&gt;</a>&nbsp;&nbsp;&nbsp;HAL_RCC_GetPCLK2Freq
<LI><a href="#[7f]">&gt;&gt;</a>&nbsp;&nbsp;&nbsp;HAL_RCC_GetPCLK1Freq
</UL>

<P><STRONG><a name="[7f]"></a>HAL_RCC_GetPCLK1Freq</STRONG> (Thumb, 30 bytes, Stack size 4 bytes, stm32h7xx_hal_rcc.o(.text), UNUSED)
<BR><BR>[Calls]<UL><LI><a href="#[7e]">&gt;&gt;</a>&nbsp;&nbsp;&nbsp;HAL_RCC_GetHCLKFreq
</UL>
<BR>[Called By]<UL><LI><a href="#[87]">&gt;&gt;</a>&nbsp;&nbsp;&nbsp;HAL_RCCEx_GetPeriphCLKFreq
<LI><a href="#[11a]">&gt;&gt;</a>&nbsp;&nbsp;&nbsp;UART_SetConfig
</UL>

<P><STRONG><a name="[80]"></a>HAL_RCC_GetPCLK2Freq</STRONG> (Thumb, 32 bytes, Stack size 4 bytes, stm32h7xx_hal_rcc.o(.text), UNUSED)
<BR><BR>[Calls]<UL><LI><a href="#[7e]">&gt;&gt;</a>&nbsp;&nbsp;&nbsp;HAL_RCC_GetHCLKFreq
</UL>
<BR>[Called By]<UL><LI><a href="#[11a]">&gt;&gt;</a>&nbsp;&nbsp;&nbsp;UART_SetConfig
</UL>

<P><STRONG><a name="[81]"></a>HAL_RCC_GetOscConfig</STRONG> (Thumb, 356 bytes, Stack size 32 bytes, stm32h7xx_hal_rcc.o(.text), UNUSED)
<BR><BR>[Calls]<UL><LI><a href="#[7b]">&gt;&gt;</a>&nbsp;&nbsp;&nbsp;HAL_GetREVID
</UL>

<P><STRONG><a name="[1c0]"></a>HAL_RCC_GetClockConfig</STRONG> (Thumb, 86 bytes, Stack size 16 bytes, stm32h7xx_hal_rcc.o(.text), UNUSED)

<P><STRONG><a name="[83]"></a>HAL_RCC_CSSCallback</STRONG> (Thumb, 2 bytes, Stack size 0 bytes, stm32h7xx_hal_rcc.o(.text), UNUSED)
<BR><BR>[Called By]<UL><LI><a href="#[82]">&gt;&gt;</a>&nbsp;&nbsp;&nbsp;HAL_RCC_NMI_IRQHandler
</UL>

<P><STRONG><a name="[82]"></a>HAL_RCC_NMI_IRQHandler</STRONG> (Thumb, 28 bytes, Stack size 8 bytes, stm32h7xx_hal_rcc.o(.text), UNUSED)
<BR><BR>[Calls]<UL><LI><a href="#[83]">&gt;&gt;</a>&nbsp;&nbsp;&nbsp;HAL_RCC_CSSCallback
</UL>

<P><STRONG><a name="[44]"></a>HAL_RCCEx_PeriphCLKConfig</STRONG> (Thumb, 2464 bytes, Stack size 48 bytes, stm32h7xx_hal_rcc_ex.o(.text), UNUSED)
<BR><BR>[Calls]<UL><LI><a href="#[85]">&gt;&gt;</a>&nbsp;&nbsp;&nbsp;RCCEx_PLL2_Config
<LI><a href="#[84]">&gt;&gt;</a>&nbsp;&nbsp;&nbsp;RCCEx_PLL3_Config
<LI><a href="#[3d]">&gt;&gt;</a>&nbsp;&nbsp;&nbsp;HAL_GetTick
</UL>
<BR>[Called By]<UL><LI><a href="#[4d]">&gt;&gt;</a>&nbsp;&nbsp;&nbsp;HAL_UART_MspInit
<LI><a href="#[43]">&gt;&gt;</a>&nbsp;&nbsp;&nbsp;HAL_QSPI_MspInit
</UL>

<P><STRONG><a name="[1c1]"></a>HAL_RCCEx_GetPeriphCLKConfig</STRONG> (Thumb, 448 bytes, Stack size 16 bytes, stm32h7xx_hal_rcc_ex.o(.text), UNUSED)

<P><STRONG><a name="[89]"></a>HAL_RCCEx_GetPLL2ClockFreq</STRONG> (Thumb, 326 bytes, Stack size 12 bytes, stm32h7xx_hal_rcc_ex.o(.text), UNUSED)
<BR><BR>[Called By]<UL><LI><a href="#[87]">&gt;&gt;</a>&nbsp;&nbsp;&nbsp;HAL_RCCEx_GetPeriphCLKFreq
<LI><a href="#[11a]">&gt;&gt;</a>&nbsp;&nbsp;&nbsp;UART_SetConfig
</UL>

<P><STRONG><a name="[88]"></a>HAL_RCCEx_GetPLL1ClockFreq</STRONG> (Thumb, 298 bytes, Stack size 12 bytes, stm32h7xx_hal_rcc_ex.o(.text), UNUSED)
<BR><BR>[Called By]<UL><LI><a href="#[87]">&gt;&gt;</a>&nbsp;&nbsp;&nbsp;HAL_RCCEx_GetPeriphCLKFreq
</UL>

<P><STRONG><a name="[8a]"></a>HAL_RCCEx_GetPLL3ClockFreq</STRONG> (Thumb, 296 bytes, Stack size 12 bytes, stm32h7xx_hal_rcc_ex.o(.text), UNUSED)
<BR><BR>[Called By]<UL><LI><a href="#[87]">&gt;&gt;</a>&nbsp;&nbsp;&nbsp;HAL_RCCEx_GetPeriphCLKFreq
<LI><a href="#[11a]">&gt;&gt;</a>&nbsp;&nbsp;&nbsp;UART_SetConfig
</UL>

<P><STRONG><a name="[86]"></a>HAL_RCCEx_GetD3PCLK1Freq</STRONG> (Thumb, 30 bytes, Stack size 8 bytes, stm32h7xx_hal_rcc_ex.o(.text), UNUSED)
<BR><BR>[Calls]<UL><LI><a href="#[7e]">&gt;&gt;</a>&nbsp;&nbsp;&nbsp;HAL_RCC_GetHCLKFreq
</UL>
<BR>[Called By]<UL><LI><a href="#[87]">&gt;&gt;</a>&nbsp;&nbsp;&nbsp;HAL_RCCEx_GetPeriphCLKFreq
<LI><a href="#[11a]">&gt;&gt;</a>&nbsp;&nbsp;&nbsp;UART_SetConfig
</UL>

<P><STRONG><a name="[87]"></a>HAL_RCCEx_GetPeriphCLKFreq</STRONG> (Thumb, 734 bytes, Stack size 72 bytes, stm32h7xx_hal_rcc_ex.o(.text), UNUSED)
<BR><BR>[Calls]<UL><LI><a href="#[86]">&gt;&gt;</a>&nbsp;&nbsp;&nbsp;HAL_RCCEx_GetD3PCLK1Freq
<LI><a href="#[8a]">&gt;&gt;</a>&nbsp;&nbsp;&nbsp;HAL_RCCEx_GetPLL3ClockFreq
<LI><a href="#[88]">&gt;&gt;</a>&nbsp;&nbsp;&nbsp;HAL_RCCEx_GetPLL1ClockFreq
<LI><a href="#[89]">&gt;&gt;</a>&nbsp;&nbsp;&nbsp;HAL_RCCEx_GetPLL2ClockFreq
<LI><a href="#[7f]">&gt;&gt;</a>&nbsp;&nbsp;&nbsp;HAL_RCC_GetPCLK1Freq
</UL>

<P><STRONG><a name="[8b]"></a>HAL_RCCEx_GetD1PCLK1Freq</STRONG> (Thumb, 28 bytes, Stack size 8 bytes, stm32h7xx_hal_rcc_ex.o(.text), UNUSED)
<BR><BR>[Calls]<UL><LI><a href="#[7e]">&gt;&gt;</a>&nbsp;&nbsp;&nbsp;HAL_RCC_GetHCLKFreq
</UL>

<P><STRONG><a name="[8c]"></a>HAL_RCCEx_GetD1SysClockFreq</STRONG> (Thumb, 58 bytes, Stack size 8 bytes, stm32h7xx_hal_rcc_ex.o(.text), UNUSED)
<BR><BR>[Calls]<UL><LI><a href="#[7c]">&gt;&gt;</a>&nbsp;&nbsp;&nbsp;HAL_RCC_GetSysClockFreq
</UL>

<P><STRONG><a name="[1c2]"></a>HAL_RCCEx_EnableLSECSS</STRONG> (Thumb, 14 bytes, Stack size 0 bytes, stm32h7xx_hal_rcc_ex.o(.text), UNUSED)

<P><STRONG><a name="[1c3]"></a>HAL_RCCEx_DisableLSECSS</STRONG> (Thumb, 26 bytes, Stack size 0 bytes, stm32h7xx_hal_rcc_ex.o(.text), UNUSED)

<P><STRONG><a name="[1c4]"></a>HAL_RCCEx_EnableLSECSS_IT</STRONG> (Thumb, 50 bytes, Stack size 0 bytes, stm32h7xx_hal_rcc_ex.o(.text), UNUSED)

<P><STRONG><a name="[1c5]"></a>HAL_RCCEx_WakeUpStopCLKConfig</STRONG> (Thumb, 16 bytes, Stack size 0 bytes, stm32h7xx_hal_rcc_ex.o(.text), UNUSED)

<P><STRONG><a name="[1c6]"></a>HAL_RCCEx_KerWakeUpStopCLKConfig</STRONG> (Thumb, 16 bytes, Stack size 0 bytes, stm32h7xx_hal_rcc_ex.o(.text), UNUSED)

<P><STRONG><a name="[1c7]"></a>HAL_RCCEx_WWDGxSysResetConfig</STRONG> (Thumb, 12 bytes, Stack size 0 bytes, stm32h7xx_hal_rcc_ex.o(.text), UNUSED)

<P><STRONG><a name="[8d]"></a>HAL_RCCEx_CRSConfig</STRONG> (Thumb, 100 bytes, Stack size 16 bytes, stm32h7xx_hal_rcc_ex.o(.text), UNUSED)
<BR><BR>[Calls]<UL><LI><a href="#[7b]">&gt;&gt;</a>&nbsp;&nbsp;&nbsp;HAL_GetREVID
</UL>

<P><STRONG><a name="[1c8]"></a>HAL_RCCEx_CRSSoftwareSynchronizationGenerate</STRONG> (Thumb, 12 bytes, Stack size 0 bytes, stm32h7xx_hal_rcc_ex.o(.text), UNUSED)

<P><STRONG><a name="[1c9]"></a>HAL_RCCEx_CRSGetSynchronizationInfo</STRONG> (Thumb, 38 bytes, Stack size 0 bytes, stm32h7xx_hal_rcc_ex.o(.text), UNUSED)

<P><STRONG><a name="[8e]"></a>HAL_RCCEx_CRSWaitSynchronization</STRONG> (Thumb, 136 bytes, Stack size 32 bytes, stm32h7xx_hal_rcc_ex.o(.text), UNUSED)
<BR><BR>[Calls]<UL><LI><a href="#[3d]">&gt;&gt;</a>&nbsp;&nbsp;&nbsp;HAL_GetTick
</UL>

<P><STRONG><a name="[93]"></a>HAL_RCCEx_CRS_ErrorCallback</STRONG> (Thumb, 2 bytes, Stack size 0 bytes, stm32h7xx_hal_rcc_ex.o(.text), UNUSED)
<BR><BR>[Called By]<UL><LI><a href="#[8f]">&gt;&gt;</a>&nbsp;&nbsp;&nbsp;HAL_RCCEx_CRS_IRQHandler
</UL>

<P><STRONG><a name="[92]"></a>HAL_RCCEx_CRS_ExpectedSyncCallback</STRONG> (Thumb, 2 bytes, Stack size 0 bytes, stm32h7xx_hal_rcc_ex.o(.text), UNUSED)
<BR><BR>[Called By]<UL><LI><a href="#[8f]">&gt;&gt;</a>&nbsp;&nbsp;&nbsp;HAL_RCCEx_CRS_IRQHandler
</UL>

<P><STRONG><a name="[91]"></a>HAL_RCCEx_CRS_SyncWarnCallback</STRONG> (Thumb, 2 bytes, Stack size 0 bytes, stm32h7xx_hal_rcc_ex.o(.text), UNUSED)
<BR><BR>[Called By]<UL><LI><a href="#[8f]">&gt;&gt;</a>&nbsp;&nbsp;&nbsp;HAL_RCCEx_CRS_IRQHandler
</UL>

<P><STRONG><a name="[90]"></a>HAL_RCCEx_CRS_SyncOkCallback</STRONG> (Thumb, 2 bytes, Stack size 0 bytes, stm32h7xx_hal_rcc_ex.o(.text), UNUSED)
<BR><BR>[Called By]<UL><LI><a href="#[8f]">&gt;&gt;</a>&nbsp;&nbsp;&nbsp;HAL_RCCEx_CRS_IRQHandler
</UL>

<P><STRONG><a name="[8f]"></a>HAL_RCCEx_CRS_IRQHandler</STRONG> (Thumb, 110 bytes, Stack size 8 bytes, stm32h7xx_hal_rcc_ex.o(.text), UNUSED)
<BR><BR>[Calls]<UL><LI><a href="#[90]">&gt;&gt;</a>&nbsp;&nbsp;&nbsp;HAL_RCCEx_CRS_SyncOkCallback
<LI><a href="#[91]">&gt;&gt;</a>&nbsp;&nbsp;&nbsp;HAL_RCCEx_CRS_SyncWarnCallback
<LI><a href="#[92]">&gt;&gt;</a>&nbsp;&nbsp;&nbsp;HAL_RCCEx_CRS_ExpectedSyncCallback
<LI><a href="#[93]">&gt;&gt;</a>&nbsp;&nbsp;&nbsp;HAL_RCCEx_CRS_ErrorCallback
</UL>

<P><STRONG><a name="[95]"></a>HAL_RCCEx_LSECSS_Callback</STRONG> (Thumb, 2 bytes, Stack size 0 bytes, stm32h7xx_hal_rcc_ex.o(.text), UNUSED)
<BR><BR>[Called By]<UL><LI><a href="#[94]">&gt;&gt;</a>&nbsp;&nbsp;&nbsp;HAL_RCCEx_LSECSS_IRQHandler
</UL>

<P><STRONG><a name="[94]"></a>HAL_RCCEx_LSECSS_IRQHandler</STRONG> (Thumb, 28 bytes, Stack size 8 bytes, stm32h7xx_hal_rcc_ex.o(.text), UNUSED)
<BR><BR>[Calls]<UL><LI><a href="#[95]">&gt;&gt;</a>&nbsp;&nbsp;&nbsp;HAL_RCCEx_LSECSS_Callback
</UL>

<P><STRONG><a name="[96]"></a>FLASH_WaitForLastOperation</STRONG> (Thumb, 110 bytes, Stack size 32 bytes, stm32h7xx_hal_flash.o(.text), UNUSED)
<BR><BR>[Calls]<UL><LI><a href="#[3d]">&gt;&gt;</a>&nbsp;&nbsp;&nbsp;HAL_GetTick
</UL>
<BR>[Called By]<UL><LI><a href="#[97]">&gt;&gt;</a>&nbsp;&nbsp;&nbsp;HAL_FLASH_Program
<LI><a href="#[a3]">&gt;&gt;</a>&nbsp;&nbsp;&nbsp;HAL_FLASHEx_OBProgram
<LI><a href="#[a2]">&gt;&gt;</a>&nbsp;&nbsp;&nbsp;HAL_FLASHEx_Erase_IT
<LI><a href="#[a0]">&gt;&gt;</a>&nbsp;&nbsp;&nbsp;HAL_FLASHEx_Erase
<LI><a href="#[98]">&gt;&gt;</a>&nbsp;&nbsp;&nbsp;HAL_FLASH_Program_IT
</UL>

<P><STRONG><a name="[97]"></a>HAL_FLASH_Program</STRONG> (Thumb, 140 bytes, Stack size 32 bytes, stm32h7xx_hal_flash.o(.text), UNUSED)
<BR><BR>[Calls]<UL><LI><a href="#[96]">&gt;&gt;</a>&nbsp;&nbsp;&nbsp;FLASH_WaitForLastOperation
</UL>

<P><STRONG><a name="[98]"></a>HAL_FLASH_Program_IT</STRONG> (Thumb, 122 bytes, Stack size 24 bytes, stm32h7xx_hal_flash.o(.text), UNUSED)
<BR><BR>[Calls]<UL><LI><a href="#[96]">&gt;&gt;</a>&nbsp;&nbsp;&nbsp;FLASH_WaitForLastOperation
</UL>

<P><STRONG><a name="[9a]"></a>HAL_FLASH_OperationErrorCallback</STRONG> (Thumb, 2 bytes, Stack size 0 bytes, stm32h7xx_hal_flash.o(.text), UNUSED)
<BR><BR>[Called By]<UL><LI><a href="#[99]">&gt;&gt;</a>&nbsp;&nbsp;&nbsp;HAL_FLASH_IRQHandler
</UL>

<P><STRONG><a name="[9b]"></a>HAL_FLASH_EndOfOperationCallback</STRONG> (Thumb, 2 bytes, Stack size 0 bytes, stm32h7xx_hal_flash.o(.text), UNUSED)
<BR><BR>[Called By]<UL><LI><a href="#[99]">&gt;&gt;</a>&nbsp;&nbsp;&nbsp;HAL_FLASH_IRQHandler
</UL>

<P><STRONG><a name="[99]"></a>HAL_FLASH_IRQHandler</STRONG> (Thumb, 194 bytes, Stack size 24 bytes, stm32h7xx_hal_flash.o(.text), UNUSED)
<BR><BR>[Calls]<UL><LI><a href="#[9b]">&gt;&gt;</a>&nbsp;&nbsp;&nbsp;HAL_FLASH_EndOfOperationCallback
<LI><a href="#[9a]">&gt;&gt;</a>&nbsp;&nbsp;&nbsp;HAL_FLASH_OperationErrorCallback
<LI><a href="#[9c]">&gt;&gt;</a>&nbsp;&nbsp;&nbsp;FLASH_Erase_Sector
</UL>

<P><STRONG><a name="[1ca]"></a>HAL_FLASH_Unlock</STRONG> (Thumb, 30 bytes, Stack size 0 bytes, stm32h7xx_hal_flash.o(.text), UNUSED)

<P><STRONG><a name="[1cb]"></a>HAL_FLASH_Lock</STRONG> (Thumb, 24 bytes, Stack size 0 bytes, stm32h7xx_hal_flash.o(.text), UNUSED)

<P><STRONG><a name="[1cc]"></a>HAL_FLASH_OB_Unlock</STRONG> (Thumb, 30 bytes, Stack size 0 bytes, stm32h7xx_hal_flash.o(.text), UNUSED)

<P><STRONG><a name="[1cd]"></a>HAL_FLASH_OB_Lock</STRONG> (Thumb, 24 bytes, Stack size 0 bytes, stm32h7xx_hal_flash.o(.text), UNUSED)

<P><STRONG><a name="[9d]"></a>FLASH_OB_WaitForLastOperation</STRONG> (Thumb, 74 bytes, Stack size 16 bytes, stm32h7xx_hal_flash.o(.text), UNUSED)
<BR><BR>[Calls]<UL><LI><a href="#[3d]">&gt;&gt;</a>&nbsp;&nbsp;&nbsp;HAL_GetTick
</UL>
<BR>[Called By]<UL><LI><a href="#[a5]">&gt;&gt;</a>&nbsp;&nbsp;&nbsp;HAL_FLASHEx_ComputeCRC
<LI><a href="#[9f]">&gt;&gt;</a>&nbsp;&nbsp;&nbsp;HAL_FLASH_OB_Launch
</UL>

<P><STRONG><a name="[9e]"></a>FLASH_CRC_WaitForLastOperation</STRONG> (Thumb, 98 bytes, Stack size 24 bytes, stm32h7xx_hal_flash.o(.text), UNUSED)
<BR><BR>[Calls]<UL><LI><a href="#[3d]">&gt;&gt;</a>&nbsp;&nbsp;&nbsp;HAL_GetTick
</UL>
<BR>[Called By]<UL><LI><a href="#[a5]">&gt;&gt;</a>&nbsp;&nbsp;&nbsp;HAL_FLASHEx_ComputeCRC
<LI><a href="#[9f]">&gt;&gt;</a>&nbsp;&nbsp;&nbsp;HAL_FLASH_OB_Launch
</UL>

<P><STRONG><a name="[9f]"></a>HAL_FLASH_OB_Launch</STRONG> (Thumb, 38 bytes, Stack size 8 bytes, stm32h7xx_hal_flash.o(.text), UNUSED)
<BR><BR>[Calls]<UL><LI><a href="#[9e]">&gt;&gt;</a>&nbsp;&nbsp;&nbsp;FLASH_CRC_WaitForLastOperation
<LI><a href="#[9d]">&gt;&gt;</a>&nbsp;&nbsp;&nbsp;FLASH_OB_WaitForLastOperation
</UL>

<P><STRONG><a name="[1ce]"></a>HAL_FLASH_GetError</STRONG> (Thumb, 8 bytes, Stack size 0 bytes, stm32h7xx_hal_flash.o(.text), UNUSED)

<P><STRONG><a name="[9c]"></a>FLASH_Erase_Sector</STRONG> (Thumb, 32 bytes, Stack size 8 bytes, stm32h7xx_hal_flash_ex.o(.text), UNUSED)
<BR><BR>[Called By]<UL><LI><a href="#[a2]">&gt;&gt;</a>&nbsp;&nbsp;&nbsp;HAL_FLASHEx_Erase_IT
<LI><a href="#[a0]">&gt;&gt;</a>&nbsp;&nbsp;&nbsp;HAL_FLASHEx_Erase
<LI><a href="#[99]">&gt;&gt;</a>&nbsp;&nbsp;&nbsp;HAL_FLASH_IRQHandler
</UL>

<P><STRONG><a name="[a0]"></a>HAL_FLASHEx_Erase</STRONG> (Thumb, 188 bytes, Stack size 32 bytes, stm32h7xx_hal_flash_ex.o(.text), UNUSED)
<BR><BR>[Calls]<UL><LI><a href="#[96]">&gt;&gt;</a>&nbsp;&nbsp;&nbsp;FLASH_WaitForLastOperation
<LI><a href="#[a1]">&gt;&gt;</a>&nbsp;&nbsp;&nbsp;FLASH_MassErase
<LI><a href="#[9c]">&gt;&gt;</a>&nbsp;&nbsp;&nbsp;FLASH_Erase_Sector
</UL>

<P><STRONG><a name="[a2]"></a>HAL_FLASHEx_Erase_IT</STRONG> (Thumb, 136 bytes, Stack size 24 bytes, stm32h7xx_hal_flash_ex.o(.text), UNUSED)
<BR><BR>[Calls]<UL><LI><a href="#[96]">&gt;&gt;</a>&nbsp;&nbsp;&nbsp;FLASH_WaitForLastOperation
<LI><a href="#[a1]">&gt;&gt;</a>&nbsp;&nbsp;&nbsp;FLASH_MassErase
<LI><a href="#[9c]">&gt;&gt;</a>&nbsp;&nbsp;&nbsp;FLASH_Erase_Sector
</UL>

<P><STRONG><a name="[a3]"></a>HAL_FLASHEx_OBProgram</STRONG> (Thumb, 262 bytes, Stack size 24 bytes, stm32h7xx_hal_flash_ex.o(.text), UNUSED)
<BR><BR>[Calls]<UL><LI><a href="#[96]">&gt;&gt;</a>&nbsp;&nbsp;&nbsp;FLASH_WaitForLastOperation
<LI><a href="#[a4]">&gt;&gt;</a>&nbsp;&nbsp;&nbsp;FLASH_OB_UserConfig
</UL>

<P><STRONG><a name="[1cf]"></a>HAL_FLASHEx_OBGetConfig</STRONG> (Thumb, 158 bytes, Stack size 12 bytes, stm32h7xx_hal_flash_ex.o(.text), UNUSED)

<P><STRONG><a name="[1d0]"></a>HAL_FLASHEx_Unlock_Bank1</STRONG> (Thumb, 30 bytes, Stack size 0 bytes, stm32h7xx_hal_flash_ex.o(.text), UNUSED)

<P><STRONG><a name="[1d1]"></a>HAL_FLASHEx_Lock_Bank1</STRONG> (Thumb, 14 bytes, Stack size 0 bytes, stm32h7xx_hal_flash_ex.o(.text), UNUSED)

<P><STRONG><a name="[a5]"></a>HAL_FLASHEx_ComputeCRC</STRONG> (Thumb, 196 bytes, Stack size 24 bytes, stm32h7xx_hal_flash_ex.o(.text), UNUSED)
<BR><BR>[Calls]<UL><LI><a href="#[9e]">&gt;&gt;</a>&nbsp;&nbsp;&nbsp;FLASH_CRC_WaitForLastOperation
<LI><a href="#[9d]">&gt;&gt;</a>&nbsp;&nbsp;&nbsp;FLASH_OB_WaitForLastOperation
</UL>

<P><STRONG><a name="[45]"></a>HAL_GPIO_Init</STRONG> (Thumb, 514 bytes, Stack size 36 bytes, stm32h7xx_hal_gpio.o(.text), UNUSED)
<BR><BR>[Called By]<UL><LI><a href="#[7d]">&gt;&gt;</a>&nbsp;&nbsp;&nbsp;HAL_RCC_MCOConfig
<LI><a href="#[4d]">&gt;&gt;</a>&nbsp;&nbsp;&nbsp;HAL_UART_MspInit
<LI><a href="#[43]">&gt;&gt;</a>&nbsp;&nbsp;&nbsp;HAL_QSPI_MspInit
</UL>

<P><STRONG><a name="[47]"></a>HAL_GPIO_DeInit</STRONG> (Thumb, 322 bytes, Stack size 36 bytes, stm32h7xx_hal_gpio.o(.text), UNUSED)
<BR><BR>[Called By]<UL><LI><a href="#[4e]">&gt;&gt;</a>&nbsp;&nbsp;&nbsp;HAL_UART_MspDeInit
<LI><a href="#[46]">&gt;&gt;</a>&nbsp;&nbsp;&nbsp;HAL_QSPI_MspDeInit
</UL>

<P><STRONG><a name="[1d2]"></a>HAL_GPIO_ReadPin</STRONG> (Thumb, 10 bytes, Stack size 0 bytes, stm32h7xx_hal_gpio.o(.text), UNUSED)

<P><STRONG><a name="[1d3]"></a>HAL_GPIO_WritePin</STRONG> (Thumb, 10 bytes, Stack size 0 bytes, stm32h7xx_hal_gpio.o(.text), UNUSED)

<P><STRONG><a name="[1d4]"></a>HAL_GPIO_TogglePin</STRONG> (Thumb, 16 bytes, Stack size 0 bytes, stm32h7xx_hal_gpio.o(.text), UNUSED)

<P><STRONG><a name="[1d5]"></a>HAL_GPIO_LockPin</STRONG> (Thumb, 34 bytes, Stack size 8 bytes, stm32h7xx_hal_gpio.o(.text), UNUSED)

<P><STRONG><a name="[a7]"></a>HAL_GPIO_EXTI_Callback</STRONG> (Thumb, 2 bytes, Stack size 0 bytes, stm32h7xx_hal_gpio.o(.text), UNUSED)
<BR><BR>[Called By]<UL><LI><a href="#[a6]">&gt;&gt;</a>&nbsp;&nbsp;&nbsp;HAL_GPIO_EXTI_IRQHandler
</UL>

<P><STRONG><a name="[a6]"></a>HAL_GPIO_EXTI_IRQHandler</STRONG> (Thumb, 24 bytes, Stack size 8 bytes, stm32h7xx_hal_gpio.o(.text), UNUSED)
<BR><BR>[Calls]<UL><LI><a href="#[a7]">&gt;&gt;</a>&nbsp;&nbsp;&nbsp;HAL_GPIO_EXTI_Callback
</UL>

<P><STRONG><a name="[1d6]"></a>HAL_HSEM_Take</STRONG> (Thumb, 30 bytes, Stack size 0 bytes, stm32h7xx_hal_hsem.o(.text), UNUSED)

<P><STRONG><a name="[1d7]"></a>HAL_HSEM_FastTake</STRONG> (Thumb, 24 bytes, Stack size 0 bytes, stm32h7xx_hal_hsem.o(.text), UNUSED)

<P><STRONG><a name="[1d8]"></a>HAL_HSEM_IsSemTaken</STRONG> (Thumb, 14 bytes, Stack size 0 bytes, stm32h7xx_hal_hsem.o(.text), UNUSED)

<P><STRONG><a name="[1d9]"></a>HAL_HSEM_Release</STRONG> (Thumb, 16 bytes, Stack size 0 bytes, stm32h7xx_hal_hsem.o(.text), UNUSED)

<P><STRONG><a name="[1da]"></a>HAL_HSEM_ReleaseAll</STRONG> (Thumb, 12 bytes, Stack size 0 bytes, stm32h7xx_hal_hsem.o(.text), UNUSED)

<P><STRONG><a name="[1db]"></a>HAL_HSEM_SetClearKey</STRONG> (Thumb, 14 bytes, Stack size 0 bytes, stm32h7xx_hal_hsem.o(.text), UNUSED)

<P><STRONG><a name="[1dc]"></a>HAL_HSEM_GetClearKey</STRONG> (Thumb, 10 bytes, Stack size 0 bytes, stm32h7xx_hal_hsem.o(.text), UNUSED)

<P><STRONG><a name="[1dd]"></a>HAL_HSEM_ActivateNotification</STRONG> (Thumb, 12 bytes, Stack size 0 bytes, stm32h7xx_hal_hsem.o(.text), UNUSED)

<P><STRONG><a name="[1de]"></a>HAL_HSEM_DeactivateNotification</STRONG> (Thumb, 12 bytes, Stack size 0 bytes, stm32h7xx_hal_hsem.o(.text), UNUSED)

<P><STRONG><a name="[a9]"></a>HAL_HSEM_FreeCallback</STRONG> (Thumb, 2 bytes, Stack size 0 bytes, stm32h7xx_hal_hsem.o(.text), UNUSED)
<BR><BR>[Called By]<UL><LI><a href="#[a8]">&gt;&gt;</a>&nbsp;&nbsp;&nbsp;HAL_HSEM_IRQHandler
</UL>

<P><STRONG><a name="[a8]"></a>HAL_HSEM_IRQHandler</STRONG> (Thumb, 28 bytes, Stack size 8 bytes, stm32h7xx_hal_hsem.o(.text), UNUSED)
<BR><BR>[Calls]<UL><LI><a href="#[a9]">&gt;&gt;</a>&nbsp;&nbsp;&nbsp;HAL_HSEM_FreeCallback
</UL>

<P><STRONG><a name="[aa]"></a>HAL_DMA_Init</STRONG> (Thumb, 982 bytes, Stack size 32 bytes, stm32h7xx_hal_dma.o(.text), UNUSED)
<BR><BR>[Calls]<UL><LI><a href="#[3d]">&gt;&gt;</a>&nbsp;&nbsp;&nbsp;HAL_GetTick
<LI><a href="#[ab]">&gt;&gt;</a>&nbsp;&nbsp;&nbsp;DMA_CheckFifoParam
<LI><a href="#[ac]">&gt;&gt;</a>&nbsp;&nbsp;&nbsp;DMA_CalcBaseAndBitshift
<LI><a href="#[ad]">&gt;&gt;</a>&nbsp;&nbsp;&nbsp;DMA_CalcDMAMUXChannelBaseAndMask
<LI><a href="#[ae]">&gt;&gt;</a>&nbsp;&nbsp;&nbsp;DMA_CalcDMAMUXRequestGenBaseAndMask
</UL>

<P><STRONG><a name="[af]"></a>HAL_DMA_DeInit</STRONG> (Thumb, 448 bytes, Stack size 32 bytes, stm32h7xx_hal_dma.o(.text), UNUSED)
<BR><BR>[Calls]<UL><LI><a href="#[ac]">&gt;&gt;</a>&nbsp;&nbsp;&nbsp;DMA_CalcBaseAndBitshift
<LI><a href="#[ad]">&gt;&gt;</a>&nbsp;&nbsp;&nbsp;DMA_CalcDMAMUXChannelBaseAndMask
<LI><a href="#[ae]">&gt;&gt;</a>&nbsp;&nbsp;&nbsp;DMA_CalcDMAMUXRequestGenBaseAndMask
</UL>

<P><STRONG><a name="[b0]"></a>HAL_DMA_Start</STRONG> (Thumb, 340 bytes, Stack size 32 bytes, stm32h7xx_hal_dma.o(.text), UNUSED)
<BR><BR>[Calls]<UL><LI><a href="#[b1]">&gt;&gt;</a>&nbsp;&nbsp;&nbsp;DMA_SetConfig
</UL>

<P><STRONG><a name="[b2]"></a>HAL_DMA_Start_IT</STRONG> (Thumb, 672 bytes, Stack size 40 bytes, stm32h7xx_hal_dma.o(.text))
<BR><BR>[Stack]<UL><LI>Max Depth = 72<LI>Call Chain = HAL_DMA_Start_IT &rArr; DMA_SetConfig
</UL>
<BR>[Calls]<UL><LI><a href="#[b1]">&gt;&gt;</a>&nbsp;&nbsp;&nbsp;DMA_SetConfig
</UL>
<BR>[Called By]<UL><LI><a href="#[12c]">&gt;&gt;</a>&nbsp;&nbsp;&nbsp;UART_Start_Receive_DMA
<LI><a href="#[12a]">&gt;&gt;</a>&nbsp;&nbsp;&nbsp;HAL_UART_Transmit_DMA
<LI><a href="#[112]">&gt;&gt;</a>&nbsp;&nbsp;&nbsp;HAL_I2C_Slave_Seq_Receive_DMA
<LI><a href="#[110]">&gt;&gt;</a>&nbsp;&nbsp;&nbsp;HAL_I2C_Slave_Seq_Transmit_DMA
<LI><a href="#[10e]">&gt;&gt;</a>&nbsp;&nbsp;&nbsp;HAL_I2C_Master_Seq_Receive_DMA
<LI><a href="#[10c]">&gt;&gt;</a>&nbsp;&nbsp;&nbsp;HAL_I2C_Master_Seq_Transmit_DMA
<LI><a href="#[108]">&gt;&gt;</a>&nbsp;&nbsp;&nbsp;HAL_I2C_Mem_Read_DMA
<LI><a href="#[107]">&gt;&gt;</a>&nbsp;&nbsp;&nbsp;HAL_I2C_Mem_Write_DMA
<LI><a href="#[100]">&gt;&gt;</a>&nbsp;&nbsp;&nbsp;HAL_I2C_Slave_Receive_DMA
<LI><a href="#[ff]">&gt;&gt;</a>&nbsp;&nbsp;&nbsp;HAL_I2C_Slave_Transmit_DMA
<LI><a href="#[fe]">&gt;&gt;</a>&nbsp;&nbsp;&nbsp;HAL_I2C_Master_Receive_DMA
<LI><a href="#[fd]">&gt;&gt;</a>&nbsp;&nbsp;&nbsp;HAL_I2C_Master_Transmit_DMA
<LI><a href="#[c]">&gt;&gt;</a>&nbsp;&nbsp;&nbsp;I2C_DMAMasterReceiveCplt
<LI><a href="#[a]">&gt;&gt;</a>&nbsp;&nbsp;&nbsp;I2C_DMAMasterTransmitCplt
</UL>

<P><STRONG><a name="[b3]"></a>HAL_DMA_Abort</STRONG> (Thumb, 872 bytes, Stack size 40 bytes, stm32h7xx_hal_dma.o(.text), UNUSED)
<BR><BR>[Calls]<UL><LI><a href="#[3d]">&gt;&gt;</a>&nbsp;&nbsp;&nbsp;HAL_GetTick
</UL>
<BR>[Called By]<UL><LI><a href="#[138]">&gt;&gt;</a>&nbsp;&nbsp;&nbsp;HAL_UART_IRQHandler
<LI><a href="#[131]">&gt;&gt;</a>&nbsp;&nbsp;&nbsp;HAL_UART_AbortReceive
<LI><a href="#[130]">&gt;&gt;</a>&nbsp;&nbsp;&nbsp;HAL_UART_AbortTransmit
<LI><a href="#[12f]">&gt;&gt;</a>&nbsp;&nbsp;&nbsp;HAL_UART_Abort
<LI><a href="#[12e]">&gt;&gt;</a>&nbsp;&nbsp;&nbsp;HAL_UART_DMAStop
<LI><a href="#[b4]">&gt;&gt;</a>&nbsp;&nbsp;&nbsp;HAL_DMA_PollForTransfer
</UL>

<P><STRONG><a name="[f0]"></a>HAL_DMA_Abort_IT</STRONG> (Thumb, 620 bytes, Stack size 32 bytes, stm32h7xx_hal_dma.o(.text))
<BR><BR>[Stack]<UL><LI>Max Depth = 32<LI>Call Chain = HAL_DMA_Abort_IT
</UL>
<BR>[Called By]<UL><LI><a href="#[138]">&gt;&gt;</a>&nbsp;&nbsp;&nbsp;HAL_UART_IRQHandler
<LI><a href="#[137]">&gt;&gt;</a>&nbsp;&nbsp;&nbsp;HAL_UART_AbortReceive_IT
<LI><a href="#[135]">&gt;&gt;</a>&nbsp;&nbsp;&nbsp;HAL_UART_AbortTransmit_IT
<LI><a href="#[133]">&gt;&gt;</a>&nbsp;&nbsp;&nbsp;HAL_UART_Abort_IT
<LI><a href="#[112]">&gt;&gt;</a>&nbsp;&nbsp;&nbsp;HAL_I2C_Slave_Seq_Receive_DMA
<LI><a href="#[111]">&gt;&gt;</a>&nbsp;&nbsp;&nbsp;HAL_I2C_Slave_Seq_Receive_IT
<LI><a href="#[110]">&gt;&gt;</a>&nbsp;&nbsp;&nbsp;HAL_I2C_Slave_Seq_Transmit_DMA
<LI><a href="#[10f]">&gt;&gt;</a>&nbsp;&nbsp;&nbsp;HAL_I2C_Slave_Seq_Transmit_IT
<LI><a href="#[ee]">&gt;&gt;</a>&nbsp;&nbsp;&nbsp;I2C_ITError
</UL>

<P><STRONG><a name="[b4]"></a>HAL_DMA_PollForTransfer</STRONG> (Thumb, 1130 bytes, Stack size 56 bytes, stm32h7xx_hal_dma.o(.text), UNUSED)
<BR><BR>[Calls]<UL><LI><a href="#[3d]">&gt;&gt;</a>&nbsp;&nbsp;&nbsp;HAL_GetTick
<LI><a href="#[b3]">&gt;&gt;</a>&nbsp;&nbsp;&nbsp;HAL_DMA_Abort
</UL>

<P><STRONG><a name="[1df]"></a>HAL_DMA_IRQHandler</STRONG> (Thumb, 1798 bytes, Stack size 40 bytes, stm32h7xx_hal_dma.o(.text), UNUSED)

<P><STRONG><a name="[1e0]"></a>HAL_DMA_RegisterCallback</STRONG> (Thumb, 90 bytes, Stack size 12 bytes, stm32h7xx_hal_dma.o(.text), UNUSED)

<P><STRONG><a name="[1e1]"></a>HAL_DMA_UnRegisterCallback</STRONG> (Thumb, 104 bytes, Stack size 12 bytes, stm32h7xx_hal_dma.o(.text), UNUSED)

<P><STRONG><a name="[ef]"></a>HAL_DMA_GetState</STRONG> (Thumb, 6 bytes, Stack size 0 bytes, stm32h7xx_hal_dma.o(.text))
<BR><BR>[Called By]<UL><LI><a href="#[ee]">&gt;&gt;</a>&nbsp;&nbsp;&nbsp;I2C_ITError
</UL>

<P><STRONG><a name="[fc]"></a>HAL_DMA_GetError</STRONG> (Thumb, 4 bytes, Stack size 0 bytes, stm32h7xx_hal_dma.o(.text))
<BR><BR>[Called By]<UL><LI><a href="#[131]">&gt;&gt;</a>&nbsp;&nbsp;&nbsp;HAL_UART_AbortReceive
<LI><a href="#[130]">&gt;&gt;</a>&nbsp;&nbsp;&nbsp;HAL_UART_AbortTransmit
<LI><a href="#[12f]">&gt;&gt;</a>&nbsp;&nbsp;&nbsp;HAL_UART_Abort
<LI><a href="#[12e]">&gt;&gt;</a>&nbsp;&nbsp;&nbsp;HAL_UART_DMAStop
<LI><a href="#[b]">&gt;&gt;</a>&nbsp;&nbsp;&nbsp;I2C_DMAError
</UL>

<P><STRONG><a name="[b5]"></a>HAL_DMAEx_MultiBufferStart</STRONG> (Thumb, 620 bytes, Stack size 48 bytes, stm32h7xx_hal_dma_ex.o(.text), UNUSED)
<BR><BR>[Calls]<UL><LI><a href="#[b6]">&gt;&gt;</a>&nbsp;&nbsp;&nbsp;DMA_MultiBufferSetConfig
</UL>

<P><STRONG><a name="[b7]"></a>HAL_DMAEx_MultiBufferStart_IT</STRONG> (Thumb, 1158 bytes, Stack size 56 bytes, stm32h7xx_hal_dma_ex.o(.text), UNUSED)
<BR><BR>[Calls]<UL><LI><a href="#[b6]">&gt;&gt;</a>&nbsp;&nbsp;&nbsp;DMA_MultiBufferSetConfig
</UL>

<P><STRONG><a name="[1e2]"></a>HAL_DMAEx_ChangeMemory</STRONG> (Thumb, 134 bytes, Stack size 0 bytes, stm32h7xx_hal_dma_ex.o(.text), UNUSED)

<P><STRONG><a name="[1e3]"></a>HAL_DMAEx_ConfigMuxSync</STRONG> (Thumb, 214 bytes, Stack size 20 bytes, stm32h7xx_hal_dma_ex.o(.text), UNUSED)

<P><STRONG><a name="[1e4]"></a>HAL_DMAEx_ConfigMuxRequestGenerator</STRONG> (Thumb, 162 bytes, Stack size 16 bytes, stm32h7xx_hal_dma_ex.o(.text), UNUSED)

<P><STRONG><a name="[1e5]"></a>HAL_DMAEx_EnableMuxRequestGenerator</STRONG> (Thumb, 26 bytes, Stack size 0 bytes, stm32h7xx_hal_dma_ex.o(.text), UNUSED)

<P><STRONG><a name="[1e6]"></a>HAL_DMAEx_DisableMuxRequestGenerator</STRONG> (Thumb, 26 bytes, Stack size 0 bytes, stm32h7xx_hal_dma_ex.o(.text), UNUSED)

<P><STRONG><a name="[1e7]"></a>HAL_DMAEx_MUX_IRQHandler</STRONG> (Thumb, 100 bytes, Stack size 8 bytes, stm32h7xx_hal_dma_ex.o(.text), UNUSED)

<P><STRONG><a name="[b8]"></a>HAL_MDMA_Init</STRONG> (Thumb, 96 bytes, Stack size 16 bytes, stm32h7xx_hal_mdma.o(.text), UNUSED)
<BR><BR>[Calls]<UL><LI><a href="#[3d]">&gt;&gt;</a>&nbsp;&nbsp;&nbsp;HAL_GetTick
<LI><a href="#[b9]">&gt;&gt;</a>&nbsp;&nbsp;&nbsp;MDMA_Init
</UL>

<P><STRONG><a name="[1e8]"></a>HAL_MDMA_DeInit</STRONG> (Thumb, 86 bytes, Stack size 8 bytes, stm32h7xx_hal_mdma.o(.text), UNUSED)

<P><STRONG><a name="[1e9]"></a>HAL_MDMA_ConfigPostRequestMask</STRONG> (Thumb, 88 bytes, Stack size 12 bytes, stm32h7xx_hal_mdma.o(.text), UNUSED)

<P><STRONG><a name="[1ea]"></a>HAL_MDMA_RegisterCallback</STRONG> (Thumb, 88 bytes, Stack size 12 bytes, stm32h7xx_hal_mdma.o(.text), UNUSED)

<P><STRONG><a name="[1eb]"></a>HAL_MDMA_UnRegisterCallback</STRONG> (Thumb, 104 bytes, Stack size 12 bytes, stm32h7xx_hal_mdma.o(.text), UNUSED)

<P><STRONG><a name="[1ec]"></a>HAL_MDMA_LinkedList_CreateNode</STRONG> (Thumb, 262 bytes, Stack size 20 bytes, stm32h7xx_hal_mdma.o(.text), UNUSED)

<P><STRONG><a name="[1ed]"></a>HAL_MDMA_LinkedList_AddNode</STRONG> (Thumb, 216 bytes, Stack size 32 bytes, stm32h7xx_hal_mdma.o(.text), UNUSED)

<P><STRONG><a name="[1ee]"></a>HAL_MDMA_LinkedList_RemoveNode</STRONG> (Thumb, 188 bytes, Stack size 20 bytes, stm32h7xx_hal_mdma.o(.text), UNUSED)

[...]
</UL>
<BR>[Calls]<UL><LI><a href="#[f3]">&gt;&gt;</a>&nbsp;&nbsp;&nbsp;HAL_I2C_MasterTxCpltCallback
<LI><a href="#[f2]">&gt;&gt;</a>&nbsp;&nbsp;&nbsp;HAL_I2C_MasterRxCpltCallback
<LI><a href="#[e3]">&gt;&gt;</a>&nbsp;&nbsp;&nbsp;I2C_Disable_IRQ
</UL>
<BR>[Called By]<UL><LI><a href="#[9]">&gt;&gt;</a>&nbsp;&nbsp;&nbsp;I2C_Master_ISR_IT
<LI><a href="#[7]">&gt;&gt;</a>&nbsp;&nbsp;&nbsp;I2C_Master_ISR_DMA
</UL>

<P><STRONG><a name="[7]"></a>I2C_Master_ISR_DMA</STRONG> (Thumb, 292 bytes, Stack size 24 bytes, stm32h7xx_hal_i2c.o(.text))
<BR><BR>[Stack]<UL><LI>Max Depth = 96<LI>Call Chain = I2C_Master_ISR_DMA &rArr; I2C_ITMasterCplt &rArr; I2C_ITError &rArr; HAL_DMA_Abort_IT
</UL>
<BR>[Calls]<UL><LI><a href="#[dd]">&gt;&gt;</a>&nbsp;&nbsp;&nbsp;I2C_TransferConfig
<LI><a href="#[f7]">&gt;&gt;</a>&nbsp;&nbsp;&nbsp;I2C_Enable_IRQ
<LI><a href="#[f6]">&gt;&gt;</a>&nbsp;&nbsp;&nbsp;I2C_ITMasterSeqCplt
<LI><a href="#[f1]">&gt;&gt;</a>&nbsp;&nbsp;&nbsp;I2C_ITMasterCplt
<LI><a href="#[ee]">&gt;&gt;</a>&nbsp;&nbsp;&nbsp;I2C_ITError
<LI><a href="#[d8]">&gt;&gt;</a>&nbsp;&nbsp;&nbsp;I2C_Flush_TXDR
</UL>
<BR>[Address Reference Count : 1]<UL><LI> stm32h7xx_hal_i2c.o(.text)
</UL>
<P><STRONG><a name="[f7]"></a>I2C_Enable_IRQ</STRONG> (Thumb, 106 bytes, Stack size 8 bytes, stm32h7xx_hal_i2c.o(.text))
<BR><BR>[Stack]<UL><LI>Max Depth = 8<LI>Call Chain = I2C_Enable_IRQ
</UL>
<BR>[Called By]<UL><LI><a href="#[115]">&gt;&gt;</a>&nbsp;&nbsp;&nbsp;HAL_I2C_Master_Abort_IT
<LI><a href="#[113]">&gt;&gt;</a>&nbsp;&nbsp;&nbsp;HAL_I2C_EnableListen_IT
<LI><a href="#[112]">&gt;&gt;</a>&nbsp;&nbsp;&nbsp;HAL_I2C_Slave_Seq_Receive_DMA
<LI><a href="#[111]">&gt;&gt;</a>&nbsp;&nbsp;&nbsp;HAL_I2C_Slave_Seq_Receive_IT
<LI><a href="#[110]">&gt;&gt;</a>&nbsp;&nbsp;&nbsp;HAL_I2C_Slave_Seq_Transmit_DMA
<LI><a href="#[10f]">&gt;&gt;</a>&nbsp;&nbsp;&nbsp;HAL_I2C_Slave_Seq_Transmit_IT
<LI><a href="#[10e]">&gt;&gt;</a>&nbsp;&nbsp;&nbsp;HAL_I2C_Master_Seq_Receive_DMA
<LI><a href="#[10d]">&gt;&gt;</a>&nbsp;&nbsp;&nbsp;HAL_I2C_Master_Seq_Receive_IT
<LI><a href="#[10c]">&gt;&gt;</a>&nbsp;&nbsp;&nbsp;HAL_I2C_Master_Seq_Transmit_DMA
<LI><a href="#[10a]">&gt;&gt;</a>&nbsp;&nbsp;&nbsp;HAL_I2C_Master_Seq_Transmit_IT
<LI><a href="#[108]">&gt;&gt;</a>&nbsp;&nbsp;&nbsp;HAL_I2C_Mem_Read_DMA
<LI><a href="#[107]">&gt;&gt;</a>&nbsp;&nbsp;&nbsp;HAL_I2C_Mem_Write_DMA
<LI><a href="#[106]">&gt;&gt;</a>&nbsp;&nbsp;&nbsp;HAL_I2C_Mem_Read_IT
<LI><a href="#[105]">&gt;&gt;</a>&nbsp;&nbsp;&nbsp;HAL_I2C_Mem_Write_IT
<LI><a href="#[100]">&gt;&gt;</a>&nbsp;&nbsp;&nbsp;HAL_I2C_Slave_Receive_DMA
<LI><a href="#[ff]">&gt;&gt;</a>&nbsp;&nbsp;&nbsp;HAL_I2C_Slave_Transmit_DMA
<LI><a href="#[fe]">&gt;&gt;</a>&nbsp;&nbsp;&nbsp;HAL_I2C_Master_Receive_DMA
<LI><a href="#[fd]">&gt;&gt;</a>&nbsp;&nbsp;&nbsp;HAL_I2C_Master_Transmit_DMA
<LI><a href="#[fb]">&gt;&gt;</a>&nbsp;&nbsp;&nbsp;HAL_I2C_Slave_Receive_IT
<LI><a href="#[fa]">&gt;&gt;</a>&nbsp;&nbsp;&nbsp;HAL_I2C_Slave_Transmit_IT
<LI><a href="#[f9]">&gt;&gt;</a>&nbsp;&nbsp;&nbsp;HAL_I2C_Master_Receive_IT
<LI><a href="#[f8]">&gt;&gt;</a>&nbsp;&nbsp;&nbsp;HAL_I2C_Master_Transmit_IT
<LI><a href="#[10]">&gt;&gt;</a>&nbsp;&nbsp;&nbsp;I2C_Mem_ISR_DMA
<LI><a href="#[c]">&gt;&gt;</a>&nbsp;&nbsp;&nbsp;I2C_DMAMasterReceiveCplt
<LI><a href="#[a]">&gt;&gt;</a>&nbsp;&nbsp;&nbsp;I2C_DMAMasterTransmitCplt
<LI><a href="#[7]">&gt;&gt;</a>&nbsp;&nbsp;&nbsp;I2C_Master_ISR_DMA
</UL>

<P><STRONG><a name="[9]"></a>I2C_Master_ISR_IT</STRONG> (Thumb, 290 bytes, Stack size 24 bytes, stm32h7xx_hal_i2c.o(.text))
<BR><BR>[Stack]<UL><LI>Max Depth = 96<LI>Call Chain = I2C_Master_ISR_IT &rArr; I2C_ITMasterCplt &rArr; I2C_ITError &rArr; HAL_DMA_Abort_IT
</UL>
<BR>[Calls]<UL><LI><a href="#[dd]">&gt;&gt;</a>&nbsp;&nbsp;&nbsp;I2C_TransferConfig
<LI><a href="#[f6]">&gt;&gt;</a>&nbsp;&nbsp;&nbsp;I2C_ITMasterSeqCplt
<LI><a href="#[f1]">&gt;&gt;</a>&nbsp;&nbsp;&nbsp;I2C_ITMasterCplt
<LI><a href="#[ee]">&gt;&gt;</a>&nbsp;&nbsp;&nbsp;I2C_ITError
<LI><a href="#[d8]">&gt;&gt;</a>&nbsp;&nbsp;&nbsp;I2C_Flush_TXDR
</UL>
<BR>[Address Reference Count : 1]<UL><LI> stm32h7xx_hal_i2c.o(.text)
</UL>
<P><STRONG><a name="[b]"></a>I2C_DMAError</STRONG> (Thumb, 368 bytes, Stack size 32 bytes, stm32h7xx_hal_i2c.o(.text))
<BR><BR>[Stack]<UL><LI>Max Depth = 80<LI>Call Chain = I2C_DMAError &rArr; I2C_ITError &rArr; HAL_DMA_Abort_IT
</UL>
<BR>[Calls]<UL><LI><a href="#[ee]">&gt;&gt;</a>&nbsp;&nbsp;&nbsp;I2C_ITError
<LI><a href="#[fc]">&gt;&gt;</a>&nbsp;&nbsp;&nbsp;HAL_DMA_GetError
</UL>
<BR>[Address Reference Count : 1]<UL><LI> stm32h7xx_hal_i2c.o(.text)
</UL>
<P><STRONG><a name="[a]"></a>I2C_DMAMasterTransmitCplt</STRONG> (Thumb, 80 bytes, Stack size 8 bytes, stm32h7xx_hal_i2c.o(.text))
<BR><BR>[Stack]<UL><LI>Max Depth = 80<LI>Call Chain = I2C_DMAMasterTransmitCplt &rArr; HAL_DMA_Start_IT &rArr; DMA_SetConfig
</UL>
<BR>[Calls]<UL><LI><a href="#[f7]">&gt;&gt;</a>&nbsp;&nbsp;&nbsp;I2C_Enable_IRQ
<LI><a href="#[ee]">&gt;&gt;</a>&nbsp;&nbsp;&nbsp;I2C_ITError
<LI><a href="#[b2]">&gt;&gt;</a>&nbsp;&nbsp;&nbsp;HAL_DMA_Start_IT
</UL>
<BR>[Address Reference Count : 1]<UL><LI> stm32h7xx_hal_i2c.o(.text)
</UL>
<P><STRONG><a name="[c]"></a>I2C_DMAMasterReceiveCplt</STRONG> (Thumb, 80 bytes, Stack size 8 bytes, stm32h7xx_hal_i2c.o(.text))
<BR><BR>[Stack]<UL><LI>Max Depth = 80<LI>Call Chain = I2C_DMAMasterReceiveCplt &rArr; HAL_DMA_Start_IT &rArr; DMA_SetConfig
</UL>
<BR>[Calls]<UL><LI><a href="#[f7]">&gt;&gt;</a>&nbsp;&nbsp;&nbsp;I2C_Enable_IRQ
<LI><a href="#[ee]">&gt;&gt;</a>&nbsp;&nbsp;&nbsp;I2C_ITError
<LI><a href="#[b2]">&gt;&gt;</a>&nbsp;&nbsp;&nbsp;HAL_DMA_Start_IT
</UL>
<BR>[Address Reference Count : 1]<UL><LI> stm32h7xx_hal_i2c.o(.text)
</UL>
<P><STRONG><a name="[d]"></a>I2C_DMASlaveTransmitCplt</STRONG> (Thumb, 30 bytes, Stack size 0 bytes, stm32h7xx_hal_i2c.o(.text))
<BR><BR>[Stack]<UL><LI>Max Depth = 24<LI>Call Chain = I2C_DMASlaveTransmitCplt &rArr; I2C_ITSlaveSeqCplt &rArr; I2C_Disable_IRQ
</UL>
<BR>[Calls]<UL><LI><a href="#[e8]">&gt;&gt;</a>&nbsp;&nbsp;&nbsp;I2C_ITSlaveSeqCplt
</UL>
<BR>[Address Reference Count : 1]<UL><LI> stm32h7xx_hal_i2c.o(.text)
</UL>
<P><STRONG><a name="[e]"></a>I2C_DMASlaveReceiveCplt</STRONG> (Thumb, 156 bytes, Stack size 0 bytes, stm32h7xx_hal_i2c.o(.text))
<BR><BR>[Stack]<UL><LI>Max Depth = 24<LI>Call Chain = I2C_DMASlaveReceiveCplt &rArr; I2C_ITSlaveSeqCplt &rArr; I2C_Disable_IRQ
</UL>
<BR>[Calls]<UL><LI><a href="#[e8]">&gt;&gt;</a>&nbsp;&nbsp;&nbsp;I2C_ITSlaveSeqCplt
</UL>
<BR>[Address Reference Count : 1]<UL><LI> stm32h7xx_hal_i2c.o(.text)
</UL>
<P><STRONG><a name="[f]"></a>I2C_Mem_ISR_IT</STRONG> (Thumb, 288 bytes, Stack size 24 bytes, stm32h7xx_hal_i2c.o(.text))
<BR><BR>[Stack]<UL><LI>Max Depth = 96<LI>Call Chain = I2C_Mem_ISR_IT &rArr; I2C_ITMasterCplt &rArr; I2C_ITError &rArr; HAL_DMA_Abort_IT
</UL>
<BR>[Calls]<UL><LI><a href="#[dd]">&gt;&gt;</a>&nbsp;&nbsp;&nbsp;I2C_TransferConfig
<LI><a href="#[f1]">&gt;&gt;</a>&nbsp;&nbsp;&nbsp;I2C_ITMasterCplt
<LI><a href="#[ee]">&gt;&gt;</a>&nbsp;&nbsp;&nbsp;I2C_ITError
<LI><a href="#[d8]">&gt;&gt;</a>&nbsp;&nbsp;&nbsp;I2C_Flush_TXDR
</UL>
<BR>[Address Reference Count : 1]<UL><LI> stm32h7xx_hal_i2c.o(.text)
</UL>
<P><STRONG><a name="[10]"></a>I2C_Mem_ISR_DMA</STRONG> (Thumb, 290 bytes, Stack size 32 bytes, stm32h7xx_hal_i2c.o(.text))
<BR><BR>[Stack]<UL><LI>Max Depth = 104<LI>Call Chain = I2C_Mem_ISR_DMA &rArr; I2C_ITMasterCplt &rArr; I2C_ITError &rArr; HAL_DMA_Abort_IT
</UL>
<BR>[Calls]<UL><LI><a href="#[dd]">&gt;&gt;</a>&nbsp;&nbsp;&nbsp;I2C_TransferConfig
<LI><a href="#[f7]">&gt;&gt;</a>&nbsp;&nbsp;&nbsp;I2C_Enable_IRQ
<LI><a href="#[f1]">&gt;&gt;</a>&nbsp;&nbsp;&nbsp;I2C_ITMasterCplt
<LI><a href="#[ee]">&gt;&gt;</a>&nbsp;&nbsp;&nbsp;I2C_ITError
<LI><a href="#[d8]">&gt;&gt;</a>&nbsp;&nbsp;&nbsp;I2C_Flush_TXDR
</UL>
<BR>[Address Reference Count : 1]<UL><LI> stm32h7xx_hal_i2c.o(.text)
</UL>
<P><STRONG><a name="[dd]"></a>I2C_TransferConfig</STRONG> (Thumb, 44 bytes, Stack size 16 bytes, stm32h7xx_hal_i2c.o(.text))
<BR><BR>[Stack]<UL><LI>Max Depth = 16<LI>Call Chain = I2C_TransferConfig
</UL>
<BR>[Called By]<UL><LI><a href="#[115]">&gt;&gt;</a>&nbsp;&nbsp;&nbsp;HAL_I2C_Master_Abort_IT
<LI><a href="#[10e]">&gt;&gt;</a>&nbsp;&nbsp;&nbsp;HAL_I2C_Master_Seq_Receive_DMA
<LI><a href="#[10d]">&gt;&gt;</a>&nbsp;&nbsp;&nbsp;HAL_I2C_Master_Seq_Receive_IT
<LI><a href="#[10c]">&gt;&gt;</a>&nbsp;&nbsp;&nbsp;HAL_I2C_Master_Seq_Transmit_DMA
<LI><a href="#[10a]">&gt;&gt;</a>&nbsp;&nbsp;&nbsp;HAL_I2C_Master_Seq_Transmit_IT
<LI><a href="#[108]">&gt;&gt;</a>&nbsp;&nbsp;&nbsp;HAL_I2C_Mem_Read_DMA
<LI><a href="#[107]">&gt;&gt;</a>&nbsp;&nbsp;&nbsp;HAL_I2C_Mem_Write_DMA
<LI><a href="#[106]">&gt;&gt;</a>&nbsp;&nbsp;&nbsp;HAL_I2C_Mem_Read_IT
<LI><a href="#[105]">&gt;&gt;</a>&nbsp;&nbsp;&nbsp;HAL_I2C_Mem_Write_IT
<LI><a href="#[103]">&gt;&gt;</a>&nbsp;&nbsp;&nbsp;HAL_I2C_Mem_Read
<LI><a href="#[101]">&gt;&gt;</a>&nbsp;&nbsp;&nbsp;HAL_I2C_Mem_Write
<LI><a href="#[fe]">&gt;&gt;</a>&nbsp;&nbsp;&nbsp;HAL_I2C_Master_Receive_DMA
<LI><a href="#[fd]">&gt;&gt;</a>&nbsp;&nbsp;&nbsp;HAL_I2C_Master_Transmit_DMA
<LI><a href="#[f9]">&gt;&gt;</a>&nbsp;&nbsp;&nbsp;HAL_I2C_Master_Receive_IT
<LI><a href="#[f8]">&gt;&gt;</a>&nbsp;&nbsp;&nbsp;HAL_I2C_Master_Transmit_IT
<LI><a href="#[df]">&gt;&gt;</a>&nbsp;&nbsp;&nbsp;HAL_I2C_Master_Receive
<LI><a href="#[dc]">&gt;&gt;</a>&nbsp;&nbsp;&nbsp;HAL_I2C_Master_Transmit
<LI><a href="#[104]">&gt;&gt;</a>&nbsp;&nbsp;&nbsp;I2C_RequestMemoryRead
<LI><a href="#[102]">&gt;&gt;</a>&nbsp;&nbsp;&nbsp;I2C_RequestMemoryWrite
<LI><a href="#[10]">&gt;&gt;</a>&nbsp;&nbsp;&nbsp;I2C_Mem_ISR_DMA
<LI><a href="#[f]">&gt;&gt;</a>&nbsp;&nbsp;&nbsp;I2C_Mem_ISR_IT
<LI><a href="#[9]">&gt;&gt;</a>&nbsp;&nbsp;&nbsp;I2C_Master_ISR_IT
<LI><a href="#[7]">&gt;&gt;</a>&nbsp;&nbsp;&nbsp;I2C_Master_ISR_DMA
</UL>

<P><STRONG><a name="[102]"></a>I2C_RequestMemoryWrite</STRONG> (Thumb, 94 bytes, Stack size 32 bytes, stm32h7xx_hal_i2c.o(.text), UNUSED)
<BR><BR>[Calls]<UL><LI><a href="#[dd]">&gt;&gt;</a>&nbsp;&nbsp;&nbsp;I2C_TransferConfig
<LI><a href="#[db]">&gt;&gt;</a>&nbsp;&nbsp;&nbsp;I2C_WaitOnTXISFlagUntilTimeout
<LI><a href="#[da]">&gt;&gt;</a>&nbsp;&nbsp;&nbsp;I2C_WaitOnFlagUntilTimeout
</UL>
<BR>[Called By]<UL><LI><a href="#[101]">&gt;&gt;</a>&nbsp;&nbsp;&nbsp;HAL_I2C_Mem_Write
</UL>

<P><STRONG><a name="[104]"></a>I2C_RequestMemoryRead</STRONG> (Thumb, 130 bytes, Stack size 32 bytes, stm32h7xx_hal_i2c.o(.text), UNUSED)
<BR><BR>[Calls]<UL><LI><a href="#[dd]">&gt;&gt;</a>&nbsp;&nbsp;&nbsp;I2C_TransferConfig
<LI><a href="#[db]">&gt;&gt;</a>&nbsp;&nbsp;&nbsp;I2C_WaitOnTXISFlagUntilTimeout
<LI><a href="#[da]">&gt;&gt;</a>&nbsp;&nbsp;&nbsp;I2C_WaitOnFlagUntilTimeout
</UL>
<BR>[Called By]<UL><LI><a href="#[103]">&gt;&gt;</a>&nbsp;&nbsp;&nbsp;HAL_I2C_Mem_Read
</UL>

<P><STRONG><a name="[10b]"></a>I2C_ConvertOtherXferOptions</STRONG> (Thumb, 26 bytes, Stack size 0 bytes, stm32h7xx_hal_i2c.o(.text), UNUSED)
<BR><BR>[Called By]<UL><LI><a href="#[10e]">&gt;&gt;</a>&nbsp;&nbsp;&nbsp;HAL_I2C_Master_Seq_Receive_DMA
<LI><a href="#[10d]">&gt;&gt;</a>&nbsp;&nbsp;&nbsp;HAL_I2C_Master_Seq_Receive_IT
<LI><a href="#[10c]">&gt;&gt;</a>&nbsp;&nbsp;&nbsp;HAL_I2C_Master_Seq_Transmit_DMA
<LI><a href="#[10a]">&gt;&gt;</a>&nbsp;&nbsp;&nbsp;HAL_I2C_Master_Seq_Transmit_IT
</UL>

<P><STRONG><a name="[118]"></a>UART_EndRxTransfer</STRONG> (Thumb, 78 bytes, Stack size 8 bytes, stm32h7xx_hal_uart.o(.text))
<BR><BR>[Stack]<UL><LI>Max Depth = 8<LI>Call Chain = UART_EndRxTransfer
</UL>
<BR>[Called By]<UL><LI><a href="#[138]">&gt;&gt;</a>&nbsp;&nbsp;&nbsp;HAL_UART_IRQHandler
<LI><a href="#[12e]">&gt;&gt;</a>&nbsp;&nbsp;&nbsp;HAL_UART_DMAStop
<LI><a href="#[117]">&gt;&gt;</a>&nbsp;&nbsp;&nbsp;UART_WaitOnFlagUntilTimeout
<LI><a href="#[1b]">&gt;&gt;</a>&nbsp;&nbsp;&nbsp;UART_DMAError
</UL>

<P><STRONG><a name="[11]"></a>UART_TxISR_8BIT</STRONG> (Thumb, 78 bytes, Stack size 0 bytes, stm32h7xx_hal_uart.o(.text))
<BR>[Address Reference Count : 1]<UL><LI> stm32h7xx_hal_uart.o(.text)
</UL>
<P><STRONG><a name="[14]"></a>UART_TxISR_16BIT</STRONG> (Thumb, 82 bytes, Stack size 0 bytes, stm32h7xx_hal_uart.o(.text))
<BR>[Address Reference Count : 1]<UL><LI> stm32h7xx_hal_uart.o(.text)
</UL>
<P><STRONG><a name="[12]"></a>UART_TxISR_8BIT_FIFOEN</STRONG> (Thumb, 102 bytes, Stack size 0 bytes, stm32h7xx_hal_uart.o(.text))
<BR>[Address Reference Count : 1]<UL><LI> stm32h7xx_hal_uart.o(.text)
</UL>
<P><STRONG><a name="[13]"></a>UART_TxISR_16BIT_FIFOEN</STRONG> (Thumb, 104 bytes, Stack size 0 bytes, stm32h7xx_hal_uart.o(.text))
<BR>[Address Reference Count : 1]<UL><LI> stm32h7xx_hal_uart.o(.text)
</UL>
<P><STRONG><a name="[15]"></a>UART_RxISR_8BIT</STRONG> (Thumb, 196 bytes, Stack size 8 bytes, stm32h7xx_hal_uart.o(.text))
<BR><BR>[Stack]<UL><LI>Max Depth = 8<LI>Call Chain = UART_RxISR_8BIT
</UL>
<BR>[Calls]<UL><LI><a href="#[123]">&gt;&gt;</a>&nbsp;&nbsp;&nbsp;HAL_UARTEx_RxEventCallback
<LI><a href="#[122]">&gt;&gt;</a>&nbsp;&nbsp;&nbsp;HAL_UART_RxCpltCallback
</UL>
<BR>[Address Reference Count : 1]<UL><LI> stm32h7xx_hal_uart.o(.text)
</UL>
<P><STRONG><a name="[16]"></a>UART_RxISR_16BIT</STRONG> (Thumb, 196 bytes, Stack size 8 bytes, stm32h7xx_hal_uart.o(.text))
<BR><BR>[Stack]<UL><LI>Max Depth = 8<LI>Call Chain = UART_RxISR_16BIT
</UL>
<BR>[Calls]<UL><LI><a href="#[123]">&gt;&gt;</a>&nbsp;&nbsp;&nbsp;HAL_UARTEx_RxEventCallback
<LI><a href="#[122]">&gt;&gt;</a>&nbsp;&nbsp;&nbsp;HAL_UART_RxCpltCallback
</UL>
<BR>[Address Reference Count : 1]<UL><LI> stm32h7xx_hal_uart.o(.text)
</UL>
<P><STRONG><a name="[17]"></a>UART_RxISR_8BIT_FIFOEN</STRONG> (Thumb, 404 bytes, Stack size 32 bytes, stm32h7xx_hal_uart.o(.text))
<BR><BR>[Stack]<UL><LI>Max Depth = 32<LI>Call Chain = UART_RxISR_8BIT_FIFOEN
</UL>
<BR>[Calls]<UL><LI><a href="#[124]">&gt;&gt;</a>&nbsp;&nbsp;&nbsp;HAL_UART_ErrorCallback
<LI><a href="#[123]">&gt;&gt;</a>&nbsp;&nbsp;&nbsp;HAL_UARTEx_RxEventCallback
<LI><a href="#[122]">&gt;&gt;</a>&nbsp;&nbsp;&nbsp;HAL_UART_RxCpltCallback
</UL>
<BR>[Address Reference Count : 1]<UL><LI> stm32h7xx_hal_uart.o(.text)
</UL>
<P><STRONG><a name="[18]"></a>UART_RxISR_16BIT_FIFOEN</STRONG> (Thumb, 436 bytes, Stack size 32 bytes, stm32h7xx_hal_uart.o(.text))
<BR><BR>[Stack]<UL><LI>Max Depth = 32<LI>Call Chain = UART_RxISR_16BIT_FIFOEN
</UL>
<BR>[Calls]<UL><LI><a href="#[124]">&gt;&gt;</a>&nbsp;&nbsp;&nbsp;HAL_UART_ErrorCallback
<LI><a href="#[123]">&gt;&gt;</a>&nbsp;&nbsp;&nbsp;HAL_UARTEx_RxEventCallback
<LI><a href="#[122]">&gt;&gt;</a>&nbsp;&nbsp;&nbsp;HAL_UART_RxCpltCallback
</UL>
<BR>[Address Reference Count : 1]<UL><LI> stm32h7xx_hal_uart.o(.text)
</UL>
<P><STRONG><a name="[1b]"></a>UART_DMAError</STRONG> (Thumb, 78 bytes, Stack size 16 bytes, stm32h7xx_hal_uart.o(.text))
<BR><BR>[Stack]<UL><LI>Max Depth = 24<LI>Call Chain = UART_DMAError &rArr; UART_EndRxTransfer
</UL>
<BR>[Calls]<UL><LI><a href="#[124]">&gt;&gt;</a>&nbsp;&nbsp;&nbsp;HAL_UART_ErrorCallback
<LI><a href="#[127]">&gt;&gt;</a>&nbsp;&nbsp;&nbsp;UART_EndTxTransfer
<LI><a href="#[118]">&gt;&gt;</a>&nbsp;&nbsp;&nbsp;UART_EndRxTransfer
</UL>
<BR>[Address Reference Count : 1]<UL><LI> stm32h7xx_hal_uart.o(.text)
</UL>
<P><STRONG><a name="[1a]"></a>UART_DMATxHalfCplt</STRONG> (Thumb, 10 bytes, Stack size 8 bytes, stm32h7xx_hal_uart.o(.text))
<BR><BR>[Stack]<UL><LI>Max Depth = 8<LI>Call Chain = UART_DMATxHalfCplt
</UL>
<BR>[Calls]<UL><LI><a href="#[128]">&gt;&gt;</a>&nbsp;&nbsp;&nbsp;HAL_UART_TxHalfCpltCallback
</UL>
<BR>[Address Reference Count : 1]<UL><LI> stm32h7xx_hal_uart.o(.text)
</UL>
<P><STRONG><a name="[19]"></a>UART_DMATransmitCplt</STRONG> (Thumb, 64 bytes, Stack size 8 bytes, stm32h7xx_hal_uart.o(.text))
<BR><BR>[Stack]<UL><LI>Max Depth = 8<LI>Call Chain = UART_DMATransmitCplt
</UL>
<BR>[Calls]<UL><LI><a href="#[129]">&gt;&gt;</a>&nbsp;&nbsp;&nbsp;HAL_UART_TxCpltCallback
</UL>
<BR>[Address Reference Count : 1]<UL><LI> stm32h7xx_hal_uart.o(.text)
</UL>
<P><STRONG><a name="[1d]"></a>UART_DMARxHalfCplt</STRONG> (Thumb, 32 bytes, Stack size 8 bytes, stm32h7xx_hal_uart.o(.text))
<BR><BR>[Stack]<UL><LI>Max Depth = 8<LI>Call Chain = UART_DMARxHalfCplt
</UL>
<BR>[Calls]<UL><LI><a href="#[12b]">&gt;&gt;</a>&nbsp;&nbsp;&nbsp;HAL_UART_RxHalfCpltCallback
<LI><a href="#[123]">&gt;&gt;</a>&nbsp;&nbsp;&nbsp;HAL_UARTEx_RxEventCallback
</UL>
<BR>[Address Reference Count : 1]<UL><LI> stm32h7xx_hal_uart.o(.text)
</UL>
<P><STRONG><a name="[1c]"></a>UART_DMAReceiveCplt</STRONG> (Thumb, 130 bytes, Stack size 8 bytes, stm32h7xx_hal_uart.o(.text))
<BR><BR>[Stack]<UL><LI>Max Depth = 8<LI>Call Chain = UART_DMAReceiveCplt
</UL>
<BR>[Calls]<UL><LI><a href="#[123]">&gt;&gt;</a>&nbsp;&nbsp;&nbsp;HAL_UARTEx_RxEventCallback
<LI><a href="#[122]">&gt;&gt;</a>&nbsp;&nbsp;&nbsp;HAL_UART_RxCpltCallback
</UL>
<BR>[Address Reference Count : 1]<UL><LI> stm32h7xx_hal_uart.o(.text)
</UL>
<P><STRONG><a name="[1f]"></a>UART_DMARxAbortCallback</STRONG> (Thumb, 68 bytes, Stack size 8 bytes, stm32h7xx_hal_uart.o(.text))
<BR><BR>[Stack]<UL><LI>Max Depth = 8<LI>Call Chain = UART_DMARxAbortCallback
</UL>
<BR>[Calls]<UL><LI><a href="#[132]">&gt;&gt;</a>&nbsp;&nbsp;&nbsp;HAL_UART_AbortCpltCallback
</UL>
<BR>[Address Reference Count : 1]<UL><LI> stm32h7xx_hal_uart.o(.text)
</UL>
<P><STRONG><a name="[1e]"></a>UART_DMATxAbortCallback</STRONG> (Thumb, 76 bytes, Stack size 8 bytes, stm32h7xx_hal_uart.o(.text))
<BR><BR>[Stack]<UL><LI>Max Depth = 8<LI>Call Chain = UART_DMATxAbortCallback
</UL>
<BR>[Calls]<UL><LI><a href="#[132]">&gt;&gt;</a>&nbsp;&nbsp;&nbsp;HAL_UART_AbortCpltCallback
</UL>
<BR>[Address Reference Count : 1]<UL><LI> stm32h7xx_hal_uart.o(.text)
</UL>
<P><STRONG><a name="[20]"></a>UART_DMATxOnlyAbortCallback</STRONG> (Thumb, 40 bytes, Stack size 8 bytes, stm32h7xx_hal_uart.o(.text))
<BR><BR>[Stack]<UL><LI>Max Depth = 8<LI>Call Chain = UART_DMATxOnlyAbortCallback
</UL>
<BR>[Calls]<UL><LI><a href="#[134]">&gt;&gt;</a>&nbsp;&nbsp;&nbsp;HAL_UART_AbortTransmitCpltCallback
</UL>
<BR>[Address Reference Count : 1]<UL><LI> stm32h7xx_hal_uart.o(.text)
</UL>
<P><STRONG><a name="[21]"></a>UART_DMARxOnlyAbortCallback</STRONG> (Thumb, 40 bytes, Stack size 8 bytes, stm32h7xx_hal_uart.o(.text))
<BR><BR>[Stack]<UL><LI>Max Depth = 8<LI>Call Chain = UART_DMARxOnlyAbortCallback
</UL>
<BR>[Calls]<UL><LI><a href="#[136]">&gt;&gt;</a>&nbsp;&nbsp;&nbsp;HAL_UART_AbortReceiveCpltCallback
</UL>
<BR>[Address Reference Count : 1]<UL><LI> stm32h7xx_hal_uart.o(.text)
</UL>
<P><STRONG><a name="[22]"></a>UART_DMAAbortOnError</STRONG> (Thumb, 20 bytes, Stack size 8 bytes, stm32h7xx_hal_uart.o(.text))
<BR><BR>[Stack]<UL><LI>Max Depth = 8<LI>Call Chain = UART_DMAAbortOnError
</UL>
<BR>[Calls]<UL><LI><a href="#[124]">&gt;&gt;</a>&nbsp;&nbsp;&nbsp;HAL_UART_ErrorCallback
</UL>
<BR>[Address Reference Count : 1]<UL><LI> stm32h7xx_hal_uart.o(.text)
</UL>
<P><STRONG><a name="[127]"></a>UART_EndTxTransfer</STRONG> (Thumb, 46 bytes, Stack size 0 bytes, stm32h7xx_hal_uart.o(.text))
<BR><BR>[Calls]<UL><LI><a href="#[127]">&gt;&gt;</a>&nbsp;&nbsp;&nbsp;UART_EndTxTransfer
</UL>
<BR>[Called By]<UL><LI><a href="#[12e]">&gt;&gt;</a>&nbsp;&nbsp;&nbsp;HAL_UART_DMAStop
<LI><a href="#[127]">&gt;&gt;</a>&nbsp;&nbsp;&nbsp;UART_EndTxTransfer
<LI><a href="#[1b]">&gt;&gt;</a>&nbsp;&nbsp;&nbsp;UART_DMAError
</UL>

<P><STRONG><a name="[142]"></a>UARTEx_SetNbDataToProcess</STRONG> (Thumb, 64 bytes, Stack size 12 bytes, stm32h7xx_hal_uart_ex.o(.text), UNUSED)
<BR><BR>[Called By]<UL><LI><a href="#[4a]">&gt;&gt;</a>&nbsp;&nbsp;&nbsp;HAL_UARTEx_SetTxFifoThreshold
<LI><a href="#[4b]">&gt;&gt;</a>&nbsp;&nbsp;&nbsp;HAL_UARTEx_SetRxFifoThreshold
<LI><a href="#[141]">&gt;&gt;</a>&nbsp;&nbsp;&nbsp;HAL_UARTEx_EnableFifoMode
</UL>
<P>
<H3>
Undefined Global Symbols
</H3><HR></body></html>
