	.text
	.syntax unified
	.eabi_attribute	67, "2.09"	@ Tag_conformance
	.cpu	cortex-m7
	.eabi_attribute	6, 13	@ Tag_CPU_arch
	.eabi_attribute	7, 77	@ Tag_CPU_arch_profile
	.eabi_attribute	8, 0	@ Tag_ARM_ISA_use
	.eabi_attribute	9, 2	@ Tag_THUMB_ISA_use
	.fpu	fpv5-d16
	.eabi_attribute	36, 1	@ Tag_FP_HP_extension
	.eabi_attribute	34, 1	@ Tag_CPU_unaligned_access
	.eabi_attribute	15, 2	@ Tag_ABI_PCS_RW_data
	.eabi_attribute	16, 1	@ Tag_ABI_PCS_RO_data
	.eabi_attribute	17, 1	@ Tag_ABI_PCS_GOT_use
	.eabi_attribute	20, 2	@ Tag_ABI_FP_denormal
	.eabi_attribute	21, 0	@ Tag_ABI_FP_exceptions
	.eabi_attribute	23, 1	@ Tag_ABI_FP_number_model
	.eabi_attribute	24, 1	@ Tag_ABI_align_needed
	.eabi_attribute	25, 1	@ Tag_ABI_align_preserved
	.eabi_attribute	28, 1	@ Tag_ABI_VFP_args
	.eabi_attribute	38, 1	@ Tag_ABI_FP_16bit_format
	.eabi_attribute	18, 2	@ Tag_ABI_PCS_wchar_t
	.eabi_attribute	26, 1	@ Tag_ABI_enum_size
	.eabi_attribute	14, 1	@ Tag_ABI_PCS_R9_use
	.file	"Loader_Src.c"
	.file	1 "F:\\3.git\\1.Github\\ExFlash_Algorithm\\embedfire\\Algorithm_QSPI\\STLDR\\MDK-ARM" "../Core/Src/Loader_Src.c"
	.file	2 "F:\\3.git\\1.Github\\ExFlash_Algorithm\\embedfire\\Algorithm_QSPI\\STLDR\\MDK-ARM" "../Drivers/STM32H7xx_HAL_Driver/Inc/stm32h7xx_hal_def.h"
	.file	3 "F:\\3.git\\1.Github\\ExFlash_Algorithm\\embedfire\\Algorithm_QSPI\\STLDR\\MDK-ARM" "../Drivers/STM32H7xx_HAL_Driver/Inc\\stm32h7xx_hal_mdma.h"
	.file	4 "F:\\3.git\\1.Github\\ExFlash_Algorithm\\embedfire\\Algorithm_QSPI\\STLDR\\MDK-ARM" "../Drivers/STM32H7xx_HAL_Driver/Inc\\stm32h7xx_hal_qspi.h"
	.file	5 "F:\\3.git\\1.Github\\ExFlash_Algorithm\\embedfire\\Algorithm_QSPI\\STLDR\\MDK-ARM" "../Drivers/STM32H7xx_HAL_Driver/Inc\\stm32h7xx_hal_dma.h"
	.file	6 "D:\\Program\\Keil\\Keil_v5\\ARM\\ARMCLANG\\Bin\\..\\include" "stdint.h"
	.file	7 "F:\\3.git\\1.Github\\ExFlash_Algorithm\\embedfire\\Algorithm_QSPI\\STLDR\\MDK-ARM" "../Drivers/CMSIS/Device/ST/STM32H7xx/Include/stm32h750xx.h"
	.hidden	Init                            @ -- Begin function Init
	.globl	Init
	.p2align	3
	.type	Init,%function
	.code	16                              @ @Init
	.thumb_func
Init:
.Lfunc_begin0:
	.loc	1 22 0                          @ ../Core/Src/Loader_Src.c:22:0
	.fnstart
	.cfi_sections .debug_frame
	.cfi_startproc
@ %bb.0:
	.save	{r7, lr}
	push	{r7, lr}
	.cfi_def_cfa_offset 8
	.cfi_offset lr, -4
	.cfi_offset r7, -8
	.pad	#8
	sub	sp, #8
	.cfi_def_cfa_offset 16
.Ltmp0:
	.loc	1 23 2 prologue_end             @ ../Core/Src/Loader_Src.c:23:2
	@APP
	mrs	r0, primask
	cpsid i

	@NO_APP
	.loc	1 24 2                          @ ../Core/Src/Loader_Src.c:24:2
	bl	SystemInit
.Ltmp1:
	.loc	1 26 2                          @ ../Core/Src/Loader_Src.c:26:2
	bl	HAL_DeInit
.Ltmp2:
	.loc	1 29 5                          @ ../Core/Src/Loader_Src.c:29:5
	bl	HAL_Init
.Ltmp3:
	.loc	1 32 5                          @ ../Core/Src/Loader_Src.c:32:5
	bl	SystemClock_Config
.Ltmp4:
	.loc	1 0 5 is_stmt 0                 @ ../Core/Src/Loader_Src.c:0:5
	movs	r1, #0
.Ltmp5:
	.loc	1 36 27 is_stmt 1               @ ../Core/Src/Loader_Src.c:36:27
	strb.w	r1, [sp, #7]
.Ltmp6:
	@DEBUG_VALUE: Init:pqspi <- undef
	.loc	1 36 34 is_stmt 0               @ ../Core/Src/Loader_Src.c:36:34
	ldrb.w	r0, [sp, #7]
.Ltmp7:
	.loc	1 36 5                          @ ../Core/Src/Loader_Src.c:36:5
	cmp	r0, #75
	movw	r0, :lower16:hqspi(sbrel)
	movt	r0, :upper16:hqspi(sbrel)
	bhi	.LBB0_5
.Ltmp8:
@ %bb.1:
	.loc	1 0 5                           @ ../Core/Src/Loader_Src.c:0:5
	add.w	r2, r9, r0
.LBB0_2:                                @ =>This Inner Loop Header: Depth=1
.Ltmp9:
	@DEBUG_VALUE: Init:pqspi <- [DW_OP_plus_uconst 1, DW_OP_stack_value] $r2
	.loc	1 38 18 is_stmt 1               @ ../Core/Src/Loader_Src.c:38:18
	strb	r1, [r2]
.Ltmp10:
	.loc	1 36 67                         @ ../Core/Src/Loader_Src.c:36:67
	ldrb.w	r3, [sp, #7]
	adds	r3, #1
	strb.w	r3, [sp, #7]
	.loc	1 36 34 is_stmt 0               @ ../Core/Src/Loader_Src.c:36:34
	ldrb.w	r3, [sp, #7]
.Ltmp11:
	.loc	1 36 5                          @ ../Core/Src/Loader_Src.c:36:5
	cmp	r3, #75
	bhi	.LBB0_5
.Ltmp12:
@ %bb.3:                                @   in Loop: Header=BB0_2 Depth=1
	@DEBUG_VALUE: Init:pqspi <- [DW_OP_plus_uconst 1, DW_OP_stack_value] $r2
	@DEBUG_VALUE: Init:pqspi <- [DW_OP_plus_uconst 1, DW_OP_stack_value] $r2
	.loc	1 38 18 is_stmt 1               @ ../Core/Src/Loader_Src.c:38:18
	strb	r1, [r2, #1]
.Ltmp13:
	.loc	1 36 67                         @ ../Core/Src/Loader_Src.c:36:67
	ldrb.w	r3, [sp, #7]
	adds	r3, #1
	strb.w	r3, [sp, #7]
	.loc	1 36 34 is_stmt 0               @ ../Core/Src/Loader_Src.c:36:34
	ldrb.w	r3, [sp, #7]
.Ltmp14:
	.loc	1 36 5                          @ ../Core/Src/Loader_Src.c:36:5
	cmp	r3, #75
.Ltmp15:
	@DEBUG_VALUE: Init:pqspi <- [DW_OP_plus_uconst 1, DW_OP_plus_uconst 1, DW_OP_stack_value] $r2
	.loc	1 38 18 is_stmt 1               @ ../Core/Src/Loader_Src.c:38:18
	itttt	ls
	strbls	r1, [r2, #2]
.Ltmp16:
	.loc	1 36 67                         @ ../Core/Src/Loader_Src.c:36:67
	ldrbls.w	r3, [sp, #7]
	addls	r3, #1
	strbls.w	r3, [sp, #7]
	.loc	1 36 34 is_stmt 0               @ ../Core/Src/Loader_Src.c:36:34
	itt	ls
	ldrbls.w	r3, [sp, #7]
.Ltmp17:
	.loc	1 36 5                          @ ../Core/Src/Loader_Src.c:36:5
	cmpls	r3, #75
	bhi	.LBB0_5
.Ltmp18:
@ %bb.4:                                @   in Loop: Header=BB0_2 Depth=1
	@DEBUG_VALUE: Init:pqspi <- [DW_OP_plus_uconst 1, DW_OP_plus_uconst 1, DW_OP_stack_value] $r2
	@DEBUG_VALUE: Init:pqspi <- [DW_OP_plus_uconst 4, DW_OP_stack_value] $r2
	.loc	1 38 18 is_stmt 1               @ ../Core/Src/Loader_Src.c:38:18
	strb	r1, [r2, #3]
.Ltmp19:
	.loc	1 36 5                          @ ../Core/Src/Loader_Src.c:36:5
	adds	r2, #4
.Ltmp20:
	.loc	1 36 67 is_stmt 0               @ ../Core/Src/Loader_Src.c:36:67
	ldrb.w	r3, [sp, #7]
	adds	r3, #1
	strb.w	r3, [sp, #7]
	.loc	1 36 34                         @ ../Core/Src/Loader_Src.c:36:34
	ldrb.w	r3, [sp, #7]
.Ltmp21:
	.loc	1 36 5                          @ ../Core/Src/Loader_Src.c:36:5
	cmp	r3, #76
	blo	.LBB0_2
.Ltmp22:
.LBB0_5:
	.loc	1 0 5                           @ ../Core/Src/Loader_Src.c:0:5
	movw	r1, #20480
	movt	r1, #20992
	.loc	1 40 20 is_stmt 1               @ ../Core/Src/Loader_Src.c:40:20
	str.w	r1, [r9, r0]
	add	r0, r9
	.loc	1 41 5                          @ ../Core/Src/Loader_Src.c:41:5
	bl	HAL_QSPI_DeInit
.Ltmp23:
	.loc	1 44 5                          @ ../Core/Src/Loader_Src.c:44:5
	bl	MX_GPIO_Init
.Ltmp24:
	.loc	1 45 2                          @ ../Core/Src/Loader_Src.c:45:2
	bl	MX_QUADSPI_Init
.Ltmp25:
	.loc	1 46 2                          @ ../Core/Src/Loader_Src.c:46:2
	bl	MX_USART1_UART_Init
.Ltmp26:
	.loc	1 48 2                          @ ../Core/Src/Loader_Src.c:48:2
	bl	W25QXX_Init
.Ltmp27:
	.loc	1 50 2                          @ ../Core/Src/Loader_Src.c:50:2
	movw	r0, :lower16:huart1(sbrel)
	adr	r1, .LCPI0_0
	movt	r0, :upper16:huart1(sbrel)
	movs	r2, #6
	add	r0, r9
	movs	r3, #100
	bl	HAL_UART_Transmit
.Ltmp28:
	.loc	1 52 2                          @ ../Core/Src/Loader_Src.c:52:2
	movs	r0, #1
	add	sp, #8
	pop	{r7, pc}
.Ltmp29:
	.p2align	2
@ %bb.6:
	.loc	1 0 2 is_stmt 0                 @ ../Core/Src/Loader_Src.c:0:2
.LCPI0_0:
.L.str:
	.asciz	"init\r\n\000"
.Lfunc_end0:
	.size	Init, .Lfunc_end0-Init
	.cfi_endproc
	.cantunwind
	.fnend
                                        @ -- End function
	.hidden	Read                            @ -- Begin function Read
	.globl	Read
	.p2align	3
	.type	Read,%function
	.code	16                              @ @Read
	.thumb_func
Read:
.Lfunc_begin1:
	.loc	1 69 0 is_stmt 1                @ ../Core/Src/Loader_Src.c:69:0
	.fnstart
	.cfi_startproc
@ %bb.0:
	@DEBUG_VALUE: Read:Address <- $r0
	@DEBUG_VALUE: Read:Size <- $r1
	@DEBUG_VALUE: Read:buffer <- $r2
	.save	{r4, r5, r6, lr}
	push	{r4, r5, r6, lr}
	.cfi_def_cfa_offset 16
	.cfi_offset lr, -4
	.cfi_offset r6, -8
	.cfi_offset r5, -12
	.cfi_offset r4, -16
	.pad	#8
	sub	sp, #8
	.cfi_def_cfa_offset 24
	mov	r4, r2
.Ltmp30:
	@DEBUG_VALUE: Read:buffer <- $r4
	@DEBUG_VALUE: Read:buffer <- $r4
	mov	r5, r1
.Ltmp31:
	@DEBUG_VALUE: Read:Size <- $r5
	@DEBUG_VALUE: Read:Size <- $r5
	mov	r6, r0
.Ltmp32:
	@DEBUG_VALUE: Read:Address <- $r6
	@DEBUG_VALUE: Read:Address <- $r6
	.loc	1 71 2 prologue_end             @ ../Core/Src/Loader_Src.c:71:2
	bl	W25QXX_MemoryMapped
.Ltmp33:
	.loc	1 0 2 is_stmt 0                 @ ../Core/Src/Loader_Src.c:0:2
	movs	r0, #0
.Ltmp34:
	.loc	1 72 20 is_stmt 1               @ ../Core/Src/Loader_Src.c:72:20
	str	r0, [sp, #4]
.Ltmp35:
	@DEBUG_VALUE: Read:buffer <- undef
	@DEBUG_VALUE: Read:Address <- undef
	.loc	1 72 27 is_stmt 0               @ ../Core/Src/Loader_Src.c:72:27
	ldr	r0, [sp, #4]
.Ltmp36:
	.loc	1 72 2                          @ ../Core/Src/Loader_Src.c:72:2
	cmp	r0, r5
	bhs	.LBB1_4
.Ltmp37:
.LBB1_1:                                @ =>This Inner Loop Header: Depth=1
	@DEBUG_VALUE: Read:Size <- $r5
	@DEBUG_VALUE: Read:Address <- $r6
	@DEBUG_VALUE: Read:buffer <- $r4
	.loc	1 74 30 is_stmt 1               @ ../Core/Src/Loader_Src.c:74:30
	ldrb	r0, [r6]
	.loc	1 74 28 is_stmt 0               @ ../Core/Src/Loader_Src.c:74:28
	strb	r0, [r4]
.Ltmp38:
	@DEBUG_VALUE: Read:buffer <- [DW_OP_plus_uconst 1, DW_OP_stack_value] $r4
	@DEBUG_VALUE: Read:Address <- [DW_OP_plus_uconst 1, DW_OP_stack_value] $r6
	.loc	1 72 38 is_stmt 1               @ ../Core/Src/Loader_Src.c:72:38
	ldr	r0, [sp, #4]
	adds	r0, #1
	str	r0, [sp, #4]
	.loc	1 72 27 is_stmt 0               @ ../Core/Src/Loader_Src.c:72:27
	ldr	r0, [sp, #4]
.Ltmp39:
	.loc	1 72 2                          @ ../Core/Src/Loader_Src.c:72:2
	cmp	r0, r5
	bhs	.LBB1_4
.Ltmp40:
@ %bb.2:                                @   in Loop: Header=BB1_1 Depth=1
	@DEBUG_VALUE: Read:Address <- [DW_OP_plus_uconst 1, DW_OP_stack_value] $r6
	@DEBUG_VALUE: Read:buffer <- [DW_OP_plus_uconst 1, DW_OP_stack_value] $r4
	@DEBUG_VALUE: Read:Size <- $r5
	@DEBUG_VALUE: Read:Address <- [DW_OP_plus_uconst 1, DW_OP_stack_value] $r6
	@DEBUG_VALUE: Read:buffer <- [DW_OP_plus_uconst 1, DW_OP_stack_value] $r4
	.loc	1 74 30 is_stmt 1               @ ../Core/Src/Loader_Src.c:74:30
	ldrb	r0, [r6, #1]!
.Ltmp41:
	@DEBUG_VALUE: Read:Address <- $r6
	.loc	1 74 28 is_stmt 0               @ ../Core/Src/Loader_Src.c:74:28
	strb	r0, [r4, #1]
.Ltmp42:
	@DEBUG_VALUE: Read:buffer <- [DW_OP_plus_uconst 1, DW_OP_plus_uconst 1, DW_OP_stack_value] $r4
	@DEBUG_VALUE: Read:Address <- [DW_OP_plus_uconst 1, DW_OP_stack_value] $r6
	.loc	1 72 38 is_stmt 1               @ ../Core/Src/Loader_Src.c:72:38
	ldr	r0, [sp, #4]
	adds	r0, #1
	str	r0, [sp, #4]
	.loc	1 72 27 is_stmt 0               @ ../Core/Src/Loader_Src.c:72:27
	ldr	r0, [sp, #4]
.Ltmp43:
	.loc	1 72 2                          @ ../Core/Src/Loader_Src.c:72:2
	cmp	r0, r5
	@DEBUG_VALUE: Read:Address <- [DW_OP_plus_uconst 1, DW_OP_stack_value] $r6
.Ltmp44:
	@DEBUG_VALUE: Read:buffer <- [DW_OP_plus_uconst 2, DW_OP_stack_value] $r4
	.loc	1 74 30 is_stmt 1               @ ../Core/Src/Loader_Src.c:74:30
	itttt	lo
	ldrblo	r0, [r6, #1]!
.Ltmp45:
	.loc	1 74 28 is_stmt 0               @ ../Core/Src/Loader_Src.c:74:28
	strblo	r0, [r4, #2]
.Ltmp46:
	@DEBUG_VALUE: Read:buffer <- [DW_OP_plus_uconst 2, DW_OP_plus_uconst 1, DW_OP_stack_value] $r4
	@DEBUG_VALUE: Read:Address <- [DW_OP_plus_uconst 2, DW_OP_plus_uconst 1, DW_OP_stack_value] $r6
	.loc	1 72 38 is_stmt 1               @ ../Core/Src/Loader_Src.c:72:38
	ldrlo	r0, [sp, #4]
	addlo	r0, #1
	ittt	lo
	strlo	r0, [sp, #4]
	.loc	1 72 27 is_stmt 0               @ ../Core/Src/Loader_Src.c:72:27
	ldrlo	r0, [sp, #4]
.Ltmp47:
	.loc	1 72 2                          @ ../Core/Src/Loader_Src.c:72:2
	cmplo	r0, r5
	bhs	.LBB1_4
.Ltmp48:
@ %bb.3:                                @   in Loop: Header=BB1_1 Depth=1
	@DEBUG_VALUE: Read:Address <- [DW_OP_plus_uconst 2, DW_OP_plus_uconst 1, DW_OP_stack_value] $r6
	@DEBUG_VALUE: Read:buffer <- [DW_OP_plus_uconst 2, DW_OP_plus_uconst 1, DW_OP_stack_value] $r4
	@DEBUG_VALUE: Read:Size <- $r5
	@DEBUG_VALUE: Read:Address <- [DW_OP_plus_uconst 2, DW_OP_plus_uconst 1, DW_OP_stack_value] $r6
	@DEBUG_VALUE: Read:buffer <- [DW_OP_plus_uconst 3, DW_OP_stack_value] $r4
	.loc	1 74 30 is_stmt 1               @ ../Core/Src/Loader_Src.c:74:30
	ldrb	r0, [r6, #1]
.Ltmp49:
	.loc	1 72 2                          @ ../Core/Src/Loader_Src.c:72:2
	adds	r6, #2
.Ltmp50:
	.loc	1 74 28                         @ ../Core/Src/Loader_Src.c:74:28
	strb	r0, [r4, #3]
.Ltmp51:
	@DEBUG_VALUE: Read:buffer <- [DW_OP_plus_uconst 4, DW_OP_stack_value] $r4
	@DEBUG_VALUE: Read:Address <- [DW_OP_plus_uconst 4, DW_OP_stack_value] $r6
	.loc	1 72 2                          @ ../Core/Src/Loader_Src.c:72:2
	adds	r4, #4
.Ltmp52:
	.loc	1 72 38 is_stmt 0               @ ../Core/Src/Loader_Src.c:72:38
	ldr	r0, [sp, #4]
	adds	r0, #1
	str	r0, [sp, #4]
	.loc	1 72 27                         @ ../Core/Src/Loader_Src.c:72:27
	ldr	r0, [sp, #4]
.Ltmp53:
	.loc	1 72 2                          @ ../Core/Src/Loader_Src.c:72:2
	cmp	r0, r5
	blo	.LBB1_1
.Ltmp54:
.LBB1_4:
	@DEBUG_VALUE: Read:Size <- $r5
	.loc	1 78 2 is_stmt 1                @ ../Core/Src/Loader_Src.c:78:2
	movs	r0, #1
	add	sp, #8
	pop	{r4, r5, r6, pc}
.Ltmp55:
.Lfunc_end1:
	.size	Read, .Lfunc_end1-Read
	.cfi_endproc
	.cantunwind
	.fnend
                                        @ -- End function
	.hidden	Write                           @ -- Begin function Write
	.globl	Write
	.p2align	3
	.type	Write,%function
	.code	16                              @ @Write
	.thumb_func
Write:
.Lfunc_begin2:
	.loc	1 101 0                         @ ../Core/Src/Loader_Src.c:101:0
	.fnstart
	.cfi_startproc
@ %bb.0:
	@DEBUG_VALUE: Write:Address <- $r0
	@DEBUG_VALUE: Write:Size <- $r1
	@DEBUG_VALUE: Write:buffer <- $r2
	.save	{r4, r5, r6, r7, r8, lr}
	push.w	{r4, r5, r6, r7, r8, lr}
	.cfi_def_cfa_offset 24
	.cfi_offset lr, -4
	.cfi_offset r8, -8
	.cfi_offset r7, -12
	.cfi_offset r6, -16
	.cfi_offset r5, -20
	.cfi_offset r4, -24
.Ltmp56:
	@DEBUG_VALUE: Write:adr <- $r0
	mov	r4, r2
.Ltmp57:
	@DEBUG_VALUE: Write:buffer <- $r4
	@DEBUG_VALUE: Write:buffer <- $r4
	mov	r5, r0
.Ltmp58:
	@DEBUG_VALUE: Write:Address <- $r5
	@DEBUG_VALUE: Write:adr <- $r5
	@DEBUG_VALUE: Write:Address <- $r5
	mov.w	r0, #512
.Ltmp59:
	@DEBUG_VALUE: Write:current_addr <- 0
.LBB2_1:                                @ =>This Inner Loop Header: Depth=1
	@DEBUG_VALUE: Write:adr <- $r5
	@DEBUG_VALUE: Write:Address <- $r5
	@DEBUG_VALUE: Write:buffer <- $r4
	@DEBUG_VALUE: Write:Size <- $r1
	@DEBUG_VALUE: Write:current_addr <- [DW_OP_constu 512, DW_OP_minus, DW_OP_stack_value] $r0
	.loc	1 108 25 prologue_end           @ ../Core/Src/Loader_Src.c:108:25
	sub.w	r2, r0, #512
.Ltmp60:
	@DEBUG_VALUE: Write:current_addr <- [DW_OP_plus_uconst 256, DW_OP_stack_value] $r0
	.loc	1 108 5 is_stmt 0               @ ../Core/Src/Loader_Src.c:108:5
	cmp	r2, r5
	@DEBUG_VALUE: Write:current_addr <- [DW_OP_plus_uconst 256, DW_OP_stack_value] $r0
	.loc	1 108 25                        @ ../Core/Src/Loader_Src.c:108:25
	itt	ls
	subls.w	r2, r0, #256
	.loc	1 108 5                         @ ../Core/Src/Loader_Src.c:108:5
	cmpls	r2, r5
	bhi	.LBB2_5
.Ltmp61:
@ %bb.2:                                @   in Loop: Header=BB2_1 Depth=1
	@DEBUG_VALUE: Write:current_addr <- [DW_OP_plus_uconst 256, DW_OP_stack_value] $r0
	@DEBUG_VALUE: Write:adr <- $r5
	@DEBUG_VALUE: Write:Address <- $r5
	@DEBUG_VALUE: Write:buffer <- $r4
	@DEBUG_VALUE: Write:Size <- $r1
	@DEBUG_VALUE: Write:current_addr <- [DW_OP_plus_uconst 256, DW_OP_stack_value] $r0
	cmp	r0, r5
	bhi	.LBB2_6
.Ltmp62:
@ %bb.3:                                @   in Loop: Header=BB2_1 Depth=1
	@DEBUG_VALUE: Write:current_addr <- [DW_OP_plus_uconst 256, DW_OP_stack_value] $r0
	@DEBUG_VALUE: Write:adr <- $r5
	@DEBUG_VALUE: Write:Address <- $r5
	@DEBUG_VALUE: Write:buffer <- $r4
	@DEBUG_VALUE: Write:Size <- $r1
	@DEBUG_VALUE: Write:current_addr <- [DW_OP_plus_uconst 512, DW_OP_stack_value] $r0
	.loc	1 108 25                        @ ../Core/Src/Loader_Src.c:108:25
	add.w	r3, r0, #256
	add.w	r2, r0, #1024
	.loc	1 108 5                         @ ../Core/Src/Loader_Src.c:108:5
	cmp	r3, r5
	mov	r0, r2
.Ltmp63:
	bls	.LBB2_1
.Ltmp64:
@ %bb.4:
	@DEBUG_VALUE: Write:adr <- $r5
	@DEBUG_VALUE: Write:Address <- $r5
	@DEBUG_VALUE: Write:buffer <- $r4
	@DEBUG_VALUE: Write:Size <- $r1
	sub.w	r0, r2, #768
	b	.LBB2_6
.Ltmp65:
	.p2align	2
.LBB2_5:
	@DEBUG_VALUE: Write:current_addr <- [DW_OP_plus_uconst 256, DW_OP_stack_value] $r0
	@DEBUG_VALUE: Write:adr <- $r5
	@DEBUG_VALUE: Write:Address <- $r5
	@DEBUG_VALUE: Write:buffer <- $r4
	@DEBUG_VALUE: Write:Size <- $r1
	.loc	1 0 5                           @ ../Core/Src/Loader_Src.c:0:5
	mov	r0, r2
.Ltmp66:
.LBB2_6:
	@DEBUG_VALUE: Write:adr <- $r5
	@DEBUG_VALUE: Write:Address <- $r5
	@DEBUG_VALUE: Write:buffer <- $r4
	@DEBUG_VALUE: Write:Size <- $r1
	.loc	1 111 33 is_stmt 1              @ ../Core/Src/Loader_Src.c:111:33
	subs	r7, r0, r5
.Ltmp67:
	@DEBUG_VALUE: Write:current_size <- $r7
	.loc	1 119 20                        @ ../Core/Src/Loader_Src.c:119:20
	adds	r6, r1, r5
.Ltmp68:
	@DEBUG_VALUE: Write:end_addr <- $r6
	.loc	1 0 20 is_stmt 0                @ ../Core/Src/Loader_Src.c:0:20
	adr.w	r8, .LCPI2_0
	.loc	1 114 9 is_stmt 1               @ ../Core/Src/Loader_Src.c:114:9
	cmp	r7, r1
	it	hs
	movhs	r7, r1
.Ltmp69:
	@DEBUG_VALUE: Write:Size <- $r7
	@DEBUG_VALUE: Write:current_size <- $r7
	@DEBUG_VALUE: Write:current_addr <- $r5
	.p2align	2
.LBB2_7:                                @ =>This Inner Loop Header: Depth=1
	@DEBUG_VALUE: Write:current_addr <- $r5
	@DEBUG_VALUE: Write:end_addr <- $r6
	@DEBUG_VALUE: Write:current_size <- $r7
	@DEBUG_VALUE: Write:buffer <- $r4
	@DEBUG_VALUE: Write:buffer <- $r4
	@DEBUG_VALUE: Write:current_addr <- $r5
	@DEBUG_VALUE: Write:current_size <- $r7
	.loc	1 124 3                         @ ../Core/Src/Loader_Src.c:124:3
	mov	r0, r8
	bl	puts
.Ltmp70:
	.loc	1 125 9                         @ ../Core/Src/Loader_Src.c:125:9
	uxth	r2, r7
	mov	r0, r5
	mov	r1, r4
	bl	W25QXX_ProgramPage
.Ltmp71:
	.loc	1 128 22                        @ ../Core/Src/Loader_Src.c:128:22
	add	r5, r7
.Ltmp72:
	@DEBUG_VALUE: Write:Address <- [DW_OP_LLVM_entry_value 1] $r0
	@DEBUG_VALUE: Write:current_addr <- $r5
	.loc	1 127 16                        @ ../Core/Src/Loader_Src.c:127:16
	add	r4, r7
.Ltmp73:
	@DEBUG_VALUE: Write:buffer <- $r4
	.loc	1 129 39                        @ ../Core/Src/Loader_Src.c:129:39
	add.w	r0, r5, #256
	.loc	1 129 24 is_stmt 0              @ ../Core/Src/Loader_Src.c:129:24
	mov.w	r7, #256
.Ltmp74:
	@DEBUG_VALUE: Write:Size <- [DW_OP_LLVM_entry_value 1] $r1
	cmp	r0, r6
	it	hi
	subhi	r7, r6, r5
.Ltmp75:
	@DEBUG_VALUE: Write:current_size <- $r7
	.loc	1 130 5 is_stmt 1               @ ../Core/Src/Loader_Src.c:130:5
	cmp	r6, r5
	bhi	.LBB2_7
.Ltmp76:
@ %bb.8:
	@DEBUG_VALUE: Write:current_addr <- $r5
	@DEBUG_VALUE: Write:end_addr <- $r6
	@DEBUG_VALUE: Write:current_size <- $r7
	@DEBUG_VALUE: Write:buffer <- $r4
	.loc	1 133 5                         @ ../Core/Src/Loader_Src.c:133:5
	movs	r0, #1
	pop.w	{r4, r5, r6, r7, r8, pc}
.Ltmp77:
	.p2align	2
@ %bb.9:
	.loc	1 0 5 is_stmt 0                 @ ../Core/Src/Loader_Src.c:0:5
.LCPI2_0:
.Lstr:
	.asciz	"writing\r\000\000\000"
.Lfunc_end2:
	.size	Write, .Lfunc_end2-Write
	.cfi_endproc
	.cantunwind
	.fnend
                                        @ -- End function
	.hidden	MassErase                       @ -- Begin function MassErase
	.globl	MassErase
	.p2align	3
	.type	MassErase,%function
	.code	16                              @ @MassErase
	.thumb_func
MassErase:
.Lfunc_begin3:
	.loc	1 148 0 is_stmt 1               @ ../Core/Src/Loader_Src.c:148:0
	.fnstart
	.cfi_startproc
@ %bb.0:
	.save	{r7, lr}
	push	{r7, lr}
	.cfi_def_cfa_offset 8
	.cfi_offset lr, -4
	.cfi_offset r7, -8
.Ltmp78:
	.loc	1 149 2 prologue_end            @ ../Core/Src/Loader_Src.c:149:2
	bl	W25QXX_Erase_Chip
.Ltmp79:
	.loc	1 150 2                         @ ../Core/Src/Loader_Src.c:150:2
	movs	r0, #1
	pop	{r7, pc}
.Ltmp80:
.Lfunc_end3:
	.size	MassErase, .Lfunc_end3-MassErase
	.cfi_endproc
	.cantunwind
	.fnend
                                        @ -- End function
	.hidden	SectorErase                     @ -- Begin function SectorErase
	.globl	SectorErase
	.p2align	3
	.type	SectorErase,%function
	.code	16                              @ @SectorErase
	.thumb_func
SectorErase:
.Lfunc_begin4:
	.loc	1 166 0                         @ ../Core/Src/Loader_Src.c:166:0
	.fnstart
	.cfi_startproc
@ %bb.0:
	@DEBUG_VALUE: SectorErase:EraseStartAddress <- $r0
	@DEBUG_VALUE: SectorErase:EraseEndAddress <- $r1
	.save	{r4, r5, r7, lr}
	push	{r4, r5, r7, lr}
	.cfi_def_cfa_offset 16
	.cfi_offset lr, -4
	.cfi_offset r7, -8
	.cfi_offset r5, -12
	.cfi_offset r4, -16
	movw	r2, #65535
.Ltmp81:
	.loc	1 168 40 prologue_end           @ ../Core/Src/Loader_Src.c:168:40
	bic.w	r4, r0, r2
.Ltmp82:
	@DEBUG_VALUE: SectorErase:EraseStartAddress <- $r4
	@DEBUG_VALUE: SectorErase:EraseEndAddress <- $r1
	.loc	1 170 2                         @ ../Core/Src/Loader_Src.c:170:2
	cmp	r4, r1
	bhs	.LBB4_3
.Ltmp83:
@ %bb.1:
	@DEBUG_VALUE: SectorErase:EraseStartAddress <- $r4
	@DEBUG_VALUE: SectorErase:EraseEndAddress <- $r1
	.loc	1 0 2 is_stmt 0                 @ ../Core/Src/Loader_Src.c:0:2
	mov	r5, r1
.Ltmp84:
	@DEBUG_VALUE: SectorErase:EraseEndAddress <- $r5
	@DEBUG_VALUE: SectorErase:EraseEndAddress <- $r5
	.p2align	2
.LBB4_2:                                @ =>This Inner Loop Header: Depth=1
	@DEBUG_VALUE: SectorErase:EraseEndAddress <- $r5
	@DEBUG_VALUE: SectorErase:EraseStartAddress <- $r4
	@DEBUG_VALUE: SectorErase:EraseStartAddress <- $r4
	@DEBUG_VALUE: SectorErase:BlockAddr <- $r4
	.loc	1 173 3 is_stmt 1               @ ../Core/Src/Loader_Src.c:173:3
	mov	r0, r4
	bl	W25QXX_Erase_64KB_Block
.Ltmp85:
	.loc	1 174 21                        @ ../Core/Src/Loader_Src.c:174:21
	add.w	r4, r4, #65536
.Ltmp86:
	@DEBUG_VALUE: SectorErase:EraseStartAddress <- $r4
	.loc	1 170 2                         @ ../Core/Src/Loader_Src.c:170:2
	cmp	r4, r5
	blo	.LBB4_2
.Ltmp87:
.LBB4_3:
	@DEBUG_VALUE: SectorErase:EraseStartAddress <- $r4
	.loc	1 177 2                         @ ../Core/Src/Loader_Src.c:177:2
	movs	r0, #1
	pop	{r4, r5, r7, pc}
.Ltmp88:
.Lfunc_end4:
	.size	SectorErase, .Lfunc_end4-SectorErase
	.cfi_endproc
	.cantunwind
	.fnend
                                        @ -- End function
	.section	.debug_loc,"",%progbits
.Ldebug_loc0:
	.long	.Ltmp9-.Lfunc_begin0
	.long	.Ltmp15-.Lfunc_begin0
	.short	3                               @ Loc expr size
	.byte	114                             @ DW_OP_breg2
	.byte	1                               @ 1
	.byte	159                             @ DW_OP_stack_value
	.long	.Ltmp15-.Lfunc_begin0
	.long	.Ltmp18-.Lfunc_begin0
	.short	5                               @ Loc expr size
	.byte	114                             @ DW_OP_breg2
	.byte	1                               @ 1
	.byte	35                              @ DW_OP_plus_uconst
	.byte	1                               @ 1
	.byte	159                             @ DW_OP_stack_value
	.long	.Ltmp18-.Lfunc_begin0
	.long	.Ltmp20-.Lfunc_begin0
	.short	3                               @ Loc expr size
	.byte	114                             @ DW_OP_breg2
	.byte	4                               @ 4
	.byte	159                             @ DW_OP_stack_value
	.long	0
	.long	0
.Ldebug_loc1:
	.long	.Lfunc_begin1-.Lfunc_begin0
	.long	.Ltmp32-.Lfunc_begin0
	.short	1                               @ Loc expr size
	.byte	80                              @ DW_OP_reg0
	.long	.Ltmp32-.Lfunc_begin0
	.long	.Ltmp35-.Lfunc_begin0
	.short	1                               @ Loc expr size
	.byte	86                              @ DW_OP_reg6
	.long	.Ltmp37-.Lfunc_begin0
	.long	.Ltmp38-.Lfunc_begin0
	.short	1                               @ Loc expr size
	.byte	86                              @ DW_OP_reg6
	.long	.Ltmp38-.Lfunc_begin0
	.long	.Ltmp41-.Lfunc_begin0
	.short	3                               @ Loc expr size
	.byte	118                             @ DW_OP_breg6
	.byte	1                               @ 1
	.byte	159                             @ DW_OP_stack_value
	.long	.Ltmp41-.Lfunc_begin0
	.long	.Ltmp42-.Lfunc_begin0
	.short	1                               @ Loc expr size
	.byte	86                              @ DW_OP_reg6
	.long	.Ltmp42-.Lfunc_begin0
	.long	.Ltmp45-.Lfunc_begin0
	.short	3                               @ Loc expr size
	.byte	118                             @ DW_OP_breg6
	.byte	1                               @ 1
	.byte	159                             @ DW_OP_stack_value
	.long	.Ltmp46-.Lfunc_begin0
	.long	.Ltmp50-.Lfunc_begin0
	.short	5                               @ Loc expr size
	.byte	118                             @ DW_OP_breg6
	.byte	2                               @ 2
	.byte	35                              @ DW_OP_plus_uconst
	.byte	1                               @ 1
	.byte	159                             @ DW_OP_stack_value
	.long	.Ltmp51-.Lfunc_begin0
	.long	.Ltmp54-.Lfunc_begin0
	.short	3                               @ Loc expr size
	.byte	118                             @ DW_OP_breg6
	.byte	4                               @ 4
	.byte	159                             @ DW_OP_stack_value
	.long	0
	.long	0
.Ldebug_loc2:
	.long	.Lfunc_begin1-.Lfunc_begin0
	.long	.Ltmp31-.Lfunc_begin0
	.short	1                               @ Loc expr size
	.byte	81                              @ DW_OP_reg1
	.long	.Ltmp31-.Lfunc_begin0
	.long	.Ltmp55-.Lfunc_begin0
	.short	1                               @ Loc expr size
	.byte	85                              @ DW_OP_reg5
	.long	0
	.long	0
.Ldebug_loc3:
	.long	.Lfunc_begin1-.Lfunc_begin0
	.long	.Ltmp30-.Lfunc_begin0
	.short	1                               @ Loc expr size
	.byte	82                              @ DW_OP_reg2
	.long	.Ltmp30-.Lfunc_begin0
	.long	.Ltmp35-.Lfunc_begin0
	.short	1                               @ Loc expr size
	.byte	84                              @ DW_OP_reg4
	.long	.Ltmp37-.Lfunc_begin0
	.long	.Ltmp38-.Lfunc_begin0
	.short	1                               @ Loc expr size
	.byte	84                              @ DW_OP_reg4
	.long	.Ltmp38-.Lfunc_begin0
	.long	.Ltmp42-.Lfunc_begin0
	.short	3                               @ Loc expr size
	.byte	116                             @ DW_OP_breg4
	.byte	1                               @ 1
	.byte	159                             @ DW_OP_stack_value
	.long	.Ltmp42-.Lfunc_begin0
	.long	.Ltmp44-.Lfunc_begin0
	.short	5                               @ Loc expr size
	.byte	116                             @ DW_OP_breg4
	.byte	1                               @ 1
	.byte	35                              @ DW_OP_plus_uconst
	.byte	1                               @ 1
	.byte	159                             @ DW_OP_stack_value
	.long	.Ltmp44-.Lfunc_begin0
	.long	.Ltmp46-.Lfunc_begin0
	.short	3                               @ Loc expr size
	.byte	116                             @ DW_OP_breg4
	.byte	2                               @ 2
	.byte	159                             @ DW_OP_stack_value
	.long	.Ltmp46-.Lfunc_begin0
	.long	.Ltmp48-.Lfunc_begin0
	.short	5                               @ Loc expr size
	.byte	116                             @ DW_OP_breg4
	.byte	2                               @ 2
	.byte	35                              @ DW_OP_plus_uconst
	.byte	1                               @ 1
	.byte	159                             @ DW_OP_stack_value
	.long	.Ltmp48-.Lfunc_begin0
	.long	.Ltmp51-.Lfunc_begin0
	.short	3                               @ Loc expr size
	.byte	116                             @ DW_OP_breg4
	.byte	3                               @ 3
	.byte	159                             @ DW_OP_stack_value
	.long	.Ltmp51-.Lfunc_begin0
	.long	.Ltmp52-.Lfunc_begin0
	.short	3                               @ Loc expr size
	.byte	116                             @ DW_OP_breg4
	.byte	4                               @ 4
	.byte	159                             @ DW_OP_stack_value
	.long	0
	.long	0
.Ldebug_loc4:
	.long	.Lfunc_begin2-.Lfunc_begin0
	.long	.Ltmp58-.Lfunc_begin0
	.short	1                               @ Loc expr size
	.byte	80                              @ DW_OP_reg0
	.long	.Ltmp58-.Lfunc_begin0
	.long	.Ltmp69-.Lfunc_begin0
	.short	1                               @ Loc expr size
	.byte	85                              @ DW_OP_reg5
	.long	.Ltmp72-.Lfunc_begin0
	.long	.Ltmp76-.Lfunc_begin0
	.short	4                               @ Loc expr size
	.byte	243                             @ DW_OP_GNU_entry_value
	.byte	1                               @ 1
	.byte	80                              @ DW_OP_reg0
	.byte	159                             @ DW_OP_stack_value
	.long	0
	.long	0
.Ldebug_loc5:
	.long	.Lfunc_begin2-.Lfunc_begin0
	.long	.Ltmp69-.Lfunc_begin0
	.short	1                               @ Loc expr size
	.byte	81                              @ DW_OP_reg1
	.long	.Ltmp74-.Lfunc_begin0
	.long	.Ltmp76-.Lfunc_begin0
	.short	4                               @ Loc expr size
	.byte	243                             @ DW_OP_GNU_entry_value
	.byte	1                               @ 1
	.byte	81                              @ DW_OP_reg1
	.byte	159                             @ DW_OP_stack_value
	.long	0
	.long	0
.Ldebug_loc6:
	.long	.Lfunc_begin2-.Lfunc_begin0
	.long	.Ltmp57-.Lfunc_begin0
	.short	1                               @ Loc expr size
	.byte	82                              @ DW_OP_reg2
	.long	.Ltmp57-.Lfunc_begin0
	.long	.Ltmp77-.Lfunc_begin0
	.short	1                               @ Loc expr size
	.byte	84                              @ DW_OP_reg4
	.long	0
	.long	0
.Ldebug_loc7:
	.long	.Ltmp56-.Lfunc_begin0
	.long	.Ltmp58-.Lfunc_begin0
	.short	1                               @ Loc expr size
	.byte	80                              @ DW_OP_reg0
	.long	.Ltmp58-.Lfunc_begin0
	.long	.Ltmp69-.Lfunc_begin0
	.short	1                               @ Loc expr size
	.byte	85                              @ DW_OP_reg5
	.long	0
	.long	0
.Ldebug_loc8:
	.long	.Ltmp59-.Lfunc_begin0
	.long	.Ltmp60-.Lfunc_begin0
	.short	4                               @ Loc expr size
	.byte	112                             @ DW_OP_breg0
	.byte	128                             @ -512
	.byte	124                             @ 
	.byte	159                             @ DW_OP_stack_value
	.long	.Ltmp60-.Lfunc_begin0
	.long	.Ltmp62-.Lfunc_begin0
	.short	4                               @ Loc expr size
	.byte	112                             @ DW_OP_breg0
	.byte	128                             @ 256
	.byte	2                               @ 
	.byte	159                             @ DW_OP_stack_value
	.long	.Ltmp62-.Lfunc_begin0
	.long	.Ltmp63-.Lfunc_begin0
	.short	4                               @ Loc expr size
	.byte	112                             @ DW_OP_breg0
	.byte	128                             @ 512
	.byte	4                               @ 
	.byte	159                             @ DW_OP_stack_value
	.long	.Ltmp65-.Lfunc_begin0
	.long	.Ltmp66-.Lfunc_begin0
	.short	4                               @ Loc expr size
	.byte	112                             @ DW_OP_breg0
	.byte	128                             @ 256
	.byte	2                               @ 
	.byte	159                             @ DW_OP_stack_value
	.long	.Ltmp69-.Lfunc_begin0
	.long	.Ltmp77-.Lfunc_begin0
	.short	1                               @ Loc expr size
	.byte	85                              @ DW_OP_reg5
	.long	0
	.long	0
.Ldebug_loc9:
	.long	.Ltmp67-.Lfunc_begin0
	.long	.Ltmp74-.Lfunc_begin0
	.short	1                               @ Loc expr size
	.byte	87                              @ DW_OP_reg7
	.long	.Ltmp75-.Lfunc_begin0
	.long	.Ltmp77-.Lfunc_begin0
	.short	1                               @ Loc expr size
	.byte	87                              @ DW_OP_reg7
	.long	0
	.long	0
.Ldebug_loc10:
	.long	.Ltmp68-.Lfunc_begin0
	.long	.Ltmp77-.Lfunc_begin0
	.short	1                               @ Loc expr size
	.byte	86                              @ DW_OP_reg6
	.long	0
	.long	0
.Ldebug_loc11:
	.long	.Lfunc_begin4-.Lfunc_begin0
	.long	.Ltmp82-.Lfunc_begin0
	.short	1                               @ Loc expr size
	.byte	80                              @ DW_OP_reg0
	.long	.Ltmp82-.Lfunc_begin0
	.long	.Ltmp88-.Lfunc_begin0
	.short	1                               @ Loc expr size
	.byte	84                              @ DW_OP_reg4
	.long	0
	.long	0
.Ldebug_loc12:
	.long	.Lfunc_begin4-.Lfunc_begin0
	.long	.Ltmp84-.Lfunc_begin0
	.short	1                               @ Loc expr size
	.byte	81                              @ DW_OP_reg1
	.long	.Ltmp84-.Lfunc_begin0
	.long	.Ltmp87-.Lfunc_begin0
	.short	1                               @ Loc expr size
	.byte	85                              @ DW_OP_reg5
	.long	0
	.long	0
.Ldebug_loc13:
	.long	.Ltmp84-.Lfunc_begin0
	.long	.Ltmp86-.Lfunc_begin0
	.short	1                               @ Loc expr size
	.byte	84                              @ DW_OP_reg4
	.long	0
	.long	0
	.section	.debug_abbrev,"",%progbits
	.byte	1                               @ Abbreviation Code
	.byte	17                              @ DW_TAG_compile_unit
	.byte	1                               @ DW_CHILDREN_yes
	.byte	37                              @ DW_AT_producer
	.byte	14                              @ DW_FORM_strp
	.byte	19                              @ DW_AT_language
	.byte	5                               @ DW_FORM_data2
	.byte	3                               @ DW_AT_name
	.byte	14                              @ DW_FORM_strp
	.byte	16                              @ DW_AT_stmt_list
	.byte	23                              @ DW_FORM_sec_offset
	.byte	27                              @ DW_AT_comp_dir
	.byte	14                              @ DW_FORM_strp
	.byte	17                              @ DW_AT_low_pc
	.byte	1                               @ DW_FORM_addr
	.byte	18                              @ DW_AT_high_pc
	.byte	6                               @ DW_FORM_data4
	.byte	0                               @ EOM(1)
	.byte	0                               @ EOM(2)
	.byte	2                               @ Abbreviation Code
	.byte	52                              @ DW_TAG_variable
	.byte	0                               @ DW_CHILDREN_no
	.byte	73                              @ DW_AT_type
	.byte	19                              @ DW_FORM_ref4
	.byte	58                              @ DW_AT_decl_file
	.byte	11                              @ DW_FORM_data1
	.byte	59                              @ DW_AT_decl_line
	.byte	11                              @ DW_FORM_data1
	.byte	2                               @ DW_AT_location
	.byte	24                              @ DW_FORM_exprloc
	.byte	0                               @ EOM(1)
	.byte	0                               @ EOM(2)
	.byte	3                               @ Abbreviation Code
	.byte	1                               @ DW_TAG_array_type
	.byte	1                               @ DW_CHILDREN_yes
	.byte	73                              @ DW_AT_type
	.byte	19                              @ DW_FORM_ref4
	.byte	0                               @ EOM(1)
	.byte	0                               @ EOM(2)
	.byte	4                               @ Abbreviation Code
	.byte	33                              @ DW_TAG_subrange_type
	.byte	0                               @ DW_CHILDREN_no
	.byte	73                              @ DW_AT_type
	.byte	19                              @ DW_FORM_ref4
	.byte	55                              @ DW_AT_count
	.byte	11                              @ DW_FORM_data1
	.byte	0                               @ EOM(1)
	.byte	0                               @ EOM(2)
	.byte	5                               @ Abbreviation Code
	.byte	36                              @ DW_TAG_base_type
	.byte	0                               @ DW_CHILDREN_no
	.byte	3                               @ DW_AT_name
	.byte	14                              @ DW_FORM_strp
	.byte	62                              @ DW_AT_encoding
	.byte	11                              @ DW_FORM_data1
	.byte	11                              @ DW_AT_byte_size
	.byte	11                              @ DW_FORM_data1
	.byte	0                               @ EOM(1)
	.byte	0                               @ EOM(2)
	.byte	6                               @ Abbreviation Code
	.byte	36                              @ DW_TAG_base_type
	.byte	0                               @ DW_CHILDREN_no
	.byte	3                               @ DW_AT_name
	.byte	14                              @ DW_FORM_strp
	.byte	11                              @ DW_AT_byte_size
	.byte	11                              @ DW_FORM_data1
	.byte	62                              @ DW_AT_encoding
	.byte	11                              @ DW_FORM_data1
	.byte	0                               @ EOM(1)
	.byte	0                               @ EOM(2)
	.byte	7                               @ Abbreviation Code
	.byte	52                              @ DW_TAG_variable
	.byte	0                               @ DW_CHILDREN_no
	.byte	73                              @ DW_AT_type
	.byte	19                              @ DW_FORM_ref4
	.byte	58                              @ DW_AT_decl_file
	.byte	11                              @ DW_FORM_data1
	.byte	59                              @ DW_AT_decl_line
	.byte	11                              @ DW_FORM_data1
	.byte	0                               @ EOM(1)
	.byte	0                               @ EOM(2)
	.byte	8                               @ Abbreviation Code
	.byte	4                               @ DW_TAG_enumeration_type
	.byte	1                               @ DW_CHILDREN_yes
	.byte	73                              @ DW_AT_type
	.byte	19                              @ DW_FORM_ref4
	.byte	11                              @ DW_AT_byte_size
	.byte	11                              @ DW_FORM_data1
	.byte	58                              @ DW_AT_decl_file
	.byte	11                              @ DW_FORM_data1
	.byte	59                              @ DW_AT_decl_line
	.byte	11                              @ DW_FORM_data1
	.byte	0                               @ EOM(1)
	.byte	0                               @ EOM(2)
	.byte	9                               @ Abbreviation Code
	.byte	40                              @ DW_TAG_enumerator
	.byte	0                               @ DW_CHILDREN_no
	.byte	3                               @ DW_AT_name
	.byte	14                              @ DW_FORM_strp
	.byte	28                              @ DW_AT_const_value
	.byte	15                              @ DW_FORM_udata
	.byte	0                               @ EOM(1)
	.byte	0                               @ EOM(2)
	.byte	10                              @ Abbreviation Code
	.byte	15                              @ DW_TAG_pointer_type
	.byte	0                               @ DW_CHILDREN_no
	.byte	73                              @ DW_AT_type
	.byte	19                              @ DW_FORM_ref4
	.byte	0                               @ EOM(1)
	.byte	0                               @ EOM(2)
	.byte	11                              @ Abbreviation Code
	.byte	22                              @ DW_TAG_typedef
	.byte	0                               @ DW_CHILDREN_no
	.byte	73                              @ DW_AT_type
	.byte	19                              @ DW_FORM_ref4
	.byte	3                               @ DW_AT_name
	.byte	14                              @ DW_FORM_strp
	.byte	58                              @ DW_AT_decl_file
	.byte	11                              @ DW_FORM_data1
	.byte	59                              @ DW_AT_decl_line
	.byte	11                              @ DW_FORM_data1
	.byte	0                               @ EOM(1)
	.byte	0                               @ EOM(2)
	.byte	12                              @ Abbreviation Code
	.byte	22                              @ DW_TAG_typedef
	.byte	0                               @ DW_CHILDREN_no
	.byte	73                              @ DW_AT_type
	.byte	19                              @ DW_FORM_ref4
	.byte	3                               @ DW_AT_name
	.byte	14                              @ DW_FORM_strp
	.byte	58                              @ DW_AT_decl_file
	.byte	11                              @ DW_FORM_data1
	.byte	59                              @ DW_AT_decl_line
	.byte	5                               @ DW_FORM_data2
	.byte	0                               @ EOM(1)
	.byte	0                               @ EOM(2)
	.byte	13                              @ Abbreviation Code
	.byte	19                              @ DW_TAG_structure_type
	.byte	1                               @ DW_CHILDREN_yes
	.byte	11                              @ DW_AT_byte_size
	.byte	11                              @ DW_FORM_data1
	.byte	58                              @ DW_AT_decl_file
	.byte	11                              @ DW_FORM_data1
	.byte	59                              @ DW_AT_decl_line
	.byte	5                               @ DW_FORM_data2
	.byte	0                               @ EOM(1)
	.byte	0                               @ EOM(2)
	.byte	14                              @ Abbreviation Code
	.byte	13                              @ DW_TAG_member
	.byte	0                               @ DW_CHILDREN_no
	.byte	3                               @ DW_AT_name
	.byte	14                              @ DW_FORM_strp
	.byte	73                              @ DW_AT_type
	.byte	19                              @ DW_FORM_ref4
	.byte	58                              @ DW_AT_decl_file
	.byte	11                              @ DW_FORM_data1
	.byte	59                              @ DW_AT_decl_line
	.byte	5                               @ DW_FORM_data2
	.byte	56                              @ DW_AT_data_member_location
	.byte	11                              @ DW_FORM_data1
	.byte	0                               @ EOM(1)
	.byte	0                               @ EOM(2)
	.byte	15                              @ Abbreviation Code
	.byte	53                              @ DW_TAG_volatile_type
	.byte	0                               @ DW_CHILDREN_no
	.byte	73                              @ DW_AT_type
	.byte	19                              @ DW_FORM_ref4
	.byte	0                               @ EOM(1)
	.byte	0                               @ EOM(2)
	.byte	16                              @ Abbreviation Code
	.byte	46                              @ DW_TAG_subprogram
	.byte	1                               @ DW_CHILDREN_yes
	.byte	17                              @ DW_AT_low_pc
	.byte	1                               @ DW_FORM_addr
	.byte	18                              @ DW_AT_high_pc
	.byte	6                               @ DW_FORM_data4
	.byte	64                              @ DW_AT_frame_base
	.byte	24                              @ DW_FORM_exprloc
	.ascii	"\227B"                         @ DW_AT_GNU_all_call_sites
	.byte	25                              @ DW_FORM_flag_present
	.byte	3                               @ DW_AT_name
	.byte	14                              @ DW_FORM_strp
	.byte	58                              @ DW_AT_decl_file
	.byte	11                              @ DW_FORM_data1
	.byte	59                              @ DW_AT_decl_line
	.byte	11                              @ DW_FORM_data1
	.byte	39                              @ DW_AT_prototyped
	.byte	25                              @ DW_FORM_flag_present
	.byte	73                              @ DW_AT_type
	.byte	19                              @ DW_FORM_ref4
	.byte	63                              @ DW_AT_external
	.byte	25                              @ DW_FORM_flag_present
	.byte	0                               @ EOM(1)
	.byte	0                               @ EOM(2)
	.byte	17                              @ Abbreviation Code
	.byte	52                              @ DW_TAG_variable
	.byte	0                               @ DW_CHILDREN_no
	.byte	2                               @ DW_AT_location
	.byte	23                              @ DW_FORM_sec_offset
	.byte	3                               @ DW_AT_name
	.byte	14                              @ DW_FORM_strp
	.byte	58                              @ DW_AT_decl_file
	.byte	11                              @ DW_FORM_data1
	.byte	59                              @ DW_AT_decl_line
	.byte	11                              @ DW_FORM_data1
	.byte	73                              @ DW_AT_type
	.byte	19                              @ DW_FORM_ref4
	.byte	0                               @ EOM(1)
	.byte	0                               @ EOM(2)
	.byte	18                              @ Abbreviation Code
	.byte	11                              @ DW_TAG_lexical_block
	.byte	1                               @ DW_CHILDREN_yes
	.byte	17                              @ DW_AT_low_pc
	.byte	1                               @ DW_FORM_addr
	.byte	18                              @ DW_AT_high_pc
	.byte	6                               @ DW_FORM_data4
	.byte	0                               @ EOM(1)
	.byte	0                               @ EOM(2)
	.byte	19                              @ Abbreviation Code
	.byte	52                              @ DW_TAG_variable
	.byte	0                               @ DW_CHILDREN_no
	.byte	2                               @ DW_AT_location
	.byte	24                              @ DW_FORM_exprloc
	.byte	3                               @ DW_AT_name
	.byte	14                              @ DW_FORM_strp
	.byte	58                              @ DW_AT_decl_file
	.byte	11                              @ DW_FORM_data1
	.byte	59                              @ DW_AT_decl_line
	.byte	11                              @ DW_FORM_data1
	.byte	73                              @ DW_AT_type
	.byte	19                              @ DW_FORM_ref4
	.byte	0                               @ EOM(1)
	.byte	0                               @ EOM(2)
	.byte	20                              @ Abbreviation Code
	.byte	5                               @ DW_TAG_formal_parameter
	.byte	0                               @ DW_CHILDREN_no
	.byte	2                               @ DW_AT_location
	.byte	23                              @ DW_FORM_sec_offset
	.byte	3                               @ DW_AT_name
	.byte	14                              @ DW_FORM_strp
	.byte	58                              @ DW_AT_decl_file
	.byte	11                              @ DW_FORM_data1
	.byte	59                              @ DW_AT_decl_line
	.byte	11                              @ DW_FORM_data1
	.byte	73                              @ DW_AT_type
	.byte	19                              @ DW_FORM_ref4
	.byte	0                               @ EOM(1)
	.byte	0                               @ EOM(2)
	.byte	21                              @ Abbreviation Code
	.byte	46                              @ DW_TAG_subprogram
	.byte	0                               @ DW_CHILDREN_no
	.byte	17                              @ DW_AT_low_pc
	.byte	1                               @ DW_FORM_addr
	.byte	18                              @ DW_AT_high_pc
	.byte	6                               @ DW_FORM_data4
	.byte	64                              @ DW_AT_frame_base
	.byte	24                              @ DW_FORM_exprloc
	.ascii	"\227B"                         @ DW_AT_GNU_all_call_sites
	.byte	25                              @ DW_FORM_flag_present
	.byte	3                               @ DW_AT_name
	.byte	14                              @ DW_FORM_strp
	.byte	58                              @ DW_AT_decl_file
	.byte	11                              @ DW_FORM_data1
	.byte	59                              @ DW_AT_decl_line
	.byte	11                              @ DW_FORM_data1
	.byte	39                              @ DW_AT_prototyped
	.byte	25                              @ DW_FORM_flag_present
	.byte	73                              @ DW_AT_type
	.byte	19                              @ DW_FORM_ref4
	.byte	63                              @ DW_AT_external
	.byte	25                              @ DW_FORM_flag_present
	.byte	0                               @ EOM(1)
	.byte	0                               @ EOM(2)
	.byte	0                               @ EOM(3)
	.section	.debug_info,"",%progbits
.Lcu_begin0:
	.long	.Ldebug_info_end0-.Ldebug_info_start0 @ Length of Unit
.Ldebug_info_start0:
	.short	4                               @ DWARF version number
	.long	.debug_abbrev                   @ Offset Into Abbrev. Section
	.byte	4                               @ Address Size (in bytes)
	.byte	1                               @ Abbrev [1] 0xb:0x38f DW_TAG_compile_unit
	.long	.Linfo_string0                  @ DW_AT_producer
	.short	12                              @ DW_AT_language
	.long	.Linfo_string1                  @ DW_AT_name
	.long	.Lline_table_start0             @ DW_AT_stmt_list
	.long	.Linfo_string2                  @ DW_AT_comp_dir
	.long	.Lfunc_begin0                   @ DW_AT_low_pc
	.long	.Lfunc_end4-.Lfunc_begin0       @ DW_AT_high_pc
	.byte	2                               @ Abbrev [2] 0x26:0xd DW_TAG_variable
	.long	51                              @ DW_AT_type
	.byte	1                               @ DW_AT_decl_file
	.byte	50                              @ DW_AT_decl_line
	.byte	5                               @ DW_AT_location
	.byte	3
	.long	.L.str
	.byte	3                               @ Abbrev [3] 0x33:0xc DW_TAG_array_type
	.long	63                              @ DW_AT_type
	.byte	4                               @ Abbrev [4] 0x38:0x6 DW_TAG_subrange_type
	.long	70                              @ DW_AT_type
	.byte	7                               @ DW_AT_count
	.byte	0                               @ End Of Children Mark
	.byte	5                               @ Abbrev [5] 0x3f:0x7 DW_TAG_base_type
	.long	.Linfo_string3                  @ DW_AT_name
	.byte	8                               @ DW_AT_encoding
	.byte	1                               @ DW_AT_byte_size
	.byte	6                               @ Abbrev [6] 0x46:0x7 DW_TAG_base_type
	.long	.Linfo_string4                  @ DW_AT_name
	.byte	8                               @ DW_AT_byte_size
	.byte	7                               @ DW_AT_encoding
	.byte	7                               @ Abbrev [7] 0x4d:0x7 DW_TAG_variable
	.long	84                              @ DW_AT_type
	.byte	1                               @ DW_AT_decl_file
	.byte	124                             @ DW_AT_decl_line
	.byte	3                               @ Abbrev [3] 0x54:0xc DW_TAG_array_type
	.long	63                              @ DW_AT_type
	.byte	4                               @ Abbrev [4] 0x59:0x6 DW_TAG_subrange_type
	.long	70                              @ DW_AT_type
	.byte	10                              @ DW_AT_count
	.byte	0                               @ End Of Children Mark
	.byte	8                               @ Abbrev [8] 0x60:0x21 DW_TAG_enumeration_type
	.long	129                             @ DW_AT_type
	.byte	1                               @ DW_AT_byte_size
	.byte	2                               @ DW_AT_decl_file
	.byte	39                              @ DW_AT_decl_line
	.byte	9                               @ Abbrev [9] 0x68:0x6 DW_TAG_enumerator
	.long	.Linfo_string6                  @ DW_AT_name
	.byte	0                               @ DW_AT_const_value
	.byte	9                               @ Abbrev [9] 0x6e:0x6 DW_TAG_enumerator
	.long	.Linfo_string7                  @ DW_AT_name
	.byte	1                               @ DW_AT_const_value
	.byte	9                               @ Abbrev [9] 0x74:0x6 DW_TAG_enumerator
	.long	.Linfo_string8                  @ DW_AT_name
	.byte	2                               @ DW_AT_const_value
	.byte	9                               @ Abbrev [9] 0x7a:0x6 DW_TAG_enumerator
	.long	.Linfo_string9                  @ DW_AT_name
	.byte	3                               @ DW_AT_const_value
	.byte	0                               @ End Of Children Mark
	.byte	5                               @ Abbrev [5] 0x81:0x7 DW_TAG_base_type
	.long	.Linfo_string5                  @ DW_AT_name
	.byte	8                               @ DW_AT_encoding
	.byte	1                               @ DW_AT_byte_size
	.byte	8                               @ Abbrev [8] 0x88:0x15 DW_TAG_enumeration_type
	.long	129                             @ DW_AT_type
	.byte	1                               @ DW_AT_byte_size
	.byte	2                               @ DW_AT_decl_file
	.byte	50                              @ DW_AT_decl_line
	.byte	9                               @ Abbrev [9] 0x90:0x6 DW_TAG_enumerator
	.long	.Linfo_string10                 @ DW_AT_name
	.byte	0                               @ DW_AT_const_value
	.byte	9                               @ Abbrev [9] 0x96:0x6 DW_TAG_enumerator
	.long	.Linfo_string11                 @ DW_AT_name
	.byte	1                               @ DW_AT_const_value
	.byte	0                               @ End Of Children Mark
	.byte	8                               @ Abbrev [8] 0x9d:0x27 DW_TAG_enumeration_type
	.long	129                             @ DW_AT_type
	.byte	1                               @ DW_AT_byte_size
	.byte	3                               @ DW_AT_decl_file
	.byte	161                             @ DW_AT_decl_line
	.byte	9                               @ Abbrev [9] 0xa5:0x6 DW_TAG_enumerator
	.long	.Linfo_string12                 @ DW_AT_name
	.byte	0                               @ DW_AT_const_value
	.byte	9                               @ Abbrev [9] 0xab:0x6 DW_TAG_enumerator
	.long	.Linfo_string13                 @ DW_AT_name
	.byte	1                               @ DW_AT_const_value
	.byte	9                               @ Abbrev [9] 0xb1:0x6 DW_TAG_enumerator
	.long	.Linfo_string14                 @ DW_AT_name
	.byte	2                               @ DW_AT_const_value
	.byte	9                               @ Abbrev [9] 0xb7:0x6 DW_TAG_enumerator
	.long	.Linfo_string15                 @ DW_AT_name
	.byte	3                               @ DW_AT_const_value
	.byte	9                               @ Abbrev [9] 0xbd:0x6 DW_TAG_enumerator
	.long	.Linfo_string16                 @ DW_AT_name
	.byte	4                               @ DW_AT_const_value
	.byte	0                               @ End Of Children Mark
	.byte	8                               @ Abbrev [8] 0xc4:0x40 DW_TAG_enumeration_type
	.long	129                             @ DW_AT_type
	.byte	1                               @ DW_AT_byte_size
	.byte	4                               @ DW_AT_decl_file
	.byte	76                              @ DW_AT_decl_line
	.byte	9                               @ Abbrev [9] 0xcc:0x6 DW_TAG_enumerator
	.long	.Linfo_string17                 @ DW_AT_name
	.byte	0                               @ DW_AT_const_value
	.byte	9                               @ Abbrev [9] 0xd2:0x6 DW_TAG_enumerator
	.long	.Linfo_string18                 @ DW_AT_name
	.byte	1                               @ DW_AT_const_value
	.byte	9                               @ Abbrev [9] 0xd8:0x6 DW_TAG_enumerator
	.long	.Linfo_string19                 @ DW_AT_name
	.byte	2                               @ DW_AT_const_value
	.byte	9                               @ Abbrev [9] 0xde:0x6 DW_TAG_enumerator
	.long	.Linfo_string20                 @ DW_AT_name
	.byte	18                              @ DW_AT_const_value
	.byte	9                               @ Abbrev [9] 0xe4:0x6 DW_TAG_enumerator
	.long	.Linfo_string21                 @ DW_AT_name
	.byte	34                              @ DW_AT_const_value
	.byte	9                               @ Abbrev [9] 0xea:0x6 DW_TAG_enumerator
	.long	.Linfo_string22                 @ DW_AT_name
	.byte	66                              @ DW_AT_const_value
	.byte	9                               @ Abbrev [9] 0xf0:0x7 DW_TAG_enumerator
	.long	.Linfo_string23                 @ DW_AT_name
	.ascii	"\202\001"                      @ DW_AT_const_value
	.byte	9                               @ Abbrev [9] 0xf7:0x6 DW_TAG_enumerator
	.long	.Linfo_string24                 @ DW_AT_name
	.byte	8                               @ DW_AT_const_value
	.byte	9                               @ Abbrev [9] 0xfd:0x6 DW_TAG_enumerator
	.long	.Linfo_string25                 @ DW_AT_name
	.byte	4                               @ DW_AT_const_value
	.byte	0                               @ End Of Children Mark
	.byte	8                               @ Abbrev [8] 0x104:0x27 DW_TAG_enumeration_type
	.long	129                             @ DW_AT_type
	.byte	1                               @ DW_AT_byte_size
	.byte	5                               @ DW_AT_decl_file
	.byte	101                             @ DW_AT_decl_line
	.byte	9                               @ Abbrev [9] 0x10c:0x6 DW_TAG_enumerator
	.long	.Linfo_string26                 @ DW_AT_name
	.byte	0                               @ DW_AT_const_value
	.byte	9                               @ Abbrev [9] 0x112:0x6 DW_TAG_enumerator
	.long	.Linfo_string27                 @ DW_AT_name
	.byte	1                               @ DW_AT_const_value
	.byte	9                               @ Abbrev [9] 0x118:0x6 DW_TAG_enumerator
	.long	.Linfo_string28                 @ DW_AT_name
	.byte	2                               @ DW_AT_const_value
	.byte	9                               @ Abbrev [9] 0x11e:0x6 DW_TAG_enumerator
	.long	.Linfo_string29                 @ DW_AT_name
	.byte	3                               @ DW_AT_const_value
	.byte	9                               @ Abbrev [9] 0x124:0x6 DW_TAG_enumerator
	.long	.Linfo_string30                 @ DW_AT_name
	.byte	4                               @ DW_AT_const_value
	.byte	0                               @ End Of Children Mark
	.byte	10                              @ Abbrev [10] 0x12b:0x5 DW_TAG_pointer_type
	.long	304                             @ DW_AT_type
	.byte	11                              @ Abbrev [11] 0x130:0xb DW_TAG_typedef
	.long	129                             @ DW_AT_type
	.long	.Linfo_string31                 @ DW_AT_name
	.byte	6                               @ DW_AT_decl_file
	.byte	62                              @ DW_AT_decl_line
	.byte	10                              @ Abbrev [10] 0x13b:0x5 DW_TAG_pointer_type
	.long	320                             @ DW_AT_type
	.byte	12                              @ Abbrev [12] 0x140:0xc DW_TAG_typedef
	.long	332                             @ DW_AT_type
	.long	.Linfo_string47                 @ DW_AT_name
	.byte	7                               @ DW_AT_decl_file
	.short	1517                            @ DW_AT_decl_line
	.byte	13                              @ Abbrev [13] 0x14c:0xaf DW_TAG_structure_type
	.byte	52                              @ DW_AT_byte_size
	.byte	7                               @ DW_AT_decl_file
	.short	1502                            @ DW_AT_decl_line
	.byte	14                              @ Abbrev [14] 0x151:0xd DW_TAG_member
	.long	.Linfo_string32                 @ DW_AT_name
	.long	507                             @ DW_AT_type
	.byte	7                               @ DW_AT_decl_file
	.short	1504                            @ DW_AT_decl_line
	.byte	0                               @ DW_AT_data_member_location
	.byte	14                              @ Abbrev [14] 0x15e:0xd DW_TAG_member
	.long	.Linfo_string35                 @ DW_AT_name
	.long	507                             @ DW_AT_type
	.byte	7                               @ DW_AT_decl_file
	.short	1505                            @ DW_AT_decl_line
	.byte	4                               @ DW_AT_data_member_location
	.byte	14                              @ Abbrev [14] 0x16b:0xd DW_TAG_member
	.long	.Linfo_string36                 @ DW_AT_name
	.long	507                             @ DW_AT_type
	.byte	7                               @ DW_AT_decl_file
	.short	1506                            @ DW_AT_decl_line
	.byte	8                               @ DW_AT_data_member_location
	.byte	14                              @ Abbrev [14] 0x178:0xd DW_TAG_member
	.long	.Linfo_string37                 @ DW_AT_name
	.long	507                             @ DW_AT_type
	.byte	7                               @ DW_AT_decl_file
	.short	1507                            @ DW_AT_decl_line
	.byte	12                              @ DW_AT_data_member_location
	.byte	14                              @ Abbrev [14] 0x185:0xd DW_TAG_member
	.long	.Linfo_string38                 @ DW_AT_name
	.long	507                             @ DW_AT_type
	.byte	7                               @ DW_AT_decl_file
	.short	1508                            @ DW_AT_decl_line
	.byte	16                              @ DW_AT_data_member_location
	.byte	14                              @ Abbrev [14] 0x192:0xd DW_TAG_member
	.long	.Linfo_string39                 @ DW_AT_name
	.long	507                             @ DW_AT_type
	.byte	7                               @ DW_AT_decl_file
	.short	1509                            @ DW_AT_decl_line
	.byte	20                              @ DW_AT_data_member_location
	.byte	14                              @ Abbrev [14] 0x19f:0xd DW_TAG_member
	.long	.Linfo_string40                 @ DW_AT_name
	.long	507                             @ DW_AT_type
	.byte	7                               @ DW_AT_decl_file
	.short	1510                            @ DW_AT_decl_line
	.byte	24                              @ DW_AT_data_member_location
	.byte	14                              @ Abbrev [14] 0x1ac:0xd DW_TAG_member
	.long	.Linfo_string41                 @ DW_AT_name
	.long	507                             @ DW_AT_type
	.byte	7                               @ DW_AT_decl_file
	.short	1511                            @ DW_AT_decl_line
	.byte	28                              @ DW_AT_data_member_location
	.byte	14                              @ Abbrev [14] 0x1b9:0xd DW_TAG_member
	.long	.Linfo_string42                 @ DW_AT_name
	.long	507                             @ DW_AT_type
	.byte	7                               @ DW_AT_decl_file
	.short	1512                            @ DW_AT_decl_line
	.byte	32                              @ DW_AT_data_member_location
	.byte	14                              @ Abbrev [14] 0x1c6:0xd DW_TAG_member
	.long	.Linfo_string43                 @ DW_AT_name
	.long	507                             @ DW_AT_type
	.byte	7                               @ DW_AT_decl_file
	.short	1513                            @ DW_AT_decl_line
	.byte	36                              @ DW_AT_data_member_location
	.byte	14                              @ Abbrev [14] 0x1d3:0xd DW_TAG_member
	.long	.Linfo_string44                 @ DW_AT_name
	.long	507                             @ DW_AT_type
	.byte	7                               @ DW_AT_decl_file
	.short	1514                            @ DW_AT_decl_line
	.byte	40                              @ DW_AT_data_member_location
	.byte	14                              @ Abbrev [14] 0x1e0:0xd DW_TAG_member
	.long	.Linfo_string45                 @ DW_AT_name
	.long	507                             @ DW_AT_type
	.byte	7                               @ DW_AT_decl_file
	.short	1515                            @ DW_AT_decl_line
	.byte	44                              @ DW_AT_data_member_location
	.byte	14                              @ Abbrev [14] 0x1ed:0xd DW_TAG_member
	.long	.Linfo_string46                 @ DW_AT_name
	.long	507                             @ DW_AT_type
	.byte	7                               @ DW_AT_decl_file
	.short	1516                            @ DW_AT_decl_line
	.byte	48                              @ DW_AT_data_member_location
	.byte	0                               @ End Of Children Mark
	.byte	15                              @ Abbrev [15] 0x1fb:0x5 DW_TAG_volatile_type
	.long	512                             @ DW_AT_type
	.byte	11                              @ Abbrev [11] 0x200:0xb DW_TAG_typedef
	.long	523                             @ DW_AT_type
	.long	.Linfo_string34                 @ DW_AT_name
	.byte	6                               @ DW_AT_decl_file
	.byte	64                              @ DW_AT_decl_line
	.byte	5                               @ Abbrev [5] 0x20b:0x7 DW_TAG_base_type
	.long	.Linfo_string33                 @ DW_AT_name
	.byte	7                               @ DW_AT_encoding
	.byte	4                               @ DW_AT_byte_size
	.byte	16                              @ Abbrev [16] 0x212:0x3d DW_TAG_subprogram
	.long	.Lfunc_begin0                   @ DW_AT_low_pc
	.long	.Lfunc_end0-.Lfunc_begin0       @ DW_AT_high_pc
	.byte	1                               @ DW_AT_frame_base
	.byte	93
                                        @ DW_AT_GNU_all_call_sites
	.long	.Linfo_string48                 @ DW_AT_name
	.byte	1                               @ DW_AT_decl_file
	.byte	21                              @ DW_AT_decl_line
                                        @ DW_AT_prototyped
	.long	897                             @ DW_AT_type
                                        @ DW_AT_external
	.byte	17                              @ Abbrev [17] 0x227:0xf DW_TAG_variable
	.long	.Ldebug_loc0                    @ DW_AT_location
	.long	.Linfo_string55                 @ DW_AT_name
	.byte	1                               @ DW_AT_decl_file
	.byte	35                              @ DW_AT_decl_line
	.long	299                             @ DW_AT_type
	.byte	18                              @ Abbrev [18] 0x236:0x18 DW_TAG_lexical_block
	.long	.Ltmp5                          @ DW_AT_low_pc
	.long	.Ltmp22-.Ltmp5                  @ DW_AT_high_pc
	.byte	19                              @ Abbrev [19] 0x23f:0xe DW_TAG_variable
	.byte	2                               @ DW_AT_location
	.byte	145
	.byte	7
	.long	.Linfo_string54                 @ DW_AT_name
	.byte	1                               @ DW_AT_decl_file
	.byte	36                              @ DW_AT_decl_line
	.long	904                             @ DW_AT_type
	.byte	0                               @ End Of Children Mark
	.byte	0                               @ End Of Children Mark
	.byte	16                              @ Abbrev [16] 0x24f:0x5b DW_TAG_subprogram
	.long	.Lfunc_begin1                   @ DW_AT_low_pc
	.long	.Lfunc_end1-.Lfunc_begin1       @ DW_AT_high_pc
	.byte	1                               @ DW_AT_frame_base
	.byte	93
                                        @ DW_AT_GNU_all_call_sites
	.long	.Linfo_string50                 @ DW_AT_name
	.byte	1                               @ DW_AT_decl_file
	.byte	68                              @ DW_AT_decl_line
                                        @ DW_AT_prototyped
	.long	897                             @ DW_AT_type
                                        @ DW_AT_external
	.byte	20                              @ Abbrev [20] 0x264:0xf DW_TAG_formal_parameter
	.long	.Ldebug_loc1                    @ DW_AT_location
	.long	.Linfo_string56                 @ DW_AT_name
	.byte	1                               @ DW_AT_decl_file
	.byte	68                              @ DW_AT_decl_line
	.long	512                             @ DW_AT_type
	.byte	20                              @ Abbrev [20] 0x273:0xf DW_TAG_formal_parameter
	.long	.Ldebug_loc2                    @ DW_AT_location
	.long	.Linfo_string57                 @ DW_AT_name
	.byte	1                               @ DW_AT_decl_file
	.byte	68                              @ DW_AT_decl_line
	.long	512                             @ DW_AT_type
	.byte	20                              @ Abbrev [20] 0x282:0xf DW_TAG_formal_parameter
	.long	.Ldebug_loc3                    @ DW_AT_location
	.long	.Linfo_string58                 @ DW_AT_name
	.byte	1                               @ DW_AT_decl_file
	.byte	68                              @ DW_AT_decl_line
	.long	299                             @ DW_AT_type
	.byte	18                              @ Abbrev [18] 0x291:0x18 DW_TAG_lexical_block
	.long	.Ltmp34                         @ DW_AT_low_pc
	.long	.Ltmp54-.Ltmp34                 @ DW_AT_high_pc
	.byte	19                              @ Abbrev [19] 0x29a:0xe DW_TAG_variable
	.byte	2                               @ DW_AT_location
	.byte	145
	.byte	4
	.long	.Linfo_string54                 @ DW_AT_name
	.byte	1                               @ DW_AT_decl_file
	.byte	72                              @ DW_AT_decl_line
	.long	909                             @ DW_AT_type
	.byte	0                               @ End Of Children Mark
	.byte	0                               @ End Of Children Mark
	.byte	16                              @ Abbrev [16] 0x2aa:0x7f DW_TAG_subprogram
	.long	.Lfunc_begin2                   @ DW_AT_low_pc
	.long	.Lfunc_end2-.Lfunc_begin2       @ DW_AT_high_pc
	.byte	1                               @ DW_AT_frame_base
	.byte	93
                                        @ DW_AT_GNU_all_call_sites
	.long	.Linfo_string51                 @ DW_AT_name
	.byte	1                               @ DW_AT_decl_file
	.byte	100                             @ DW_AT_decl_line
                                        @ DW_AT_prototyped
	.long	897                             @ DW_AT_type
                                        @ DW_AT_external
	.byte	20                              @ Abbrev [20] 0x2bf:0xf DW_TAG_formal_parameter
	.long	.Ldebug_loc4                    @ DW_AT_location
	.long	.Linfo_string56                 @ DW_AT_name
	.byte	1                               @ DW_AT_decl_file
	.byte	100                             @ DW_AT_decl_line
	.long	512                             @ DW_AT_type
	.byte	20                              @ Abbrev [20] 0x2ce:0xf DW_TAG_formal_parameter
	.long	.Ldebug_loc5                    @ DW_AT_location
	.long	.Linfo_string57                 @ DW_AT_name
	.byte	1                               @ DW_AT_decl_file
	.byte	100                             @ DW_AT_decl_line
	.long	512                             @ DW_AT_type
	.byte	20                              @ Abbrev [20] 0x2dd:0xf DW_TAG_formal_parameter
	.long	.Ldebug_loc6                    @ DW_AT_location
	.long	.Linfo_string58                 @ DW_AT_name
	.byte	1                               @ DW_AT_decl_file
	.byte	100                             @ DW_AT_decl_line
	.long	299                             @ DW_AT_type
	.byte	17                              @ Abbrev [17] 0x2ec:0xf DW_TAG_variable
	.long	.Ldebug_loc7                    @ DW_AT_location
	.long	.Linfo_string59                 @ DW_AT_name
	.byte	1                               @ DW_AT_decl_file
	.byte	102                             @ DW_AT_decl_line
	.long	512                             @ DW_AT_type
	.byte	17                              @ Abbrev [17] 0x2fb:0xf DW_TAG_variable
	.long	.Ldebug_loc8                    @ DW_AT_location
	.long	.Linfo_string60                 @ DW_AT_name
	.byte	1                               @ DW_AT_decl_file
	.byte	103                             @ DW_AT_decl_line
	.long	914                             @ DW_AT_type
	.byte	17                              @ Abbrev [17] 0x30a:0xf DW_TAG_variable
	.long	.Ldebug_loc9                    @ DW_AT_location
	.long	.Linfo_string62                 @ DW_AT_name
	.byte	1                               @ DW_AT_decl_file
	.byte	103                             @ DW_AT_decl_line
	.long	914                             @ DW_AT_type
	.byte	17                              @ Abbrev [17] 0x319:0xf DW_TAG_variable
	.long	.Ldebug_loc10                   @ DW_AT_location
	.long	.Linfo_string63                 @ DW_AT_name
	.byte	1                               @ DW_AT_decl_file
	.byte	103                             @ DW_AT_decl_line
	.long	914                             @ DW_AT_type
	.byte	0                               @ End Of Children Mark
	.byte	21                              @ Abbrev [21] 0x329:0x15 DW_TAG_subprogram
	.long	.Lfunc_begin3                   @ DW_AT_low_pc
	.long	.Lfunc_end3-.Lfunc_begin3       @ DW_AT_high_pc
	.byte	1                               @ DW_AT_frame_base
	.byte	93
                                        @ DW_AT_GNU_all_call_sites
	.long	.Linfo_string52                 @ DW_AT_name
	.byte	1                               @ DW_AT_decl_file
	.byte	147                             @ DW_AT_decl_line
                                        @ DW_AT_prototyped
	.long	897                             @ DW_AT_type
                                        @ DW_AT_external
	.byte	16                              @ Abbrev [16] 0x33e:0x43 DW_TAG_subprogram
	.long	.Lfunc_begin4                   @ DW_AT_low_pc
	.long	.Lfunc_end4-.Lfunc_begin4       @ DW_AT_high_pc
	.byte	1                               @ DW_AT_frame_base
	.byte	93
                                        @ DW_AT_GNU_all_call_sites
	.long	.Linfo_string53                 @ DW_AT_name
	.byte	1                               @ DW_AT_decl_file
	.byte	165                             @ DW_AT_decl_line
                                        @ DW_AT_prototyped
	.long	897                             @ DW_AT_type
                                        @ DW_AT_external
	.byte	20                              @ Abbrev [20] 0x353:0xf DW_TAG_formal_parameter
	.long	.Ldebug_loc11                   @ DW_AT_location
	.long	.Linfo_string64                 @ DW_AT_name
	.byte	1                               @ DW_AT_decl_file
	.byte	165                             @ DW_AT_decl_line
	.long	512                             @ DW_AT_type
	.byte	20                              @ Abbrev [20] 0x362:0xf DW_TAG_formal_parameter
	.long	.Ldebug_loc12                   @ DW_AT_location
	.long	.Linfo_string65                 @ DW_AT_name
	.byte	1                               @ DW_AT_decl_file
	.byte	165                             @ DW_AT_decl_line
	.long	512                             @ DW_AT_type
	.byte	17                              @ Abbrev [17] 0x371:0xf DW_TAG_variable
	.long	.Ldebug_loc13                   @ DW_AT_location
	.long	.Linfo_string66                 @ DW_AT_name
	.byte	1                               @ DW_AT_decl_file
	.byte	167                             @ DW_AT_decl_line
	.long	512                             @ DW_AT_type
	.byte	0                               @ End Of Children Mark
	.byte	5                               @ Abbrev [5] 0x381:0x7 DW_TAG_base_type
	.long	.Linfo_string49                 @ DW_AT_name
	.byte	5                               @ DW_AT_encoding
	.byte	4                               @ DW_AT_byte_size
	.byte	15                              @ Abbrev [15] 0x388:0x5 DW_TAG_volatile_type
	.long	304                             @ DW_AT_type
	.byte	15                              @ Abbrev [15] 0x38d:0x5 DW_TAG_volatile_type
	.long	897                             @ DW_AT_type
	.byte	5                               @ Abbrev [5] 0x392:0x7 DW_TAG_base_type
	.long	.Linfo_string61                 @ DW_AT_name
	.byte	7                               @ DW_AT_encoding
	.byte	4                               @ DW_AT_byte_size
	.byte	0                               @ End Of Children Mark
.Ldebug_info_end0:
	.section	.debug_str,"MS",%progbits,1
.Linfo_string0:
	.asciz	"Component: Arm Compiler for Embedded 6.19 Tool: armclang [5e73cb00]" @ string offset=0
.Linfo_string1:
	.asciz	"../Core/Src\\Loader_Src.c"     @ string offset=68
.Linfo_string2:
	.asciz	"F:\\3.git\\1.Github\\ExFlash_Algorithm\\embedfire\\Algorithm_QSPI\\STLDR\\MDK-ARM" @ string offset=93
.Linfo_string3:
	.asciz	"char"                          @ string offset=168
.Linfo_string4:
	.asciz	"__ARRAY_SIZE_TYPE__"           @ string offset=173
.Linfo_string5:
	.asciz	"unsigned char"                 @ string offset=193
.Linfo_string6:
	.asciz	"HAL_OK"                        @ string offset=207
.Linfo_string7:
	.asciz	"HAL_ERROR"                     @ string offset=214
.Linfo_string8:
	.asciz	"HAL_BUSY"                      @ string offset=224
.Linfo_string9:
	.asciz	"HAL_TIMEOUT"                   @ string offset=233
.Linfo_string10:
	.asciz	"HAL_UNLOCKED"                  @ string offset=245
.Linfo_string11:
	.asciz	"HAL_LOCKED"                    @ string offset=258
.Linfo_string12:
	.asciz	"HAL_MDMA_STATE_RESET"          @ string offset=269
.Linfo_string13:
	.asciz	"HAL_MDMA_STATE_READY"          @ string offset=290
.Linfo_string14:
	.asciz	"HAL_MDMA_STATE_BUSY"           @ string offset=311
.Linfo_string15:
	.asciz	"HAL_MDMA_STATE_ERROR"          @ string offset=331
.Linfo_string16:
	.asciz	"HAL_MDMA_STATE_ABORT"          @ string offset=352
.Linfo_string17:
	.asciz	"HAL_QSPI_STATE_RESET"          @ string offset=373
.Linfo_string18:
	.asciz	"HAL_QSPI_STATE_READY"          @ string offset=394
.Linfo_string19:
	.asciz	"HAL_QSPI_STATE_BUSY"           @ string offset=415
.Linfo_string20:
	.asciz	"HAL_QSPI_STATE_BUSY_INDIRECT_TX" @ string offset=435
.Linfo_string21:
	.asciz	"HAL_QSPI_STATE_BUSY_INDIRECT_RX" @ string offset=467
.Linfo_string22:
	.asciz	"HAL_QSPI_STATE_BUSY_AUTO_POLLING" @ string offset=499
.Linfo_string23:
	.asciz	"HAL_QSPI_STATE_BUSY_MEM_MAPPED" @ string offset=532
.Linfo_string24:
	.asciz	"HAL_QSPI_STATE_ABORT"          @ string offset=563
.Linfo_string25:
	.asciz	"HAL_QSPI_STATE_ERROR"          @ string offset=584
.Linfo_string26:
	.asciz	"HAL_DMA_STATE_RESET"           @ string offset=605
.Linfo_string27:
	.asciz	"HAL_DMA_STATE_READY"           @ string offset=625
.Linfo_string28:
	.asciz	"HAL_DMA_STATE_BUSY"            @ string offset=645
.Linfo_string29:
	.asciz	"HAL_DMA_STATE_ERROR"           @ string offset=664
.Linfo_string30:
	.asciz	"HAL_DMA_STATE_ABORT"           @ string offset=684
.Linfo_string31:
	.asciz	"uint8_t"                       @ string offset=704
.Linfo_string32:
	.asciz	"CR"                            @ string offset=712
.Linfo_string33:
	.asciz	"unsigned int"                  @ string offset=715
.Linfo_string34:
	.asciz	"uint32_t"                      @ string offset=728
.Linfo_string35:
	.asciz	"DCR"                           @ string offset=737
.Linfo_string36:
	.asciz	"SR"                            @ string offset=741
.Linfo_string37:
	.asciz	"FCR"                           @ string offset=744
.Linfo_string38:
	.asciz	"DLR"                           @ string offset=748
.Linfo_string39:
	.asciz	"CCR"                           @ string offset=752
.Linfo_string40:
	.asciz	"AR"                            @ string offset=756
.Linfo_string41:
	.asciz	"ABR"                           @ string offset=759
.Linfo_string42:
	.asciz	"DR"                            @ string offset=763
.Linfo_string43:
	.asciz	"PSMKR"                         @ string offset=766
.Linfo_string44:
	.asciz	"PSMAR"                         @ string offset=772
.Linfo_string45:
	.asciz	"PIR"                           @ string offset=778
.Linfo_string46:
	.asciz	"LPTR"                          @ string offset=782
.Linfo_string47:
	.asciz	"QUADSPI_TypeDef"               @ string offset=787
.Linfo_string48:
	.asciz	"Init"                          @ string offset=803
.Linfo_string49:
	.asciz	"int"                           @ string offset=808
.Linfo_string50:
	.asciz	"Read"                          @ string offset=812
.Linfo_string51:
	.asciz	"Write"                         @ string offset=817
.Linfo_string52:
	.asciz	"MassErase"                     @ string offset=823
.Linfo_string53:
	.asciz	"SectorErase"                   @ string offset=833
.Linfo_string54:
	.asciz	"i"                             @ string offset=845
.Linfo_string55:
	.asciz	"pqspi"                         @ string offset=847
.Linfo_string56:
	.asciz	"Address"                       @ string offset=853
.Linfo_string57:
	.asciz	"Size"                          @ string offset=861
.Linfo_string58:
	.asciz	"buffer"                        @ string offset=866
.Linfo_string59:
	.asciz	"adr"                           @ string offset=873
.Linfo_string60:
	.asciz	"current_addr"                  @ string offset=877
.Linfo_string61:
	.asciz	"unsigned long"                 @ string offset=890
.Linfo_string62:
	.asciz	"current_size"                  @ string offset=904
.Linfo_string63:
	.asciz	"end_addr"                      @ string offset=917
.Linfo_string64:
	.asciz	"EraseStartAddress"             @ string offset=926
.Linfo_string65:
	.asciz	"EraseEndAddress"               @ string offset=944
.Linfo_string66:
	.asciz	"BlockAddr"                     @ string offset=960
	.ident	"Component: Arm Compiler for Embedded 6.19 Tool: armclang [5e73cb00]"
	.section	".note.GNU-stack","",%progbits
	.eabi_attribute	30, 2	@ Tag_ABI_optimization_goals
	.ARM_attribute	16, 1	@ Tag_AV_eba
	.section	.debug_line,"",%progbits
.Lline_table_start0:
