	.text
	.syntax unified
	.eabi_attribute	67, "2.09"	@ Tag_conformance
	.cpu	cortex-m7
	.eabi_attribute	6, 13	@ Tag_CPU_arch
	.eabi_attribute	7, 77	@ Tag_CPU_arch_profile
	.eabi_attribute	8, 0	@ Tag_ARM_ISA_use
	.eabi_attribute	9, 2	@ Tag_THUMB_ISA_use
	.fpu	fpv5-d16
	.eabi_attribute	36, 1	@ Tag_FP_HP_extension
	.eabi_attribute	34, 1	@ Tag_CPU_unaligned_access
	.eabi_attribute	15, 2	@ Tag_ABI_PCS_RW_data
	.eabi_attribute	16, 1	@ Tag_ABI_PCS_RO_data
	.eabi_attribute	17, 1	@ Tag_ABI_PCS_GOT_use
	.eabi_attribute	20, 2	@ Tag_ABI_FP_denormal
	.eabi_attribute	21, 0	@ Tag_ABI_FP_exceptions
	.eabi_attribute	23, 1	@ Tag_ABI_FP_number_model
	.eabi_attribute	24, 1	@ Tag_ABI_align_needed
	.eabi_attribute	25, 1	@ Tag_ABI_align_preserved
	.eabi_attribute	28, 1	@ Tag_ABI_VFP_args
	.eabi_attribute	38, 1	@ Tag_ABI_FP_16bit_format
	.eabi_attribute	18, 2	@ Tag_ABI_PCS_wchar_t
	.eabi_attribute	26, 1	@ Tag_ABI_enum_size
	.eabi_attribute	14, 1	@ Tag_ABI_PCS_R9_use
	.file	"stm32h7xx_hal_hsem.c"
	.file	1 "F:\\3.git\\1.Github\\ExFlash_Algorithm\\embedfire\\Algorithm_QSPI\\STLDR\\MDK-ARM" "../Drivers/STM32H7xx_HAL_Driver/Inc/stm32h7xx_hal_def.h"
	.file	2 "D:\\Program\\Keil\\Keil_v5\\ARM\\ARMCLANG\\Bin\\..\\include" "stdint.h"
	.file	3 "F:\\3.git\\1.Github\\ExFlash_Algorithm\\embedfire\\Algorithm_QSPI\\STLDR\\MDK-ARM" "../Drivers/CMSIS/Device/ST/STM32H7xx/Include/stm32h750xx.h"
	.hidden	HAL_HSEM_Take                   @ -- Begin function HAL_HSEM_Take
	.globl	HAL_HSEM_Take
	.p2align	3
	.type	HAL_HSEM_Take,%function
	.code	16                              @ @HAL_HSEM_Take
	.thumb_func
HAL_HSEM_Take:
.Lfunc_begin0:
	.file	4 "F:\\3.git\\1.Github\\ExFlash_Algorithm\\embedfire\\Algorithm_QSPI\\STLDR\\MDK-ARM" "../Drivers/STM32H7xx_HAL_Driver/Src/stm32h7xx_hal_hsem.c"
	.loc	4 160 0                         @ ../Drivers/STM32H7xx_HAL_Driver/Src/stm32h7xx_hal_hsem.c:160:0
	.fnstart
	.cfi_sections .debug_frame
	.cfi_startproc
@ %bb.0:
	@DEBUG_VALUE: HAL_HSEM_Take:SemID <- $r0
	@DEBUG_VALUE: HAL_HSEM_Take:ProcessID <- $r1
	movw	r2, #25600
.Ltmp0:
	.loc	4 177 56 prologue_end           @ ../Drivers/STM32H7xx_HAL_Driver/Src/stm32h7xx_hal_hsem.c:177:56
	orr	r1, r1, #2147483648
.Ltmp1:
	@DEBUG_VALUE: HAL_HSEM_Take:ProcessID <- [DW_OP_LLVM_entry_value 1] $r1
	.loc	4 0 56 is_stmt 0                @ ../Drivers/STM32H7xx_HAL_Driver/Src/stm32h7xx_hal_hsem.c:0:56
	movt	r2, #22530
	.loc	4 177 56                        @ ../Drivers/STM32H7xx_HAL_Driver/Src/stm32h7xx_hal_hsem.c:177:56
	orr	r1, r1, #768
	.loc	4 177 18                        @ ../Drivers/STM32H7xx_HAL_Driver/Src/stm32h7xx_hal_hsem.c:177:18
	str.w	r1, [r2, r0, lsl #2]
.Ltmp2:
	.loc	4 180 7 is_stmt 1               @ ../Drivers/STM32H7xx_HAL_Driver/Src/stm32h7xx_hal_hsem.c:180:7
	ldr.w	r0, [r2, r0, lsl #2]
.Ltmp3:
	@DEBUG_VALUE: HAL_HSEM_Take:SemID <- [DW_OP_LLVM_entry_value 1] $r0
	.loc	4 180 22 is_stmt 0              @ ../Drivers/STM32H7xx_HAL_Driver/Src/stm32h7xx_hal_hsem.c:180:22
	subs	r0, r0, r1
	it	ne
	movne	r0, #1
.Ltmp4:
	.loc	4 189 1 is_stmt 1               @ ../Drivers/STM32H7xx_HAL_Driver/Src/stm32h7xx_hal_hsem.c:189:1
	bx	lr
.Ltmp5:
.Lfunc_end0:
	.size	HAL_HSEM_Take, .Lfunc_end0-HAL_HSEM_Take
	.cfi_endproc
	.cantunwind
	.fnend
                                        @ -- End function
	.hidden	HAL_HSEM_FastTake               @ -- Begin function HAL_HSEM_FastTake
	.globl	HAL_HSEM_FastTake
	.p2align	3
	.type	HAL_HSEM_FastTake,%function
	.code	16                              @ @HAL_HSEM_FastTake
	.thumb_func
HAL_HSEM_FastTake:
.Lfunc_begin1:
	.loc	4 197 0                         @ ../Drivers/STM32H7xx_HAL_Driver/Src/stm32h7xx_hal_hsem.c:197:0
	.fnstart
	.cfi_startproc
@ %bb.0:
	@DEBUG_VALUE: HAL_HSEM_FastTake:SemID <- $r0
	movw	r1, #25728
	movt	r1, #22530
.Ltmp6:
	.loc	4 210 7 prologue_end            @ ../Drivers/STM32H7xx_HAL_Driver/Src/stm32h7xx_hal_hsem.c:210:7
	ldr.w	r0, [r1, r0, lsl #2]
.Ltmp7:
	@DEBUG_VALUE: HAL_HSEM_FastTake:SemID <- [DW_OP_LLVM_entry_value 1] $r0
	.loc	4 0 7 is_stmt 0                 @ ../Drivers/STM32H7xx_HAL_Driver/Src/stm32h7xx_hal_hsem.c:0:7
	movw	r1, #768
	movt	r1, #32768
	.loc	4 210 24                        @ ../Drivers/STM32H7xx_HAL_Driver/Src/stm32h7xx_hal_hsem.c:210:24
	subs	r0, r0, r1
	it	ne
	movne	r0, #1
.Ltmp8:
	.loc	4 219 1 is_stmt 1               @ ../Drivers/STM32H7xx_HAL_Driver/Src/stm32h7xx_hal_hsem.c:219:1
	bx	lr
.Ltmp9:
.Lfunc_end1:
	.size	HAL_HSEM_FastTake, .Lfunc_end1-HAL_HSEM_FastTake
	.cfi_endproc
	.cantunwind
	.fnend
                                        @ -- End function
	.hidden	HAL_HSEM_IsSemTaken             @ -- Begin function HAL_HSEM_IsSemTaken
	.globl	HAL_HSEM_IsSemTaken
	.p2align	3
	.type	HAL_HSEM_IsSemTaken,%function
	.code	16                              @ @HAL_HSEM_IsSemTaken
	.thumb_func
HAL_HSEM_IsSemTaken:
.Lfunc_begin2:
	.loc	4 226 0                         @ ../Drivers/STM32H7xx_HAL_Driver/Src/stm32h7xx_hal_hsem.c:226:0
	.fnstart
	.cfi_startproc
@ %bb.0:
	@DEBUG_VALUE: HAL_HSEM_IsSemTaken:SemID <- $r0
	movw	r1, #25600
	movt	r1, #22530
.Ltmp10:
	.loc	4 227 13 prologue_end           @ ../Drivers/STM32H7xx_HAL_Driver/Src/stm32h7xx_hal_hsem.c:227:13
	ldr.w	r0, [r1, r0, lsl #2]
.Ltmp11:
	@DEBUG_VALUE: HAL_HSEM_IsSemTaken:SemID <- [DW_OP_LLVM_entry_value 1] $r0
	.loc	4 227 11 is_stmt 0              @ ../Drivers/STM32H7xx_HAL_Driver/Src/stm32h7xx_hal_hsem.c:227:11
	lsrs	r0, r0, #31
	.loc	4 227 3                         @ ../Drivers/STM32H7xx_HAL_Driver/Src/stm32h7xx_hal_hsem.c:227:3
	bx	lr
.Ltmp12:
.Lfunc_end2:
	.size	HAL_HSEM_IsSemTaken, .Lfunc_end2-HAL_HSEM_IsSemTaken
	.cfi_endproc
	.cantunwind
	.fnend
                                        @ -- End function
	.hidden	HAL_HSEM_Release                @ -- Begin function HAL_HSEM_Release
	.globl	HAL_HSEM_Release
	.p2align	3
	.type	HAL_HSEM_Release,%function
	.code	16                              @ @HAL_HSEM_Release
	.thumb_func
HAL_HSEM_Release:
.Lfunc_begin3:
	.loc	4 238 0 is_stmt 1               @ ../Drivers/STM32H7xx_HAL_Driver/Src/stm32h7xx_hal_hsem.c:238:0
	.fnstart
	.cfi_startproc
@ %bb.0:
	@DEBUG_VALUE: HAL_HSEM_Release:SemID <- $r0
	@DEBUG_VALUE: HAL_HSEM_Release:ProcessID <- $r1
	movw	r2, #25600
.Ltmp13:
	.loc	4 247 31 prologue_end           @ ../Drivers/STM32H7xx_HAL_Driver/Src/stm32h7xx_hal_hsem.c:247:31
	orr	r1, r1, #768
.Ltmp14:
	@DEBUG_VALUE: HAL_HSEM_Release:ProcessID <- [DW_OP_LLVM_entry_value 1] $r1
	.loc	4 0 31 is_stmt 0                @ ../Drivers/STM32H7xx_HAL_Driver/Src/stm32h7xx_hal_hsem.c:0:31
	movt	r2, #22530
	.loc	4 247 18                        @ ../Drivers/STM32H7xx_HAL_Driver/Src/stm32h7xx_hal_hsem.c:247:18
	str.w	r1, [r2, r0, lsl #2]
	.loc	4 250 1 is_stmt 1               @ ../Drivers/STM32H7xx_HAL_Driver/Src/stm32h7xx_hal_hsem.c:250:1
	bx	lr
.Ltmp15:
.Lfunc_end3:
	.size	HAL_HSEM_Release, .Lfunc_end3-HAL_HSEM_Release
	.cfi_endproc
	.cantunwind
	.fnend
                                        @ -- End function
	.hidden	HAL_HSEM_ReleaseAll             @ -- Begin function HAL_HSEM_ReleaseAll
	.globl	HAL_HSEM_ReleaseAll
	.p2align	3
	.type	HAL_HSEM_ReleaseAll,%function
	.code	16                              @ @HAL_HSEM_ReleaseAll
	.thumb_func
HAL_HSEM_ReleaseAll:
.Lfunc_begin4:
	.loc	4 259 0                         @ ../Drivers/STM32H7xx_HAL_Driver/Src/stm32h7xx_hal_hsem.c:259:0
	.fnstart
	.cfi_startproc
@ %bb.0:
	@DEBUG_VALUE: HAL_HSEM_ReleaseAll:Key <- $r0
	@DEBUG_VALUE: HAL_HSEM_ReleaseAll:CoreID <- $r1
	movw	r2, #25920
.Ltmp16:
	.loc	4 263 50 prologue_end           @ ../Drivers/STM32H7xx_HAL_Driver/Src/stm32h7xx_hal_hsem.c:263:50
	lsls	r1, r1, #8
.Ltmp17:
	@DEBUG_VALUE: HAL_HSEM_ReleaseAll:CoreID <- [DW_OP_LLVM_entry_value 1] $r1
	.loc	4 0 50 is_stmt 0                @ ../Drivers/STM32H7xx_HAL_Driver/Src/stm32h7xx_hal_hsem.c:0:50
	movt	r2, #22530
	.loc	4 263 40                        @ ../Drivers/STM32H7xx_HAL_Driver/Src/stm32h7xx_hal_hsem.c:263:40
	orr.w	r0, r1, r0, lsl #16
.Ltmp18:
	@DEBUG_VALUE: HAL_HSEM_ReleaseAll:Key <- [DW_OP_LLVM_entry_value 1] $r0
	.loc	4 263 12                        @ ../Drivers/STM32H7xx_HAL_Driver/Src/stm32h7xx_hal_hsem.c:263:12
	str	r0, [r2]
	.loc	4 264 1 is_stmt 1               @ ../Drivers/STM32H7xx_HAL_Driver/Src/stm32h7xx_hal_hsem.c:264:1
	bx	lr
.Ltmp19:
.Lfunc_end4:
	.size	HAL_HSEM_ReleaseAll, .Lfunc_end4-HAL_HSEM_ReleaseAll
	.cfi_endproc
	.cantunwind
	.fnend
                                        @ -- End function
	.hidden	HAL_HSEM_SetClearKey            @ -- Begin function HAL_HSEM_SetClearKey
	.globl	HAL_HSEM_SetClearKey
	.p2align	3
	.type	HAL_HSEM_SetClearKey,%function
	.code	16                              @ @HAL_HSEM_SetClearKey
	.thumb_func
HAL_HSEM_SetClearKey:
.Lfunc_begin5:
	.loc	4 291 0                         @ ../Drivers/STM32H7xx_HAL_Driver/Src/stm32h7xx_hal_hsem.c:291:0
	.fnstart
	.cfi_startproc
@ %bb.0:
	@DEBUG_VALUE: HAL_HSEM_SetClearKey:Key <- $r0
	movw	r1, #25924
	movt	r1, #22530
.Ltmp20:
	.loc	4 294 3 prologue_end            @ ../Drivers/STM32H7xx_HAL_Driver/Src/stm32h7xx_hal_hsem.c:294:3
	ldr	r2, [r1]
	pkhbt	r0, r2, r0, lsl #16
.Ltmp21:
	@DEBUG_VALUE: HAL_HSEM_SetClearKey:Key <- [DW_OP_LLVM_entry_value 1] $r0
	str	r0, [r1]
	.loc	4 296 1                         @ ../Drivers/STM32H7xx_HAL_Driver/Src/stm32h7xx_hal_hsem.c:296:1
	bx	lr
.Ltmp22:
.Lfunc_end5:
	.size	HAL_HSEM_SetClearKey, .Lfunc_end5-HAL_HSEM_SetClearKey
	.cfi_endproc
	.cantunwind
	.fnend
                                        @ -- End function
	.hidden	HAL_HSEM_GetClearKey            @ -- Begin function HAL_HSEM_GetClearKey
	.globl	HAL_HSEM_GetClearKey
	.p2align	3
	.type	HAL_HSEM_GetClearKey,%function
	.code	16                              @ @HAL_HSEM_GetClearKey
	.thumb_func
HAL_HSEM_GetClearKey:
.Lfunc_begin6:
	.loc	4 303 0                         @ ../Drivers/STM32H7xx_HAL_Driver/Src/stm32h7xx_hal_hsem.c:303:0
	.fnstart
	.cfi_startproc
@ %bb.0:
	movw	r0, #25924
	movt	r0, #22530
.Ltmp23:
	.loc	4 304 17 prologue_end           @ ../Drivers/STM32H7xx_HAL_Driver/Src/stm32h7xx_hal_hsem.c:304:17
	ldr	r0, [r0]
	.loc	4 304 22 is_stmt 0              @ ../Drivers/STM32H7xx_HAL_Driver/Src/stm32h7xx_hal_hsem.c:304:22
	lsrs	r0, r0, #16
	.loc	4 304 3                         @ ../Drivers/STM32H7xx_HAL_Driver/Src/stm32h7xx_hal_hsem.c:304:3
	bx	lr
.Ltmp24:
.Lfunc_end6:
	.size	HAL_HSEM_GetClearKey, .Lfunc_end6-HAL_HSEM_GetClearKey
	.cfi_endproc
	.cantunwind
	.fnend
                                        @ -- End function
	.hidden	HAL_HSEM_ActivateNotification   @ -- Begin function HAL_HSEM_ActivateNotification
	.globl	HAL_HSEM_ActivateNotification
	.p2align	3
	.type	HAL_HSEM_ActivateNotification,%function
	.code	16                              @ @HAL_HSEM_ActivateNotification
	.thumb_func
HAL_HSEM_ActivateNotification:
.Lfunc_begin7:
	.loc	4 330 0 is_stmt 1               @ ../Drivers/STM32H7xx_HAL_Driver/Src/stm32h7xx_hal_hsem.c:330:0
	.fnstart
	.cfi_startproc
@ %bb.0:
	@DEBUG_VALUE: HAL_HSEM_ActivateNotification:SemMask <- $r0
	movw	r1, #25856
	movt	r1, #22530
.Ltmp25:
	.loc	4 344 20 prologue_end           @ ../Drivers/STM32H7xx_HAL_Driver/Src/stm32h7xx_hal_hsem.c:344:20
	ldr	r2, [r1]
	orrs	r0, r2
.Ltmp26:
	@DEBUG_VALUE: HAL_HSEM_ActivateNotification:SemMask <- [DW_OP_LLVM_entry_value 1] $r0
	str	r0, [r1]
	.loc	4 346 1                         @ ../Drivers/STM32H7xx_HAL_Driver/Src/stm32h7xx_hal_hsem.c:346:1
	bx	lr
.Ltmp27:
.Lfunc_end7:
	.size	HAL_HSEM_ActivateNotification, .Lfunc_end7-HAL_HSEM_ActivateNotification
	.cfi_endproc
	.cantunwind
	.fnend
                                        @ -- End function
	.hidden	HAL_HSEM_DeactivateNotification @ -- Begin function HAL_HSEM_DeactivateNotification
	.globl	HAL_HSEM_DeactivateNotification
	.p2align	3
	.type	HAL_HSEM_DeactivateNotification,%function
	.code	16                              @ @HAL_HSEM_DeactivateNotification
	.thumb_func
HAL_HSEM_DeactivateNotification:
.Lfunc_begin8:
	.loc	4 354 0                         @ ../Drivers/STM32H7xx_HAL_Driver/Src/stm32h7xx_hal_hsem.c:354:0
	.fnstart
	.cfi_startproc
@ %bb.0:
	@DEBUG_VALUE: HAL_HSEM_DeactivateNotification:SemMask <- $r0
	movw	r1, #25856
	movt	r1, #22530
.Ltmp28:
	.loc	4 368 20 prologue_end           @ ../Drivers/STM32H7xx_HAL_Driver/Src/stm32h7xx_hal_hsem.c:368:20
	ldr	r2, [r1]
	bic.w	r0, r2, r0
.Ltmp29:
	@DEBUG_VALUE: HAL_HSEM_DeactivateNotification:SemMask <- [DW_OP_LLVM_entry_value 1] $r0
	str	r0, [r1]
	.loc	4 370 1                         @ ../Drivers/STM32H7xx_HAL_Driver/Src/stm32h7xx_hal_hsem.c:370:1
	bx	lr
.Ltmp30:
.Lfunc_end8:
	.size	HAL_HSEM_DeactivateNotification, .Lfunc_end8-HAL_HSEM_DeactivateNotification
	.cfi_endproc
	.cantunwind
	.fnend
                                        @ -- End function
	.hidden	HAL_HSEM_IRQHandler             @ -- Begin function HAL_HSEM_IRQHandler
	.globl	HAL_HSEM_IRQHandler
	.p2align	3
	.type	HAL_HSEM_IRQHandler,%function
	.code	16                              @ @HAL_HSEM_IRQHandler
	.thumb_func
HAL_HSEM_IRQHandler:
.Lfunc_begin9:
	.loc	4 377 0                         @ ../Drivers/STM32H7xx_HAL_Driver/Src/stm32h7xx_hal_hsem.c:377:0
	.fnstart
	.cfi_startproc
@ %bb.0:
	movw	r1, #25856
	movt	r1, #22530
.Ltmp31:
	.loc	4 404 28 prologue_end           @ ../Drivers/STM32H7xx_HAL_Driver/Src/stm32h7xx_hal_hsem.c:404:28
	ldr	r0, [r1, #12]
.Ltmp32:
	@DEBUG_VALUE: HAL_HSEM_IRQHandler:statusreg <- $r0
	.loc	4 407 20                        @ ../Drivers/STM32H7xx_HAL_Driver/Src/stm32h7xx_hal_hsem.c:407:20
	ldr	r2, [r1]
	bics	r2, r0
	str	r2, [r1]
	.loc	4 410 20                        @ ../Drivers/STM32H7xx_HAL_Driver/Src/stm32h7xx_hal_hsem.c:410:20
	str	r0, [r1, #4]
.Ltmp33:
	.loc	4 414 3                         @ ../Drivers/STM32H7xx_HAL_Driver/Src/stm32h7xx_hal_hsem.c:414:3
	b	HAL_HSEM_FreeCallback
.Ltmp34:
.Lfunc_end9:
	.size	HAL_HSEM_IRQHandler, .Lfunc_end9-HAL_HSEM_IRQHandler
	.cfi_endproc
	.cantunwind
	.fnend
                                        @ -- End function
	.hidden	HAL_HSEM_FreeCallback           @ -- Begin function HAL_HSEM_FreeCallback
	.weak	HAL_HSEM_FreeCallback
	.p2align	3
	.type	HAL_HSEM_FreeCallback,%function
	.code	16                              @ @HAL_HSEM_FreeCallback
	.thumb_func
HAL_HSEM_FreeCallback:
.Lfunc_begin10:
	.loc	4 423 0                         @ ../Drivers/STM32H7xx_HAL_Driver/Src/stm32h7xx_hal_hsem.c:423:0
	.fnstart
	.cfi_startproc
@ %bb.0:
	@DEBUG_VALUE: HAL_HSEM_FreeCallback:SemMask <- $r0
	.loc	4 430 1 prologue_end            @ ../Drivers/STM32H7xx_HAL_Driver/Src/stm32h7xx_hal_hsem.c:430:1
	bx	lr
.Ltmp35:
.Lfunc_end10:
	.size	HAL_HSEM_FreeCallback, .Lfunc_end10-HAL_HSEM_FreeCallback
	.cfi_endproc
	.cantunwind
	.fnend
                                        @ -- End function
	.section	.debug_loc,"",%progbits
.Ldebug_loc0:
	.long	.Lfunc_begin0-.Lfunc_begin0
	.long	.Ltmp3-.Lfunc_begin0
	.short	1                               @ Loc expr size
	.byte	80                              @ DW_OP_reg0
	.long	.Ltmp3-.Lfunc_begin0
	.long	.Lfunc_end0-.Lfunc_begin0
	.short	4                               @ Loc expr size
	.byte	243                             @ DW_OP_GNU_entry_value
	.byte	1                               @ 1
	.byte	80                              @ DW_OP_reg0
	.byte	159                             @ DW_OP_stack_value
	.long	0
	.long	0
.Ldebug_loc1:
	.long	.Lfunc_begin0-.Lfunc_begin0
	.long	.Ltmp1-.Lfunc_begin0
	.short	1                               @ Loc expr size
	.byte	81                              @ DW_OP_reg1
	.long	.Ltmp1-.Lfunc_begin0
	.long	.Lfunc_end0-.Lfunc_begin0
	.short	4                               @ Loc expr size
	.byte	243                             @ DW_OP_GNU_entry_value
	.byte	1                               @ 1
	.byte	81                              @ DW_OP_reg1
	.byte	159                             @ DW_OP_stack_value
	.long	0
	.long	0
.Ldebug_loc2:
	.long	.Lfunc_begin1-.Lfunc_begin0
	.long	.Ltmp7-.Lfunc_begin0
	.short	1                               @ Loc expr size
	.byte	80                              @ DW_OP_reg0
	.long	.Ltmp7-.Lfunc_begin0
	.long	.Lfunc_end1-.Lfunc_begin0
	.short	4                               @ Loc expr size
	.byte	243                             @ DW_OP_GNU_entry_value
	.byte	1                               @ 1
	.byte	80                              @ DW_OP_reg0
	.byte	159                             @ DW_OP_stack_value
	.long	0
	.long	0
.Ldebug_loc3:
	.long	.Lfunc_begin2-.Lfunc_begin0
	.long	.Ltmp11-.Lfunc_begin0
	.short	1                               @ Loc expr size
	.byte	80                              @ DW_OP_reg0
	.long	.Ltmp11-.Lfunc_begin0
	.long	.Lfunc_end2-.Lfunc_begin0
	.short	4                               @ Loc expr size
	.byte	243                             @ DW_OP_GNU_entry_value
	.byte	1                               @ 1
	.byte	80                              @ DW_OP_reg0
	.byte	159                             @ DW_OP_stack_value
	.long	0
	.long	0
.Ldebug_loc4:
	.long	.Lfunc_begin3-.Lfunc_begin0
	.long	.Ltmp14-.Lfunc_begin0
	.short	1                               @ Loc expr size
	.byte	81                              @ DW_OP_reg1
	.long	.Ltmp14-.Lfunc_begin0
	.long	.Lfunc_end3-.Lfunc_begin0
	.short	4                               @ Loc expr size
	.byte	243                             @ DW_OP_GNU_entry_value
	.byte	1                               @ 1
	.byte	81                              @ DW_OP_reg1
	.byte	159                             @ DW_OP_stack_value
	.long	0
	.long	0
.Ldebug_loc5:
	.long	.Lfunc_begin4-.Lfunc_begin0
	.long	.Ltmp18-.Lfunc_begin0
	.short	1                               @ Loc expr size
	.byte	80                              @ DW_OP_reg0
	.long	.Ltmp18-.Lfunc_begin0
	.long	.Lfunc_end4-.Lfunc_begin0
	.short	4                               @ Loc expr size
	.byte	243                             @ DW_OP_GNU_entry_value
	.byte	1                               @ 1
	.byte	80                              @ DW_OP_reg0
	.byte	159                             @ DW_OP_stack_value
	.long	0
	.long	0
.Ldebug_loc6:
	.long	.Lfunc_begin4-.Lfunc_begin0
	.long	.Ltmp17-.Lfunc_begin0
	.short	1                               @ Loc expr size
	.byte	81                              @ DW_OP_reg1
	.long	.Ltmp17-.Lfunc_begin0
	.long	.Lfunc_end4-.Lfunc_begin0
	.short	4                               @ Loc expr size
	.byte	243                             @ DW_OP_GNU_entry_value
	.byte	1                               @ 1
	.byte	81                              @ DW_OP_reg1
	.byte	159                             @ DW_OP_stack_value
	.long	0
	.long	0
.Ldebug_loc7:
	.long	.Lfunc_begin5-.Lfunc_begin0
	.long	.Ltmp21-.Lfunc_begin0
	.short	1                               @ Loc expr size
	.byte	80                              @ DW_OP_reg0
	.long	.Ltmp21-.Lfunc_begin0
	.long	.Lfunc_end5-.Lfunc_begin0
	.short	4                               @ Loc expr size
	.byte	243                             @ DW_OP_GNU_entry_value
	.byte	1                               @ 1
	.byte	80                              @ DW_OP_reg0
	.byte	159                             @ DW_OP_stack_value
	.long	0
	.long	0
.Ldebug_loc8:
	.long	.Lfunc_begin7-.Lfunc_begin0
	.long	.Ltmp26-.Lfunc_begin0
	.short	1                               @ Loc expr size
	.byte	80                              @ DW_OP_reg0
	.long	.Ltmp26-.Lfunc_begin0
	.long	.Lfunc_end7-.Lfunc_begin0
	.short	4                               @ Loc expr size
	.byte	243                             @ DW_OP_GNU_entry_value
	.byte	1                               @ 1
	.byte	80                              @ DW_OP_reg0
	.byte	159                             @ DW_OP_stack_value
	.long	0
	.long	0
.Ldebug_loc9:
	.long	.Lfunc_begin8-.Lfunc_begin0
	.long	.Ltmp29-.Lfunc_begin0
	.short	1                               @ Loc expr size
	.byte	80                              @ DW_OP_reg0
	.long	.Ltmp29-.Lfunc_begin0
	.long	.Lfunc_end8-.Lfunc_begin0
	.short	4                               @ Loc expr size
	.byte	243                             @ DW_OP_GNU_entry_value
	.byte	1                               @ 1
	.byte	80                              @ DW_OP_reg0
	.byte	159                             @ DW_OP_stack_value
	.long	0
	.long	0
.Ldebug_loc10:
	.long	.Ltmp32-.Lfunc_begin0
	.long	.Ltmp34-.Lfunc_begin0
	.short	1                               @ Loc expr size
	.byte	80                              @ DW_OP_reg0
	.long	0
	.long	0
	.section	.debug_abbrev,"",%progbits
	.byte	1                               @ Abbreviation Code
	.byte	17                              @ DW_TAG_compile_unit
	.byte	1                               @ DW_CHILDREN_yes
	.byte	37                              @ DW_AT_producer
	.byte	14                              @ DW_FORM_strp
	.byte	19                              @ DW_AT_language
	.byte	5                               @ DW_FORM_data2
	.byte	3                               @ DW_AT_name
	.byte	14                              @ DW_FORM_strp
	.byte	16                              @ DW_AT_stmt_list
	.byte	23                              @ DW_FORM_sec_offset
	.byte	27                              @ DW_AT_comp_dir
	.byte	14                              @ DW_FORM_strp
	.byte	17                              @ DW_AT_low_pc
	.byte	1                               @ DW_FORM_addr
	.byte	18                              @ DW_AT_high_pc
	.byte	6                               @ DW_FORM_data4
	.byte	0                               @ EOM(1)
	.byte	0                               @ EOM(2)
	.byte	2                               @ Abbreviation Code
	.byte	4                               @ DW_TAG_enumeration_type
	.byte	1                               @ DW_CHILDREN_yes
	.byte	73                              @ DW_AT_type
	.byte	19                              @ DW_FORM_ref4
	.byte	11                              @ DW_AT_byte_size
	.byte	11                              @ DW_FORM_data1
	.byte	58                              @ DW_AT_decl_file
	.byte	11                              @ DW_FORM_data1
	.byte	59                              @ DW_AT_decl_line
	.byte	11                              @ DW_FORM_data1
	.byte	0                               @ EOM(1)
	.byte	0                               @ EOM(2)
	.byte	3                               @ Abbreviation Code
	.byte	40                              @ DW_TAG_enumerator
	.byte	0                               @ DW_CHILDREN_no
	.byte	3                               @ DW_AT_name
	.byte	14                              @ DW_FORM_strp
	.byte	28                              @ DW_AT_const_value
	.byte	15                              @ DW_FORM_udata
	.byte	0                               @ EOM(1)
	.byte	0                               @ EOM(2)
	.byte	4                               @ Abbreviation Code
	.byte	36                              @ DW_TAG_base_type
	.byte	0                               @ DW_CHILDREN_no
	.byte	3                               @ DW_AT_name
	.byte	14                              @ DW_FORM_strp
	.byte	62                              @ DW_AT_encoding
	.byte	11                              @ DW_FORM_data1
	.byte	11                              @ DW_AT_byte_size
	.byte	11                              @ DW_FORM_data1
	.byte	0                               @ EOM(1)
	.byte	0                               @ EOM(2)
	.byte	5                               @ Abbreviation Code
	.byte	15                              @ DW_TAG_pointer_type
	.byte	0                               @ DW_CHILDREN_no
	.byte	73                              @ DW_AT_type
	.byte	19                              @ DW_FORM_ref4
	.byte	0                               @ EOM(1)
	.byte	0                               @ EOM(2)
	.byte	6                               @ Abbreviation Code
	.byte	22                              @ DW_TAG_typedef
	.byte	0                               @ DW_CHILDREN_no
	.byte	73                              @ DW_AT_type
	.byte	19                              @ DW_FORM_ref4
	.byte	3                               @ DW_AT_name
	.byte	14                              @ DW_FORM_strp
	.byte	58                              @ DW_AT_decl_file
	.byte	11                              @ DW_FORM_data1
	.byte	59                              @ DW_AT_decl_line
	.byte	5                               @ DW_FORM_data2
	.byte	0                               @ EOM(1)
	.byte	0                               @ EOM(2)
	.byte	7                               @ Abbreviation Code
	.byte	19                              @ DW_TAG_structure_type
	.byte	1                               @ DW_CHILDREN_yes
	.byte	11                              @ DW_AT_byte_size
	.byte	5                               @ DW_FORM_data2
	.byte	58                              @ DW_AT_decl_file
	.byte	11                              @ DW_FORM_data1
	.byte	59                              @ DW_AT_decl_line
	.byte	5                               @ DW_FORM_data2
	.byte	0                               @ EOM(1)
	.byte	0                               @ EOM(2)
	.byte	8                               @ Abbreviation Code
	.byte	13                              @ DW_TAG_member
	.byte	0                               @ DW_CHILDREN_no
	.byte	3                               @ DW_AT_name
	.byte	14                              @ DW_FORM_strp
	.byte	73                              @ DW_AT_type
	.byte	19                              @ DW_FORM_ref4
	.byte	58                              @ DW_AT_decl_file
	.byte	11                              @ DW_FORM_data1
	.byte	59                              @ DW_AT_decl_line
	.byte	5                               @ DW_FORM_data2
	.byte	56                              @ DW_AT_data_member_location
	.byte	11                              @ DW_FORM_data1
	.byte	0                               @ EOM(1)
	.byte	0                               @ EOM(2)
	.byte	9                               @ Abbreviation Code
	.byte	13                              @ DW_TAG_member
	.byte	0                               @ DW_CHILDREN_no
	.byte	3                               @ DW_AT_name
	.byte	14                              @ DW_FORM_strp
	.byte	73                              @ DW_AT_type
	.byte	19                              @ DW_FORM_ref4
	.byte	58                              @ DW_AT_decl_file
	.byte	11                              @ DW_FORM_data1
	.byte	59                              @ DW_AT_decl_line
	.byte	5                               @ DW_FORM_data2
	.byte	56                              @ DW_AT_data_member_location
	.byte	5                               @ DW_FORM_data2
	.byte	0                               @ EOM(1)
	.byte	0                               @ EOM(2)
	.byte	10                              @ Abbreviation Code
	.byte	1                               @ DW_TAG_array_type
	.byte	1                               @ DW_CHILDREN_yes
	.byte	73                              @ DW_AT_type
	.byte	19                              @ DW_FORM_ref4
	.byte	0                               @ EOM(1)
	.byte	0                               @ EOM(2)
	.byte	11                              @ Abbreviation Code
	.byte	33                              @ DW_TAG_subrange_type
	.byte	0                               @ DW_CHILDREN_no
	.byte	73                              @ DW_AT_type
	.byte	19                              @ DW_FORM_ref4
	.byte	55                              @ DW_AT_count
	.byte	11                              @ DW_FORM_data1
	.byte	0                               @ EOM(1)
	.byte	0                               @ EOM(2)
	.byte	12                              @ Abbreviation Code
	.byte	53                              @ DW_TAG_volatile_type
	.byte	0                               @ DW_CHILDREN_no
	.byte	73                              @ DW_AT_type
	.byte	19                              @ DW_FORM_ref4
	.byte	0                               @ EOM(1)
	.byte	0                               @ EOM(2)
	.byte	13                              @ Abbreviation Code
	.byte	22                              @ DW_TAG_typedef
	.byte	0                               @ DW_CHILDREN_no
	.byte	73                              @ DW_AT_type
	.byte	19                              @ DW_FORM_ref4
	.byte	3                               @ DW_AT_name
	.byte	14                              @ DW_FORM_strp
	.byte	58                              @ DW_AT_decl_file
	.byte	11                              @ DW_FORM_data1
	.byte	59                              @ DW_AT_decl_line
	.byte	11                              @ DW_FORM_data1
	.byte	0                               @ EOM(1)
	.byte	0                               @ EOM(2)
	.byte	14                              @ Abbreviation Code
	.byte	36                              @ DW_TAG_base_type
	.byte	0                               @ DW_CHILDREN_no
	.byte	3                               @ DW_AT_name
	.byte	14                              @ DW_FORM_strp
	.byte	11                              @ DW_AT_byte_size
	.byte	11                              @ DW_FORM_data1
	.byte	62                              @ DW_AT_encoding
	.byte	11                              @ DW_FORM_data1
	.byte	0                               @ EOM(1)
	.byte	0                               @ EOM(2)
	.byte	15                              @ Abbreviation Code
	.byte	19                              @ DW_TAG_structure_type
	.byte	1                               @ DW_CHILDREN_yes
	.byte	11                              @ DW_AT_byte_size
	.byte	11                              @ DW_FORM_data1
	.byte	58                              @ DW_AT_decl_file
	.byte	11                              @ DW_FORM_data1
	.byte	59                              @ DW_AT_decl_line
	.byte	5                               @ DW_FORM_data2
	.byte	0                               @ EOM(1)
	.byte	0                               @ EOM(2)
	.byte	16                              @ Abbreviation Code
	.byte	46                              @ DW_TAG_subprogram
	.byte	1                               @ DW_CHILDREN_yes
	.byte	17                              @ DW_AT_low_pc
	.byte	1                               @ DW_FORM_addr
	.byte	18                              @ DW_AT_high_pc
	.byte	6                               @ DW_FORM_data4
	.byte	64                              @ DW_AT_frame_base
	.byte	24                              @ DW_FORM_exprloc
	.ascii	"\227B"                         @ DW_AT_GNU_all_call_sites
	.byte	25                              @ DW_FORM_flag_present
	.byte	3                               @ DW_AT_name
	.byte	14                              @ DW_FORM_strp
	.byte	58                              @ DW_AT_decl_file
	.byte	11                              @ DW_FORM_data1
	.byte	59                              @ DW_AT_decl_line
	.byte	11                              @ DW_FORM_data1
	.byte	39                              @ DW_AT_prototyped
	.byte	25                              @ DW_FORM_flag_present
	.byte	73                              @ DW_AT_type
	.byte	19                              @ DW_FORM_ref4
	.byte	63                              @ DW_AT_external
	.byte	25                              @ DW_FORM_flag_present
	.byte	0                               @ EOM(1)
	.byte	0                               @ EOM(2)
	.byte	17                              @ Abbreviation Code
	.byte	5                               @ DW_TAG_formal_parameter
	.byte	0                               @ DW_CHILDREN_no
	.byte	2                               @ DW_AT_location
	.byte	23                              @ DW_FORM_sec_offset
	.byte	3                               @ DW_AT_name
	.byte	14                              @ DW_FORM_strp
	.byte	58                              @ DW_AT_decl_file
	.byte	11                              @ DW_FORM_data1
	.byte	59                              @ DW_AT_decl_line
	.byte	11                              @ DW_FORM_data1
	.byte	73                              @ DW_AT_type
	.byte	19                              @ DW_FORM_ref4
	.byte	0                               @ EOM(1)
	.byte	0                               @ EOM(2)
	.byte	18                              @ Abbreviation Code
	.byte	46                              @ DW_TAG_subprogram
	.byte	1                               @ DW_CHILDREN_yes
	.byte	17                              @ DW_AT_low_pc
	.byte	1                               @ DW_FORM_addr
	.byte	18                              @ DW_AT_high_pc
	.byte	6                               @ DW_FORM_data4
	.byte	64                              @ DW_AT_frame_base
	.byte	24                              @ DW_FORM_exprloc
	.ascii	"\227B"                         @ DW_AT_GNU_all_call_sites
	.byte	25                              @ DW_FORM_flag_present
	.byte	3                               @ DW_AT_name
	.byte	14                              @ DW_FORM_strp
	.byte	58                              @ DW_AT_decl_file
	.byte	11                              @ DW_FORM_data1
	.byte	59                              @ DW_AT_decl_line
	.byte	11                              @ DW_FORM_data1
	.byte	39                              @ DW_AT_prototyped
	.byte	25                              @ DW_FORM_flag_present
	.byte	63                              @ DW_AT_external
	.byte	25                              @ DW_FORM_flag_present
	.byte	0                               @ EOM(1)
	.byte	0                               @ EOM(2)
	.byte	19                              @ Abbreviation Code
	.byte	5                               @ DW_TAG_formal_parameter
	.byte	0                               @ DW_CHILDREN_no
	.byte	2                               @ DW_AT_location
	.byte	24                              @ DW_FORM_exprloc
	.byte	3                               @ DW_AT_name
	.byte	14                              @ DW_FORM_strp
	.byte	58                              @ DW_AT_decl_file
	.byte	11                              @ DW_FORM_data1
	.byte	59                              @ DW_AT_decl_line
	.byte	11                              @ DW_FORM_data1
	.byte	73                              @ DW_AT_type
	.byte	19                              @ DW_FORM_ref4
	.byte	0                               @ EOM(1)
	.byte	0                               @ EOM(2)
	.byte	20                              @ Abbreviation Code
	.byte	46                              @ DW_TAG_subprogram
	.byte	1                               @ DW_CHILDREN_yes
	.byte	17                              @ DW_AT_low_pc
	.byte	1                               @ DW_FORM_addr
	.byte	18                              @ DW_AT_high_pc
	.byte	6                               @ DW_FORM_data4
	.byte	64                              @ DW_AT_frame_base
	.byte	24                              @ DW_FORM_exprloc
	.ascii	"\227B"                         @ DW_AT_GNU_all_call_sites
	.byte	25                              @ DW_FORM_flag_present
	.byte	3                               @ DW_AT_name
	.byte	14                              @ DW_FORM_strp
	.byte	58                              @ DW_AT_decl_file
	.byte	11                              @ DW_FORM_data1
	.byte	59                              @ DW_AT_decl_line
	.byte	5                               @ DW_FORM_data2
	.byte	39                              @ DW_AT_prototyped
	.byte	25                              @ DW_FORM_flag_present
	.byte	63                              @ DW_AT_external
	.byte	25                              @ DW_FORM_flag_present
	.byte	0                               @ EOM(1)
	.byte	0                               @ EOM(2)
	.byte	21                              @ Abbreviation Code
	.byte	5                               @ DW_TAG_formal_parameter
	.byte	0                               @ DW_CHILDREN_no
	.byte	2                               @ DW_AT_location
	.byte	23                              @ DW_FORM_sec_offset
	.byte	3                               @ DW_AT_name
	.byte	14                              @ DW_FORM_strp
	.byte	58                              @ DW_AT_decl_file
	.byte	11                              @ DW_FORM_data1
	.byte	59                              @ DW_AT_decl_line
	.byte	5                               @ DW_FORM_data2
	.byte	73                              @ DW_AT_type
	.byte	19                              @ DW_FORM_ref4
	.byte	0                               @ EOM(1)
	.byte	0                               @ EOM(2)
	.byte	22                              @ Abbreviation Code
	.byte	46                              @ DW_TAG_subprogram
	.byte	0                               @ DW_CHILDREN_no
	.byte	17                              @ DW_AT_low_pc
	.byte	1                               @ DW_FORM_addr
	.byte	18                              @ DW_AT_high_pc
	.byte	6                               @ DW_FORM_data4
	.byte	64                              @ DW_AT_frame_base
	.byte	24                              @ DW_FORM_exprloc
	.ascii	"\227B"                         @ DW_AT_GNU_all_call_sites
	.byte	25                              @ DW_FORM_flag_present
	.byte	3                               @ DW_AT_name
	.byte	14                              @ DW_FORM_strp
	.byte	58                              @ DW_AT_decl_file
	.byte	11                              @ DW_FORM_data1
	.byte	59                              @ DW_AT_decl_line
	.byte	5                               @ DW_FORM_data2
	.byte	39                              @ DW_AT_prototyped
	.byte	25                              @ DW_FORM_flag_present
	.byte	73                              @ DW_AT_type
	.byte	19                              @ DW_FORM_ref4
	.byte	63                              @ DW_AT_external
	.byte	25                              @ DW_FORM_flag_present
	.byte	0                               @ EOM(1)
	.byte	0                               @ EOM(2)
	.byte	23                              @ Abbreviation Code
	.byte	52                              @ DW_TAG_variable
	.byte	0                               @ DW_CHILDREN_no
	.byte	2                               @ DW_AT_location
	.byte	23                              @ DW_FORM_sec_offset
	.byte	3                               @ DW_AT_name
	.byte	14                              @ DW_FORM_strp
	.byte	58                              @ DW_AT_decl_file
	.byte	11                              @ DW_FORM_data1
	.byte	59                              @ DW_AT_decl_line
	.byte	5                               @ DW_FORM_data2
	.byte	73                              @ DW_AT_type
	.byte	19                              @ DW_FORM_ref4
	.byte	0                               @ EOM(1)
	.byte	0                               @ EOM(2)
	.byte	24                              @ Abbreviation Code
	.ascii	"\211\202\001"                  @ DW_TAG_GNU_call_site
	.byte	0                               @ DW_CHILDREN_no
	.byte	49                              @ DW_AT_abstract_origin
	.byte	19                              @ DW_FORM_ref4
	.ascii	"\225B"                         @ DW_AT_GNU_tail_call
	.byte	25                              @ DW_FORM_flag_present
	.byte	17                              @ DW_AT_low_pc
	.byte	1                               @ DW_FORM_addr
	.byte	0                               @ EOM(1)
	.byte	0                               @ EOM(2)
	.byte	25                              @ Abbreviation Code
	.byte	5                               @ DW_TAG_formal_parameter
	.byte	0                               @ DW_CHILDREN_no
	.byte	2                               @ DW_AT_location
	.byte	24                              @ DW_FORM_exprloc
	.byte	3                               @ DW_AT_name
	.byte	14                              @ DW_FORM_strp
	.byte	58                              @ DW_AT_decl_file
	.byte	11                              @ DW_FORM_data1
	.byte	59                              @ DW_AT_decl_line
	.byte	5                               @ DW_FORM_data2
	.byte	73                              @ DW_AT_type
	.byte	19                              @ DW_FORM_ref4
	.byte	0                               @ EOM(1)
	.byte	0                               @ EOM(2)
	.byte	0                               @ EOM(3)
	.section	.debug_info,"",%progbits
.Lcu_begin0:
	.long	.Ldebug_info_end0-.Ldebug_info_start0 @ Length of Unit
.Ldebug_info_start0:
	.short	4                               @ DWARF version number
	.long	.debug_abbrev                   @ Offset Into Abbrev. Section
	.byte	4                               @ Address Size (in bytes)
	.byte	1                               @ Abbrev [1] 0xb:0x30f DW_TAG_compile_unit
	.long	.Linfo_string0                  @ DW_AT_producer
	.short	12                              @ DW_AT_language
	.long	.Linfo_string1                  @ DW_AT_name
	.long	.Lline_table_start0             @ DW_AT_stmt_list
	.long	.Linfo_string2                  @ DW_AT_comp_dir
	.long	.Lfunc_begin0                   @ DW_AT_low_pc
	.long	.Lfunc_end10-.Lfunc_begin0      @ DW_AT_high_pc
	.byte	2                               @ Abbrev [2] 0x26:0x21 DW_TAG_enumeration_type
	.long	71                              @ DW_AT_type
	.byte	1                               @ DW_AT_byte_size
	.byte	1                               @ DW_AT_decl_file
	.byte	39                              @ DW_AT_decl_line
	.byte	3                               @ Abbrev [3] 0x2e:0x6 DW_TAG_enumerator
	.long	.Linfo_string4                  @ DW_AT_name
	.byte	0                               @ DW_AT_const_value
	.byte	3                               @ Abbrev [3] 0x34:0x6 DW_TAG_enumerator
	.long	.Linfo_string5                  @ DW_AT_name
	.byte	1                               @ DW_AT_const_value
	.byte	3                               @ Abbrev [3] 0x3a:0x6 DW_TAG_enumerator
	.long	.Linfo_string6                  @ DW_AT_name
	.byte	2                               @ DW_AT_const_value
	.byte	3                               @ Abbrev [3] 0x40:0x6 DW_TAG_enumerator
	.long	.Linfo_string7                  @ DW_AT_name
	.byte	3                               @ DW_AT_const_value
	.byte	0                               @ End Of Children Mark
	.byte	4                               @ Abbrev [4] 0x47:0x7 DW_TAG_base_type
	.long	.Linfo_string3                  @ DW_AT_name
	.byte	8                               @ DW_AT_encoding
	.byte	1                               @ DW_AT_byte_size
	.byte	5                               @ Abbrev [5] 0x4e:0x5 DW_TAG_pointer_type
	.long	83                              @ DW_AT_type
	.byte	6                               @ Abbrev [6] 0x53:0xc DW_TAG_typedef
	.long	95                              @ DW_AT_type
	.long	.Linfo_string20                 @ DW_AT_name
	.byte	3                               @ DW_AT_decl_file
	.short	1463                            @ DW_AT_decl_line
	.byte	7                               @ Abbrev [7] 0x5f:0x83 DW_TAG_structure_type
	.short	328                             @ DW_AT_byte_size
	.byte	3                               @ DW_AT_decl_file
	.short	1451                            @ DW_AT_decl_line
	.byte	8                               @ Abbrev [8] 0x65:0xd DW_TAG_member
	.long	.Linfo_string8                  @ DW_AT_name
	.long	226                             @ DW_AT_type
	.byte	3                               @ DW_AT_decl_file
	.short	1453                            @ DW_AT_decl_line
	.byte	0                               @ DW_AT_data_member_location
	.byte	8                               @ Abbrev [8] 0x72:0xd DW_TAG_member
	.long	.Linfo_string12                 @ DW_AT_name
	.long	226                             @ DW_AT_type
	.byte	3                               @ DW_AT_decl_file
	.short	1454                            @ DW_AT_decl_line
	.byte	128                             @ DW_AT_data_member_location
	.byte	9                               @ Abbrev [9] 0x7f:0xe DW_TAG_member
	.long	.Linfo_string13                 @ DW_AT_name
	.long	238                             @ DW_AT_type
	.byte	3                               @ DW_AT_decl_file
	.short	1455                            @ DW_AT_decl_line
	.short	256                             @ DW_AT_data_member_location
	.byte	9                               @ Abbrev [9] 0x8d:0xe DW_TAG_member
	.long	.Linfo_string14                 @ DW_AT_name
	.long	238                             @ DW_AT_type
	.byte	3                               @ DW_AT_decl_file
	.short	1456                            @ DW_AT_decl_line
	.short	260                             @ DW_AT_data_member_location
	.byte	9                               @ Abbrev [9] 0x9b:0xe DW_TAG_member
	.long	.Linfo_string15                 @ DW_AT_name
	.long	238                             @ DW_AT_type
	.byte	3                               @ DW_AT_decl_file
	.short	1457                            @ DW_AT_decl_line
	.short	264                             @ DW_AT_data_member_location
	.byte	9                               @ Abbrev [9] 0xa9:0xe DW_TAG_member
	.long	.Linfo_string16                 @ DW_AT_name
	.long	238                             @ DW_AT_type
	.byte	3                               @ DW_AT_decl_file
	.short	1458                            @ DW_AT_decl_line
	.short	268                             @ DW_AT_data_member_location
	.byte	9                               @ Abbrev [9] 0xb7:0xe DW_TAG_member
	.long	.Linfo_string17                 @ DW_AT_name
	.long	268                             @ DW_AT_type
	.byte	3                               @ DW_AT_decl_file
	.short	1459                            @ DW_AT_decl_line
	.short	272                             @ DW_AT_data_member_location
	.byte	9                               @ Abbrev [9] 0xc5:0xe DW_TAG_member
	.long	.Linfo_string18                 @ DW_AT_name
	.long	238                             @ DW_AT_type
	.byte	3                               @ DW_AT_decl_file
	.short	1460                            @ DW_AT_decl_line
	.short	320                             @ DW_AT_data_member_location
	.byte	9                               @ Abbrev [9] 0xd3:0xe DW_TAG_member
	.long	.Linfo_string19                 @ DW_AT_name
	.long	238                             @ DW_AT_type
	.byte	3                               @ DW_AT_decl_file
	.short	1461                            @ DW_AT_decl_line
	.short	324                             @ DW_AT_data_member_location
	.byte	0                               @ End Of Children Mark
	.byte	10                              @ Abbrev [10] 0xe2:0xc DW_TAG_array_type
	.long	238                             @ DW_AT_type
	.byte	11                              @ Abbrev [11] 0xe7:0x6 DW_TAG_subrange_type
	.long	261                             @ DW_AT_type
	.byte	32                              @ DW_AT_count
	.byte	0                               @ End Of Children Mark
	.byte	12                              @ Abbrev [12] 0xee:0x5 DW_TAG_volatile_type
	.long	243                             @ DW_AT_type
	.byte	13                              @ Abbrev [13] 0xf3:0xb DW_TAG_typedef
	.long	254                             @ DW_AT_type
	.long	.Linfo_string10                 @ DW_AT_name
	.byte	2                               @ DW_AT_decl_file
	.byte	64                              @ DW_AT_decl_line
	.byte	4                               @ Abbrev [4] 0xfe:0x7 DW_TAG_base_type
	.long	.Linfo_string9                  @ DW_AT_name
	.byte	7                               @ DW_AT_encoding
	.byte	4                               @ DW_AT_byte_size
	.byte	14                              @ Abbrev [14] 0x105:0x7 DW_TAG_base_type
	.long	.Linfo_string11                 @ DW_AT_name
	.byte	8                               @ DW_AT_byte_size
	.byte	7                               @ DW_AT_encoding
	.byte	10                              @ Abbrev [10] 0x10c:0xc DW_TAG_array_type
	.long	243                             @ DW_AT_type
	.byte	11                              @ Abbrev [11] 0x111:0x6 DW_TAG_subrange_type
	.long	261                             @ DW_AT_type
	.byte	12                              @ DW_AT_count
	.byte	0                               @ End Of Children Mark
	.byte	5                               @ Abbrev [5] 0x118:0x5 DW_TAG_pointer_type
	.long	285                             @ DW_AT_type
	.byte	6                               @ Abbrev [6] 0x11d:0xc DW_TAG_typedef
	.long	297                             @ DW_AT_type
	.long	.Linfo_string25                 @ DW_AT_name
	.byte	3                               @ DW_AT_decl_file
	.short	1471                            @ DW_AT_decl_line
	.byte	15                              @ Abbrev [15] 0x129:0x3a DW_TAG_structure_type
	.byte	16                              @ DW_AT_byte_size
	.byte	3                               @ DW_AT_decl_file
	.short	1465                            @ DW_AT_decl_line
	.byte	8                               @ Abbrev [8] 0x12e:0xd DW_TAG_member
	.long	.Linfo_string21                 @ DW_AT_name
	.long	238                             @ DW_AT_type
	.byte	3                               @ DW_AT_decl_file
	.short	1467                            @ DW_AT_decl_line
	.byte	0                               @ DW_AT_data_member_location
	.byte	8                               @ Abbrev [8] 0x13b:0xd DW_TAG_member
	.long	.Linfo_string22                 @ DW_AT_name
	.long	238                             @ DW_AT_type
	.byte	3                               @ DW_AT_decl_file
	.short	1468                            @ DW_AT_decl_line
	.byte	4                               @ DW_AT_data_member_location
	.byte	8                               @ Abbrev [8] 0x148:0xd DW_TAG_member
	.long	.Linfo_string23                 @ DW_AT_name
	.long	238                             @ DW_AT_type
	.byte	3                               @ DW_AT_decl_file
	.short	1469                            @ DW_AT_decl_line
	.byte	8                               @ DW_AT_data_member_location
	.byte	8                               @ Abbrev [8] 0x155:0xd DW_TAG_member
	.long	.Linfo_string24                 @ DW_AT_name
	.long	238                             @ DW_AT_type
	.byte	3                               @ DW_AT_decl_file
	.short	1470                            @ DW_AT_decl_line
	.byte	12                              @ DW_AT_data_member_location
	.byte	0                               @ End Of Children Mark
	.byte	16                              @ Abbrev [16] 0x163:0x34 DW_TAG_subprogram
	.long	.Lfunc_begin0                   @ DW_AT_low_pc
	.long	.Lfunc_end0-.Lfunc_begin0       @ DW_AT_high_pc
	.byte	1                               @ DW_AT_frame_base
	.byte	93
                                        @ DW_AT_GNU_all_call_sites
	.long	.Linfo_string26                 @ DW_AT_name
	.byte	4                               @ DW_AT_decl_file
	.byte	159                             @ DW_AT_decl_line
                                        @ DW_AT_prototyped
	.long	782                             @ DW_AT_type
                                        @ DW_AT_external
	.byte	17                              @ Abbrev [17] 0x178:0xf DW_TAG_formal_parameter
	.long	.Ldebug_loc0                    @ DW_AT_location
	.long	.Linfo_string38                 @ DW_AT_name
	.byte	4                               @ DW_AT_decl_file
	.byte	159                             @ DW_AT_decl_line
	.long	243                             @ DW_AT_type
	.byte	17                              @ Abbrev [17] 0x187:0xf DW_TAG_formal_parameter
	.long	.Ldebug_loc1                    @ DW_AT_location
	.long	.Linfo_string39                 @ DW_AT_name
	.byte	4                               @ DW_AT_decl_file
	.byte	159                             @ DW_AT_decl_line
	.long	243                             @ DW_AT_type
	.byte	0                               @ End Of Children Mark
	.byte	16                              @ Abbrev [16] 0x197:0x25 DW_TAG_subprogram
	.long	.Lfunc_begin1                   @ DW_AT_low_pc
	.long	.Lfunc_end1-.Lfunc_begin1       @ DW_AT_high_pc
	.byte	1                               @ DW_AT_frame_base
	.byte	93
                                        @ DW_AT_GNU_all_call_sites
	.long	.Linfo_string28                 @ DW_AT_name
	.byte	4                               @ DW_AT_decl_file
	.byte	196                             @ DW_AT_decl_line
                                        @ DW_AT_prototyped
	.long	782                             @ DW_AT_type
                                        @ DW_AT_external
	.byte	17                              @ Abbrev [17] 0x1ac:0xf DW_TAG_formal_parameter
	.long	.Ldebug_loc2                    @ DW_AT_location
	.long	.Linfo_string38                 @ DW_AT_name
	.byte	4                               @ DW_AT_decl_file
	.byte	196                             @ DW_AT_decl_line
	.long	243                             @ DW_AT_type
	.byte	0                               @ End Of Children Mark
	.byte	16                              @ Abbrev [16] 0x1bc:0x25 DW_TAG_subprogram
	.long	.Lfunc_begin2                   @ DW_AT_low_pc
	.long	.Lfunc_end2-.Lfunc_begin2       @ DW_AT_high_pc
	.byte	1                               @ DW_AT_frame_base
	.byte	93
                                        @ DW_AT_GNU_all_call_sites
	.long	.Linfo_string29                 @ DW_AT_name
	.byte	4                               @ DW_AT_decl_file
	.byte	225                             @ DW_AT_decl_line
                                        @ DW_AT_prototyped
	.long	243                             @ DW_AT_type
                                        @ DW_AT_external
	.byte	17                              @ Abbrev [17] 0x1d1:0xf DW_TAG_formal_parameter
	.long	.Ldebug_loc3                    @ DW_AT_location
	.long	.Linfo_string38                 @ DW_AT_name
	.byte	4                               @ DW_AT_decl_file
	.byte	225                             @ DW_AT_decl_line
	.long	243                             @ DW_AT_type
	.byte	0                               @ End Of Children Mark
	.byte	18                              @ Abbrev [18] 0x1e1:0x2e DW_TAG_subprogram
	.long	.Lfunc_begin3                   @ DW_AT_low_pc
	.long	.Lfunc_end3-.Lfunc_begin3       @ DW_AT_high_pc
	.byte	1                               @ DW_AT_frame_base
	.byte	93
                                        @ DW_AT_GNU_all_call_sites
	.long	.Linfo_string30                 @ DW_AT_name
	.byte	4                               @ DW_AT_decl_file
	.byte	237                             @ DW_AT_decl_line
                                        @ DW_AT_prototyped
                                        @ DW_AT_external
	.byte	19                              @ Abbrev [19] 0x1f2:0xd DW_TAG_formal_parameter
	.byte	1                               @ DW_AT_location
	.byte	80
	.long	.Linfo_string38                 @ DW_AT_name
	.byte	4                               @ DW_AT_decl_file
	.byte	237                             @ DW_AT_decl_line
	.long	243                             @ DW_AT_type
	.byte	17                              @ Abbrev [17] 0x1ff:0xf DW_TAG_formal_parameter
	.long	.Ldebug_loc4                    @ DW_AT_location
	.long	.Linfo_string39                 @ DW_AT_name
	.byte	4                               @ DW_AT_decl_file
	.byte	237                             @ DW_AT_decl_line
	.long	243                             @ DW_AT_type
	.byte	0                               @ End Of Children Mark
	.byte	20                              @ Abbrev [20] 0x20f:0x33 DW_TAG_subprogram
	.long	.Lfunc_begin4                   @ DW_AT_low_pc
	.long	.Lfunc_end4-.Lfunc_begin4       @ DW_AT_high_pc
	.byte	1                               @ DW_AT_frame_base
	.byte	93
                                        @ DW_AT_GNU_all_call_sites
	.long	.Linfo_string31                 @ DW_AT_name
	.byte	4                               @ DW_AT_decl_file
	.short	258                             @ DW_AT_decl_line
                                        @ DW_AT_prototyped
                                        @ DW_AT_external
	.byte	21                              @ Abbrev [21] 0x221:0x10 DW_TAG_formal_parameter
	.long	.Ldebug_loc5                    @ DW_AT_location
	.long	.Linfo_string40                 @ DW_AT_name
	.byte	4                               @ DW_AT_decl_file
	.short	258                             @ DW_AT_decl_line
	.long	243                             @ DW_AT_type
	.byte	21                              @ Abbrev [21] 0x231:0x10 DW_TAG_formal_parameter
	.long	.Ldebug_loc6                    @ DW_AT_location
	.long	.Linfo_string41                 @ DW_AT_name
	.byte	4                               @ DW_AT_decl_file
	.short	258                             @ DW_AT_decl_line
	.long	243                             @ DW_AT_type
	.byte	0                               @ End Of Children Mark
	.byte	20                              @ Abbrev [20] 0x242:0x23 DW_TAG_subprogram
	.long	.Lfunc_begin5                   @ DW_AT_low_pc
	.long	.Lfunc_end5-.Lfunc_begin5       @ DW_AT_high_pc
	.byte	1                               @ DW_AT_frame_base
	.byte	93
                                        @ DW_AT_GNU_all_call_sites
	.long	.Linfo_string32                 @ DW_AT_name
	.byte	4                               @ DW_AT_decl_file
	.short	290                             @ DW_AT_decl_line
                                        @ DW_AT_prototyped
                                        @ DW_AT_external
	.byte	21                              @ Abbrev [21] 0x254:0x10 DW_TAG_formal_parameter
	.long	.Ldebug_loc7                    @ DW_AT_location
	.long	.Linfo_string40                 @ DW_AT_name
	.byte	4                               @ DW_AT_decl_file
	.short	290                             @ DW_AT_decl_line
	.long	243                             @ DW_AT_type
	.byte	0                               @ End Of Children Mark
	.byte	22                              @ Abbrev [22] 0x265:0x16 DW_TAG_subprogram
	.long	.Lfunc_begin6                   @ DW_AT_low_pc
	.long	.Lfunc_end6-.Lfunc_begin6       @ DW_AT_high_pc
	.byte	1                               @ DW_AT_frame_base
	.byte	93
                                        @ DW_AT_GNU_all_call_sites
	.long	.Linfo_string33                 @ DW_AT_name
	.byte	4                               @ DW_AT_decl_file
	.short	302                             @ DW_AT_decl_line
                                        @ DW_AT_prototyped
	.long	243                             @ DW_AT_type
                                        @ DW_AT_external
	.byte	20                              @ Abbrev [20] 0x27b:0x23 DW_TAG_subprogram
	.long	.Lfunc_begin7                   @ DW_AT_low_pc
	.long	.Lfunc_end7-.Lfunc_begin7       @ DW_AT_high_pc
	.byte	1                               @ DW_AT_frame_base
	.byte	93
                                        @ DW_AT_GNU_all_call_sites
	.long	.Linfo_string34                 @ DW_AT_name
	.byte	4                               @ DW_AT_decl_file
	.short	329                             @ DW_AT_decl_line
                                        @ DW_AT_prototyped
                                        @ DW_AT_external
	.byte	21                              @ Abbrev [21] 0x28d:0x10 DW_TAG_formal_parameter
	.long	.Ldebug_loc8                    @ DW_AT_location
	.long	.Linfo_string42                 @ DW_AT_name
	.byte	4                               @ DW_AT_decl_file
	.short	329                             @ DW_AT_decl_line
	.long	243                             @ DW_AT_type
	.byte	0                               @ End Of Children Mark
	.byte	20                              @ Abbrev [20] 0x29e:0x23 DW_TAG_subprogram
	.long	.Lfunc_begin8                   @ DW_AT_low_pc
	.long	.Lfunc_end8-.Lfunc_begin8       @ DW_AT_high_pc
	.byte	1                               @ DW_AT_frame_base
	.byte	93
                                        @ DW_AT_GNU_all_call_sites
	.long	.Linfo_string35                 @ DW_AT_name
	.byte	4                               @ DW_AT_decl_file
	.short	353                             @ DW_AT_decl_line
                                        @ DW_AT_prototyped
                                        @ DW_AT_external
	.byte	21                              @ Abbrev [21] 0x2b0:0x10 DW_TAG_formal_parameter
	.long	.Ldebug_loc9                    @ DW_AT_location
	.long	.Linfo_string42                 @ DW_AT_name
	.byte	4                               @ DW_AT_decl_file
	.short	353                             @ DW_AT_decl_line
	.long	243                             @ DW_AT_type
	.byte	0                               @ End Of Children Mark
	.byte	20                              @ Abbrev [20] 0x2c1:0x2c DW_TAG_subprogram
	.long	.Lfunc_begin9                   @ DW_AT_low_pc
	.long	.Lfunc_end9-.Lfunc_begin9       @ DW_AT_high_pc
	.byte	1                               @ DW_AT_frame_base
	.byte	93
                                        @ DW_AT_GNU_all_call_sites
	.long	.Linfo_string36                 @ DW_AT_name
	.byte	4                               @ DW_AT_decl_file
	.short	376                             @ DW_AT_decl_line
                                        @ DW_AT_prototyped
                                        @ DW_AT_external
	.byte	23                              @ Abbrev [23] 0x2d3:0x10 DW_TAG_variable
	.long	.Ldebug_loc10                   @ DW_AT_location
	.long	.Linfo_string43                 @ DW_AT_name
	.byte	4                               @ DW_AT_decl_file
	.short	378                             @ DW_AT_decl_line
	.long	243                             @ DW_AT_type
	.byte	24                              @ Abbrev [24] 0x2e3:0x9 DW_TAG_GNU_call_site
	.long	749                             @ DW_AT_abstract_origin
                                        @ DW_AT_GNU_tail_call
	.long	.Ltmp34                         @ DW_AT_low_pc
	.byte	0                               @ End Of Children Mark
	.byte	20                              @ Abbrev [20] 0x2ed:0x21 DW_TAG_subprogram
	.long	.Lfunc_begin10                  @ DW_AT_low_pc
	.long	.Lfunc_end10-.Lfunc_begin10     @ DW_AT_high_pc
	.byte	1                               @ DW_AT_frame_base
	.byte	93
                                        @ DW_AT_GNU_all_call_sites
	.long	.Linfo_string37                 @ DW_AT_name
	.byte	4                               @ DW_AT_decl_file
	.short	422                             @ DW_AT_decl_line
                                        @ DW_AT_prototyped
                                        @ DW_AT_external
	.byte	25                              @ Abbrev [25] 0x2ff:0xe DW_TAG_formal_parameter
	.byte	1                               @ DW_AT_location
	.byte	80
	.long	.Linfo_string42                 @ DW_AT_name
	.byte	4                               @ DW_AT_decl_file
	.short	422                             @ DW_AT_decl_line
	.long	243                             @ DW_AT_type
	.byte	0                               @ End Of Children Mark
	.byte	13                              @ Abbrev [13] 0x30e:0xb DW_TAG_typedef
	.long	38                              @ DW_AT_type
	.long	.Linfo_string27                 @ DW_AT_name
	.byte	1                               @ DW_AT_decl_file
	.byte	45                              @ DW_AT_decl_line
	.byte	0                               @ End Of Children Mark
.Ldebug_info_end0:
	.section	.debug_str,"MS",%progbits,1
.Linfo_string0:
	.asciz	"Component: Arm Compiler for Embedded 6.19 Tool: armclang [5e73cb00]" @ string offset=0
.Linfo_string1:
	.asciz	"../Drivers/STM32H7xx_HAL_Driver/Src\\stm32h7xx_hal_hsem.c" @ string offset=68
.Linfo_string2:
	.asciz	"F:\\3.git\\1.Github\\ExFlash_Algorithm\\embedfire\\Algorithm_QSPI\\STLDR\\MDK-ARM" @ string offset=125
.Linfo_string3:
	.asciz	"unsigned char"                 @ string offset=200
.Linfo_string4:
	.asciz	"HAL_OK"                        @ string offset=214
.Linfo_string5:
	.asciz	"HAL_ERROR"                     @ string offset=221
.Linfo_string6:
	.asciz	"HAL_BUSY"                      @ string offset=231
.Linfo_string7:
	.asciz	"HAL_TIMEOUT"                   @ string offset=240
.Linfo_string8:
	.asciz	"R"                             @ string offset=252
.Linfo_string9:
	.asciz	"unsigned int"                  @ string offset=254
.Linfo_string10:
	.asciz	"uint32_t"                      @ string offset=267
.Linfo_string11:
	.asciz	"__ARRAY_SIZE_TYPE__"           @ string offset=276
.Linfo_string12:
	.asciz	"RLR"                           @ string offset=296
.Linfo_string13:
	.asciz	"C1IER"                         @ string offset=300
.Linfo_string14:
	.asciz	"C1ICR"                         @ string offset=306
.Linfo_string15:
	.asciz	"C1ISR"                         @ string offset=312
.Linfo_string16:
	.asciz	"C1MISR"                        @ string offset=318
.Linfo_string17:
	.asciz	"Reserved"                      @ string offset=325
.Linfo_string18:
	.asciz	"CR"                            @ string offset=334
.Linfo_string19:
	.asciz	"KEYR"                          @ string offset=337
.Linfo_string20:
	.asciz	"HSEM_TypeDef"                  @ string offset=342
.Linfo_string21:
	.asciz	"IER"                           @ string offset=355
.Linfo_string22:
	.asciz	"ICR"                           @ string offset=359
.Linfo_string23:
	.asciz	"ISR"                           @ string offset=363
.Linfo_string24:
	.asciz	"MISR"                          @ string offset=367
.Linfo_string25:
	.asciz	"HSEM_Common_TypeDef"           @ string offset=372
.Linfo_string26:
	.asciz	"HAL_HSEM_Take"                 @ string offset=392
.Linfo_string27:
	.asciz	"HAL_StatusTypeDef"             @ string offset=406
.Linfo_string28:
	.asciz	"HAL_HSEM_FastTake"             @ string offset=424
.Linfo_string29:
	.asciz	"HAL_HSEM_IsSemTaken"           @ string offset=442
.Linfo_string30:
	.asciz	"HAL_HSEM_Release"              @ string offset=462
.Linfo_string31:
	.asciz	"HAL_HSEM_ReleaseAll"           @ string offset=479
.Linfo_string32:
	.asciz	"HAL_HSEM_SetClearKey"          @ string offset=499
.Linfo_string33:
	.asciz	"HAL_HSEM_GetClearKey"          @ string offset=520
.Linfo_string34:
	.asciz	"HAL_HSEM_ActivateNotification" @ string offset=541
.Linfo_string35:
	.asciz	"HAL_HSEM_DeactivateNotification" @ string offset=571
.Linfo_string36:
	.asciz	"HAL_HSEM_IRQHandler"           @ string offset=603
.Linfo_string37:
	.asciz	"HAL_HSEM_FreeCallback"         @ string offset=623
.Linfo_string38:
	.asciz	"SemID"                         @ string offset=645
.Linfo_string39:
	.asciz	"ProcessID"                     @ string offset=651
.Linfo_string40:
	.asciz	"Key"                           @ string offset=661
.Linfo_string41:
	.asciz	"CoreID"                        @ string offset=665
.Linfo_string42:
	.asciz	"SemMask"                       @ string offset=672
.Linfo_string43:
	.asciz	"statusreg"                     @ string offset=680
	.ident	"Component: Arm Compiler for Embedded 6.19 Tool: armclang [5e73cb00]"
	.section	".note.GNU-stack","",%progbits
	.eabi_attribute	30, 2	@ Tag_ABI_optimization_goals
	.ARM_attribute	16, 1	@ Tag_AV_eba
	.section	.debug_line,"",%progbits
.Lline_table_start0:
