	.text
	.syntax unified
	.eabi_attribute	67, "2.09"	@ Tag_conformance
	.cpu	cortex-m7
	.eabi_attribute	6, 13	@ Tag_CPU_arch
	.eabi_attribute	7, 77	@ Tag_CPU_arch_profile
	.eabi_attribute	8, 0	@ Tag_ARM_ISA_use
	.eabi_attribute	9, 2	@ Tag_THUMB_ISA_use
	.fpu	fpv5-d16
	.eabi_attribute	36, 1	@ Tag_FP_HP_extension
	.eabi_attribute	34, 1	@ Tag_CPU_unaligned_access
	.eabi_attribute	15, 2	@ Tag_ABI_PCS_RW_data
	.eabi_attribute	16, 1	@ Tag_ABI_PCS_RO_data
	.eabi_attribute	17, 1	@ Tag_ABI_PCS_GOT_use
	.eabi_attribute	20, 2	@ Tag_ABI_FP_denormal
	.eabi_attribute	21, 0	@ Tag_ABI_FP_exceptions
	.eabi_attribute	23, 1	@ Tag_ABI_FP_number_model
	.eabi_attribute	24, 1	@ Tag_ABI_align_needed
	.eabi_attribute	25, 1	@ Tag_ABI_align_preserved
	.eabi_attribute	28, 1	@ Tag_ABI_VFP_args
	.eabi_attribute	38, 1	@ Tag_ABI_FP_16bit_format
	.eabi_attribute	18, 2	@ Tag_ABI_PCS_wchar_t
	.eabi_attribute	26, 1	@ Tag_ABI_enum_size
	.eabi_attribute	14, 1	@ Tag_ABI_PCS_R9_use
	.file	"stm32h7xx_hal_msp.c"
	.file	1 "D:\\Program\\Keil\\Keil_v5\\ARM\\ARMCLANG\\Bin\\..\\include" "stdint.h"
	.file	2 "F:\\3.git\\1.Github\\ExFlash_Algorithm\\embedfire\\Algorithm_QSPI\\STLDR\\MDK-ARM" "../Drivers/CMSIS/Device/ST/STM32H7xx/Include/stm32h750xx.h"
	.hidden	HAL_MspInit                     @ -- Begin function HAL_MspInit
	.globl	HAL_MspInit
	.p2align	3
	.type	HAL_MspInit,%function
	.code	16                              @ @HAL_MspInit
	.thumb_func
HAL_MspInit:
.Lfunc_begin0:
	.file	3 "F:\\3.git\\1.Github\\ExFlash_Algorithm\\embedfire\\Algorithm_QSPI\\STLDR\\MDK-ARM" "../Core/Src/stm32h7xx_hal_msp.c"
	.loc	3 65 0                          @ ../Core/Src/stm32h7xx_hal_msp.c:65:0
	.fnstart
	.cfi_sections .debug_frame
	.cfi_startproc
@ %bb.0:
	.pad	#4
	sub	sp, #4
	.cfi_def_cfa_offset 4
	movw	r0, #17652
	movt	r0, #22530
.Ltmp0:
	.loc	3 70 3 prologue_end             @ ../Core/Src/stm32h7xx_hal_msp.c:70:3
	ldr	r1, [r0]
	orr	r1, r1, #2
	str	r1, [r0]
	ldr	r0, [r0]
	and	r0, r0, #2
	str	r0, [sp]
	ldr	r0, [sp]
.Ltmp1:
	.loc	3 77 1                          @ ../Core/Src/stm32h7xx_hal_msp.c:77:1
	add	sp, #4
	bx	lr
.Ltmp2:
.Lfunc_end0:
	.size	HAL_MspInit, .Lfunc_end0-HAL_MspInit
	.cfi_endproc
	.cantunwind
	.fnend
                                        @ -- End function
	.section	.debug_abbrev,"",%progbits
	.byte	1                               @ Abbreviation Code
	.byte	17                              @ DW_TAG_compile_unit
	.byte	1                               @ DW_CHILDREN_yes
	.byte	37                              @ DW_AT_producer
	.byte	14                              @ DW_FORM_strp
	.byte	19                              @ DW_AT_language
	.byte	5                               @ DW_FORM_data2
	.byte	3                               @ DW_AT_name
	.byte	14                              @ DW_FORM_strp
	.byte	16                              @ DW_AT_stmt_list
	.byte	23                              @ DW_FORM_sec_offset
	.byte	27                              @ DW_AT_comp_dir
	.byte	14                              @ DW_FORM_strp
	.byte	17                              @ DW_AT_low_pc
	.byte	1                               @ DW_FORM_addr
	.byte	18                              @ DW_AT_high_pc
	.byte	6                               @ DW_FORM_data4
	.byte	0                               @ EOM(1)
	.byte	0                               @ EOM(2)
	.byte	2                               @ Abbreviation Code
	.byte	15                              @ DW_TAG_pointer_type
	.byte	0                               @ DW_CHILDREN_no
	.byte	73                              @ DW_AT_type
	.byte	19                              @ DW_FORM_ref4
	.byte	0                               @ EOM(1)
	.byte	0                               @ EOM(2)
	.byte	3                               @ Abbreviation Code
	.byte	22                              @ DW_TAG_typedef
	.byte	0                               @ DW_CHILDREN_no
	.byte	73                              @ DW_AT_type
	.byte	19                              @ DW_FORM_ref4
	.byte	3                               @ DW_AT_name
	.byte	14                              @ DW_FORM_strp
	.byte	58                              @ DW_AT_decl_file
	.byte	11                              @ DW_FORM_data1
	.byte	59                              @ DW_AT_decl_line
	.byte	5                               @ DW_FORM_data2
	.byte	0                               @ EOM(1)
	.byte	0                               @ EOM(2)
	.byte	4                               @ Abbreviation Code
	.byte	19                              @ DW_TAG_structure_type
	.byte	1                               @ DW_CHILDREN_yes
	.byte	11                              @ DW_AT_byte_size
	.byte	5                               @ DW_FORM_data2
	.byte	58                              @ DW_AT_decl_file
	.byte	11                              @ DW_FORM_data1
	.byte	59                              @ DW_AT_decl_line
	.byte	5                               @ DW_FORM_data2
	.byte	0                               @ EOM(1)
	.byte	0                               @ EOM(2)
	.byte	5                               @ Abbreviation Code
	.byte	13                              @ DW_TAG_member
	.byte	0                               @ DW_CHILDREN_no
	.byte	3                               @ DW_AT_name
	.byte	14                              @ DW_FORM_strp
	.byte	73                              @ DW_AT_type
	.byte	19                              @ DW_FORM_ref4
	.byte	58                              @ DW_AT_decl_file
	.byte	11                              @ DW_FORM_data1
	.byte	59                              @ DW_AT_decl_line
	.byte	5                               @ DW_FORM_data2
	.byte	56                              @ DW_AT_data_member_location
	.byte	11                              @ DW_FORM_data1
	.byte	0                               @ EOM(1)
	.byte	0                               @ EOM(2)
	.byte	6                               @ Abbreviation Code
	.byte	13                              @ DW_TAG_member
	.byte	0                               @ DW_CHILDREN_no
	.byte	3                               @ DW_AT_name
	.byte	14                              @ DW_FORM_strp
	.byte	73                              @ DW_AT_type
	.byte	19                              @ DW_FORM_ref4
	.byte	58                              @ DW_AT_decl_file
	.byte	11                              @ DW_FORM_data1
	.byte	59                              @ DW_AT_decl_line
	.byte	5                               @ DW_FORM_data2
	.byte	56                              @ DW_AT_data_member_location
	.byte	5                               @ DW_FORM_data2
	.byte	0                               @ EOM(1)
	.byte	0                               @ EOM(2)
	.byte	7                               @ Abbreviation Code
	.byte	53                              @ DW_TAG_volatile_type
	.byte	0                               @ DW_CHILDREN_no
	.byte	73                              @ DW_AT_type
	.byte	19                              @ DW_FORM_ref4
	.byte	0                               @ EOM(1)
	.byte	0                               @ EOM(2)
	.byte	8                               @ Abbreviation Code
	.byte	22                              @ DW_TAG_typedef
	.byte	0                               @ DW_CHILDREN_no
	.byte	73                              @ DW_AT_type
	.byte	19                              @ DW_FORM_ref4
	.byte	3                               @ DW_AT_name
	.byte	14                              @ DW_FORM_strp
	.byte	58                              @ DW_AT_decl_file
	.byte	11                              @ DW_FORM_data1
	.byte	59                              @ DW_AT_decl_line
	.byte	11                              @ DW_FORM_data1
	.byte	0                               @ EOM(1)
	.byte	0                               @ EOM(2)
	.byte	9                               @ Abbreviation Code
	.byte	36                              @ DW_TAG_base_type
	.byte	0                               @ DW_CHILDREN_no
	.byte	3                               @ DW_AT_name
	.byte	14                              @ DW_FORM_strp
	.byte	62                              @ DW_AT_encoding
	.byte	11                              @ DW_FORM_data1
	.byte	11                              @ DW_AT_byte_size
	.byte	11                              @ DW_FORM_data1
	.byte	0                               @ EOM(1)
	.byte	0                               @ EOM(2)
	.byte	10                              @ Abbreviation Code
	.byte	1                               @ DW_TAG_array_type
	.byte	1                               @ DW_CHILDREN_yes
	.byte	73                              @ DW_AT_type
	.byte	19                              @ DW_FORM_ref4
	.byte	0                               @ EOM(1)
	.byte	0                               @ EOM(2)
	.byte	11                              @ Abbreviation Code
	.byte	33                              @ DW_TAG_subrange_type
	.byte	0                               @ DW_CHILDREN_no
	.byte	73                              @ DW_AT_type
	.byte	19                              @ DW_FORM_ref4
	.byte	55                              @ DW_AT_count
	.byte	11                              @ DW_FORM_data1
	.byte	0                               @ EOM(1)
	.byte	0                               @ EOM(2)
	.byte	12                              @ Abbreviation Code
	.byte	36                              @ DW_TAG_base_type
	.byte	0                               @ DW_CHILDREN_no
	.byte	3                               @ DW_AT_name
	.byte	14                              @ DW_FORM_strp
	.byte	11                              @ DW_AT_byte_size
	.byte	11                              @ DW_FORM_data1
	.byte	62                              @ DW_AT_encoding
	.byte	11                              @ DW_FORM_data1
	.byte	0                               @ EOM(1)
	.byte	0                               @ EOM(2)
	.byte	13                              @ Abbreviation Code
	.byte	46                              @ DW_TAG_subprogram
	.byte	1                               @ DW_CHILDREN_yes
	.byte	17                              @ DW_AT_low_pc
	.byte	1                               @ DW_FORM_addr
	.byte	18                              @ DW_AT_high_pc
	.byte	6                               @ DW_FORM_data4
	.byte	64                              @ DW_AT_frame_base
	.byte	24                              @ DW_FORM_exprloc
	.ascii	"\227B"                         @ DW_AT_GNU_all_call_sites
	.byte	25                              @ DW_FORM_flag_present
	.byte	3                               @ DW_AT_name
	.byte	14                              @ DW_FORM_strp
	.byte	58                              @ DW_AT_decl_file
	.byte	11                              @ DW_FORM_data1
	.byte	59                              @ DW_AT_decl_line
	.byte	11                              @ DW_FORM_data1
	.byte	39                              @ DW_AT_prototyped
	.byte	25                              @ DW_FORM_flag_present
	.byte	63                              @ DW_AT_external
	.byte	25                              @ DW_FORM_flag_present
	.byte	0                               @ EOM(1)
	.byte	0                               @ EOM(2)
	.byte	14                              @ Abbreviation Code
	.byte	11                              @ DW_TAG_lexical_block
	.byte	1                               @ DW_CHILDREN_yes
	.byte	17                              @ DW_AT_low_pc
	.byte	1                               @ DW_FORM_addr
	.byte	18                              @ DW_AT_high_pc
	.byte	6                               @ DW_FORM_data4
	.byte	0                               @ EOM(1)
	.byte	0                               @ EOM(2)
	.byte	15                              @ Abbreviation Code
	.byte	52                              @ DW_TAG_variable
	.byte	0                               @ DW_CHILDREN_no
	.byte	2                               @ DW_AT_location
	.byte	24                              @ DW_FORM_exprloc
	.byte	3                               @ DW_AT_name
	.byte	14                              @ DW_FORM_strp
	.byte	58                              @ DW_AT_decl_file
	.byte	11                              @ DW_FORM_data1
	.byte	59                              @ DW_AT_decl_line
	.byte	11                              @ DW_FORM_data1
	.byte	73                              @ DW_AT_type
	.byte	19                              @ DW_FORM_ref4
	.byte	0                               @ EOM(1)
	.byte	0                               @ EOM(2)
	.byte	0                               @ EOM(3)
	.section	.debug_info,"",%progbits
.Lcu_begin0:
	.long	.Ldebug_info_end0-.Ldebug_info_start0 @ Length of Unit
.Ldebug_info_start0:
	.short	4                               @ DWARF version number
	.long	.debug_abbrev                   @ Offset Into Abbrev. Section
	.byte	4                               @ Address Size (in bytes)
	.byte	1                               @ Abbrev [1] 0xb:0x3ea DW_TAG_compile_unit
	.long	.Linfo_string0                  @ DW_AT_producer
	.short	12                              @ DW_AT_language
	.long	.Linfo_string1                  @ DW_AT_name
	.long	.Lline_table_start0             @ DW_AT_stmt_list
	.long	.Linfo_string2                  @ DW_AT_comp_dir
	.long	.Lfunc_begin0                   @ DW_AT_low_pc
	.long	.Lfunc_end0-.Lfunc_begin0       @ DW_AT_high_pc
	.byte	2                               @ Abbrev [2] 0x26:0x5 DW_TAG_pointer_type
	.long	43                              @ DW_AT_type
	.byte	3                               @ Abbrev [3] 0x2b:0xc DW_TAG_typedef
	.long	55                              @ DW_AT_type
	.long	.Linfo_string71                 @ DW_AT_name
	.byte	2                               @ DW_AT_decl_file
	.short	1299                            @ DW_AT_decl_line
	.byte	4                               @ Abbrev [4] 0x37:0x35d DW_TAG_structure_type
	.short	304                             @ DW_AT_byte_size
	.byte	2                               @ DW_AT_decl_file
	.short	1231                            @ DW_AT_decl_line
	.byte	5                               @ Abbrev [5] 0x3d:0xd DW_TAG_member
	.long	.Linfo_string3                  @ DW_AT_name
	.long	916                             @ DW_AT_type
	.byte	2                               @ DW_AT_decl_file
	.short	1233                            @ DW_AT_decl_line
	.byte	0                               @ DW_AT_data_member_location
	.byte	5                               @ Abbrev [5] 0x4a:0xd DW_TAG_member
	.long	.Linfo_string6                  @ DW_AT_name
	.long	916                             @ DW_AT_type
	.byte	2                               @ DW_AT_decl_file
	.short	1234                            @ DW_AT_decl_line
	.byte	4                               @ DW_AT_data_member_location
	.byte	5                               @ Abbrev [5] 0x57:0xd DW_TAG_member
	.long	.Linfo_string7                  @ DW_AT_name
	.long	916                             @ DW_AT_type
	.byte	2                               @ DW_AT_decl_file
	.short	1235                            @ DW_AT_decl_line
	.byte	8                               @ DW_AT_data_member_location
	.byte	5                               @ Abbrev [5] 0x64:0xd DW_TAG_member
	.long	.Linfo_string8                  @ DW_AT_name
	.long	916                             @ DW_AT_type
	.byte	2                               @ DW_AT_decl_file
	.short	1236                            @ DW_AT_decl_line
	.byte	12                              @ DW_AT_data_member_location
	.byte	5                               @ Abbrev [5] 0x71:0xd DW_TAG_member
	.long	.Linfo_string9                  @ DW_AT_name
	.long	916                             @ DW_AT_type
	.byte	2                               @ DW_AT_decl_file
	.short	1237                            @ DW_AT_decl_line
	.byte	16                              @ DW_AT_data_member_location
	.byte	5                               @ Abbrev [5] 0x7e:0xd DW_TAG_member
	.long	.Linfo_string10                 @ DW_AT_name
	.long	921                             @ DW_AT_type
	.byte	2                               @ DW_AT_decl_file
	.short	1238                            @ DW_AT_decl_line
	.byte	20                              @ DW_AT_data_member_location
	.byte	5                               @ Abbrev [5] 0x8b:0xd DW_TAG_member
	.long	.Linfo_string11                 @ DW_AT_name
	.long	916                             @ DW_AT_type
	.byte	2                               @ DW_AT_decl_file
	.short	1239                            @ DW_AT_decl_line
	.byte	24                              @ DW_AT_data_member_location
	.byte	5                               @ Abbrev [5] 0x98:0xd DW_TAG_member
	.long	.Linfo_string12                 @ DW_AT_name
	.long	916                             @ DW_AT_type
	.byte	2                               @ DW_AT_decl_file
	.short	1240                            @ DW_AT_decl_line
	.byte	28                              @ DW_AT_data_member_location
	.byte	5                               @ Abbrev [5] 0xa5:0xd DW_TAG_member
	.long	.Linfo_string13                 @ DW_AT_name
	.long	916                             @ DW_AT_type
	.byte	2                               @ DW_AT_decl_file
	.short	1241                            @ DW_AT_decl_line
	.byte	32                              @ DW_AT_data_member_location
	.byte	5                               @ Abbrev [5] 0xb2:0xd DW_TAG_member
	.long	.Linfo_string14                 @ DW_AT_name
	.long	921                             @ DW_AT_type
	.byte	2                               @ DW_AT_decl_file
	.short	1242                            @ DW_AT_decl_line
	.byte	36                              @ DW_AT_data_member_location
	.byte	5                               @ Abbrev [5] 0xbf:0xd DW_TAG_member
	.long	.Linfo_string15                 @ DW_AT_name
	.long	916                             @ DW_AT_type
	.byte	2                               @ DW_AT_decl_file
	.short	1243                            @ DW_AT_decl_line
	.byte	40                              @ DW_AT_data_member_location
	.byte	5                               @ Abbrev [5] 0xcc:0xd DW_TAG_member
	.long	.Linfo_string16                 @ DW_AT_name
	.long	916                             @ DW_AT_type
	.byte	2                               @ DW_AT_decl_file
	.short	1244                            @ DW_AT_decl_line
	.byte	44                              @ DW_AT_data_member_location
	.byte	5                               @ Abbrev [5] 0xd9:0xd DW_TAG_member
	.long	.Linfo_string17                 @ DW_AT_name
	.long	916                             @ DW_AT_type
	.byte	2                               @ DW_AT_decl_file
	.short	1245                            @ DW_AT_decl_line
	.byte	48                              @ DW_AT_data_member_location
	.byte	5                               @ Abbrev [5] 0xe6:0xd DW_TAG_member
	.long	.Linfo_string18                 @ DW_AT_name
	.long	916                             @ DW_AT_type
	.byte	2                               @ DW_AT_decl_file
	.short	1246                            @ DW_AT_decl_line
	.byte	52                              @ DW_AT_data_member_location
	.byte	5                               @ Abbrev [5] 0xf3:0xd DW_TAG_member
	.long	.Linfo_string19                 @ DW_AT_name
	.long	916                             @ DW_AT_type
	.byte	2                               @ DW_AT_decl_file
	.short	1247                            @ DW_AT_decl_line
	.byte	56                              @ DW_AT_data_member_location
	.byte	5                               @ Abbrev [5] 0x100:0xd DW_TAG_member
	.long	.Linfo_string20                 @ DW_AT_name
	.long	916                             @ DW_AT_type
	.byte	2                               @ DW_AT_decl_file
	.short	1248                            @ DW_AT_decl_line
	.byte	60                              @ DW_AT_data_member_location
	.byte	5                               @ Abbrev [5] 0x10d:0xd DW_TAG_member
	.long	.Linfo_string21                 @ DW_AT_name
	.long	916                             @ DW_AT_type
	.byte	2                               @ DW_AT_decl_file
	.short	1249                            @ DW_AT_decl_line
	.byte	64                              @ DW_AT_data_member_location
	.byte	5                               @ Abbrev [5] 0x11a:0xd DW_TAG_member
	.long	.Linfo_string22                 @ DW_AT_name
	.long	916                             @ DW_AT_type
	.byte	2                               @ DW_AT_decl_file
	.short	1250                            @ DW_AT_decl_line
	.byte	68                              @ DW_AT_data_member_location
	.byte	5                               @ Abbrev [5] 0x127:0xd DW_TAG_member
	.long	.Linfo_string23                 @ DW_AT_name
	.long	921                             @ DW_AT_type
	.byte	2                               @ DW_AT_decl_file
	.short	1251                            @ DW_AT_decl_line
	.byte	72                              @ DW_AT_data_member_location
	.byte	5                               @ Abbrev [5] 0x134:0xd DW_TAG_member
	.long	.Linfo_string24                 @ DW_AT_name
	.long	916                             @ DW_AT_type
	.byte	2                               @ DW_AT_decl_file
	.short	1252                            @ DW_AT_decl_line
	.byte	76                              @ DW_AT_data_member_location
	.byte	5                               @ Abbrev [5] 0x141:0xd DW_TAG_member
	.long	.Linfo_string25                 @ DW_AT_name
	.long	916                             @ DW_AT_type
	.byte	2                               @ DW_AT_decl_file
	.short	1253                            @ DW_AT_decl_line
	.byte	80                              @ DW_AT_data_member_location
	.byte	5                               @ Abbrev [5] 0x14e:0xd DW_TAG_member
	.long	.Linfo_string26                 @ DW_AT_name
	.long	916                             @ DW_AT_type
	.byte	2                               @ DW_AT_decl_file
	.short	1254                            @ DW_AT_decl_line
	.byte	84                              @ DW_AT_data_member_location
	.byte	5                               @ Abbrev [5] 0x15b:0xd DW_TAG_member
	.long	.Linfo_string27                 @ DW_AT_name
	.long	916                             @ DW_AT_type
	.byte	2                               @ DW_AT_decl_file
	.short	1255                            @ DW_AT_decl_line
	.byte	88                              @ DW_AT_data_member_location
	.byte	5                               @ Abbrev [5] 0x168:0xd DW_TAG_member
	.long	.Linfo_string28                 @ DW_AT_name
	.long	921                             @ DW_AT_type
	.byte	2                               @ DW_AT_decl_file
	.short	1256                            @ DW_AT_decl_line
	.byte	92                              @ DW_AT_data_member_location
	.byte	5                               @ Abbrev [5] 0x175:0xd DW_TAG_member
	.long	.Linfo_string29                 @ DW_AT_name
	.long	916                             @ DW_AT_type
	.byte	2                               @ DW_AT_decl_file
	.short	1257                            @ DW_AT_decl_line
	.byte	96                              @ DW_AT_data_member_location
	.byte	5                               @ Abbrev [5] 0x182:0xd DW_TAG_member
	.long	.Linfo_string30                 @ DW_AT_name
	.long	916                             @ DW_AT_type
	.byte	2                               @ DW_AT_decl_file
	.short	1258                            @ DW_AT_decl_line
	.byte	100                             @ DW_AT_data_member_location
	.byte	5                               @ Abbrev [5] 0x18f:0xd DW_TAG_member
	.long	.Linfo_string31                 @ DW_AT_name
	.long	916                             @ DW_AT_type
	.byte	2                               @ DW_AT_decl_file
	.short	1259                            @ DW_AT_decl_line
	.byte	104                             @ DW_AT_data_member_location
	.byte	5                               @ Abbrev [5] 0x19c:0xd DW_TAG_member
	.long	.Linfo_string32                 @ DW_AT_name
	.long	921                             @ DW_AT_type
	.byte	2                               @ DW_AT_decl_file
	.short	1260                            @ DW_AT_decl_line
	.byte	108                             @ DW_AT_data_member_location
	.byte	5                               @ Abbrev [5] 0x1a9:0xd DW_TAG_member
	.long	.Linfo_string33                 @ DW_AT_name
	.long	916                             @ DW_AT_type
	.byte	2                               @ DW_AT_decl_file
	.short	1261                            @ DW_AT_decl_line
	.byte	112                             @ DW_AT_data_member_location
	.byte	5                               @ Abbrev [5] 0x1b6:0xd DW_TAG_member
	.long	.Linfo_string34                 @ DW_AT_name
	.long	916                             @ DW_AT_type
	.byte	2                               @ DW_AT_decl_file
	.short	1262                            @ DW_AT_decl_line
	.byte	116                             @ DW_AT_data_member_location
	.byte	5                               @ Abbrev [5] 0x1c3:0xd DW_TAG_member
	.long	.Linfo_string35                 @ DW_AT_name
	.long	921                             @ DW_AT_type
	.byte	2                               @ DW_AT_decl_file
	.short	1263                            @ DW_AT_decl_line
	.byte	120                             @ DW_AT_data_member_location
	.byte	5                               @ Abbrev [5] 0x1d0:0xd DW_TAG_member
	.long	.Linfo_string36                 @ DW_AT_name
	.long	916                             @ DW_AT_type
	.byte	2                               @ DW_AT_decl_file
	.short	1264                            @ DW_AT_decl_line
	.byte	124                             @ DW_AT_data_member_location
	.byte	5                               @ Abbrev [5] 0x1dd:0xd DW_TAG_member
	.long	.Linfo_string37                 @ DW_AT_name
	.long	916                             @ DW_AT_type
	.byte	2                               @ DW_AT_decl_file
	.short	1265                            @ DW_AT_decl_line
	.byte	128                             @ DW_AT_data_member_location
	.byte	5                               @ Abbrev [5] 0x1ea:0xd DW_TAG_member
	.long	.Linfo_string38                 @ DW_AT_name
	.long	916                             @ DW_AT_type
	.byte	2                               @ DW_AT_decl_file
	.short	1266                            @ DW_AT_decl_line
	.byte	132                             @ DW_AT_data_member_location
	.byte	5                               @ Abbrev [5] 0x1f7:0xd DW_TAG_member
	.long	.Linfo_string39                 @ DW_AT_name
	.long	916                             @ DW_AT_type
	.byte	2                               @ DW_AT_decl_file
	.short	1267                            @ DW_AT_decl_line
	.byte	136                             @ DW_AT_data_member_location
	.byte	5                               @ Abbrev [5] 0x204:0xd DW_TAG_member
	.long	.Linfo_string40                 @ DW_AT_name
	.long	916                             @ DW_AT_type
	.byte	2                               @ DW_AT_decl_file
	.short	1268                            @ DW_AT_decl_line
	.byte	140                             @ DW_AT_data_member_location
	.byte	5                               @ Abbrev [5] 0x211:0xd DW_TAG_member
	.long	.Linfo_string41                 @ DW_AT_name
	.long	916                             @ DW_AT_type
	.byte	2                               @ DW_AT_decl_file
	.short	1269                            @ DW_AT_decl_line
	.byte	144                             @ DW_AT_data_member_location
	.byte	5                               @ Abbrev [5] 0x21e:0xd DW_TAG_member
	.long	.Linfo_string42                 @ DW_AT_name
	.long	916                             @ DW_AT_type
	.byte	2                               @ DW_AT_decl_file
	.short	1270                            @ DW_AT_decl_line
	.byte	148                             @ DW_AT_data_member_location
	.byte	5                               @ Abbrev [5] 0x22b:0xd DW_TAG_member
	.long	.Linfo_string43                 @ DW_AT_name
	.long	916                             @ DW_AT_type
	.byte	2                               @ DW_AT_decl_file
	.short	1271                            @ DW_AT_decl_line
	.byte	152                             @ DW_AT_data_member_location
	.byte	5                               @ Abbrev [5] 0x238:0xd DW_TAG_member
	.long	.Linfo_string44                 @ DW_AT_name
	.long	916                             @ DW_AT_type
	.byte	2                               @ DW_AT_decl_file
	.short	1272                            @ DW_AT_decl_line
	.byte	156                             @ DW_AT_data_member_location
	.byte	5                               @ Abbrev [5] 0x245:0xd DW_TAG_member
	.long	.Linfo_string45                 @ DW_AT_name
	.long	916                             @ DW_AT_type
	.byte	2                               @ DW_AT_decl_file
	.short	1273                            @ DW_AT_decl_line
	.byte	160                             @ DW_AT_data_member_location
	.byte	5                               @ Abbrev [5] 0x252:0xd DW_TAG_member
	.long	.Linfo_string46                 @ DW_AT_name
	.long	921                             @ DW_AT_type
	.byte	2                               @ DW_AT_decl_file
	.short	1274                            @ DW_AT_decl_line
	.byte	164                             @ DW_AT_data_member_location
	.byte	5                               @ Abbrev [5] 0x25f:0xd DW_TAG_member
	.long	.Linfo_string47                 @ DW_AT_name
	.long	916                             @ DW_AT_type
	.byte	2                               @ DW_AT_decl_file
	.short	1275                            @ DW_AT_decl_line
	.byte	168                             @ DW_AT_data_member_location
	.byte	5                               @ Abbrev [5] 0x26c:0xd DW_TAG_member
	.long	.Linfo_string48                 @ DW_AT_name
	.long	939                             @ DW_AT_type
	.byte	2                               @ DW_AT_decl_file
	.short	1276                            @ DW_AT_decl_line
	.byte	172                             @ DW_AT_data_member_location
	.byte	5                               @ Abbrev [5] 0x279:0xd DW_TAG_member
	.long	.Linfo_string50                 @ DW_AT_name
	.long	916                             @ DW_AT_type
	.byte	2                               @ DW_AT_decl_file
	.short	1277                            @ DW_AT_decl_line
	.byte	208                             @ DW_AT_data_member_location
	.byte	5                               @ Abbrev [5] 0x286:0xd DW_TAG_member
	.long	.Linfo_string51                 @ DW_AT_name
	.long	916                             @ DW_AT_type
	.byte	2                               @ DW_AT_decl_file
	.short	1278                            @ DW_AT_decl_line
	.byte	212                             @ DW_AT_data_member_location
	.byte	5                               @ Abbrev [5] 0x293:0xd DW_TAG_member
	.long	.Linfo_string52                 @ DW_AT_name
	.long	916                             @ DW_AT_type
	.byte	2                               @ DW_AT_decl_file
	.short	1279                            @ DW_AT_decl_line
	.byte	216                             @ DW_AT_data_member_location
	.byte	5                               @ Abbrev [5] 0x2a0:0xd DW_TAG_member
	.long	.Linfo_string53                 @ DW_AT_name
	.long	916                             @ DW_AT_type
	.byte	2                               @ DW_AT_decl_file
	.short	1280                            @ DW_AT_decl_line
	.byte	220                             @ DW_AT_data_member_location
	.byte	5                               @ Abbrev [5] 0x2ad:0xd DW_TAG_member
	.long	.Linfo_string54                 @ DW_AT_name
	.long	916                             @ DW_AT_type
	.byte	2                               @ DW_AT_decl_file
	.short	1281                            @ DW_AT_decl_line
	.byte	224                             @ DW_AT_data_member_location
	.byte	5                               @ Abbrev [5] 0x2ba:0xd DW_TAG_member
	.long	.Linfo_string55                 @ DW_AT_name
	.long	916                             @ DW_AT_type
	.byte	2                               @ DW_AT_decl_file
	.short	1282                            @ DW_AT_decl_line
	.byte	228                             @ DW_AT_data_member_location
	.byte	5                               @ Abbrev [5] 0x2c7:0xd DW_TAG_member
	.long	.Linfo_string56                 @ DW_AT_name
	.long	916                             @ DW_AT_type
	.byte	2                               @ DW_AT_decl_file
	.short	1283                            @ DW_AT_decl_line
	.byte	232                             @ DW_AT_data_member_location
	.byte	5                               @ Abbrev [5] 0x2d4:0xd DW_TAG_member
	.long	.Linfo_string57                 @ DW_AT_name
	.long	916                             @ DW_AT_type
	.byte	2                               @ DW_AT_decl_file
	.short	1284                            @ DW_AT_decl_line
	.byte	236                             @ DW_AT_data_member_location
	.byte	5                               @ Abbrev [5] 0x2e1:0xd DW_TAG_member
	.long	.Linfo_string58                 @ DW_AT_name
	.long	916                             @ DW_AT_type
	.byte	2                               @ DW_AT_decl_file
	.short	1285                            @ DW_AT_decl_line
	.byte	240                             @ DW_AT_data_member_location
	.byte	5                               @ Abbrev [5] 0x2ee:0xd DW_TAG_member
	.long	.Linfo_string59                 @ DW_AT_name
	.long	916                             @ DW_AT_type
	.byte	2                               @ DW_AT_decl_file
	.short	1286                            @ DW_AT_decl_line
	.byte	244                             @ DW_AT_data_member_location
	.byte	5                               @ Abbrev [5] 0x2fb:0xd DW_TAG_member
	.long	.Linfo_string60                 @ DW_AT_name
	.long	921                             @ DW_AT_type
	.byte	2                               @ DW_AT_decl_file
	.short	1287                            @ DW_AT_decl_line
	.byte	248                             @ DW_AT_data_member_location
	.byte	5                               @ Abbrev [5] 0x308:0xd DW_TAG_member
	.long	.Linfo_string61                 @ DW_AT_name
	.long	916                             @ DW_AT_type
	.byte	2                               @ DW_AT_decl_file
	.short	1288                            @ DW_AT_decl_line
	.byte	252                             @ DW_AT_data_member_location
	.byte	6                               @ Abbrev [6] 0x315:0xe DW_TAG_member
	.long	.Linfo_string62                 @ DW_AT_name
	.long	916                             @ DW_AT_type
	.byte	2                               @ DW_AT_decl_file
	.short	1289                            @ DW_AT_decl_line
	.short	256                             @ DW_AT_data_member_location
	.byte	6                               @ Abbrev [6] 0x323:0xe DW_TAG_member
	.long	.Linfo_string63                 @ DW_AT_name
	.long	916                             @ DW_AT_type
	.byte	2                               @ DW_AT_decl_file
	.short	1290                            @ DW_AT_decl_line
	.short	260                             @ DW_AT_data_member_location
	.byte	6                               @ Abbrev [6] 0x331:0xe DW_TAG_member
	.long	.Linfo_string64                 @ DW_AT_name
	.long	916                             @ DW_AT_type
	.byte	2                               @ DW_AT_decl_file
	.short	1291                            @ DW_AT_decl_line
	.short	264                             @ DW_AT_data_member_location
	.byte	6                               @ Abbrev [6] 0x33f:0xe DW_TAG_member
	.long	.Linfo_string65                 @ DW_AT_name
	.long	916                             @ DW_AT_type
	.byte	2                               @ DW_AT_decl_file
	.short	1292                            @ DW_AT_decl_line
	.short	268                             @ DW_AT_data_member_location
	.byte	6                               @ Abbrev [6] 0x34d:0xe DW_TAG_member
	.long	.Linfo_string66                 @ DW_AT_name
	.long	916                             @ DW_AT_type
	.byte	2                               @ DW_AT_decl_file
	.short	1293                            @ DW_AT_decl_line
	.short	272                             @ DW_AT_data_member_location
	.byte	6                               @ Abbrev [6] 0x35b:0xe DW_TAG_member
	.long	.Linfo_string67                 @ DW_AT_name
	.long	916                             @ DW_AT_type
	.byte	2                               @ DW_AT_decl_file
	.short	1294                            @ DW_AT_decl_line
	.short	276                             @ DW_AT_data_member_location
	.byte	6                               @ Abbrev [6] 0x369:0xe DW_TAG_member
	.long	.Linfo_string68                 @ DW_AT_name
	.long	916                             @ DW_AT_type
	.byte	2                               @ DW_AT_decl_file
	.short	1295                            @ DW_AT_decl_line
	.short	280                             @ DW_AT_data_member_location
	.byte	6                               @ Abbrev [6] 0x377:0xe DW_TAG_member
	.long	.Linfo_string69                 @ DW_AT_name
	.long	916                             @ DW_AT_type
	.byte	2                               @ DW_AT_decl_file
	.short	1296                            @ DW_AT_decl_line
	.short	284                             @ DW_AT_data_member_location
	.byte	6                               @ Abbrev [6] 0x385:0xe DW_TAG_member
	.long	.Linfo_string70                 @ DW_AT_name
	.long	958                             @ DW_AT_type
	.byte	2                               @ DW_AT_decl_file
	.short	1297                            @ DW_AT_decl_line
	.short	288                             @ DW_AT_data_member_location
	.byte	0                               @ End Of Children Mark
	.byte	7                               @ Abbrev [7] 0x394:0x5 DW_TAG_volatile_type
	.long	921                             @ DW_AT_type
	.byte	8                               @ Abbrev [8] 0x399:0xb DW_TAG_typedef
	.long	932                             @ DW_AT_type
	.long	.Linfo_string5                  @ DW_AT_name
	.byte	1                               @ DW_AT_decl_file
	.byte	64                              @ DW_AT_decl_line
	.byte	9                               @ Abbrev [9] 0x3a4:0x7 DW_TAG_base_type
	.long	.Linfo_string4                  @ DW_AT_name
	.byte	7                               @ DW_AT_encoding
	.byte	4                               @ DW_AT_byte_size
	.byte	10                              @ Abbrev [10] 0x3ab:0xc DW_TAG_array_type
	.long	921                             @ DW_AT_type
	.byte	11                              @ Abbrev [11] 0x3b0:0x6 DW_TAG_subrange_type
	.long	951                             @ DW_AT_type
	.byte	9                               @ DW_AT_count
	.byte	0                               @ End Of Children Mark
	.byte	12                              @ Abbrev [12] 0x3b7:0x7 DW_TAG_base_type
	.long	.Linfo_string49                 @ DW_AT_name
	.byte	8                               @ DW_AT_byte_size
	.byte	7                               @ DW_AT_encoding
	.byte	10                              @ Abbrev [10] 0x3be:0xc DW_TAG_array_type
	.long	921                             @ DW_AT_type
	.byte	11                              @ Abbrev [11] 0x3c3:0x6 DW_TAG_subrange_type
	.long	951                             @ DW_AT_type
	.byte	4                               @ DW_AT_count
	.byte	0                               @ End Of Children Mark
	.byte	13                              @ Abbrev [13] 0x3ca:0x2a DW_TAG_subprogram
	.long	.Lfunc_begin0                   @ DW_AT_low_pc
	.long	.Lfunc_end0-.Lfunc_begin0       @ DW_AT_high_pc
	.byte	1                               @ DW_AT_frame_base
	.byte	93
                                        @ DW_AT_GNU_all_call_sites
	.long	.Linfo_string72                 @ DW_AT_name
	.byte	3                               @ DW_AT_decl_file
	.byte	64                              @ DW_AT_decl_line
                                        @ DW_AT_prototyped
                                        @ DW_AT_external
	.byte	14                              @ Abbrev [14] 0x3db:0x18 DW_TAG_lexical_block
	.long	.Ltmp0                          @ DW_AT_low_pc
	.long	.Ltmp1-.Ltmp0                   @ DW_AT_high_pc
	.byte	15                              @ Abbrev [15] 0x3e4:0xe DW_TAG_variable
	.byte	2                               @ DW_AT_location
	.byte	145
	.byte	0
	.long	.Linfo_string73                 @ DW_AT_name
	.byte	3                               @ DW_AT_decl_file
	.byte	70                              @ DW_AT_decl_line
	.long	916                             @ DW_AT_type
	.byte	0                               @ End Of Children Mark
	.byte	0                               @ End Of Children Mark
	.byte	0                               @ End Of Children Mark
.Ldebug_info_end0:
	.section	.debug_str,"MS",%progbits,1
.Linfo_string0:
	.asciz	"Component: Arm Compiler for Embedded 6.19 Tool: armclang [5e73cb00]" @ string offset=0
.Linfo_string1:
	.asciz	"../Core/Src\\stm32h7xx_hal_msp.c" @ string offset=68
.Linfo_string2:
	.asciz	"F:\\3.git\\1.Github\\ExFlash_Algorithm\\embedfire\\Algorithm_QSPI\\STLDR\\MDK-ARM" @ string offset=100
.Linfo_string3:
	.asciz	"CR"                            @ string offset=175
.Linfo_string4:
	.asciz	"unsigned int"                  @ string offset=178
.Linfo_string5:
	.asciz	"uint32_t"                      @ string offset=191
.Linfo_string6:
	.asciz	"HSICFGR"                       @ string offset=200
.Linfo_string7:
	.asciz	"CRRCR"                         @ string offset=208
.Linfo_string8:
	.asciz	"CSICFGR"                       @ string offset=214
.Linfo_string9:
	.asciz	"CFGR"                          @ string offset=222
.Linfo_string10:
	.asciz	"RESERVED1"                     @ string offset=227
.Linfo_string11:
	.asciz	"D1CFGR"                        @ string offset=237
.Linfo_string12:
	.asciz	"D2CFGR"                        @ string offset=244
.Linfo_string13:
	.asciz	"D3CFGR"                        @ string offset=251
.Linfo_string14:
	.asciz	"RESERVED2"                     @ string offset=258
.Linfo_string15:
	.asciz	"PLLCKSELR"                     @ string offset=268
.Linfo_string16:
	.asciz	"PLLCFGR"                       @ string offset=278
.Linfo_string17:
	.asciz	"PLL1DIVR"                      @ string offset=286
.Linfo_string18:
	.asciz	"PLL1FRACR"                     @ string offset=295
.Linfo_string19:
	.asciz	"PLL2DIVR"                      @ string offset=305
.Linfo_string20:
	.asciz	"PLL2FRACR"                     @ string offset=314
.Linfo_string21:
	.asciz	"PLL3DIVR"                      @ string offset=324
.Linfo_string22:
	.asciz	"PLL3FRACR"                     @ string offset=333
.Linfo_string23:
	.asciz	"RESERVED3"                     @ string offset=343
.Linfo_string24:
	.asciz	"D1CCIPR"                       @ string offset=353
.Linfo_string25:
	.asciz	"D2CCIP1R"                      @ string offset=361
.Linfo_string26:
	.asciz	"D2CCIP2R"                      @ string offset=370
.Linfo_string27:
	.asciz	"D3CCIPR"                       @ string offset=379
.Linfo_string28:
	.asciz	"RESERVED4"                     @ string offset=387
.Linfo_string29:
	.asciz	"CIER"                          @ string offset=397
.Linfo_string30:
	.asciz	"CIFR"                          @ string offset=402
.Linfo_string31:
	.asciz	"CICR"                          @ string offset=407
.Linfo_string32:
	.asciz	"RESERVED5"                     @ string offset=412
.Linfo_string33:
	.asciz	"BDCR"                          @ string offset=422
.Linfo_string34:
	.asciz	"CSR"                           @ string offset=427
.Linfo_string35:
	.asciz	"RESERVED6"                     @ string offset=431
.Linfo_string36:
	.asciz	"AHB3RSTR"                      @ string offset=441
.Linfo_string37:
	.asciz	"AHB1RSTR"                      @ string offset=450
.Linfo_string38:
	.asciz	"AHB2RSTR"                      @ string offset=459
.Linfo_string39:
	.asciz	"AHB4RSTR"                      @ string offset=468
.Linfo_string40:
	.asciz	"APB3RSTR"                      @ string offset=477
.Linfo_string41:
	.asciz	"APB1LRSTR"                     @ string offset=486
.Linfo_string42:
	.asciz	"APB1HRSTR"                     @ string offset=496
.Linfo_string43:
	.asciz	"APB2RSTR"                      @ string offset=506
.Linfo_string44:
	.asciz	"APB4RSTR"                      @ string offset=515
.Linfo_string45:
	.asciz	"GCR"                           @ string offset=524
.Linfo_string46:
	.asciz	"RESERVED8"                     @ string offset=528
.Linfo_string47:
	.asciz	"D3AMR"                         @ string offset=538
.Linfo_string48:
	.asciz	"RESERVED11"                    @ string offset=544
.Linfo_string49:
	.asciz	"__ARRAY_SIZE_TYPE__"           @ string offset=555
.Linfo_string50:
	.asciz	"RSR"                           @ string offset=575
.Linfo_string51:
	.asciz	"AHB3ENR"                       @ string offset=579
.Linfo_string52:
	.asciz	"AHB1ENR"                       @ string offset=587
.Linfo_string53:
	.asciz	"AHB2ENR"                       @ string offset=595
.Linfo_string54:
	.asciz	"AHB4ENR"                       @ string offset=603
.Linfo_string55:
	.asciz	"APB3ENR"                       @ string offset=611
.Linfo_string56:
	.asciz	"APB1LENR"                      @ string offset=619
.Linfo_string57:
	.asciz	"APB1HENR"                      @ string offset=628
.Linfo_string58:
	.asciz	"APB2ENR"                       @ string offset=637
.Linfo_string59:
	.asciz	"APB4ENR"                       @ string offset=645
.Linfo_string60:
	.asciz	"RESERVED12"                    @ string offset=653
.Linfo_string61:
	.asciz	"AHB3LPENR"                     @ string offset=664
.Linfo_string62:
	.asciz	"AHB1LPENR"                     @ string offset=674
.Linfo_string63:
	.asciz	"AHB2LPENR"                     @ string offset=684
.Linfo_string64:
	.asciz	"AHB4LPENR"                     @ string offset=694
.Linfo_string65:
	.asciz	"APB3LPENR"                     @ string offset=704
.Linfo_string66:
	.asciz	"APB1LLPENR"                    @ string offset=714
.Linfo_string67:
	.asciz	"APB1HLPENR"                    @ string offset=725
.Linfo_string68:
	.asciz	"APB2LPENR"                     @ string offset=736
.Linfo_string69:
	.asciz	"APB4LPENR"                     @ string offset=746
.Linfo_string70:
	.asciz	"RESERVED13"                    @ string offset=756
.Linfo_string71:
	.asciz	"RCC_TypeDef"                   @ string offset=767
.Linfo_string72:
	.asciz	"HAL_MspInit"                   @ string offset=779
.Linfo_string73:
	.asciz	"tmpreg"                        @ string offset=791
	.ident	"Component: Arm Compiler for Embedded 6.19 Tool: armclang [5e73cb00]"
	.section	".note.GNU-stack","",%progbits
	.eabi_attribute	30, 2	@ Tag_ABI_optimization_goals
	.ARM_attribute	16, 1	@ Tag_AV_eba
	.section	.debug_line,"",%progbits
.Lline_table_start0:
