<html>
<body>
<pre>
<h1>礦ision Build Log</h1>
<h2>Tool Versions:</h2>
IDE-Version: μVision V5.38.0.0
Copyright (C) 2022 ARM Ltd and ARM Germany GmbH. All rights reserved.
License Information: 111 喵小黑, 111, LIC=ESNGG-E1PLN-7TF3I-6MAF3-0CQLW-6DJ2R
 
Tool Versions:
Toolchain:       MDK-ARM Community  Version: 5.38.0.0
Toolchain Path:  D:\Program\Keil\Keil_v5\ARM\ARMCC\Bin
C Compiler:      Armcc.exe V5.06 update 7 (build 960)
Assembler:       Armasm.exe V5.06 update 7 (build 960)
Linker/Locator:  ArmLink.exe V5.06 update 7 (build 960)
Library Manager: ArmAr.exe V5.06 update 7 (build 960)
Hex Converter:   FromElf.exe V5.06 update 7 (build 960)
CPU DLL:         SARMCM3.DLL V5.38.0.0
Dialog DLL:      DCM.DLL V1.17.5.0
Target DLL:      Segger\JL2CM3.dll V2.99.42.0
Dialog DLL:      TCM.DLL V1.56.4.0
 
<h2>Project:</h2>
F:\3.git\1.Github\ExFlash_Algorithm\embedfire\FIRE_QSPI Flash的MDK下载算法制作\FIRE_QSPI Flash的MDK下载算法制作\Project\MDK-ARM(AC5)\project.uvprojx
Project File Date:  09/13/2023

<h2>Output:</h2>
*** Using Compiler 'V5.06 update 7 (build 960)', folder: 'D:\Program\Keil\Keil_v5\ARM\ARMCC\Bin'
Rebuild target 'Flash'
compiling FlashDev.c...
compiling FlashPrg.c...
compiling stm32h7xx_hal_gpio.c...
compiling stm32h7xx_hal_qspi.c...
compiling system_stm32h7xx.c...
compiling bsp_qspi_w25q256.c...
compiling stm32h7xx_hal.c...
compiling bsp.c...
compiling stm32h7xx_hal_rcc.c...
compiling stm32h7xx_hal_cortex.c...
linking...
Program Size: Code=13030 RO-data=4274 RW-data=28 ZI-data=4172  
FromELF: creating hex file...
After Build - User command #1: cmd.exe /C copy ".\Objects\Fire_STM32H7x_QSPI_W25Q256.axf" "..\Fire_STM32H7x_QSPI_W25Q256.FLM"
已复制         1 个文件。
".\Objects\Fire_STM32H7x_QSPI_W25Q256.axf" - 0 Error(s), 0 Warning(s).

<h2>Software Packages used:</h2>

Package Vendor: Keil
                https://www.keil.com/pack/Keil.STM32H7xx_DFP.3.1.1.pack
                Keil.STM32H7xx_DFP.3.1.1
                STMicroelectronics STM32H7 Series Device Support and Examples

<h2>Collection of Component include folders:</h2>
  D:/Program/Keil/Packs/Keil/STM32H7xx_DFP/3.1.1/Drivers/CMSIS/Device/ST/STM32H7xx/Include

<h2>Collection of Component Files used:</h2>
Build Time Elapsed:  00:00:37
</pre>
</body>
</html>
