<html>
<body>
<pre>
<h1>礦ision Build Log</h1>
<h2>Tool Versions:</h2>
IDE-Version: μVision V5.38.0.0
Copyright (C) 2022 ARM Ltd and ARM Germany GmbH. All rights reserved.
License Information: 111 喵小黑, 111, LIC=ESNGG-E1PLN-7TF3I-6MAF3-0CQLW-6DJ2R
 
Tool Versions:
Toolchain:       MDK-ARM Community  Version: 5.38.0.0
Toolchain Path:  D:\Program\Keil\Keil_v5\ARM\ARMCLANG\Bin
C Compiler:      ArmClang.exe V6.19
Assembler:       Armasm.exe V6.19
Linker/Locator:  ArmLink.exe V6.19
Library Manager: ArmAr.exe V6.19
Hex Converter:   FromElf.exe V6.19
CPU DLL:         SARMCM3.DLL V5.38.0.0
Dialog DLL:      DCM.DLL V1.17.5.0
Target DLL:      STLink\ST-LINKIII-KEIL_SWO.dll V3.1.0.0
Dialog DLL:      TCM.DLL V1.56.4.0
 
<h2>Project:</h2>
F:\3.git\1.Github\ExFlash_Algorithm\embedfire\Algorithm_QSPI\STLDR\MDK-ARM\stm32h750xb.uvprojx
Project File Date:  08/15/2023

<h2>Output:</h2>
*** Using Compiler 'V6.19', folder: 'D:\Program\Keil\Keil_v5\ARM\ARMCLANG\Bin'
Build target 'stm32h750xb'
creating preprocessor file for Dev_Inf.c...
creating preprocessor file for Loader_Src.c...
creating list file for Dev_Inf.c...
creating preprocessor file for gpio.c...
creating preprocessor file for main.c...
creating preprocessor file for quadspi.c...
creating list file for gpio.c...
creating preprocessor file for usart.c...
creating list file for Loader_Src.c...
creating list file for usart.c...
creating list file for main.c...
creating list file for quadspi.c...
creating preprocessor file for stm32h7xx_it.c...
creating list file for stm32h7xx_it.c...
creating list file for stm32h7xx_hal_msp.c...
creating preprocessor file for stm32h7xx_hal_msp.c...
creating preprocessor file for w25q256jv.c...
creating preprocessor file for stm32h7xx_hal_cortex.c...
creating list file for stm32h7xx_hal_cortex.c...
creating list file for w25q256jv.c...
creating preprocessor file for stm32h7xx_hal_rcc.c...
creating preprocessor file for stm32h7xx_hal_qspi.c...
creating preprocessor file for stm32h7xx_hal_rcc_ex.c...
creating preprocessor file for stm32h7xx_hal_flash.c...
creating list file for stm32h7xx_hal_qspi.c...
creating list file for stm32h7xx_hal_rcc.c...
creating list file for stm32h7xx_hal_flash.c...
creating preprocessor file for stm32h7xx_hal_flash_ex.c...
creating preprocessor file for stm32h7xx_hal_gpio.c...
creating list file for stm32h7xx_hal_gpio.c...
creating list file for stm32h7xx_hal_flash_ex.c...
creating list file for stm32h7xx_hal_rcc_ex.c...
creating list file for stm32h7xx_hal_hsem.c...
creating preprocessor file for stm32h7xx_hal_hsem.c...
creating preprocessor file for stm32h7xx_hal_mdma.c...
creating preprocessor file for stm32h7xx_hal_dma_ex.c...
creating preprocessor file for stm32h7xx_hal_dma.c...
creating list file for stm32h7xx_hal_pwr.c...
creating list file for stm32h7xx_hal_dma_ex.c...
creating preprocessor file for stm32h7xx_hal_pwr.c...
creating list file for stm32h7xx_hal_mdma.c...
creating preprocessor file for stm32h7xx_hal_pwr_ex.c...
creating preprocessor file for stm32h7xx_hal.c...
creating list file for stm32h7xx_hal_dma.c...
creating list file for stm32h7xx_hal_pwr_ex.c...
creating list file for stm32h7xx_hal.c...
creating preprocessor file for stm32h7xx_hal_i2c.c...
creating list file for stm32h7xx_hal_i2c_ex.c...
creating preprocessor file for stm32h7xx_hal_i2c_ex.c...
creating preprocessor file for stm32h7xx_hal_exti.c...
creating list file for stm32h7xx_hal_tim.c...
creating list file for stm32h7xx_hal_exti.c...
creating preprocessor file for stm32h7xx_hal_tim.c...
creating preprocessor file for stm32h7xx_hal_tim_ex.c...
creating list file for stm32h7xx_hal_tim_ex.c...
creating preprocessor file for stm32h7xx_hal_uart.c...
creating preprocessor file for stm32h7xx_hal_uart_ex.c...
creating preprocessor file for system_stm32h7xx.c...
creating list file for stm32h7xx_hal_uart_ex.c...
creating list file for system_stm32h7xx.c...
creating list file for stm32h7xx_hal_i2c.c...
creating list file for stm32h7xx_hal_uart.c...
linking...
Program Size: Code=90340 RO-data=280 RW-data=36 ZI-data=4620  
After Build - User command #1: cmd.exe /C copy "stm32h750xb\STM32H750XB_EMBEDFIRE_W25Q256JV.axf" "..\STM32H750XB_EMBEDFIRE_W25Q256JV.stldr"
已复制         1 个文件。
"stm32h750xb\STM32H750XB_EMBEDFIRE_W25Q256JV.axf" - 0 Error(s), 0 Warning(s).

<h2>Software Packages used:</h2>

Package Vendor: ARM
                http://www.keil.com/pack/ARM.CMSIS.5.9.0.pack
                ARM.CMSIS.5.9.0
                CMSIS (Common Microcontroller Software Interface Standard)
   * Component: CORE Version: 5.6.0

Package Vendor: Keil
                https://www.keil.com/pack/Keil.STM32H7xx_DFP.3.1.1.pack
                Keil.STM32H7xx_DFP.3.1.1
                STMicroelectronics STM32H7 Series Device Support and Examples

<h2>Collection of Component include folders:</h2>
  ./RTE/_stm32h750xb
  D:/Program/Keil/Packs/ARM/CMSIS/5.9.0/CMSIS/Core/Include
  D:/Program/Keil/Packs/Keil/STM32H7xx_DFP/3.1.1/Drivers/CMSIS/Device/ST/STM32H7xx/Include

<h2>Collection of Component Files used:</h2>

   * Component: ARM::CMSIS:CORE:5.6.0
      Include file:  CMSIS/Core/Include/tz_context.h
Build Time Elapsed:  00:00:07
</pre>
</body>
</html>
