<!doctype html public "-//w3c//dtd html 4.0 transitional//en">
<html><head>
<title>Static Call Graph - [stm32h750xb\STM32H750XB_EMBEDFIRE_W25Q256JV.axf]</title></head>
<body><HR>
<H1>Static Call Graph for image stm32h750xb\STM32H750XB_EMBEDFIRE_W25Q256JV.axf</H1><HR>
<BR><P>#&#060CALLGRAPH&#062# ARM Linker, 6190004: Last Updated: Tue Aug 15 21:30:51 2023
<BR><P>
<H3>Maximum Stack Usage =         16 bytes</H3><H3>
Call chain for Maximum Stack Depth:</H3>
__rt_lib_init_heap_2
<P>
<H3>
Global Symbols
</H3>
<P><STRONG><a name="[0]"></a>Init</STRONG> (Thumb, 196 bytes, Stack size 16 bytes, loader_src.o(.text), UNUSED)
<BR><BR>[Calls]<UL><LI><a href="#[a]">&gt;&gt;</a>&nbsp;&nbsp;&nbsp;HAL_UART_Transmit
<LI><a href="#[9]">&gt;&gt;</a>&nbsp;&nbsp;&nbsp;W25QXX_Init
<LI><a href="#[8]">&gt;&gt;</a>&nbsp;&nbsp;&nbsp;MX_USART1_UART_Init
<LI><a href="#[7]">&gt;&gt;</a>&nbsp;&nbsp;&nbsp;MX_QUADSPI_Init
<LI><a href="#[6]">&gt;&gt;</a>&nbsp;&nbsp;&nbsp;MX_GPIO_Init
<LI><a href="#[5]">&gt;&gt;</a>&nbsp;&nbsp;&nbsp;HAL_QSPI_DeInit
<LI><a href="#[4]">&gt;&gt;</a>&nbsp;&nbsp;&nbsp;SystemClock_Config
<LI><a href="#[3]">&gt;&gt;</a>&nbsp;&nbsp;&nbsp;HAL_Init
<LI><a href="#[2]">&gt;&gt;</a>&nbsp;&nbsp;&nbsp;HAL_DeInit
<LI><a href="#[1]">&gt;&gt;</a>&nbsp;&nbsp;&nbsp;SystemInit
</UL>

<P><STRONG><a name="[144]"></a>__rt_lib_init_heap_2</STRONG> (Thumb, 0 bytes, Stack size 16 bytes, libinit2.o(.ARM.Collect$$libinit$$0000000C))
<BR><BR>[Stack]<UL><LI>Max Depth = 16<LI>Call Chain = __rt_lib_init_heap_2
</UL>

<P><STRONG><a name="[145]"></a>__rt_lib_init_stdio_2</STRONG> (Thumb, 0 bytes, Stack size 16 bytes, libinit2.o(.ARM.Collect$$libinit$$00000027))
<BR><BR>[Stack]<UL><LI>Max Depth = 16<LI>Call Chain = __rt_lib_init_stdio_2
</UL>

<P><STRONG><a name="[146]"></a>__rt_lib_shutdown_stdio_2</STRONG> (Thumb, 0 bytes, Stack size 16 bytes, libshutdown2.o(.ARM.Collect$$libshutdown$$00000004))
<BR><BR>[Stack]<UL><LI>Max Depth = 16<LI>Call Chain = __rt_lib_shutdown_stdio_2
</UL>

<P><STRONG><a name="[b]"></a>Read</STRONG> (Thumb, 104 bytes, Stack size 24 bytes, loader_src.o(.text), UNUSED)
<BR><BR>[Calls]<UL><LI><a href="#[c]">&gt;&gt;</a>&nbsp;&nbsp;&nbsp;W25QXX_MemoryMapped
</UL>

<P><STRONG><a name="[d]"></a>Write</STRONG> (Thumb, 112 bytes, Stack size 24 bytes, loader_src.o(.text), UNUSED)
<BR><BR>[Calls]<UL><LI><a href="#[e]">&gt;&gt;</a>&nbsp;&nbsp;&nbsp;puts
<LI><a href="#[f]">&gt;&gt;</a>&nbsp;&nbsp;&nbsp;W25QXX_ProgramPage
</UL>

<P><STRONG><a name="[10]"></a>MassErase</STRONG> (Thumb, 10 bytes, Stack size 8 bytes, loader_src.o(.text), UNUSED)
<BR><BR>[Calls]<UL><LI><a href="#[11]">&gt;&gt;</a>&nbsp;&nbsp;&nbsp;W25QXX_Erase_Chip
</UL>

<P><STRONG><a name="[12]"></a>SectorErase</STRONG> (Thumb, 34 bytes, Stack size 16 bytes, loader_src.o(.text), UNUSED)
<BR><BR>[Calls]<UL><LI><a href="#[13]">&gt;&gt;</a>&nbsp;&nbsp;&nbsp;W25QXX_Erase_64KB_Block
</UL>

<P><STRONG><a name="[4]"></a>SystemClock_Config</STRONG> (Thumb, 316 bytes, Stack size 128 bytes, main.o(.text), UNUSED)
<BR><BR>[Calls]<UL><LI><a href="#[14]">&gt;&gt;</a>&nbsp;&nbsp;&nbsp;__aeabi_memclr4
<LI><a href="#[17]">&gt;&gt;</a>&nbsp;&nbsp;&nbsp;HAL_RCC_ClockConfig
<LI><a href="#[16]">&gt;&gt;</a>&nbsp;&nbsp;&nbsp;HAL_RCC_OscConfig
<LI><a href="#[15]">&gt;&gt;</a>&nbsp;&nbsp;&nbsp;HAL_PWREx_ConfigSupply
</UL>
<BR>[Called By]<UL><LI><a href="#[0]">&gt;&gt;</a>&nbsp;&nbsp;&nbsp;Init
</UL>

<P><STRONG><a name="[19]"></a>Error_Handler</STRONG> (Thumb, 10 bytes, Stack size 0 bytes, main.o(.text), UNUSED)
<BR><BR>[Called By]<UL><LI><a href="#[24]">&gt;&gt;</a>&nbsp;&nbsp;&nbsp;HAL_UART_MspInit
<LI><a href="#[1a]">&gt;&gt;</a>&nbsp;&nbsp;&nbsp;HAL_QSPI_MspInit
<LI><a href="#[8]">&gt;&gt;</a>&nbsp;&nbsp;&nbsp;MX_USART1_UART_Init
<LI><a href="#[7]">&gt;&gt;</a>&nbsp;&nbsp;&nbsp;MX_QUADSPI_Init
</UL>

<P><STRONG><a name="[54]"></a>HAL_InitTick</STRONG> (Thumb, 4 bytes, Stack size 0 bytes, main.o(.text), UNUSED)
<BR><BR>[Called By]<UL><LI><a href="#[a4]">&gt;&gt;</a>&nbsp;&nbsp;&nbsp;HAL_SetTickFreq
<LI><a href="#[53]">&gt;&gt;</a>&nbsp;&nbsp;&nbsp;HAL_RCC_DeInit
<LI><a href="#[17]">&gt;&gt;</a>&nbsp;&nbsp;&nbsp;HAL_RCC_ClockConfig
<LI><a href="#[3]">&gt;&gt;</a>&nbsp;&nbsp;&nbsp;HAL_Init
</UL>

<P><STRONG><a name="[3c]"></a>HAL_GetTick</STRONG> (Thumb, 252 bytes, Stack size 0 bytes, main.o(.text), UNUSED)
<BR><BR>[Called By]<UL><LI><a href="#[118]">&gt;&gt;</a>&nbsp;&nbsp;&nbsp;HAL_UARTEx_ReceiveToIdle
<LI><a href="#[117]">&gt;&gt;</a>&nbsp;&nbsp;&nbsp;HAL_UARTEx_StopModeWakeUpSourceConfig
<LI><a href="#[ec]">&gt;&gt;</a>&nbsp;&nbsp;&nbsp;HAL_UART_Receive
<LI><a href="#[e7]">&gt;&gt;</a>&nbsp;&nbsp;&nbsp;UART_WaitOnFlagUntilTimeout
<LI><a href="#[e5]">&gt;&gt;</a>&nbsp;&nbsp;&nbsp;UART_CheckIdleState
<LI><a href="#[d3]">&gt;&gt;</a>&nbsp;&nbsp;&nbsp;HAL_I2C_IsDeviceReady
<LI><a href="#[ce]">&gt;&gt;</a>&nbsp;&nbsp;&nbsp;HAL_I2C_Mem_Read
<LI><a href="#[cd]">&gt;&gt;</a>&nbsp;&nbsp;&nbsp;HAL_I2C_Mem_Write
<LI><a href="#[b3]">&gt;&gt;</a>&nbsp;&nbsp;&nbsp;HAL_I2C_Slave_Receive
<LI><a href="#[b2]">&gt;&gt;</a>&nbsp;&nbsp;&nbsp;HAL_I2C_Slave_Transmit
<LI><a href="#[b0]">&gt;&gt;</a>&nbsp;&nbsp;&nbsp;HAL_I2C_Master_Receive
<LI><a href="#[ab]">&gt;&gt;</a>&nbsp;&nbsp;&nbsp;HAL_I2C_Master_Transmit
<LI><a href="#[b1]">&gt;&gt;</a>&nbsp;&nbsp;&nbsp;I2C_WaitOnRXNEFlagUntilTimeout
<LI><a href="#[af]">&gt;&gt;</a>&nbsp;&nbsp;&nbsp;I2C_IsErrorOccurred
<LI><a href="#[ae]">&gt;&gt;</a>&nbsp;&nbsp;&nbsp;I2C_WaitOnSTOPFlagUntilTimeout
<LI><a href="#[ad]">&gt;&gt;</a>&nbsp;&nbsp;&nbsp;I2C_WaitOnFlagUntilTimeout
<LI><a href="#[ac]">&gt;&gt;</a>&nbsp;&nbsp;&nbsp;I2C_WaitOnTXISFlagUntilTimeout
<LI><a href="#[a6]">&gt;&gt;</a>&nbsp;&nbsp;&nbsp;HAL_SYSCFG_EnableVREFBUF
<LI><a href="#[a5]">&gt;&gt;</a>&nbsp;&nbsp;&nbsp;HAL_GetTickFreq
<LI><a href="#[9c]">&gt;&gt;</a>&nbsp;&nbsp;&nbsp;HAL_PWREx_DisableUSBReg
<LI><a href="#[9b]">&gt;&gt;</a>&nbsp;&nbsp;&nbsp;HAL_PWREx_EnableUSBReg
<LI><a href="#[9a]">&gt;&gt;</a>&nbsp;&nbsp;&nbsp;HAL_PWREx_DisableBkUpReg
<LI><a href="#[99]">&gt;&gt;</a>&nbsp;&nbsp;&nbsp;HAL_PWREx_EnableBkUpReg
<LI><a href="#[91]">&gt;&gt;</a>&nbsp;&nbsp;&nbsp;HAL_PWREx_ControlVoltageScaling
<LI><a href="#[8e]">&gt;&gt;</a>&nbsp;&nbsp;&nbsp;HAL_MDMA_PollForTransfer
<LI><a href="#[8d]">&gt;&gt;</a>&nbsp;&nbsp;&nbsp;HAL_MDMA_Init
<LI><a href="#[89]">&gt;&gt;</a>&nbsp;&nbsp;&nbsp;HAL_DMA_PollForTransfer
<LI><a href="#[88]">&gt;&gt;</a>&nbsp;&nbsp;&nbsp;HAL_DMA_Abort
<LI><a href="#[82]">&gt;&gt;</a>&nbsp;&nbsp;&nbsp;HAL_DMA_Init
<LI><a href="#[79]">&gt;&gt;</a>&nbsp;&nbsp;&nbsp;FLASH_OB_WaitForLastOperation
<LI><a href="#[78]">&gt;&gt;</a>&nbsp;&nbsp;&nbsp;FLASH_CRC_WaitForLastOperation
<LI><a href="#[77]">&gt;&gt;</a>&nbsp;&nbsp;&nbsp;HAL_FLASH_OB_Launch
<LI><a href="#[72]">&gt;&gt;</a>&nbsp;&nbsp;&nbsp;HAL_FLASH_Program_IT
<LI><a href="#[71]">&gt;&gt;</a>&nbsp;&nbsp;&nbsp;FLASH_WaitForLastOperation
<LI><a href="#[70]">&gt;&gt;</a>&nbsp;&nbsp;&nbsp;HAL_FLASH_Program
<LI><a href="#[68]">&gt;&gt;</a>&nbsp;&nbsp;&nbsp;HAL_RCCEx_CRSWaitSynchronization
<LI><a href="#[5f]">&gt;&gt;</a>&nbsp;&nbsp;&nbsp;RCCEx_PLL3_Config
<LI><a href="#[5e]">&gt;&gt;</a>&nbsp;&nbsp;&nbsp;RCCEx_PLL2_Config
<LI><a href="#[53]">&gt;&gt;</a>&nbsp;&nbsp;&nbsp;HAL_RCC_DeInit
<LI><a href="#[51]">&gt;&gt;</a>&nbsp;&nbsp;&nbsp;HAL_MDMA_Abort
<LI><a href="#[50]">&gt;&gt;</a>&nbsp;&nbsp;&nbsp;HAL_QSPI_Abort
<LI><a href="#[4f]">&gt;&gt;</a>&nbsp;&nbsp;&nbsp;HAL_QSPI_AutoPolling_IT
<LI><a href="#[4e]">&gt;&gt;</a>&nbsp;&nbsp;&nbsp;HAL_QSPI_AutoPolling
<LI><a href="#[49]">&gt;&gt;</a>&nbsp;&nbsp;&nbsp;HAL_QSPI_Command_IT
<LI><a href="#[37]">&gt;&gt;</a>&nbsp;&nbsp;&nbsp;HAL_QSPI_MemoryMapped
<LI><a href="#[31]">&gt;&gt;</a>&nbsp;&nbsp;&nbsp;HAL_QSPI_Transmit
<LI><a href="#[2f]">&gt;&gt;</a>&nbsp;&nbsp;&nbsp;HAL_QSPI_Receive
<LI><a href="#[2e]">&gt;&gt;</a>&nbsp;&nbsp;&nbsp;HAL_QSPI_Command
<LI><a href="#[1c]">&gt;&gt;</a>&nbsp;&nbsp;&nbsp;HAL_RCCEx_PeriphCLKConfig
<LI><a href="#[18]">&gt;&gt;</a>&nbsp;&nbsp;&nbsp;HAL_QSPI_Init
<LI><a href="#[17]">&gt;&gt;</a>&nbsp;&nbsp;&nbsp;HAL_RCC_ClockConfig
<LI><a href="#[16]">&gt;&gt;</a>&nbsp;&nbsp;&nbsp;HAL_RCC_OscConfig
<LI><a href="#[15]">&gt;&gt;</a>&nbsp;&nbsp;&nbsp;HAL_PWREx_ConfigSupply
<LI><a href="#[a]">&gt;&gt;</a>&nbsp;&nbsp;&nbsp;HAL_UART_Transmit
</UL>

<P><STRONG><a name="[147]"></a>HAL_Delay</STRONG> (Thumb, 522 bytes, Stack size 16 bytes, main.o(.text), UNUSED)

<P><STRONG><a name="[6]"></a>MX_GPIO_Init</STRONG> (Thumb, 122 bytes, Stack size 4 bytes, gpio.o(.text), UNUSED)
<BR><BR>[Called By]<UL><LI><a href="#[0]">&gt;&gt;</a>&nbsp;&nbsp;&nbsp;Init
</UL>

<P><STRONG><a name="[7]"></a>MX_QUADSPI_Init</STRONG> (Thumb, 74 bytes, Stack size 8 bytes, quadspi.o(.text), UNUSED)
<BR><BR>[Calls]<UL><LI><a href="#[18]">&gt;&gt;</a>&nbsp;&nbsp;&nbsp;HAL_QSPI_Init
<LI><a href="#[19]">&gt;&gt;</a>&nbsp;&nbsp;&nbsp;Error_Handler
</UL>
<BR>[Called By]<UL><LI><a href="#[0]">&gt;&gt;</a>&nbsp;&nbsp;&nbsp;Init
</UL>

<P><STRONG><a name="[1a]"></a>HAL_QSPI_MspInit</STRONG> (Thumb, 270 bytes, Stack size 248 bytes, quadspi.o(.text), UNUSED)
<BR><BR>[Calls]<UL><LI><a href="#[1b]">&gt;&gt;</a>&nbsp;&nbsp;&nbsp;__aeabi_memclr8
<LI><a href="#[1d]">&gt;&gt;</a>&nbsp;&nbsp;&nbsp;HAL_GPIO_Init
<LI><a href="#[1c]">&gt;&gt;</a>&nbsp;&nbsp;&nbsp;HAL_RCCEx_PeriphCLKConfig
<LI><a href="#[19]">&gt;&gt;</a>&nbsp;&nbsp;&nbsp;Error_Handler
</UL>
<BR>[Called By]<UL><LI><a href="#[18]">&gt;&gt;</a>&nbsp;&nbsp;&nbsp;HAL_QSPI_Init
</UL>

<P><STRONG><a name="[1e]"></a>HAL_QSPI_MspDeInit</STRONG> (Thumb, 76 bytes, Stack size 8 bytes, quadspi.o(.text), UNUSED)
<BR><BR>[Calls]<UL><LI><a href="#[1f]">&gt;&gt;</a>&nbsp;&nbsp;&nbsp;HAL_GPIO_DeInit
</UL>
<BR>[Called By]<UL><LI><a href="#[5]">&gt;&gt;</a>&nbsp;&nbsp;&nbsp;HAL_QSPI_DeInit
</UL>

<P><STRONG><a name="[8]"></a>MX_USART1_UART_Init</STRONG> (Thumb, 118 bytes, Stack size 8 bytes, usart.o(.text), UNUSED)
<BR><BR>[Calls]<UL><LI><a href="#[23]">&gt;&gt;</a>&nbsp;&nbsp;&nbsp;HAL_UARTEx_DisableFifoMode
<LI><a href="#[22]">&gt;&gt;</a>&nbsp;&nbsp;&nbsp;HAL_UARTEx_SetRxFifoThreshold
<LI><a href="#[21]">&gt;&gt;</a>&nbsp;&nbsp;&nbsp;HAL_UARTEx_SetTxFifoThreshold
<LI><a href="#[20]">&gt;&gt;</a>&nbsp;&nbsp;&nbsp;HAL_UART_Init
<LI><a href="#[19]">&gt;&gt;</a>&nbsp;&nbsp;&nbsp;Error_Handler
</UL>
<BR>[Called By]<UL><LI><a href="#[0]">&gt;&gt;</a>&nbsp;&nbsp;&nbsp;Init
</UL>

<P><STRONG><a name="[24]"></a>HAL_UART_MspInit</STRONG> (Thumb, 134 bytes, Stack size 224 bytes, usart.o(.text), UNUSED)
<BR><BR>[Calls]<UL><LI><a href="#[1b]">&gt;&gt;</a>&nbsp;&nbsp;&nbsp;__aeabi_memclr8
<LI><a href="#[1d]">&gt;&gt;</a>&nbsp;&nbsp;&nbsp;HAL_GPIO_Init
<LI><a href="#[1c]">&gt;&gt;</a>&nbsp;&nbsp;&nbsp;HAL_RCCEx_PeriphCLKConfig
<LI><a href="#[19]">&gt;&gt;</a>&nbsp;&nbsp;&nbsp;Error_Handler
</UL>
<BR>[Called By]<UL><LI><a href="#[115]">&gt;&gt;</a>&nbsp;&nbsp;&nbsp;HAL_RS485Ex_Init
<LI><a href="#[ea]">&gt;&gt;</a>&nbsp;&nbsp;&nbsp;HAL_MultiProcessor_Init
<LI><a href="#[e9]">&gt;&gt;</a>&nbsp;&nbsp;&nbsp;HAL_LIN_Init
<LI><a href="#[e8]">&gt;&gt;</a>&nbsp;&nbsp;&nbsp;HAL_HalfDuplex_Init
<LI><a href="#[20]">&gt;&gt;</a>&nbsp;&nbsp;&nbsp;HAL_UART_Init
</UL>

<P><STRONG><a name="[25]"></a>HAL_UART_MspDeInit</STRONG> (Thumb, 46 bytes, Stack size 0 bytes, usart.o(.text), UNUSED)
<BR><BR>[Calls]<UL><LI><a href="#[1f]">&gt;&gt;</a>&nbsp;&nbsp;&nbsp;HAL_GPIO_DeInit
</UL>
<BR>[Called By]<UL><LI><a href="#[eb]">&gt;&gt;</a>&nbsp;&nbsp;&nbsp;HAL_UART_DeInit
</UL>

<P><STRONG><a name="[26]"></a>NMI_Handler</STRONG> (Thumb, 2 bytes, Stack size 0 bytes, stm32h7xx_it.o(.text), UNUSED)
<BR><BR>[Calls]<UL><LI><a href="#[26]">&gt;&gt;</a>&nbsp;&nbsp;&nbsp;NMI_Handler
</UL>
<BR>[Called By]<UL><LI><a href="#[26]">&gt;&gt;</a>&nbsp;&nbsp;&nbsp;NMI_Handler
</UL>

<P><STRONG><a name="[27]"></a>HardFault_Handler</STRONG> (Thumb, 2 bytes, Stack size 0 bytes, stm32h7xx_it.o(.text), UNUSED)
<BR><BR>[Calls]<UL><LI><a href="#[27]">&gt;&gt;</a>&nbsp;&nbsp;&nbsp;HardFault_Handler
</UL>
<BR>[Called By]<UL><LI><a href="#[27]">&gt;&gt;</a>&nbsp;&nbsp;&nbsp;HardFault_Handler
</UL>

<P><STRONG><a name="[28]"></a>MemManage_Handler</STRONG> (Thumb, 2 bytes, Stack size 0 bytes, stm32h7xx_it.o(.text), UNUSED)
<BR><BR>[Calls]<UL><LI><a href="#[28]">&gt;&gt;</a>&nbsp;&nbsp;&nbsp;MemManage_Handler
</UL>
<BR>[Called By]<UL><LI><a href="#[28]">&gt;&gt;</a>&nbsp;&nbsp;&nbsp;MemManage_Handler
</UL>

<P><STRONG><a name="[29]"></a>BusFault_Handler</STRONG> (Thumb, 2 bytes, Stack size 0 bytes, stm32h7xx_it.o(.text), UNUSED)
<BR><BR>[Calls]<UL><LI><a href="#[29]">&gt;&gt;</a>&nbsp;&nbsp;&nbsp;BusFault_Handler
</UL>
<BR>[Called By]<UL><LI><a href="#[29]">&gt;&gt;</a>&nbsp;&nbsp;&nbsp;BusFault_Handler
</UL>

<P><STRONG><a name="[2a]"></a>UsageFault_Handler</STRONG> (Thumb, 2 bytes, Stack size 0 bytes, stm32h7xx_it.o(.text), UNUSED)
<BR><BR>[Calls]<UL><LI><a href="#[2a]">&gt;&gt;</a>&nbsp;&nbsp;&nbsp;UsageFault_Handler
</UL>
<BR>[Called By]<UL><LI><a href="#[2a]">&gt;&gt;</a>&nbsp;&nbsp;&nbsp;UsageFault_Handler
</UL>

<P><STRONG><a name="[148]"></a>SVC_Handler</STRONG> (Thumb, 2 bytes, Stack size 0 bytes, stm32h7xx_it.o(.text), UNUSED)

<P><STRONG><a name="[149]"></a>DebugMon_Handler</STRONG> (Thumb, 2 bytes, Stack size 0 bytes, stm32h7xx_it.o(.text), UNUSED)

<P><STRONG><a name="[14a]"></a>PendSV_Handler</STRONG> (Thumb, 2 bytes, Stack size 0 bytes, stm32h7xx_it.o(.text), UNUSED)

<P><STRONG><a name="[2b]"></a>SysTick_Handler</STRONG> (Thumb, 4 bytes, Stack size 0 bytes, stm32h7xx_it.o(.text), UNUSED)
<BR><BR>[Calls]<UL><LI><a href="#[2c]">&gt;&gt;</a>&nbsp;&nbsp;&nbsp;HAL_IncTick
</UL>

<P><STRONG><a name="[a0]"></a>HAL_MspInit</STRONG> (Thumb, 32 bytes, Stack size 4 bytes, stm32h7xx_hal_msp.o(.text), UNUSED)
<BR><BR>[Called By]<UL><LI><a href="#[3]">&gt;&gt;</a>&nbsp;&nbsp;&nbsp;HAL_Init
</UL>

<P><STRONG><a name="[2d]"></a>W25QXX_ReadSR</STRONG> (Thumb, 152 bytes, Stack size 80 bytes, w25q256jv.o(.text), UNUSED)
<BR><BR>[Calls]<UL><LI><a href="#[2f]">&gt;&gt;</a>&nbsp;&nbsp;&nbsp;HAL_QSPI_Receive
<LI><a href="#[2e]">&gt;&gt;</a>&nbsp;&nbsp;&nbsp;HAL_QSPI_Command
</UL>

<P><STRONG><a name="[30]"></a>W25QXX_Enter4ByteAddrMode</STRONG> (Thumb, 294 bytes, Stack size 152 bytes, w25q256jv.o(.text), UNUSED)
<BR><BR>[Calls]<UL><LI><a href="#[2f]">&gt;&gt;</a>&nbsp;&nbsp;&nbsp;HAL_QSPI_Receive
<LI><a href="#[2e]">&gt;&gt;</a>&nbsp;&nbsp;&nbsp;HAL_QSPI_Command
</UL>
<BR>[Called By]<UL><LI><a href="#[9]">&gt;&gt;</a>&nbsp;&nbsp;&nbsp;W25QXX_Init
</UL>

<P><STRONG><a name="[9]"></a>W25QXX_Init</STRONG> (Thumb, 678 bytes, Stack size 152 bytes, w25q256jv.o(.text), UNUSED)
<BR><BR>[Calls]<UL><LI><a href="#[31]">&gt;&gt;</a>&nbsp;&nbsp;&nbsp;HAL_QSPI_Transmit
<LI><a href="#[30]">&gt;&gt;</a>&nbsp;&nbsp;&nbsp;W25QXX_Enter4ByteAddrMode
<LI><a href="#[2f]">&gt;&gt;</a>&nbsp;&nbsp;&nbsp;HAL_QSPI_Receive
<LI><a href="#[2e]">&gt;&gt;</a>&nbsp;&nbsp;&nbsp;HAL_QSPI_Command
</UL>
<BR>[Called By]<UL><LI><a href="#[0]">&gt;&gt;</a>&nbsp;&nbsp;&nbsp;Init
</UL>

<P><STRONG><a name="[11]"></a>W25QXX_Erase_Chip</STRONG> (Thumb, 242 bytes, Stack size 152 bytes, w25q256jv.o(.text), UNUSED)
<BR><BR>[Calls]<UL><LI><a href="#[2f]">&gt;&gt;</a>&nbsp;&nbsp;&nbsp;HAL_QSPI_Receive
<LI><a href="#[2e]">&gt;&gt;</a>&nbsp;&nbsp;&nbsp;HAL_QSPI_Command
</UL>
<BR>[Called By]<UL><LI><a href="#[10]">&gt;&gt;</a>&nbsp;&nbsp;&nbsp;MassErase
</UL>

<P><STRONG><a name="[32]"></a>W25QXX_Erase_Sector</STRONG> (Thumb, 254 bytes, Stack size 152 bytes, w25q256jv.o(.text), UNUSED)
<BR><BR>[Calls]<UL><LI><a href="#[2f]">&gt;&gt;</a>&nbsp;&nbsp;&nbsp;HAL_QSPI_Receive
<LI><a href="#[2e]">&gt;&gt;</a>&nbsp;&nbsp;&nbsp;HAL_QSPI_Command
</UL>
<BR>[Called By]<UL><LI><a href="#[35]">&gt;&gt;</a>&nbsp;&nbsp;&nbsp;W25QXX_Write
</UL>

<P><STRONG><a name="[33]"></a>W25QXX_Erase_32KB_Block</STRONG> (Thumb, 254 bytes, Stack size 152 bytes, w25q256jv.o(.text), UNUSED)
<BR><BR>[Calls]<UL><LI><a href="#[2f]">&gt;&gt;</a>&nbsp;&nbsp;&nbsp;HAL_QSPI_Receive
<LI><a href="#[2e]">&gt;&gt;</a>&nbsp;&nbsp;&nbsp;HAL_QSPI_Command
</UL>

<P><STRONG><a name="[13]"></a>W25QXX_Erase_64KB_Block</STRONG> (Thumb, 254 bytes, Stack size 152 bytes, w25q256jv.o(.text), UNUSED)
<BR><BR>[Calls]<UL><LI><a href="#[2f]">&gt;&gt;</a>&nbsp;&nbsp;&nbsp;HAL_QSPI_Receive
<LI><a href="#[2e]">&gt;&gt;</a>&nbsp;&nbsp;&nbsp;HAL_QSPI_Command
</UL>
<BR>[Called By]<UL><LI><a href="#[12]">&gt;&gt;</a>&nbsp;&nbsp;&nbsp;SectorErase
</UL>

<P><STRONG><a name="[f]"></a>W25QXX_ProgramPage</STRONG> (Thumb, 282 bytes, Stack size 152 bytes, w25q256jv.o(.text), UNUSED)
<BR><BR>[Calls]<UL><LI><a href="#[31]">&gt;&gt;</a>&nbsp;&nbsp;&nbsp;HAL_QSPI_Transmit
<LI><a href="#[2f]">&gt;&gt;</a>&nbsp;&nbsp;&nbsp;HAL_QSPI_Receive
<LI><a href="#[2e]">&gt;&gt;</a>&nbsp;&nbsp;&nbsp;HAL_QSPI_Command
</UL>
<BR>[Called By]<UL><LI><a href="#[36]">&gt;&gt;</a>&nbsp;&nbsp;&nbsp;W25QXX_Write_NoCheck
<LI><a href="#[35]">&gt;&gt;</a>&nbsp;&nbsp;&nbsp;W25QXX_Write
<LI><a href="#[d]">&gt;&gt;</a>&nbsp;&nbsp;&nbsp;Write
</UL>

<P><STRONG><a name="[34]"></a>W25QXX_FastRead</STRONG> (Thumb, 134 bytes, Stack size 72 bytes, w25q256jv.o(.text), UNUSED)
<BR><BR>[Calls]<UL><LI><a href="#[2f]">&gt;&gt;</a>&nbsp;&nbsp;&nbsp;HAL_QSPI_Receive
<LI><a href="#[2e]">&gt;&gt;</a>&nbsp;&nbsp;&nbsp;HAL_QSPI_Command
</UL>

<P><STRONG><a name="[35]"></a>W25QXX_Write</STRONG> (Thumb, 1246 bytes, Stack size 184 bytes, w25q256jv.o(.text), UNUSED)
<BR><BR>[Calls]<UL><LI><a href="#[32]">&gt;&gt;</a>&nbsp;&nbsp;&nbsp;W25QXX_Erase_Sector
<LI><a href="#[31]">&gt;&gt;</a>&nbsp;&nbsp;&nbsp;HAL_QSPI_Transmit
<LI><a href="#[2f]">&gt;&gt;</a>&nbsp;&nbsp;&nbsp;HAL_QSPI_Receive
<LI><a href="#[2e]">&gt;&gt;</a>&nbsp;&nbsp;&nbsp;HAL_QSPI_Command
<LI><a href="#[f]">&gt;&gt;</a>&nbsp;&nbsp;&nbsp;W25QXX_ProgramPage
</UL>

<P><STRONG><a name="[36]"></a>W25QXX_Write_NoCheck</STRONG> (Thumb, 78 bytes, Stack size 24 bytes, w25q256jv.o(.text), UNUSED)
<BR><BR>[Calls]<UL><LI><a href="#[f]">&gt;&gt;</a>&nbsp;&nbsp;&nbsp;W25QXX_ProgramPage
</UL>

<P><STRONG><a name="[c]"></a>W25QXX_MemoryMapped</STRONG> (Thumb, 96 bytes, Stack size 72 bytes, w25q256jv.o(.text), UNUSED)
<BR><BR>[Calls]<UL><LI><a href="#[37]">&gt;&gt;</a>&nbsp;&nbsp;&nbsp;HAL_QSPI_MemoryMapped
</UL>
<BR>[Called By]<UL><LI><a href="#[b]">&gt;&gt;</a>&nbsp;&nbsp;&nbsp;Read
</UL>

<P><STRONG><a name="[9f]"></a>HAL_NVIC_SetPriorityGrouping</STRONG> (Thumb, 32 bytes, Stack size 0 bytes, stm32h7xx_hal_cortex.o(.text), UNUSED)
<BR><BR>[Called By]<UL><LI><a href="#[3]">&gt;&gt;</a>&nbsp;&nbsp;&nbsp;HAL_Init
</UL>

<P><STRONG><a name="[a2]"></a>HAL_NVIC_SetPriority</STRONG> (Thumb, 90 bytes, Stack size 16 bytes, stm32h7xx_hal_cortex.o(.text), UNUSED)
<BR><BR>[Called By]<UL><LI><a href="#[3]">&gt;&gt;</a>&nbsp;&nbsp;&nbsp;HAL_Init
</UL>

<P><STRONG><a name="[14b]"></a>HAL_NVIC_EnableIRQ</STRONG> (Thumb, 34 bytes, Stack size 0 bytes, stm32h7xx_hal_cortex.o(.text), UNUSED)

<P><STRONG><a name="[14c]"></a>HAL_NVIC_DisableIRQ</STRONG> (Thumb, 42 bytes, Stack size 0 bytes, stm32h7xx_hal_cortex.o(.text), UNUSED)

<P><STRONG><a name="[38]"></a>HAL_NVIC_SystemReset</STRONG> (Thumb, 4 bytes, Stack size 0 bytes, stm32h7xx_hal_cortex.o(.text), UNUSED)
<BR><BR>[Calls]<UL><LI><a href="#[39]">&gt;&gt;</a>&nbsp;&nbsp;&nbsp;__NVIC_SystemReset
</UL>

<P><STRONG><a name="[a1]"></a>HAL_SYSTICK_Config</STRONG> (Thumb, 46 bytes, Stack size 0 bytes, stm32h7xx_hal_cortex.o(.text), UNUSED)
<BR><BR>[Called By]<UL><LI><a href="#[3]">&gt;&gt;</a>&nbsp;&nbsp;&nbsp;HAL_Init
</UL>

<P><STRONG><a name="[14d]"></a>HAL_MPU_Disable</STRONG> (Thumb, 26 bytes, Stack size 0 bytes, stm32h7xx_hal_cortex.o(.text), UNUSED)

<P><STRONG><a name="[14e]"></a>HAL_MPU_Enable</STRONG> (Thumb, 32 bytes, Stack size 0 bytes, stm32h7xx_hal_cortex.o(.text), UNUSED)

<P><STRONG><a name="[14f]"></a>HAL_MPU_ConfigRegion</STRONG> (Thumb, 96 bytes, Stack size 16 bytes, stm32h7xx_hal_cortex.o(.text), UNUSED)

<P><STRONG><a name="[150]"></a>HAL_NVIC_GetPriorityGrouping</STRONG> (Thumb, 16 bytes, Stack size 0 bytes, stm32h7xx_hal_cortex.o(.text), UNUSED)

<P><STRONG><a name="[151]"></a>HAL_NVIC_GetPriority</STRONG> (Thumb, 88 bytes, Stack size 8 bytes, stm32h7xx_hal_cortex.o(.text), UNUSED)

<P><STRONG><a name="[152]"></a>HAL_NVIC_SetPendingIRQ</STRONG> (Thumb, 34 bytes, Stack size 0 bytes, stm32h7xx_hal_cortex.o(.text), UNUSED)

<P><STRONG><a name="[153]"></a>HAL_NVIC_GetPendingIRQ</STRONG> (Thumb, 40 bytes, Stack size 0 bytes, stm32h7xx_hal_cortex.o(.text), UNUSED)

<P><STRONG><a name="[154]"></a>HAL_NVIC_ClearPendingIRQ</STRONG> (Thumb, 34 bytes, Stack size 0 bytes, stm32h7xx_hal_cortex.o(.text), UNUSED)

<P><STRONG><a name="[155]"></a>HAL_NVIC_GetActive</STRONG> (Thumb, 40 bytes, Stack size 0 bytes, stm32h7xx_hal_cortex.o(.text), UNUSED)

<P><STRONG><a name="[156]"></a>HAL_SYSTICK_CLKSourceConfig</STRONG> (Thumb, 24 bytes, Stack size 0 bytes, stm32h7xx_hal_cortex.o(.text), UNUSED)

<P><STRONG><a name="[3a]"></a>HAL_SYSTICK_IRQHandler</STRONG> (Thumb, 4 bytes, Stack size 0 bytes, stm32h7xx_hal_cortex.o(.text), UNUSED)
<BR><BR>[Calls]<UL><LI><a href="#[3b]">&gt;&gt;</a>&nbsp;&nbsp;&nbsp;HAL_SYSTICK_Callback
</UL>

<P><STRONG><a name="[3b]"></a>HAL_SYSTICK_Callback</STRONG> (Thumb, 2 bytes, Stack size 0 bytes, stm32h7xx_hal_cortex.o(.text), UNUSED)
<BR><BR>[Called By]<UL><LI><a href="#[3a]">&gt;&gt;</a>&nbsp;&nbsp;&nbsp;HAL_SYSTICK_IRQHandler
</UL>

<P><STRONG><a name="[157]"></a>HAL_GetCurrentCPUID</STRONG> (Thumb, 4 bytes, Stack size 0 bytes, stm32h7xx_hal_cortex.o(.text), UNUSED)

<P><STRONG><a name="[18]"></a>HAL_QSPI_Init</STRONG> (Thumb, 172 bytes, Stack size 8 bytes, stm32h7xx_hal_qspi.o(.text), UNUSED)
<BR><BR>[Calls]<UL><LI><a href="#[1a]">&gt;&gt;</a>&nbsp;&nbsp;&nbsp;HAL_QSPI_MspInit
<LI><a href="#[3c]">&gt;&gt;</a>&nbsp;&nbsp;&nbsp;HAL_GetTick
</UL>
<BR>[Called By]<UL><LI><a href="#[7]">&gt;&gt;</a>&nbsp;&nbsp;&nbsp;MX_QUADSPI_Init
</UL>

<P><STRONG><a name="[158]"></a>HAL_QSPI_SetTimeout</STRONG> (Thumb, 4 bytes, Stack size 0 bytes, stm32h7xx_hal_qspi.o(.text), UNUSED)

<P><STRONG><a name="[5]"></a>HAL_QSPI_DeInit</STRONG> (Thumb, 36 bytes, Stack size 8 bytes, stm32h7xx_hal_qspi.o(.text), UNUSED)
<BR><BR>[Calls]<UL><LI><a href="#[1e]">&gt;&gt;</a>&nbsp;&nbsp;&nbsp;HAL_QSPI_MspDeInit
</UL>
<BR>[Called By]<UL><LI><a href="#[0]">&gt;&gt;</a>&nbsp;&nbsp;&nbsp;Init
</UL>

<P><STRONG><a name="[3d]"></a>HAL_QSPI_IRQHandler</STRONG> (Thumb, 572 bytes, Stack size 8 bytes, stm32h7xx_hal_qspi.o(.text), UNUSED)
<BR><BR>[Calls]<UL><LI><a href="#[46]">&gt;&gt;</a>&nbsp;&nbsp;&nbsp;HAL_MDMA_Abort_IT
<LI><a href="#[45]">&gt;&gt;</a>&nbsp;&nbsp;&nbsp;HAL_QSPI_RxCpltCallback
<LI><a href="#[44]">&gt;&gt;</a>&nbsp;&nbsp;&nbsp;HAL_QSPI_AbortCpltCallback
<LI><a href="#[43]">&gt;&gt;</a>&nbsp;&nbsp;&nbsp;HAL_QSPI_ErrorCallback
<LI><a href="#[42]">&gt;&gt;</a>&nbsp;&nbsp;&nbsp;HAL_QSPI_CmdCpltCallback
<LI><a href="#[41]">&gt;&gt;</a>&nbsp;&nbsp;&nbsp;HAL_QSPI_FifoThresholdCallback
<LI><a href="#[40]">&gt;&gt;</a>&nbsp;&nbsp;&nbsp;HAL_QSPI_TimeOutCallback
<LI><a href="#[3f]">&gt;&gt;</a>&nbsp;&nbsp;&nbsp;HAL_QSPI_StatusMatchCallback
<LI><a href="#[3e]">&gt;&gt;</a>&nbsp;&nbsp;&nbsp;HAL_QSPI_TxCpltCallback
</UL>

<P><STRONG><a name="[41]"></a>HAL_QSPI_FifoThresholdCallback</STRONG> (Thumb, 2 bytes, Stack size 0 bytes, stm32h7xx_hal_qspi.o(.text), UNUSED)
<BR><BR>[Called By]<UL><LI><a href="#[3d]">&gt;&gt;</a>&nbsp;&nbsp;&nbsp;HAL_QSPI_IRQHandler
</UL>

<P><STRONG><a name="[3e]"></a>HAL_QSPI_TxCpltCallback</STRONG> (Thumb, 2 bytes, Stack size 0 bytes, stm32h7xx_hal_qspi.o(.text), UNUSED)
<BR><BR>[Called By]<UL><LI><a href="#[3d]">&gt;&gt;</a>&nbsp;&nbsp;&nbsp;HAL_QSPI_IRQHandler
</UL>

<P><STRONG><a name="[45]"></a>HAL_QSPI_RxCpltCallback</STRONG> (Thumb, 2 bytes, Stack size 0 bytes, stm32h7xx_hal_qspi.o(.text), UNUSED)
<BR><BR>[Called By]<UL><LI><a href="#[3d]">&gt;&gt;</a>&nbsp;&nbsp;&nbsp;HAL_QSPI_IRQHandler
</UL>

<P><STRONG><a name="[42]"></a>HAL_QSPI_CmdCpltCallback</STRONG> (Thumb, 2 bytes, Stack size 0 bytes, stm32h7xx_hal_qspi.o(.text), UNUSED)
<BR><BR>[Called By]<UL><LI><a href="#[3d]">&gt;&gt;</a>&nbsp;&nbsp;&nbsp;HAL_QSPI_IRQHandler
</UL>

<P><STRONG><a name="[44]"></a>HAL_QSPI_AbortCpltCallback</STRONG> (Thumb, 2 bytes, Stack size 0 bytes, stm32h7xx_hal_qspi.o(.text), UNUSED)
<BR><BR>[Called By]<UL><LI><a href="#[52]">&gt;&gt;</a>&nbsp;&nbsp;&nbsp;HAL_QSPI_Abort_IT
<LI><a href="#[3d]">&gt;&gt;</a>&nbsp;&nbsp;&nbsp;HAL_QSPI_IRQHandler
<LI><a href="#[4c]">&gt;&gt;</a>&nbsp;&nbsp;&nbsp;QSPI_DMAError
</UL>

<P><STRONG><a name="[43]"></a>HAL_QSPI_ErrorCallback</STRONG> (Thumb, 2 bytes, Stack size 0 bytes, stm32h7xx_hal_qspi.o(.text), UNUSED)
<BR><BR>[Called By]<UL><LI><a href="#[3d]">&gt;&gt;</a>&nbsp;&nbsp;&nbsp;HAL_QSPI_IRQHandler
<LI><a href="#[47]">&gt;&gt;</a>&nbsp;&nbsp;&nbsp;QSPI_DMAAbortCplt
</UL>

<P><STRONG><a name="[3f]"></a>HAL_QSPI_StatusMatchCallback</STRONG> (Thumb, 2 bytes, Stack size 0 bytes, stm32h7xx_hal_qspi.o(.text), UNUSED)
<BR><BR>[Called By]<UL><LI><a href="#[3d]">&gt;&gt;</a>&nbsp;&nbsp;&nbsp;HAL_QSPI_IRQHandler
</UL>

<P><STRONG><a name="[40]"></a>HAL_QSPI_TimeOutCallback</STRONG> (Thumb, 2 bytes, Stack size 0 bytes, stm32h7xx_hal_qspi.o(.text), UNUSED)
<BR><BR>[Called By]<UL><LI><a href="#[3d]">&gt;&gt;</a>&nbsp;&nbsp;&nbsp;HAL_QSPI_IRQHandler
</UL>

<P><STRONG><a name="[2e]"></a>HAL_QSPI_Command</STRONG> (Thumb, 140 bytes, Stack size 16 bytes, stm32h7xx_hal_qspi.o(.text), UNUSED)
<BR><BR>[Calls]<UL><LI><a href="#[48]">&gt;&gt;</a>&nbsp;&nbsp;&nbsp;QSPI_Config
<LI><a href="#[3c]">&gt;&gt;</a>&nbsp;&nbsp;&nbsp;HAL_GetTick
</UL>
<BR>[Called By]<UL><LI><a href="#[35]">&gt;&gt;</a>&nbsp;&nbsp;&nbsp;W25QXX_Write
<LI><a href="#[34]">&gt;&gt;</a>&nbsp;&nbsp;&nbsp;W25QXX_FastRead
<LI><a href="#[33]">&gt;&gt;</a>&nbsp;&nbsp;&nbsp;W25QXX_Erase_32KB_Block
<LI><a href="#[32]">&gt;&gt;</a>&nbsp;&nbsp;&nbsp;W25QXX_Erase_Sector
<LI><a href="#[30]">&gt;&gt;</a>&nbsp;&nbsp;&nbsp;W25QXX_Enter4ByteAddrMode
<LI><a href="#[2d]">&gt;&gt;</a>&nbsp;&nbsp;&nbsp;W25QXX_ReadSR
<LI><a href="#[13]">&gt;&gt;</a>&nbsp;&nbsp;&nbsp;W25QXX_Erase_64KB_Block
<LI><a href="#[11]">&gt;&gt;</a>&nbsp;&nbsp;&nbsp;W25QXX_Erase_Chip
<LI><a href="#[f]">&gt;&gt;</a>&nbsp;&nbsp;&nbsp;W25QXX_ProgramPage
<LI><a href="#[9]">&gt;&gt;</a>&nbsp;&nbsp;&nbsp;W25QXX_Init
</UL>

<P><STRONG><a name="[49]"></a>HAL_QSPI_Command_IT</STRONG> (Thumb, 138 bytes, Stack size 16 bytes, stm32h7xx_hal_qspi.o(.text), UNUSED)
<BR><BR>[Calls]<UL><LI><a href="#[48]">&gt;&gt;</a>&nbsp;&nbsp;&nbsp;QSPI_Config
<LI><a href="#[3c]">&gt;&gt;</a>&nbsp;&nbsp;&nbsp;HAL_GetTick
</UL>

<P><STRONG><a name="[31]"></a>HAL_QSPI_Transmit</STRONG> (Thumb, 212 bytes, Stack size 16 bytes, stm32h7xx_hal_qspi.o(.text), UNUSED)
<BR><BR>[Calls]<UL><LI><a href="#[3c]">&gt;&gt;</a>&nbsp;&nbsp;&nbsp;HAL_GetTick
</UL>
<BR>[Called By]<UL><LI><a href="#[35]">&gt;&gt;</a>&nbsp;&nbsp;&nbsp;W25QXX_Write
<LI><a href="#[f]">&gt;&gt;</a>&nbsp;&nbsp;&nbsp;W25QXX_ProgramPage
<LI><a href="#[9]">&gt;&gt;</a>&nbsp;&nbsp;&nbsp;W25QXX_Init
</UL>

<P><STRONG><a name="[2f]"></a>HAL_QSPI_Receive</STRONG> (Thumb, 228 bytes, Stack size 16 bytes, stm32h7xx_hal_qspi.o(.text), UNUSED)
<BR><BR>[Calls]<UL><LI><a href="#[3c]">&gt;&gt;</a>&nbsp;&nbsp;&nbsp;HAL_GetTick
</UL>
<BR>[Called By]<UL><LI><a href="#[35]">&gt;&gt;</a>&nbsp;&nbsp;&nbsp;W25QXX_Write
<LI><a href="#[34]">&gt;&gt;</a>&nbsp;&nbsp;&nbsp;W25QXX_FastRead
<LI><a href="#[33]">&gt;&gt;</a>&nbsp;&nbsp;&nbsp;W25QXX_Erase_32KB_Block
<LI><a href="#[32]">&gt;&gt;</a>&nbsp;&nbsp;&nbsp;W25QXX_Erase_Sector
<LI><a href="#[30]">&gt;&gt;</a>&nbsp;&nbsp;&nbsp;W25QXX_Enter4ByteAddrMode
<LI><a href="#[2d]">&gt;&gt;</a>&nbsp;&nbsp;&nbsp;W25QXX_ReadSR
<LI><a href="#[13]">&gt;&gt;</a>&nbsp;&nbsp;&nbsp;W25QXX_Erase_64KB_Block
<LI><a href="#[11]">&gt;&gt;</a>&nbsp;&nbsp;&nbsp;W25QXX_Erase_Chip
<LI><a href="#[f]">&gt;&gt;</a>&nbsp;&nbsp;&nbsp;W25QXX_ProgramPage
<LI><a href="#[9]">&gt;&gt;</a>&nbsp;&nbsp;&nbsp;W25QXX_Init
</UL>

<P><STRONG><a name="[159]"></a>HAL_QSPI_Transmit_IT</STRONG> (Thumb, 124 bytes, Stack size 0 bytes, stm32h7xx_hal_qspi.o(.text), UNUSED)

<P><STRONG><a name="[15a]"></a>HAL_QSPI_Receive_IT</STRONG> (Thumb, 136 bytes, Stack size 8 bytes, stm32h7xx_hal_qspi.o(.text), UNUSED)

<P><STRONG><a name="[4a]"></a>HAL_QSPI_Transmit_DMA</STRONG> (Thumb, 286 bytes, Stack size 24 bytes, stm32h7xx_hal_qspi.o(.text), UNUSED)
<BR><BR>[Calls]<UL><LI><a href="#[4b]">&gt;&gt;</a>&nbsp;&nbsp;&nbsp;HAL_MDMA_Start_IT
</UL>

<P><STRONG><a name="[4d]"></a>HAL_QSPI_Receive_DMA</STRONG> (Thumb, 298 bytes, Stack size 24 bytes, stm32h7xx_hal_qspi.o(.text), UNUSED)
<BR><BR>[Calls]<UL><LI><a href="#[4b]">&gt;&gt;</a>&nbsp;&nbsp;&nbsp;HAL_MDMA_Start_IT
</UL>

<P><STRONG><a name="[4e]"></a>HAL_QSPI_AutoPolling</STRONG> (Thumb, 178 bytes, Stack size 16 bytes, stm32h7xx_hal_qspi.o(.text), UNUSED)
<BR><BR>[Calls]<UL><LI><a href="#[48]">&gt;&gt;</a>&nbsp;&nbsp;&nbsp;QSPI_Config
<LI><a href="#[3c]">&gt;&gt;</a>&nbsp;&nbsp;&nbsp;HAL_GetTick
</UL>

<P><STRONG><a name="[4f]"></a>HAL_QSPI_AutoPolling_IT</STRONG> (Thumb, 146 bytes, Stack size 16 bytes, stm32h7xx_hal_qspi.o(.text), UNUSED)
<BR><BR>[Calls]<UL><LI><a href="#[48]">&gt;&gt;</a>&nbsp;&nbsp;&nbsp;QSPI_Config
<LI><a href="#[3c]">&gt;&gt;</a>&nbsp;&nbsp;&nbsp;HAL_GetTick
</UL>

<P><STRONG><a name="[37]"></a>HAL_QSPI_MemoryMapped</STRONG> (Thumb, 142 bytes, Stack size 16 bytes, stm32h7xx_hal_qspi.o(.text), UNUSED)
<BR><BR>[Calls]<UL><LI><a href="#[48]">&gt;&gt;</a>&nbsp;&nbsp;&nbsp;QSPI_Config
<LI><a href="#[3c]">&gt;&gt;</a>&nbsp;&nbsp;&nbsp;HAL_GetTick
</UL>
<BR>[Called By]<UL><LI><a href="#[c]">&gt;&gt;</a>&nbsp;&nbsp;&nbsp;W25QXX_MemoryMapped
</UL>

<P><STRONG><a name="[15b]"></a>HAL_QSPI_GetState</STRONG> (Thumb, 6 bytes, Stack size 0 bytes, stm32h7xx_hal_qspi.o(.text), UNUSED)

<P><STRONG><a name="[15c]"></a>HAL_QSPI_GetError</STRONG> (Thumb, 4 bytes, Stack size 0 bytes, stm32h7xx_hal_qspi.o(.text), UNUSED)

<P><STRONG><a name="[50]"></a>HAL_QSPI_Abort</STRONG> (Thumb, 180 bytes, Stack size 8 bytes, stm32h7xx_hal_qspi.o(.text), UNUSED)
<BR><BR>[Calls]<UL><LI><a href="#[51]">&gt;&gt;</a>&nbsp;&nbsp;&nbsp;HAL_MDMA_Abort
<LI><a href="#[3c]">&gt;&gt;</a>&nbsp;&nbsp;&nbsp;HAL_GetTick
</UL>

<P><STRONG><a name="[52]"></a>HAL_QSPI_Abort_IT</STRONG> (Thumb, 128 bytes, Stack size 8 bytes, stm32h7xx_hal_qspi.o(.text), UNUSED)
<BR><BR>[Calls]<UL><LI><a href="#[46]">&gt;&gt;</a>&nbsp;&nbsp;&nbsp;HAL_MDMA_Abort_IT
<LI><a href="#[44]">&gt;&gt;</a>&nbsp;&nbsp;&nbsp;HAL_QSPI_AbortCpltCallback
</UL>

<P><STRONG><a name="[15d]"></a>HAL_QSPI_SetFifoThreshold</STRONG> (Thumb, 72 bytes, Stack size 0 bytes, stm32h7xx_hal_qspi.o(.text), UNUSED)

<P><STRONG><a name="[15e]"></a>HAL_QSPI_GetFifoThreshold</STRONG> (Thumb, 12 bytes, Stack size 0 bytes, stm32h7xx_hal_qspi.o(.text), UNUSED)

<P><STRONG><a name="[15f]"></a>HAL_QSPI_SetFlashID</STRONG> (Thumb, 64 bytes, Stack size 0 bytes, stm32h7xx_hal_qspi.o(.text), UNUSED)

<P><STRONG><a name="[53]"></a>HAL_RCC_DeInit</STRONG> (Thumb, 456 bytes, Stack size 24 bytes, stm32h7xx_hal_rcc.o(.text), UNUSED)
<BR><BR>[Calls]<UL><LI><a href="#[3c]">&gt;&gt;</a>&nbsp;&nbsp;&nbsp;HAL_GetTick
<LI><a href="#[54]">&gt;&gt;</a>&nbsp;&nbsp;&nbsp;HAL_InitTick
</UL>

<P><STRONG><a name="[16]"></a>HAL_RCC_OscConfig</STRONG> (Thumb, 1376 bytes, Stack size 24 bytes, stm32h7xx_hal_rcc.o(.text), UNUSED)
<BR><BR>[Calls]<UL><LI><a href="#[55]">&gt;&gt;</a>&nbsp;&nbsp;&nbsp;HAL_GetREVID
<LI><a href="#[3c]">&gt;&gt;</a>&nbsp;&nbsp;&nbsp;HAL_GetTick
</UL>
<BR>[Called By]<UL><LI><a href="#[4]">&gt;&gt;</a>&nbsp;&nbsp;&nbsp;SystemClock_Config
</UL>

<P><STRONG><a name="[17]"></a>HAL_RCC_ClockConfig</STRONG> (Thumb, 624 bytes, Stack size 32 bytes, stm32h7xx_hal_rcc.o(.text), UNUSED)
<BR><BR>[Calls]<UL><LI><a href="#[56]">&gt;&gt;</a>&nbsp;&nbsp;&nbsp;HAL_RCC_GetSysClockFreq
<LI><a href="#[3c]">&gt;&gt;</a>&nbsp;&nbsp;&nbsp;HAL_GetTick
<LI><a href="#[54]">&gt;&gt;</a>&nbsp;&nbsp;&nbsp;HAL_InitTick
</UL>
<BR>[Called By]<UL><LI><a href="#[4]">&gt;&gt;</a>&nbsp;&nbsp;&nbsp;SystemClock_Config
</UL>

<P><STRONG><a name="[56]"></a>HAL_RCC_GetSysClockFreq</STRONG> (Thumb, 280 bytes, Stack size 0 bytes, stm32h7xx_hal_rcc.o(.text), UNUSED)
<BR><BR>[Called By]<UL><LI><a href="#[66]">&gt;&gt;</a>&nbsp;&nbsp;&nbsp;HAL_RCCEx_GetD1SysClockFreq
<LI><a href="#[5a]">&gt;&gt;</a>&nbsp;&nbsp;&nbsp;HAL_RCC_GetPCLK2Freq
<LI><a href="#[59]">&gt;&gt;</a>&nbsp;&nbsp;&nbsp;HAL_RCC_GetPCLK1Freq
<LI><a href="#[58]">&gt;&gt;</a>&nbsp;&nbsp;&nbsp;HAL_RCC_GetHCLKFreq
<LI><a href="#[17]">&gt;&gt;</a>&nbsp;&nbsp;&nbsp;HAL_RCC_ClockConfig
<LI><a href="#[3]">&gt;&gt;</a>&nbsp;&nbsp;&nbsp;HAL_Init
</UL>

<P><STRONG><a name="[57]"></a>HAL_RCC_MCOConfig</STRONG> (Thumb, 164 bytes, Stack size 40 bytes, stm32h7xx_hal_rcc.o(.text), UNUSED)
<BR><BR>[Calls]<UL><LI><a href="#[1d]">&gt;&gt;</a>&nbsp;&nbsp;&nbsp;HAL_GPIO_Init
</UL>

<P><STRONG><a name="[160]"></a>HAL_RCC_EnableCSS</STRONG> (Thumb, 18 bytes, Stack size 0 bytes, stm32h7xx_hal_rcc.o(.text), UNUSED)

<P><STRONG><a name="[161]"></a>HAL_RCC_DisableCSS</STRONG> (Thumb, 18 bytes, Stack size 0 bytes, stm32h7xx_hal_rcc.o(.text), UNUSED)

<P><STRONG><a name="[58]"></a>HAL_RCC_GetHCLKFreq</STRONG> (Thumb, 82 bytes, Stack size 8 bytes, stm32h7xx_hal_rcc.o(.text), UNUSED)
<BR><BR>[Calls]<UL><LI><a href="#[56]">&gt;&gt;</a>&nbsp;&nbsp;&nbsp;HAL_RCC_GetSysClockFreq
</UL>
<BR>[Called By]<UL><LI><a href="#[65]">&gt;&gt;</a>&nbsp;&nbsp;&nbsp;HAL_RCCEx_GetD1PCLK1Freq
<LI><a href="#[64]">&gt;&gt;</a>&nbsp;&nbsp;&nbsp;HAL_RCCEx_GetD3PCLK1Freq
<LI><a href="#[60]">&gt;&gt;</a>&nbsp;&nbsp;&nbsp;HAL_RCCEx_GetPeriphCLKFreq
</UL>

<P><STRONG><a name="[59]"></a>HAL_RCC_GetPCLK1Freq</STRONG> (Thumb, 102 bytes, Stack size 8 bytes, stm32h7xx_hal_rcc.o(.text), UNUSED)
<BR><BR>[Calls]<UL><LI><a href="#[56]">&gt;&gt;</a>&nbsp;&nbsp;&nbsp;HAL_RCC_GetSysClockFreq
</UL>
<BR>[Called By]<UL><LI><a href="#[e3]">&gt;&gt;</a>&nbsp;&nbsp;&nbsp;UART_SetConfig
<LI><a href="#[60]">&gt;&gt;</a>&nbsp;&nbsp;&nbsp;HAL_RCCEx_GetPeriphCLKFreq
</UL>

<P><STRONG><a name="[5a]"></a>HAL_RCC_GetPCLK2Freq</STRONG> (Thumb, 102 bytes, Stack size 8 bytes, stm32h7xx_hal_rcc.o(.text), UNUSED)
<BR><BR>[Calls]<UL><LI><a href="#[56]">&gt;&gt;</a>&nbsp;&nbsp;&nbsp;HAL_RCC_GetSysClockFreq
</UL>
<BR>[Called By]<UL><LI><a href="#[e3]">&gt;&gt;</a>&nbsp;&nbsp;&nbsp;UART_SetConfig
</UL>

<P><STRONG><a name="[5b]"></a>HAL_RCC_GetOscConfig</STRONG> (Thumb, 282 bytes, Stack size 24 bytes, stm32h7xx_hal_rcc.o(.text), UNUSED)
<BR><BR>[Calls]<UL><LI><a href="#[55]">&gt;&gt;</a>&nbsp;&nbsp;&nbsp;HAL_GetREVID
</UL>

<P><STRONG><a name="[162]"></a>HAL_RCC_GetClockConfig</STRONG> (Thumb, 88 bytes, Stack size 0 bytes, stm32h7xx_hal_rcc.o(.text), UNUSED)

<P><STRONG><a name="[5c]"></a>HAL_RCC_NMI_IRQHandler</STRONG> (Thumb, 30 bytes, Stack size 8 bytes, stm32h7xx_hal_rcc.o(.text), UNUSED)
<BR><BR>[Calls]<UL><LI><a href="#[5d]">&gt;&gt;</a>&nbsp;&nbsp;&nbsp;HAL_RCC_CSSCallback
</UL>

<P><STRONG><a name="[5d]"></a>HAL_RCC_CSSCallback</STRONG> (Thumb, 2 bytes, Stack size 0 bytes, stm32h7xx_hal_rcc.o(.text), UNUSED)
<BR><BR>[Called By]<UL><LI><a href="#[5c]">&gt;&gt;</a>&nbsp;&nbsp;&nbsp;HAL_RCC_NMI_IRQHandler
</UL>

<P><STRONG><a name="[1c]"></a>HAL_RCCEx_PeriphCLKConfig</STRONG> (Thumb, 2876 bytes, Stack size 32 bytes, stm32h7xx_hal_rcc_ex.o(.text), UNUSED)
<BR><BR>[Calls]<UL><LI><a href="#[5f]">&gt;&gt;</a>&nbsp;&nbsp;&nbsp;RCCEx_PLL3_Config
<LI><a href="#[5e]">&gt;&gt;</a>&nbsp;&nbsp;&nbsp;RCCEx_PLL2_Config
<LI><a href="#[3c]">&gt;&gt;</a>&nbsp;&nbsp;&nbsp;HAL_GetTick
</UL>
<BR>[Called By]<UL><LI><a href="#[24]">&gt;&gt;</a>&nbsp;&nbsp;&nbsp;HAL_UART_MspInit
<LI><a href="#[1a]">&gt;&gt;</a>&nbsp;&nbsp;&nbsp;HAL_QSPI_MspInit
</UL>

<P><STRONG><a name="[163]"></a>HAL_RCCEx_GetPeriphCLKConfig</STRONG> (Thumb, 450 bytes, Stack size 0 bytes, stm32h7xx_hal_rcc_ex.o(.text), UNUSED)

<P><STRONG><a name="[60]"></a>HAL_RCCEx_GetPeriphCLKFreq</STRONG> (Thumb, 1106 bytes, Stack size 24 bytes, stm32h7xx_hal_rcc_ex.o(.text), UNUSED)
<BR><BR>[Calls]<UL><LI><a href="#[63]">&gt;&gt;</a>&nbsp;&nbsp;&nbsp;HAL_RCCEx_GetPLL1ClockFreq
<LI><a href="#[62]">&gt;&gt;</a>&nbsp;&nbsp;&nbsp;HAL_RCCEx_GetPLL3ClockFreq
<LI><a href="#[61]">&gt;&gt;</a>&nbsp;&nbsp;&nbsp;HAL_RCCEx_GetPLL2ClockFreq
<LI><a href="#[59]">&gt;&gt;</a>&nbsp;&nbsp;&nbsp;HAL_RCC_GetPCLK1Freq
<LI><a href="#[58]">&gt;&gt;</a>&nbsp;&nbsp;&nbsp;HAL_RCC_GetHCLKFreq
</UL>

<P><STRONG><a name="[63]"></a>HAL_RCCEx_GetPLL1ClockFreq</STRONG> (Thumb, 308 bytes, Stack size 8 bytes, stm32h7xx_hal_rcc_ex.o(.text), UNUSED)
<BR><BR>[Called By]<UL><LI><a href="#[60]">&gt;&gt;</a>&nbsp;&nbsp;&nbsp;HAL_RCCEx_GetPeriphCLKFreq
</UL>

<P><STRONG><a name="[61]"></a>HAL_RCCEx_GetPLL2ClockFreq</STRONG> (Thumb, 300 bytes, Stack size 8 bytes, stm32h7xx_hal_rcc_ex.o(.text), UNUSED)
<BR><BR>[Called By]<UL><LI><a href="#[e3]">&gt;&gt;</a>&nbsp;&nbsp;&nbsp;UART_SetConfig
<LI><a href="#[60]">&gt;&gt;</a>&nbsp;&nbsp;&nbsp;HAL_RCCEx_GetPeriphCLKFreq
</UL>

<P><STRONG><a name="[62]"></a>HAL_RCCEx_GetPLL3ClockFreq</STRONG> (Thumb, 300 bytes, Stack size 8 bytes, stm32h7xx_hal_rcc_ex.o(.text), UNUSED)
<BR><BR>[Called By]<UL><LI><a href="#[e3]">&gt;&gt;</a>&nbsp;&nbsp;&nbsp;UART_SetConfig
<LI><a href="#[60]">&gt;&gt;</a>&nbsp;&nbsp;&nbsp;HAL_RCCEx_GetPeriphCLKFreq
</UL>

<P><STRONG><a name="[64]"></a>HAL_RCCEx_GetD3PCLK1Freq</STRONG> (Thumb, 40 bytes, Stack size 8 bytes, stm32h7xx_hal_rcc_ex.o(.text), UNUSED)
<BR><BR>[Calls]<UL><LI><a href="#[58]">&gt;&gt;</a>&nbsp;&nbsp;&nbsp;HAL_RCC_GetHCLKFreq
</UL>
<BR>[Called By]<UL><LI><a href="#[e3]">&gt;&gt;</a>&nbsp;&nbsp;&nbsp;UART_SetConfig
</UL>

<P><STRONG><a name="[65]"></a>HAL_RCCEx_GetD1PCLK1Freq</STRONG> (Thumb, 40 bytes, Stack size 8 bytes, stm32h7xx_hal_rcc_ex.o(.text), UNUSED)
<BR><BR>[Calls]<UL><LI><a href="#[58]">&gt;&gt;</a>&nbsp;&nbsp;&nbsp;HAL_RCC_GetHCLKFreq
</UL>

<P><STRONG><a name="[66]"></a>HAL_RCCEx_GetD1SysClockFreq</STRONG> (Thumb, 80 bytes, Stack size 8 bytes, stm32h7xx_hal_rcc_ex.o(.text), UNUSED)
<BR><BR>[Calls]<UL><LI><a href="#[56]">&gt;&gt;</a>&nbsp;&nbsp;&nbsp;HAL_RCC_GetSysClockFreq
</UL>

<P><STRONG><a name="[164]"></a>HAL_RCCEx_EnableLSECSS</STRONG> (Thumb, 18 bytes, Stack size 0 bytes, stm32h7xx_hal_rcc_ex.o(.text), UNUSED)

<P><STRONG><a name="[165]"></a>HAL_RCCEx_DisableLSECSS</STRONG> (Thumb, 26 bytes, Stack size 0 bytes, stm32h7xx_hal_rcc_ex.o(.text), UNUSED)

<P><STRONG><a name="[166]"></a>HAL_RCCEx_EnableLSECSS_IT</STRONG> (Thumb, 52 bytes, Stack size 0 bytes, stm32h7xx_hal_rcc_ex.o(.text), UNUSED)

<P><STRONG><a name="[167]"></a>HAL_RCCEx_WakeUpStopCLKConfig</STRONG> (Thumb, 20 bytes, Stack size 0 bytes, stm32h7xx_hal_rcc_ex.o(.text), UNUSED)

<P><STRONG><a name="[168]"></a>HAL_RCCEx_KerWakeUpStopCLKConfig</STRONG> (Thumb, 20 bytes, Stack size 0 bytes, stm32h7xx_hal_rcc_ex.o(.text), UNUSED)

<P><STRONG><a name="[169]"></a>HAL_RCCEx_WWDGxSysResetConfig</STRONG> (Thumb, 16 bytes, Stack size 0 bytes, stm32h7xx_hal_rcc_ex.o(.text), UNUSED)

<P><STRONG><a name="[67]"></a>HAL_RCCEx_CRSConfig</STRONG> (Thumb, 106 bytes, Stack size 8 bytes, stm32h7xx_hal_rcc_ex.o(.text), UNUSED)
<BR><BR>[Calls]<UL><LI><a href="#[55]">&gt;&gt;</a>&nbsp;&nbsp;&nbsp;HAL_GetREVID
</UL>

<P><STRONG><a name="[16a]"></a>HAL_RCCEx_CRSSoftwareSynchronizationGenerate</STRONG> (Thumb, 18 bytes, Stack size 0 bytes, stm32h7xx_hal_rcc_ex.o(.text), UNUSED)

<P><STRONG><a name="[16b]"></a>HAL_RCCEx_CRSGetSynchronizationInfo</STRONG> (Thumb, 42 bytes, Stack size 0 bytes, stm32h7xx_hal_rcc_ex.o(.text), UNUSED)

<P><STRONG><a name="[68]"></a>HAL_RCCEx_CRSWaitSynchronization</STRONG> (Thumb, 292 bytes, Stack size 32 bytes, stm32h7xx_hal_rcc_ex.o(.text), UNUSED)
<BR><BR>[Calls]<UL><LI><a href="#[3c]">&gt;&gt;</a>&nbsp;&nbsp;&nbsp;HAL_GetTick
</UL>

<P><STRONG><a name="[69]"></a>HAL_RCCEx_CRS_IRQHandler</STRONG> (Thumb, 102 bytes, Stack size 0 bytes, stm32h7xx_hal_rcc_ex.o(.text), UNUSED)
<BR><BR>[Calls]<UL><LI><a href="#[6d]">&gt;&gt;</a>&nbsp;&nbsp;&nbsp;HAL_RCCEx_CRS_ErrorCallback
<LI><a href="#[6c]">&gt;&gt;</a>&nbsp;&nbsp;&nbsp;HAL_RCCEx_CRS_ExpectedSyncCallback
<LI><a href="#[6b]">&gt;&gt;</a>&nbsp;&nbsp;&nbsp;HAL_RCCEx_CRS_SyncOkCallback
<LI><a href="#[6a]">&gt;&gt;</a>&nbsp;&nbsp;&nbsp;HAL_RCCEx_CRS_SyncWarnCallback
</UL>

<P><STRONG><a name="[6b]"></a>HAL_RCCEx_CRS_SyncOkCallback</STRONG> (Thumb, 2 bytes, Stack size 0 bytes, stm32h7xx_hal_rcc_ex.o(.text), UNUSED)
<BR><BR>[Called By]<UL><LI><a href="#[69]">&gt;&gt;</a>&nbsp;&nbsp;&nbsp;HAL_RCCEx_CRS_IRQHandler
</UL>

<P><STRONG><a name="[6a]"></a>HAL_RCCEx_CRS_SyncWarnCallback</STRONG> (Thumb, 2 bytes, Stack size 0 bytes, stm32h7xx_hal_rcc_ex.o(.text), UNUSED)
<BR><BR>[Called By]<UL><LI><a href="#[69]">&gt;&gt;</a>&nbsp;&nbsp;&nbsp;HAL_RCCEx_CRS_IRQHandler
</UL>

<P><STRONG><a name="[6c]"></a>HAL_RCCEx_CRS_ExpectedSyncCallback</STRONG> (Thumb, 2 bytes, Stack size 0 bytes, stm32h7xx_hal_rcc_ex.o(.text), UNUSED)
<BR><BR>[Called By]<UL><LI><a href="#[69]">&gt;&gt;</a>&nbsp;&nbsp;&nbsp;HAL_RCCEx_CRS_IRQHandler
</UL>

<P><STRONG><a name="[6d]"></a>HAL_RCCEx_CRS_ErrorCallback</STRONG> (Thumb, 2 bytes, Stack size 0 bytes, stm32h7xx_hal_rcc_ex.o(.text), UNUSED)
<BR><BR>[Called By]<UL><LI><a href="#[69]">&gt;&gt;</a>&nbsp;&nbsp;&nbsp;HAL_RCCEx_CRS_IRQHandler
</UL>

<P><STRONG><a name="[6e]"></a>HAL_RCCEx_LSECSS_IRQHandler</STRONG> (Thumb, 26 bytes, Stack size 0 bytes, stm32h7xx_hal_rcc_ex.o(.text), UNUSED)
<BR><BR>[Calls]<UL><LI><a href="#[6f]">&gt;&gt;</a>&nbsp;&nbsp;&nbsp;HAL_RCCEx_LSECSS_Callback
</UL>

<P><STRONG><a name="[6f]"></a>HAL_RCCEx_LSECSS_Callback</STRONG> (Thumb, 2 bytes, Stack size 0 bytes, stm32h7xx_hal_rcc_ex.o(.text), UNUSED)
<BR><BR>[Called By]<UL><LI><a href="#[6e]">&gt;&gt;</a>&nbsp;&nbsp;&nbsp;HAL_RCCEx_LSECSS_IRQHandler
</UL>

<P><STRONG><a name="[70]"></a>HAL_FLASH_Program</STRONG> (Thumb, 344 bytes, Stack size 32 bytes, stm32h7xx_hal_flash.o(.text), UNUSED)
<BR><BR>[Calls]<UL><LI><a href="#[3c]">&gt;&gt;</a>&nbsp;&nbsp;&nbsp;HAL_GetTick
</UL>

<P><STRONG><a name="[71]"></a>FLASH_WaitForLastOperation</STRONG> (Thumb, 154 bytes, Stack size 24 bytes, stm32h7xx_hal_flash.o(.text), UNUSED)
<BR><BR>[Calls]<UL><LI><a href="#[3c]">&gt;&gt;</a>&nbsp;&nbsp;&nbsp;HAL_GetTick
</UL>
<BR>[Called By]<UL><LI><a href="#[7c]">&gt;&gt;</a>&nbsp;&nbsp;&nbsp;HAL_FLASHEx_OBProgram
<LI><a href="#[7b]">&gt;&gt;</a>&nbsp;&nbsp;&nbsp;HAL_FLASHEx_Erase_IT
<LI><a href="#[7a]">&gt;&gt;</a>&nbsp;&nbsp;&nbsp;HAL_FLASHEx_Erase
</UL>

<P><STRONG><a name="[72]"></a>HAL_FLASH_Program_IT</STRONG> (Thumb, 260 bytes, Stack size 32 bytes, stm32h7xx_hal_flash.o(.text), UNUSED)
<BR><BR>[Calls]<UL><LI><a href="#[3c]">&gt;&gt;</a>&nbsp;&nbsp;&nbsp;HAL_GetTick
</UL>

<P><STRONG><a name="[73]"></a>HAL_FLASH_IRQHandler</STRONG> (Thumb, 268 bytes, Stack size 16 bytes, stm32h7xx_hal_flash.o(.text), UNUSED)
<BR><BR>[Calls]<UL><LI><a href="#[76]">&gt;&gt;</a>&nbsp;&nbsp;&nbsp;HAL_FLASH_OperationErrorCallback
<LI><a href="#[75]">&gt;&gt;</a>&nbsp;&nbsp;&nbsp;FLASH_Erase_Sector
<LI><a href="#[74]">&gt;&gt;</a>&nbsp;&nbsp;&nbsp;HAL_FLASH_EndOfOperationCallback
</UL>

<P><STRONG><a name="[74]"></a>HAL_FLASH_EndOfOperationCallback</STRONG> (Thumb, 2 bytes, Stack size 0 bytes, stm32h7xx_hal_flash.o(.text), UNUSED)
<BR><BR>[Called By]<UL><LI><a href="#[73]">&gt;&gt;</a>&nbsp;&nbsp;&nbsp;HAL_FLASH_IRQHandler
</UL>

<P><STRONG><a name="[76]"></a>HAL_FLASH_OperationErrorCallback</STRONG> (Thumb, 2 bytes, Stack size 0 bytes, stm32h7xx_hal_flash.o(.text), UNUSED)
<BR><BR>[Called By]<UL><LI><a href="#[73]">&gt;&gt;</a>&nbsp;&nbsp;&nbsp;HAL_FLASH_IRQHandler
</UL>

<P><STRONG><a name="[16c]"></a>HAL_FLASH_Unlock</STRONG> (Thumb, 48 bytes, Stack size 0 bytes, stm32h7xx_hal_flash.o(.text), UNUSED)

<P><STRONG><a name="[16d]"></a>HAL_FLASH_Lock</STRONG> (Thumb, 26 bytes, Stack size 0 bytes, stm32h7xx_hal_flash.o(.text), UNUSED)

<P><STRONG><a name="[16e]"></a>HAL_FLASH_OB_Unlock</STRONG> (Thumb, 44 bytes, Stack size 0 bytes, stm32h7xx_hal_flash.o(.text), UNUSED)

<P><STRONG><a name="[16f]"></a>HAL_FLASH_OB_Lock</STRONG> (Thumb, 26 bytes, Stack size 0 bytes, stm32h7xx_hal_flash.o(.text), UNUSED)

<P><STRONG><a name="[77]"></a>HAL_FLASH_OB_Launch</STRONG> (Thumb, 168 bytes, Stack size 16 bytes, stm32h7xx_hal_flash.o(.text), UNUSED)
<BR><BR>[Calls]<UL><LI><a href="#[3c]">&gt;&gt;</a>&nbsp;&nbsp;&nbsp;HAL_GetTick
</UL>

<P><STRONG><a name="[78]"></a>FLASH_CRC_WaitForLastOperation</STRONG> (Thumb, 166 bytes, Stack size 24 bytes, stm32h7xx_hal_flash.o(.text), UNUSED)
<BR><BR>[Calls]<UL><LI><a href="#[3c]">&gt;&gt;</a>&nbsp;&nbsp;&nbsp;HAL_GetTick
</UL>
<BR>[Called By]<UL><LI><a href="#[7d]">&gt;&gt;</a>&nbsp;&nbsp;&nbsp;HAL_FLASHEx_ComputeCRC
</UL>

<P><STRONG><a name="[79]"></a>FLASH_OB_WaitForLastOperation</STRONG> (Thumb, 128 bytes, Stack size 16 bytes, stm32h7xx_hal_flash.o(.text), UNUSED)
<BR><BR>[Calls]<UL><LI><a href="#[3c]">&gt;&gt;</a>&nbsp;&nbsp;&nbsp;HAL_GetTick
</UL>
<BR>[Called By]<UL><LI><a href="#[7d]">&gt;&gt;</a>&nbsp;&nbsp;&nbsp;HAL_FLASHEx_ComputeCRC
</UL>

<P><STRONG><a name="[170]"></a>HAL_FLASH_GetError</STRONG> (Thumb, 14 bytes, Stack size 0 bytes, stm32h7xx_hal_flash.o(.text), UNUSED)

<P><STRONG><a name="[7a]"></a>HAL_FLASHEx_Erase</STRONG> (Thumb, 280 bytes, Stack size 32 bytes, stm32h7xx_hal_flash_ex.o(.text), UNUSED)
<BR><BR>[Calls]<UL><LI><a href="#[71]">&gt;&gt;</a>&nbsp;&nbsp;&nbsp;FLASH_WaitForLastOperation
</UL>

<P><STRONG><a name="[75]"></a>FLASH_Erase_Sector</STRONG> (Thumb, 38 bytes, Stack size 0 bytes, stm32h7xx_hal_flash_ex.o(.text), UNUSED)
<BR><BR>[Called By]<UL><LI><a href="#[73]">&gt;&gt;</a>&nbsp;&nbsp;&nbsp;HAL_FLASH_IRQHandler
</UL>

<P><STRONG><a name="[7b]"></a>HAL_FLASHEx_Erase_IT</STRONG> (Thumb, 236 bytes, Stack size 16 bytes, stm32h7xx_hal_flash_ex.o(.text), UNUSED)
<BR><BR>[Calls]<UL><LI><a href="#[71]">&gt;&gt;</a>&nbsp;&nbsp;&nbsp;FLASH_WaitForLastOperation
</UL>

<P><STRONG><a name="[7c]"></a>HAL_FLASHEx_OBProgram</STRONG> (Thumb, 504 bytes, Stack size 32 bytes, stm32h7xx_hal_flash_ex.o(.text), UNUSED)
<BR><BR>[Calls]<UL><LI><a href="#[71]">&gt;&gt;</a>&nbsp;&nbsp;&nbsp;FLASH_WaitForLastOperation
</UL>

<P><STRONG><a name="[171]"></a>HAL_FLASHEx_OBGetConfig</STRONG> (Thumb, 178 bytes, Stack size 8 bytes, stm32h7xx_hal_flash_ex.o(.text), UNUSED)

<P><STRONG><a name="[172]"></a>HAL_FLASHEx_Unlock_Bank1</STRONG> (Thumb, 48 bytes, Stack size 0 bytes, stm32h7xx_hal_flash_ex.o(.text), UNUSED)

<P><STRONG><a name="[173]"></a>HAL_FLASHEx_Lock_Bank1</STRONG> (Thumb, 20 bytes, Stack size 0 bytes, stm32h7xx_hal_flash_ex.o(.text), UNUSED)

<P><STRONG><a name="[7d]"></a>HAL_FLASHEx_ComputeCRC</STRONG> (Thumb, 364 bytes, Stack size 16 bytes, stm32h7xx_hal_flash_ex.o(.text), UNUSED)
<BR><BR>[Calls]<UL><LI><a href="#[79]">&gt;&gt;</a>&nbsp;&nbsp;&nbsp;FLASH_OB_WaitForLastOperation
<LI><a href="#[78]">&gt;&gt;</a>&nbsp;&nbsp;&nbsp;FLASH_CRC_WaitForLastOperation
</UL>

<P><STRONG><a name="[1d]"></a>HAL_GPIO_Init</STRONG> (Thumb, 410 bytes, Stack size 40 bytes, stm32h7xx_hal_gpio.o(.text), UNUSED)
<BR><BR>[Called By]<UL><LI><a href="#[57]">&gt;&gt;</a>&nbsp;&nbsp;&nbsp;HAL_RCC_MCOConfig
<LI><a href="#[24]">&gt;&gt;</a>&nbsp;&nbsp;&nbsp;HAL_UART_MspInit
<LI><a href="#[1a]">&gt;&gt;</a>&nbsp;&nbsp;&nbsp;HAL_QSPI_MspInit
</UL>

<P><STRONG><a name="[1f]"></a>HAL_GPIO_DeInit</STRONG> (Thumb, 262 bytes, Stack size 36 bytes, stm32h7xx_hal_gpio.o(.text), UNUSED)
<BR><BR>[Called By]<UL><LI><a href="#[25]">&gt;&gt;</a>&nbsp;&nbsp;&nbsp;HAL_UART_MspDeInit
<LI><a href="#[1e]">&gt;&gt;</a>&nbsp;&nbsp;&nbsp;HAL_QSPI_MspDeInit
</UL>

<P><STRONG><a name="[174]"></a>HAL_GPIO_ReadPin</STRONG> (Thumb, 10 bytes, Stack size 0 bytes, stm32h7xx_hal_gpio.o(.text), UNUSED)

<P><STRONG><a name="[175]"></a>HAL_GPIO_WritePin</STRONG> (Thumb, 10 bytes, Stack size 0 bytes, stm32h7xx_hal_gpio.o(.text), UNUSED)

<P><STRONG><a name="[176]"></a>HAL_GPIO_TogglePin</STRONG> (Thumb, 16 bytes, Stack size 0 bytes, stm32h7xx_hal_gpio.o(.text), UNUSED)

<P><STRONG><a name="[177]"></a>HAL_GPIO_LockPin</STRONG> (Thumb, 40 bytes, Stack size 4 bytes, stm32h7xx_hal_gpio.o(.text), UNUSED)

<P><STRONG><a name="[7e]"></a>HAL_GPIO_EXTI_IRQHandler</STRONG> (Thumb, 20 bytes, Stack size 0 bytes, stm32h7xx_hal_gpio.o(.text), UNUSED)
<BR><BR>[Calls]<UL><LI><a href="#[7f]">&gt;&gt;</a>&nbsp;&nbsp;&nbsp;HAL_GPIO_EXTI_Callback
</UL>

<P><STRONG><a name="[7f]"></a>HAL_GPIO_EXTI_Callback</STRONG> (Thumb, 2 bytes, Stack size 0 bytes, stm32h7xx_hal_gpio.o(.text), UNUSED)
<BR><BR>[Called By]<UL><LI><a href="#[7e]">&gt;&gt;</a>&nbsp;&nbsp;&nbsp;HAL_GPIO_EXTI_IRQHandler
</UL>

<P><STRONG><a name="[178]"></a>HAL_HSEM_Take</STRONG> (Thumb, 32 bytes, Stack size 0 bytes, stm32h7xx_hal_hsem.o(.text), UNUSED)

<P><STRONG><a name="[179]"></a>HAL_HSEM_FastTake</STRONG> (Thumb, 28 bytes, Stack size 0 bytes, stm32h7xx_hal_hsem.o(.text), UNUSED)

<P><STRONG><a name="[17a]"></a>HAL_HSEM_IsSemTaken</STRONG> (Thumb, 16 bytes, Stack size 0 bytes, stm32h7xx_hal_hsem.o(.text), UNUSED)

<P><STRONG><a name="[17b]"></a>HAL_HSEM_Release</STRONG> (Thumb, 18 bytes, Stack size 0 bytes, stm32h7xx_hal_hsem.o(.text), UNUSED)

<P><STRONG><a name="[17c]"></a>HAL_HSEM_ReleaseAll</STRONG> (Thumb, 18 bytes, Stack size 0 bytes, stm32h7xx_hal_hsem.o(.text), UNUSED)

<P><STRONG><a name="[17d]"></a>HAL_HSEM_SetClearKey</STRONG> (Thumb, 18 bytes, Stack size 0 bytes, stm32h7xx_hal_hsem.o(.text), UNUSED)

<P><STRONG><a name="[17e]"></a>HAL_HSEM_GetClearKey</STRONG> (Thumb, 14 bytes, Stack size 0 bytes, stm32h7xx_hal_hsem.o(.text), UNUSED)

<P><STRONG><a name="[17f]"></a>HAL_HSEM_ActivateNotification</STRONG> (Thumb, 16 bytes, Stack size 0 bytes, stm32h7xx_hal_hsem.o(.text), UNUSED)

<P><STRONG><a name="[180]"></a>HAL_HSEM_DeactivateNotification</STRONG> (Thumb, 18 bytes, Stack size 0 bytes, stm32h7xx_hal_hsem.o(.text), UNUSED)

<P><STRONG><a name="[80]"></a>HAL_HSEM_IRQHandler</STRONG> (Thumb, 22 bytes, Stack size 0 bytes, stm32h7xx_hal_hsem.o(.text), UNUSED)
<BR><BR>[Calls]<UL><LI><a href="#[81]">&gt;&gt;</a>&nbsp;&nbsp;&nbsp;HAL_HSEM_FreeCallback
</UL>

<P><STRONG><a name="[81]"></a>HAL_HSEM_FreeCallback</STRONG> (Thumb, 2 bytes, Stack size 0 bytes, stm32h7xx_hal_hsem.o(.text), UNUSED)
<BR><BR>[Called By]<UL><LI><a href="#[80]">&gt;&gt;</a>&nbsp;&nbsp;&nbsp;HAL_HSEM_IRQHandler
</UL>

<P><STRONG><a name="[82]"></a>HAL_DMA_Init</STRONG> (Thumb, 1638 bytes, Stack size 24 bytes, stm32h7xx_hal_dma.o(.text), UNUSED)
<BR><BR>[Calls]<UL><LI><a href="#[83]">&gt;&gt;</a>&nbsp;&nbsp;&nbsp;DMA_CalcBaseAndBitshift
<LI><a href="#[3c]">&gt;&gt;</a>&nbsp;&nbsp;&nbsp;HAL_GetTick
</UL>

<P><STRONG><a name="[84]"></a>HAL_DMA_DeInit</STRONG> (Thumb, 912 bytes, Stack size 16 bytes, stm32h7xx_hal_dma.o(.text), UNUSED)
<BR><BR>[Calls]<UL><LI><a href="#[83]">&gt;&gt;</a>&nbsp;&nbsp;&nbsp;DMA_CalcBaseAndBitshift
</UL>

<P><STRONG><a name="[85]"></a>HAL_DMA_Start</STRONG> (Thumb, 318 bytes, Stack size 8 bytes, stm32h7xx_hal_dma.o(.text), UNUSED)
<BR><BR>[Calls]<UL><LI><a href="#[86]">&gt;&gt;</a>&nbsp;&nbsp;&nbsp;DMA_SetConfig
</UL>

<P><STRONG><a name="[87]"></a>HAL_DMA_Start_IT</STRONG> (Thumb, 930 bytes, Stack size 16 bytes, stm32h7xx_hal_dma.o(.text), UNUSED)
<BR><BR>[Calls]<UL><LI><a href="#[86]">&gt;&gt;</a>&nbsp;&nbsp;&nbsp;DMA_SetConfig
</UL>
<BR>[Called By]<UL><LI><a href="#[f7]">&gt;&gt;</a>&nbsp;&nbsp;&nbsp;UART_Start_Receive_DMA
<LI><a href="#[f6]">&gt;&gt;</a>&nbsp;&nbsp;&nbsp;HAL_UART_Receive_DMA
<LI><a href="#[ef]">&gt;&gt;</a>&nbsp;&nbsp;&nbsp;HAL_UART_Transmit_DMA
<LI><a href="#[dd]">&gt;&gt;</a>&nbsp;&nbsp;&nbsp;HAL_I2C_Slave_Seq_Receive_DMA
<LI><a href="#[db]">&gt;&gt;</a>&nbsp;&nbsp;&nbsp;HAL_I2C_Slave_Seq_Transmit_DMA
<LI><a href="#[d5]">&gt;&gt;</a>&nbsp;&nbsp;&nbsp;HAL_I2C_Master_Seq_Receive_DMA
<LI><a href="#[d4]">&gt;&gt;</a>&nbsp;&nbsp;&nbsp;HAL_I2C_Master_Seq_Transmit_DMA
<LI><a href="#[d2]">&gt;&gt;</a>&nbsp;&nbsp;&nbsp;HAL_I2C_Mem_Read_DMA
<LI><a href="#[d0]">&gt;&gt;</a>&nbsp;&nbsp;&nbsp;HAL_I2C_Mem_Write_DMA
<LI><a href="#[cb]">&gt;&gt;</a>&nbsp;&nbsp;&nbsp;HAL_I2C_Slave_Receive_DMA
<LI><a href="#[c8]">&gt;&gt;</a>&nbsp;&nbsp;&nbsp;HAL_I2C_Slave_Transmit_DMA
<LI><a href="#[c6]">&gt;&gt;</a>&nbsp;&nbsp;&nbsp;HAL_I2C_Master_Receive_DMA
<LI><a href="#[bf]">&gt;&gt;</a>&nbsp;&nbsp;&nbsp;HAL_I2C_Master_Transmit_DMA
<LI><a href="#[c7]">&gt;&gt;</a>&nbsp;&nbsp;&nbsp;I2C_DMAMasterReceiveCplt
<LI><a href="#[c3]">&gt;&gt;</a>&nbsp;&nbsp;&nbsp;I2C_DMAMasterTransmitCplt
</UL>

<P><STRONG><a name="[88]"></a>HAL_DMA_Abort</STRONG> (Thumb, 1326 bytes, Stack size 24 bytes, stm32h7xx_hal_dma.o(.text), UNUSED)
<BR><BR>[Calls]<UL><LI><a href="#[3c]">&gt;&gt;</a>&nbsp;&nbsp;&nbsp;HAL_GetTick
</UL>
<BR>[Called By]<UL><LI><a href="#[106]">&gt;&gt;</a>&nbsp;&nbsp;&nbsp;HAL_UART_IRQHandler
<LI><a href="#[fb]">&gt;&gt;</a>&nbsp;&nbsp;&nbsp;HAL_UART_AbortReceive
<LI><a href="#[fa]">&gt;&gt;</a>&nbsp;&nbsp;&nbsp;HAL_UART_AbortTransmit
<LI><a href="#[f9]">&gt;&gt;</a>&nbsp;&nbsp;&nbsp;HAL_UART_Abort
<LI><a href="#[f8]">&gt;&gt;</a>&nbsp;&nbsp;&nbsp;HAL_UART_DMAStop
<LI><a href="#[89]">&gt;&gt;</a>&nbsp;&nbsp;&nbsp;HAL_DMA_PollForTransfer
</UL>

<P><STRONG><a name="[d7]"></a>HAL_DMA_Abort_IT</STRONG> (Thumb, 698 bytes, Stack size 8 bytes, stm32h7xx_hal_dma.o(.text), UNUSED)
<BR><BR>[Called By]<UL><LI><a href="#[106]">&gt;&gt;</a>&nbsp;&nbsp;&nbsp;HAL_UART_IRQHandler
<LI><a href="#[103]">&gt;&gt;</a>&nbsp;&nbsp;&nbsp;HAL_UART_AbortReceive_IT
<LI><a href="#[100]">&gt;&gt;</a>&nbsp;&nbsp;&nbsp;HAL_UART_AbortTransmit_IT
<LI><a href="#[fc]">&gt;&gt;</a>&nbsp;&nbsp;&nbsp;HAL_UART_Abort_IT
<LI><a href="#[dd]">&gt;&gt;</a>&nbsp;&nbsp;&nbsp;HAL_I2C_Slave_Seq_Receive_DMA
<LI><a href="#[dc]">&gt;&gt;</a>&nbsp;&nbsp;&nbsp;HAL_I2C_Slave_Seq_Receive_IT
<LI><a href="#[db]">&gt;&gt;</a>&nbsp;&nbsp;&nbsp;HAL_I2C_Slave_Seq_Transmit_DMA
<LI><a href="#[d6]">&gt;&gt;</a>&nbsp;&nbsp;&nbsp;HAL_I2C_Slave_Seq_Transmit_IT
<LI><a href="#[b7]">&gt;&gt;</a>&nbsp;&nbsp;&nbsp;I2C_ITError
</UL>

<P><STRONG><a name="[89]"></a>HAL_DMA_PollForTransfer</STRONG> (Thumb, 1734 bytes, Stack size 40 bytes, stm32h7xx_hal_dma.o(.text), UNUSED)
<BR><BR>[Calls]<UL><LI><a href="#[88]">&gt;&gt;</a>&nbsp;&nbsp;&nbsp;HAL_DMA_Abort
<LI><a href="#[3c]">&gt;&gt;</a>&nbsp;&nbsp;&nbsp;HAL_GetTick
</UL>

<P><STRONG><a name="[181]"></a>HAL_DMA_IRQHandler</STRONG> (Thumb, 2096 bytes, Stack size 40 bytes, stm32h7xx_hal_dma.o(.text), UNUSED)

<P><STRONG><a name="[182]"></a>HAL_DMA_RegisterCallback</STRONG> (Thumb, 114 bytes, Stack size 0 bytes, stm32h7xx_hal_dma.o(.text), UNUSED)

<P><STRONG><a name="[183]"></a>HAL_DMA_UnRegisterCallback</STRONG> (Thumb, 164 bytes, Stack size 0 bytes, stm32h7xx_hal_dma.o(.text), UNUSED)

<P><STRONG><a name="[df]"></a>HAL_DMA_GetState</STRONG> (Thumb, 6 bytes, Stack size 0 bytes, stm32h7xx_hal_dma.o(.text), UNUSED)
<BR><BR>[Called By]<UL><LI><a href="#[b7]">&gt;&gt;</a>&nbsp;&nbsp;&nbsp;I2C_ITError
</UL>

<P><STRONG><a name="[c5]"></a>HAL_DMA_GetError</STRONG> (Thumb, 4 bytes, Stack size 0 bytes, stm32h7xx_hal_dma.o(.text), UNUSED)
<BR><BR>[Called By]<UL><LI><a href="#[fb]">&gt;&gt;</a>&nbsp;&nbsp;&nbsp;HAL_UART_AbortReceive
<LI><a href="#[fa]">&gt;&gt;</a>&nbsp;&nbsp;&nbsp;HAL_UART_AbortTransmit
<LI><a href="#[f9]">&gt;&gt;</a>&nbsp;&nbsp;&nbsp;HAL_UART_Abort
<LI><a href="#[f8]">&gt;&gt;</a>&nbsp;&nbsp;&nbsp;HAL_UART_DMAStop
<LI><a href="#[c4]">&gt;&gt;</a>&nbsp;&nbsp;&nbsp;I2C_DMAError
</UL>

<P><STRONG><a name="[8a]"></a>HAL_DMAEx_MultiBufferStart</STRONG> (Thumb, 944 bytes, Stack size 32 bytes, stm32h7xx_hal_dma_ex.o(.text), UNUSED)
<BR><BR>[Calls]<UL><LI><a href="#[8b]">&gt;&gt;</a>&nbsp;&nbsp;&nbsp;DMA_MultiBufferSetConfig
</UL>

<P><STRONG><a name="[8c]"></a>HAL_DMAEx_MultiBufferStart_IT</STRONG> (Thumb, 1572 bytes, Stack size 24 bytes, stm32h7xx_hal_dma_ex.o(.text), UNUSED)
<BR><BR>[Calls]<UL><LI><a href="#[8b]">&gt;&gt;</a>&nbsp;&nbsp;&nbsp;DMA_MultiBufferSetConfig
</UL>

<P><STRONG><a name="[184]"></a>HAL_DMAEx_ChangeMemory</STRONG> (Thumb, 250 bytes, Stack size 0 bytes, stm32h7xx_hal_dma_ex.o(.text), UNUSED)

<P><STRONG><a name="[185]"></a>HAL_DMAEx_ConfigMuxSync</STRONG> (Thumb, 120 bytes, Stack size 16 bytes, stm32h7xx_hal_dma_ex.o(.text), UNUSED)

<P><STRONG><a name="[186]"></a>HAL_DMAEx_ConfigMuxRequestGenerator</STRONG> (Thumb, 90 bytes, Stack size 8 bytes, stm32h7xx_hal_dma_ex.o(.text), UNUSED)

<P><STRONG><a name="[187]"></a>HAL_DMAEx_EnableMuxRequestGenerator</STRONG> (Thumb, 28 bytes, Stack size 0 bytes, stm32h7xx_hal_dma_ex.o(.text), UNUSED)

<P><STRONG><a name="[188]"></a>HAL_DMAEx_DisableMuxRequestGenerator</STRONG> (Thumb, 28 bytes, Stack size 0 bytes, stm32h7xx_hal_dma_ex.o(.text), UNUSED)

<P><STRONG><a name="[189]"></a>HAL_DMAEx_MUX_IRQHandler</STRONG> (Thumb, 98 bytes, Stack size 8 bytes, stm32h7xx_hal_dma_ex.o(.text), UNUSED)

<P><STRONG><a name="[8d]"></a>HAL_MDMA_Init</STRONG> (Thumb, 240 bytes, Stack size 16 bytes, stm32h7xx_hal_mdma.o(.text), UNUSED)
<BR><BR>[Calls]<UL><LI><a href="#[3c]">&gt;&gt;</a>&nbsp;&nbsp;&nbsp;HAL_GetTick
</UL>

<P><STRONG><a name="[18a]"></a>HAL_MDMA_DeInit</STRONG> (Thumb, 64 bytes, Stack size 0 bytes, stm32h7xx_hal_mdma.o(.text), UNUSED)

<P><STRONG><a name="[18b]"></a>HAL_MDMA_ConfigPostRequestMask</STRONG> (Thumb, 96 bytes, Stack size 0 bytes, stm32h7xx_hal_mdma.o(.text), UNUSED)

<P><STRONG><a name="[18c]"></a>HAL_MDMA_RegisterCallback</STRONG> (Thumb, 114 bytes, Stack size 0 bytes, stm32h7xx_hal_mdma.o(.text), UNUSED)

<P><STRONG><a name="[18d]"></a>HAL_MDMA_UnRegisterCallback</STRONG> (Thumb, 164 bytes, Stack size 0 bytes, stm32h7xx_hal_mdma.o(.text), UNUSED)

<P><STRONG><a name="[18e]"></a>HAL_MDMA_LinkedList_CreateNode</STRONG> (Thumb, 252 bytes, Stack size 16 bytes, stm32h7xx_hal_mdma.o(.text), UNUSED)

<P><STRONG><a name="[18f]"></a>HAL_MDMA_LinkedList_AddNode</STRONG> (Thumb, 398 bytes, Stack size 20 bytes, stm32h7xx_hal_mdma.o(.text), UNUSED)

<P><STRONG><a name="[190]"></a>HAL_MDMA_LinkedList_RemoveNode</STRONG> (Thumb, 290 bytes, Stack size 16 bytes, stm32h7xx_hal_mdma.o(.text), UNUSED)

<P><STRONG><a name="[191]"></a>HAL_MDMA_LinkedList_EnableCircularMode</STRONG> (Thumb, 84 bytes, Stack size 0 bytes, stm32h7xx_hal_mdma.o(.text), UNUSED)

<P><STRONG><a name="[192]"></a>HAL_MDMA_LinkedList_DisableCircularMode</STRONG> (Thumb, 84 bytes, Stack size 0 bytes, stm32h7xx_hal_mdma.o(.text), UNUSED)

<P><STRONG><a name="[193]"></a>HAL_MDMA_Start</STRONG> (Thumb, 230 bytes, Stack size 16 bytes, stm32h7xx_hal_mdma.o(.text), UNUSED)

<P><STRONG><a name="[4b]"></a>HAL_MDMA_Start_IT</STRONG> (Thumb, 300 bytes, Stack size 16 bytes, stm32h7xx_hal_mdma.o(.text), UNUSED)
<BR><BR>[Called By]<UL><LI><a href="#[4d]">&gt;&gt;</a>&nbsp;&nbsp;&nbsp;HAL_QSPI_Receive_DMA
<LI><a href="#[4a]">&gt;&gt;</a>&nbsp;&nbsp;&nbsp;HAL_QSPI_Transmit_DMA
</UL>

<P><STRONG><a name="[51]"></a>HAL_MDMA_Abort</STRONG> (Thumb, 118 bytes, Stack size 16 bytes, stm32h7xx_hal_mdma.o(.text), UNUSED)
<BR><BR>[Calls]<UL><LI><a href="#[3c]">&gt;&gt;</a>&nbsp;&nbsp;&nbsp;HAL_GetTick
</UL>
<BR>[Called By]<UL><LI><a href="#[50]">&gt;&gt;</a>&nbsp;&nbsp;&nbsp;HAL_QSPI_Abort
</UL>

<P><STRONG><a name="[46]"></a>HAL_MDMA_Abort_IT</STRONG> (Thumb, 44 bytes, Stack size 0 bytes, stm32h7xx_hal_mdma.o(.text), UNUSED)
<BR><BR>[Called By]<UL><LI><a href="#[52]">&gt;&gt;</a>&nbsp;&nbsp;&nbsp;HAL_QSPI_Abort_IT
<LI><a href="#[3d]">&gt;&gt;</a>&nbsp;&nbsp;&nbsp;HAL_QSPI_IRQHandler
<LI><a href="#[4c]">&gt;&gt;</a>&nbsp;&nbsp;&nbsp;QSPI_DMAError
</UL>

<P><STRONG><a name="[8e]"></a>HAL_MDMA_PollForTransfer</STRONG> (Thumb, 520 bytes, Stack size 24 bytes, stm32h7xx_hal_mdma.o(.text), UNUSED)
<BR><BR>[Calls]<UL><LI><a href="#[3c]">&gt;&gt;</a>&nbsp;&nbsp;&nbsp;HAL_GetTick
</UL>

<P><STRONG><a name="[194]"></a>HAL_MDMA_GenerateSWRequest</STRONG> (Thumb, 54 bytes, Stack size 0 bytes, stm32h7xx_hal_mdma.o(.text), UNUSED)

<P><STRONG><a name="[195]"></a>HAL_MDMA_IRQHandler</STRONG> (Thumb, 490 bytes, Stack size 24 bytes, stm32h7xx_hal_mdma.o(.text), UNUSED)

<P><STRONG><a name="[196]"></a>HAL_MDMA_GetState</STRONG> (Thumb, 6 bytes, Stack size 0 bytes, stm32h7xx_hal_mdma.o(.text), UNUSED)

<P><STRONG><a name="[197]"></a>HAL_MDMA_GetError</STRONG> (Thumb, 4 bytes, Stack size 0 bytes, stm32h7xx_hal_mdma.o(.text), UNUSED)

<P><STRONG><a name="[198]"></a>HAL_PWR_DeInit</STRONG> (Thumb, 2 bytes, Stack size 0 bytes, stm32h7xx_hal_pwr.o(.text), UNUSED)

<P><STRONG><a name="[199]"></a>HAL_PWR_EnableBkUpAccess</STRONG> (Thumb, 18 bytes, Stack size 0 bytes, stm32h7xx_hal_pwr.o(.text), UNUSED)

<P><STRONG><a name="[19a]"></a>HAL_PWR_DisableBkUpAccess</STRONG> (Thumb, 18 bytes, Stack size 0 bytes, stm32h7xx_hal_pwr.o(.text), UNUSED)

<P><STRONG><a name="[19b]"></a>HAL_PWR_ConfigPVD</STRONG> (Thumb, 146 bytes, Stack size 0 bytes, stm32h7xx_hal_pwr.o(.text), UNUSED)

<P><STRONG><a name="[19c]"></a>HAL_PWR_EnablePVD</STRONG> (Thumb, 18 bytes, Stack size 0 bytes, stm32h7xx_hal_pwr.o(.text), UNUSED)

<P><STRONG><a name="[19d]"></a>HAL_PWR_DisablePVD</STRONG> (Thumb, 18 bytes, Stack size 0 bytes, stm32h7xx_hal_pwr.o(.text), UNUSED)

<P><STRONG><a name="[19e]"></a>HAL_PWR_EnableWakeUpPin</STRONG> (Thumb, 26 bytes, Stack size 0 bytes, stm32h7xx_hal_pwr.o(.text), UNUSED)

<P><STRONG><a name="[19f]"></a>HAL_PWR_DisableWakeUpPin</STRONG> (Thumb, 24 bytes, Stack size 0 bytes, stm32h7xx_hal_pwr.o(.text), UNUSED)

<P><STRONG><a name="[1a0]"></a>HAL_PWR_EnterSLEEPMode</STRONG> (Thumb, 28 bytes, Stack size 0 bytes, stm32h7xx_hal_pwr.o(.text), UNUSED)

<P><STRONG><a name="[1a1]"></a>HAL_PWR_EnterSTOPMode</STRONG> (Thumb, 92 bytes, Stack size 0 bytes, stm32h7xx_hal_pwr.o(.text), UNUSED)

<P><STRONG><a name="[1a2]"></a>HAL_PWR_EnterSTANDBYMode</STRONG> (Thumb, 52 bytes, Stack size 0 bytes, stm32h7xx_hal_pwr.o(.text), UNUSED)

<P><STRONG><a name="[1a3]"></a>HAL_PWR_EnableSleepOnExit</STRONG> (Thumb, 18 bytes, Stack size 0 bytes, stm32h7xx_hal_pwr.o(.text), UNUSED)

<P><STRONG><a name="[1a4]"></a>HAL_PWR_DisableSleepOnExit</STRONG> (Thumb, 18 bytes, Stack size 0 bytes, stm32h7xx_hal_pwr.o(.text), UNUSED)

<P><STRONG><a name="[1a5]"></a>HAL_PWR_EnableSEVOnPend</STRONG> (Thumb, 18 bytes, Stack size 0 bytes, stm32h7xx_hal_pwr.o(.text), UNUSED)

<P><STRONG><a name="[1a6]"></a>HAL_PWR_DisableSEVOnPend</STRONG> (Thumb, 18 bytes, Stack size 0 bytes, stm32h7xx_hal_pwr.o(.text), UNUSED)

<P><STRONG><a name="[8f]"></a>HAL_PWR_PVD_IRQHandler</STRONG> (Thumb, 26 bytes, Stack size 0 bytes, stm32h7xx_hal_pwr.o(.text), UNUSED)
<BR><BR>[Calls]<UL><LI><a href="#[90]">&gt;&gt;</a>&nbsp;&nbsp;&nbsp;HAL_PWR_PVDCallback
</UL>

<P><STRONG><a name="[90]"></a>HAL_PWR_PVDCallback</STRONG> (Thumb, 2 bytes, Stack size 0 bytes, stm32h7xx_hal_pwr.o(.text), UNUSED)
<BR><BR>[Called By]<UL><LI><a href="#[9d]">&gt;&gt;</a>&nbsp;&nbsp;&nbsp;HAL_PWREx_PVD_AVD_IRQHandler
<LI><a href="#[8f]">&gt;&gt;</a>&nbsp;&nbsp;&nbsp;HAL_PWR_PVD_IRQHandler
</UL>

<P><STRONG><a name="[15]"></a>HAL_PWREx_ConfigSupply</STRONG> (Thumb, 76 bytes, Stack size 16 bytes, stm32h7xx_hal_pwr_ex.o(.text), UNUSED)
<BR><BR>[Calls]<UL><LI><a href="#[3c]">&gt;&gt;</a>&nbsp;&nbsp;&nbsp;HAL_GetTick
</UL>
<BR>[Called By]<UL><LI><a href="#[4]">&gt;&gt;</a>&nbsp;&nbsp;&nbsp;SystemClock_Config
</UL>

<P><STRONG><a name="[1a7]"></a>HAL_PWREx_GetSupplyConfig</STRONG> (Thumb, 16 bytes, Stack size 0 bytes, stm32h7xx_hal_pwr_ex.o(.text), UNUSED)

<P><STRONG><a name="[91]"></a>HAL_PWREx_ControlVoltageScaling</STRONG> (Thumb, 206 bytes, Stack size 16 bytes, stm32h7xx_hal_pwr_ex.o(.text), UNUSED)
<BR><BR>[Calls]<UL><LI><a href="#[3c]">&gt;&gt;</a>&nbsp;&nbsp;&nbsp;HAL_GetTick
</UL>

<P><STRONG><a name="[1a8]"></a>HAL_PWREx_GetVoltageRange</STRONG> (Thumb, 16 bytes, Stack size 0 bytes, stm32h7xx_hal_pwr_ex.o(.text), UNUSED)

<P><STRONG><a name="[1a9]"></a>HAL_PWREx_ControlStopModeVoltageScaling</STRONG> (Thumb, 24 bytes, Stack size 0 bytes, stm32h7xx_hal_pwr_ex.o(.text), UNUSED)

<P><STRONG><a name="[1aa]"></a>HAL_PWREx_GetStopModeVoltageRange</STRONG> (Thumb, 16 bytes, Stack size 0 bytes, stm32h7xx_hal_pwr_ex.o(.text), UNUSED)

<P><STRONG><a name="[1ab]"></a>HAL_PWREx_EnterSTOPMode</STRONG> (Thumb, 128 bytes, Stack size 0 bytes, stm32h7xx_hal_pwr_ex.o(.text), UNUSED)

<P><STRONG><a name="[1ac]"></a>HAL_PWREx_ClearPendingEvent</STRONG> (Thumb, 4 bytes, Stack size 0 bytes, stm32h7xx_hal_pwr_ex.o(.text), UNUSED)

<P><STRONG><a name="[1ad]"></a>HAL_PWREx_EnterSTANDBYMode</STRONG> (Thumb, 82 bytes, Stack size 0 bytes, stm32h7xx_hal_pwr_ex.o(.text), UNUSED)

<P><STRONG><a name="[1ae]"></a>HAL_PWREx_ConfigD3Domain</STRONG> (Thumb, 20 bytes, Stack size 0 bytes, stm32h7xx_hal_pwr_ex.o(.text), UNUSED)

<P><STRONG><a name="[1af]"></a>HAL_PWREx_EnableFlashPowerDown</STRONG> (Thumb, 18 bytes, Stack size 0 bytes, stm32h7xx_hal_pwr_ex.o(.text), UNUSED)

<P><STRONG><a name="[1b0]"></a>HAL_PWREx_DisableFlashPowerDown</STRONG> (Thumb, 18 bytes, Stack size 0 bytes, stm32h7xx_hal_pwr_ex.o(.text), UNUSED)

<P><STRONG><a name="[1b1]"></a>HAL_PWREx_EnableWakeUpPin</STRONG> (Thumb, 114 bytes, Stack size 8 bytes, stm32h7xx_hal_pwr_ex.o(.text), UNUSED)

<P><STRONG><a name="[1b2]"></a>HAL_PWREx_DisableWakeUpPin</STRONG> (Thumb, 18 bytes, Stack size 0 bytes, stm32h7xx_hal_pwr_ex.o(.text), UNUSED)

<P><STRONG><a name="[1b3]"></a>HAL_PWREx_GetWakeupFlag</STRONG> (Thumb, 14 bytes, Stack size 0 bytes, stm32h7xx_hal_pwr_ex.o(.text), UNUSED)

<P><STRONG><a name="[1b4]"></a>HAL_PWREx_ClearWakeupFlag</STRONG> (Thumb, 24 bytes, Stack size 0 bytes, stm32h7xx_hal_pwr_ex.o(.text), UNUSED)

<P><STRONG><a name="[92]"></a>HAL_PWREx_WAKEUP_PIN_IRQHandler</STRONG> (Thumb, 110 bytes, Stack size 0 bytes, stm32h7xx_hal_pwr_ex.o(.text), UNUSED)
<BR><BR>[Calls]<UL><LI><a href="#[98]">&gt;&gt;</a>&nbsp;&nbsp;&nbsp;HAL_PWREx_WKUP5_Callback
<LI><a href="#[97]">&gt;&gt;</a>&nbsp;&nbsp;&nbsp;HAL_PWREx_WKUP4_Callback
<LI><a href="#[96]">&gt;&gt;</a>&nbsp;&nbsp;&nbsp;HAL_PWREx_WKUP3_Callback
<LI><a href="#[95]">&gt;&gt;</a>&nbsp;&nbsp;&nbsp;HAL_PWREx_WKUP2_Callback
<LI><a href="#[94]">&gt;&gt;</a>&nbsp;&nbsp;&nbsp;HAL_PWREx_WKUP1_Callback
<LI><a href="#[93]">&gt;&gt;</a>&nbsp;&nbsp;&nbsp;HAL_PWREx_WKUP6_Callback
</UL>

<P><STRONG><a name="[94]"></a>HAL_PWREx_WKUP1_Callback</STRONG> (Thumb, 2 bytes, Stack size 0 bytes, stm32h7xx_hal_pwr_ex.o(.text), UNUSED)
<BR><BR>[Called By]<UL><LI><a href="#[92]">&gt;&gt;</a>&nbsp;&nbsp;&nbsp;HAL_PWREx_WAKEUP_PIN_IRQHandler
</UL>

<P><STRONG><a name="[95]"></a>HAL_PWREx_WKUP2_Callback</STRONG> (Thumb, 2 bytes, Stack size 0 bytes, stm32h7xx_hal_pwr_ex.o(.text), UNUSED)
<BR><BR>[Called By]<UL><LI><a href="#[92]">&gt;&gt;</a>&nbsp;&nbsp;&nbsp;HAL_PWREx_WAKEUP_PIN_IRQHandler
</UL>

<P><STRONG><a name="[96]"></a>HAL_PWREx_WKUP3_Callback</STRONG> (Thumb, 2 bytes, Stack size 0 bytes, stm32h7xx_hal_pwr_ex.o(.text), UNUSED)
<BR><BR>[Called By]<UL><LI><a href="#[92]">&gt;&gt;</a>&nbsp;&nbsp;&nbsp;HAL_PWREx_WAKEUP_PIN_IRQHandler
</UL>

<P><STRONG><a name="[97]"></a>HAL_PWREx_WKUP4_Callback</STRONG> (Thumb, 2 bytes, Stack size 0 bytes, stm32h7xx_hal_pwr_ex.o(.text), UNUSED)
<BR><BR>[Called By]<UL><LI><a href="#[92]">&gt;&gt;</a>&nbsp;&nbsp;&nbsp;HAL_PWREx_WAKEUP_PIN_IRQHandler
</UL>

<P><STRONG><a name="[98]"></a>HAL_PWREx_WKUP5_Callback</STRONG> (Thumb, 2 bytes, Stack size 0 bytes, stm32h7xx_hal_pwr_ex.o(.text), UNUSED)
<BR><BR>[Called By]<UL><LI><a href="#[92]">&gt;&gt;</a>&nbsp;&nbsp;&nbsp;HAL_PWREx_WAKEUP_PIN_IRQHandler
</UL>

<P><STRONG><a name="[93]"></a>HAL_PWREx_WKUP6_Callback</STRONG> (Thumb, 2 bytes, Stack size 0 bytes, stm32h7xx_hal_pwr_ex.o(.text), UNUSED)
<BR><BR>[Called By]<UL><LI><a href="#[92]">&gt;&gt;</a>&nbsp;&nbsp;&nbsp;HAL_PWREx_WAKEUP_PIN_IRQHandler
</UL>

<P><STRONG><a name="[99]"></a>HAL_PWREx_EnableBkUpReg</STRONG> (Thumb, 52 bytes, Stack size 16 bytes, stm32h7xx_hal_pwr_ex.o(.text), UNUSED)
<BR><BR>[Calls]<UL><LI><a href="#[3c]">&gt;&gt;</a>&nbsp;&nbsp;&nbsp;HAL_GetTick
</UL>

<P><STRONG><a name="[9a]"></a>HAL_PWREx_DisableBkUpReg</STRONG> (Thumb, 52 bytes, Stack size 16 bytes, stm32h7xx_hal_pwr_ex.o(.text), UNUSED)
<BR><BR>[Calls]<UL><LI><a href="#[3c]">&gt;&gt;</a>&nbsp;&nbsp;&nbsp;HAL_GetTick
</UL>

<P><STRONG><a name="[9b]"></a>HAL_PWREx_EnableUSBReg</STRONG> (Thumb, 52 bytes, Stack size 16 bytes, stm32h7xx_hal_pwr_ex.o(.text), UNUSED)
<BR><BR>[Calls]<UL><LI><a href="#[3c]">&gt;&gt;</a>&nbsp;&nbsp;&nbsp;HAL_GetTick
</UL>

<P><STRONG><a name="[9c]"></a>HAL_PWREx_DisableUSBReg</STRONG> (Thumb, 52 bytes, Stack size 16 bytes, stm32h7xx_hal_pwr_ex.o(.text), UNUSED)
<BR><BR>[Calls]<UL><LI><a href="#[3c]">&gt;&gt;</a>&nbsp;&nbsp;&nbsp;HAL_GetTick
</UL>

<P><STRONG><a name="[1b5]"></a>HAL_PWREx_EnableUSBVoltageDetector</STRONG> (Thumb, 18 bytes, Stack size 0 bytes, stm32h7xx_hal_pwr_ex.o(.text), UNUSED)

<P><STRONG><a name="[1b6]"></a>HAL_PWREx_DisableUSBVoltageDetector</STRONG> (Thumb, 18 bytes, Stack size 0 bytes, stm32h7xx_hal_pwr_ex.o(.text), UNUSED)

<P><STRONG><a name="[1b7]"></a>HAL_PWREx_EnableBatteryCharging</STRONG> (Thumb, 28 bytes, Stack size 0 bytes, stm32h7xx_hal_pwr_ex.o(.text), UNUSED)

<P><STRONG><a name="[1b8]"></a>HAL_PWREx_DisableBatteryCharging</STRONG> (Thumb, 18 bytes, Stack size 0 bytes, stm32h7xx_hal_pwr_ex.o(.text), UNUSED)

<P><STRONG><a name="[1b9]"></a>HAL_PWREx_EnableMonitoring</STRONG> (Thumb, 18 bytes, Stack size 0 bytes, stm32h7xx_hal_pwr_ex.o(.text), UNUSED)

<P><STRONG><a name="[1ba]"></a>HAL_PWREx_DisableMonitoring</STRONG> (Thumb, 18 bytes, Stack size 0 bytes, stm32h7xx_hal_pwr_ex.o(.text), UNUSED)

<P><STRONG><a name="[1bb]"></a>HAL_PWREx_GetTemperatureLevel</STRONG> (Thumb, 36 bytes, Stack size 0 bytes, stm32h7xx_hal_pwr_ex.o(.text), UNUSED)

<P><STRONG><a name="[1bc]"></a>HAL_PWREx_GetVBATLevel</STRONG> (Thumb, 36 bytes, Stack size 0 bytes, stm32h7xx_hal_pwr_ex.o(.text), UNUSED)

<P><STRONG><a name="[1bd]"></a>HAL_PWREx_ConfigAVD</STRONG> (Thumb, 142 bytes, Stack size 0 bytes, stm32h7xx_hal_pwr_ex.o(.text), UNUSED)

<P><STRONG><a name="[1be]"></a>HAL_PWREx_EnableAVD</STRONG> (Thumb, 18 bytes, Stack size 0 bytes, stm32h7xx_hal_pwr_ex.o(.text), UNUSED)

<P><STRONG><a name="[1bf]"></a>HAL_PWREx_DisableAVD</STRONG> (Thumb, 18 bytes, Stack size 0 bytes, stm32h7xx_hal_pwr_ex.o(.text), UNUSED)

<P><STRONG><a name="[9d]"></a>HAL_PWREx_PVD_AVD_IRQHandler</STRONG> (Thumb, 78 bytes, Stack size 16 bytes, stm32h7xx_hal_pwr_ex.o(.text), UNUSED)
<BR><BR>[Calls]<UL><LI><a href="#[9e]">&gt;&gt;</a>&nbsp;&nbsp;&nbsp;HAL_PWREx_AVDCallback
<LI><a href="#[90]">&gt;&gt;</a>&nbsp;&nbsp;&nbsp;HAL_PWR_PVDCallback
</UL>

<P><STRONG><a name="[9e]"></a>HAL_PWREx_AVDCallback</STRONG> (Thumb, 2 bytes, Stack size 0 bytes, stm32h7xx_hal_pwr_ex.o(.text), UNUSED)
<BR><BR>[Called By]<UL><LI><a href="#[9d]">&gt;&gt;</a>&nbsp;&nbsp;&nbsp;HAL_PWREx_PVD_AVD_IRQHandler
</UL>

<P><STRONG><a name="[3]"></a>HAL_Init</STRONG> (Thumb, 106 bytes, Stack size 8 bytes, stm32h7xx_hal.o(.text), UNUSED)
<BR><BR>[Calls]<UL><LI><a href="#[56]">&gt;&gt;</a>&nbsp;&nbsp;&nbsp;HAL_RCC_GetSysClockFreq
<LI><a href="#[a1]">&gt;&gt;</a>&nbsp;&nbsp;&nbsp;HAL_SYSTICK_Config
<LI><a href="#[a2]">&gt;&gt;</a>&nbsp;&nbsp;&nbsp;HAL_NVIC_SetPriority
<LI><a href="#[9f]">&gt;&gt;</a>&nbsp;&nbsp;&nbsp;HAL_NVIC_SetPriorityGrouping
<LI><a href="#[a0]">&gt;&gt;</a>&nbsp;&nbsp;&nbsp;HAL_MspInit
<LI><a href="#[54]">&gt;&gt;</a>&nbsp;&nbsp;&nbsp;HAL_InitTick
</UL>
<BR>[Called By]<UL><LI><a href="#[0]">&gt;&gt;</a>&nbsp;&nbsp;&nbsp;Init
</UL>

<P><STRONG><a name="[2]"></a>HAL_DeInit</STRONG> (Thumb, 114 bytes, Stack size 8 bytes, stm32h7xx_hal.o(.text), UNUSED)
<BR><BR>[Calls]<UL><LI><a href="#[a3]">&gt;&gt;</a>&nbsp;&nbsp;&nbsp;HAL_MspDeInit
</UL>
<BR>[Called By]<UL><LI><a href="#[0]">&gt;&gt;</a>&nbsp;&nbsp;&nbsp;Init
</UL>

<P><STRONG><a name="[a3]"></a>HAL_MspDeInit</STRONG> (Thumb, 2 bytes, Stack size 0 bytes, stm32h7xx_hal.o(.text), UNUSED)
<BR><BR>[Called By]<UL><LI><a href="#[2]">&gt;&gt;</a>&nbsp;&nbsp;&nbsp;HAL_DeInit
</UL>

<P><STRONG><a name="[2c]"></a>HAL_IncTick</STRONG> (Thumb, 32 bytes, Stack size 0 bytes, stm32h7xx_hal.o(.text), UNUSED)
<BR><BR>[Called By]<UL><LI><a href="#[2b]">&gt;&gt;</a>&nbsp;&nbsp;&nbsp;SysTick_Handler
</UL>

<P><STRONG><a name="[1c0]"></a>HAL_GetTickPrio</STRONG> (Thumb, 14 bytes, Stack size 0 bytes, stm32h7xx_hal.o(.text), UNUSED)

<P><STRONG><a name="[a4]"></a>HAL_SetTickFreq</STRONG> (Thumb, 44 bytes, Stack size 16 bytes, stm32h7xx_hal.o(.text), UNUSED)
<BR><BR>[Calls]<UL><LI><a href="#[54]">&gt;&gt;</a>&nbsp;&nbsp;&nbsp;HAL_InitTick
</UL>

<P><STRONG><a name="[a5]"></a>HAL_GetTickFreq</STRONG> (Thumb, 14 bytes, Stack size 0 bytes, stm32h7xx_hal.o(.text), UNUSED)
<BR><BR>[Calls]<UL><LI><a href="#[3c]">&gt;&gt;</a>&nbsp;&nbsp;&nbsp;HAL_GetTick
</UL>

<P><STRONG><a name="[1c1]"></a>HAL_SuspendTick</STRONG> (Thumb, 18 bytes, Stack size 0 bytes, stm32h7xx_hal.o(.text), UNUSED)

<P><STRONG><a name="[1c2]"></a>HAL_ResumeTick</STRONG> (Thumb, 18 bytes, Stack size 0 bytes, stm32h7xx_hal.o(.text), UNUSED)

<P><STRONG><a name="[1c3]"></a>HAL_GetHalVersion</STRONG> (Thumb, 10 bytes, Stack size 0 bytes, stm32h7xx_hal.o(.text), UNUSED)

<P><STRONG><a name="[55]"></a>HAL_GetREVID</STRONG> (Thumb, 14 bytes, Stack size 0 bytes, stm32h7xx_hal.o(.text), UNUSED)
<BR><BR>[Called By]<UL><LI><a href="#[67]">&gt;&gt;</a>&nbsp;&nbsp;&nbsp;HAL_RCCEx_CRSConfig
<LI><a href="#[5b]">&gt;&gt;</a>&nbsp;&nbsp;&nbsp;HAL_RCC_GetOscConfig
<LI><a href="#[16]">&gt;&gt;</a>&nbsp;&nbsp;&nbsp;HAL_RCC_OscConfig
</UL>

<P><STRONG><a name="[1c4]"></a>HAL_GetDEVID</STRONG> (Thumb, 16 bytes, Stack size 0 bytes, stm32h7xx_hal.o(.text), UNUSED)

<P><STRONG><a name="[1c5]"></a>HAL_GetUIDw0</STRONG> (Thumb, 12 bytes, Stack size 0 bytes, stm32h7xx_hal.o(.text), UNUSED)

<P><STRONG><a name="[1c6]"></a>HAL_GetUIDw1</STRONG> (Thumb, 12 bytes, Stack size 0 bytes, stm32h7xx_hal.o(.text), UNUSED)

<P><STRONG><a name="[1c7]"></a>HAL_GetUIDw2</STRONG> (Thumb, 12 bytes, Stack size 0 bytes, stm32h7xx_hal.o(.text), UNUSED)

<P><STRONG><a name="[1c8]"></a>HAL_SYSCFG_VREFBUF_VoltageScalingConfig</STRONG> (Thumb, 20 bytes, Stack size 0 bytes, stm32h7xx_hal.o(.text), UNUSED)

<P><STRONG><a name="[1c9]"></a>HAL_SYSCFG_VREFBUF_HighImpedanceConfig</STRONG> (Thumb, 20 bytes, Stack size 0 bytes, stm32h7xx_hal.o(.text), UNUSED)

<P><STRONG><a name="[1ca]"></a>HAL_SYSCFG_VREFBUF_TrimmingConfig</STRONG> (Thumb, 20 bytes, Stack size 0 bytes, stm32h7xx_hal.o(.text), UNUSED)

<P><STRONG><a name="[a6]"></a>HAL_SYSCFG_EnableVREFBUF</STRONG> (Thumb, 48 bytes, Stack size 16 bytes, stm32h7xx_hal.o(.text), UNUSED)
<BR><BR>[Calls]<UL><LI><a href="#[3c]">&gt;&gt;</a>&nbsp;&nbsp;&nbsp;HAL_GetTick
</UL>

<P><STRONG><a name="[1cb]"></a>HAL_SYSCFG_DisableVREFBUF</STRONG> (Thumb, 18 bytes, Stack size 0 bytes, stm32h7xx_hal.o(.text), UNUSED)

<P><STRONG><a name="[1cc]"></a>HAL_SYSCFG_ETHInterfaceSelect</STRONG> (Thumb, 20 bytes, Stack size 0 bytes, stm32h7xx_hal.o(.text), UNUSED)

<P><STRONG><a name="[1cd]"></a>HAL_SYSCFG_AnalogSwitchConfig</STRONG> (Thumb, 20 bytes, Stack size 0 bytes, stm32h7xx_hal.o(.text), UNUSED)

<P><STRONG><a name="[1ce]"></a>HAL_SYSCFG_EnableBOOST</STRONG> (Thumb, 18 bytes, Stack size 0 bytes, stm32h7xx_hal.o(.text), UNUSED)

<P><STRONG><a name="[1cf]"></a>HAL_SYSCFG_DisableBOOST</STRONG> (Thumb, 18 bytes, Stack size 0 bytes, stm32h7xx_hal.o(.text), UNUSED)

<P><STRONG><a name="[1d0]"></a>HAL_SYSCFG_CM7BootAddConfig</STRONG> (Thumb, 34 bytes, Stack size 0 bytes, stm32h7xx_hal.o(.text), UNUSED)

<P><STRONG><a name="[1d1]"></a>HAL_EnableCompensationCell</STRONG> (Thumb, 18 bytes, Stack size 0 bytes, stm32h7xx_hal.o(.text), UNUSED)

<P><STRONG><a name="[1d2]"></a>HAL_DisableCompensationCell</STRONG> (Thumb, 18 bytes, Stack size 0 bytes, stm32h7xx_hal.o(.text), UNUSED)

<P><STRONG><a name="[1d3]"></a>HAL_SYSCFG_EnableIOSpeedOptimize</STRONG> (Thumb, 18 bytes, Stack size 0 bytes, stm32h7xx_hal.o(.text), UNUSED)

<P><STRONG><a name="[1d4]"></a>HAL_SYSCFG_DisableIOSpeedOptimize</STRONG> (Thumb, 18 bytes, Stack size 0 bytes, stm32h7xx_hal.o(.text), UNUSED)

<P><STRONG><a name="[1d5]"></a>HAL_SYSCFG_CompensationCodeSelect</STRONG> (Thumb, 20 bytes, Stack size 0 bytes, stm32h7xx_hal.o(.text), UNUSED)

<P><STRONG><a name="[1d6]"></a>HAL_SYSCFG_CompensationCodeConfig</STRONG> (Thumb, 24 bytes, Stack size 0 bytes, stm32h7xx_hal.o(.text), UNUSED)

<P><STRONG><a name="[1d7]"></a>HAL_DBGMCU_EnableDBGSleepMode</STRONG> (Thumb, 18 bytes, Stack size 0 bytes, stm32h7xx_hal.o(.text), UNUSED)

<P><STRONG><a name="[1d8]"></a>HAL_DBGMCU_DisableDBGSleepMode</STRONG> (Thumb, 18 bytes, Stack size 0 bytes, stm32h7xx_hal.o(.text), UNUSED)

<P><STRONG><a name="[1d9]"></a>HAL_DBGMCU_EnableDBGStopMode</STRONG> (Thumb, 18 bytes, Stack size 0 bytes, stm32h7xx_hal.o(.text), UNUSED)

<P><STRONG><a name="[1da]"></a>HAL_DBGMCU_DisableDBGStopMode</STRONG> (Thumb, 18 bytes, Stack size 0 bytes, stm32h7xx_hal.o(.text), UNUSED)

<P><STRONG><a name="[1db]"></a>HAL_DBGMCU_EnableDBGStandbyMode</STRONG> (Thumb, 18 bytes, Stack size 0 bytes, stm32h7xx_hal.o(.text), UNUSED)

<P><STRONG><a name="[1dc]"></a>HAL_DBGMCU_DisableDBGStandbyMode</STRONG> (Thumb, 18 bytes, Stack size 0 bytes, stm32h7xx_hal.o(.text), UNUSED)

<P><STRONG><a name="[1dd]"></a>HAL_SetFMCMemorySwappingConfig</STRONG> (Thumb, 20 bytes, Stack size 0 bytes, stm32h7xx_hal.o(.text), UNUSED)

<P><STRONG><a name="[1de]"></a>HAL_GetFMCMemorySwappingConfig</STRONG> (Thumb, 16 bytes, Stack size 0 bytes, stm32h7xx_hal.o(.text), UNUSED)

<P><STRONG><a name="[1df]"></a>HAL_EXTI_EdgeConfig</STRONG> (Thumb, 82 bytes, Stack size 8 bytes, stm32h7xx_hal.o(.text), UNUSED)

<P><STRONG><a name="[1e0]"></a>HAL_EXTI_GenerateSWInterrupt</STRONG> (Thumb, 28 bytes, Stack size 0 bytes, stm32h7xx_hal.o(.text), UNUSED)

<P><STRONG><a name="[1e1]"></a>HAL_EXTI_D1_ClearFlag</STRONG> (Thumb, 26 bytes, Stack size 0 bytes, stm32h7xx_hal.o(.text), UNUSED)

<P><STRONG><a name="[1e2]"></a>HAL_EXTI_D1_EventInputConfig</STRONG> (Thumb, 148 bytes, Stack size 8 bytes, stm32h7xx_hal.o(.text), UNUSED)

<P><STRONG><a name="[1e3]"></a>HAL_EXTI_D3_EventInputConfig</STRONG> (Thumb, 100 bytes, Stack size 8 bytes, stm32h7xx_hal.o(.text), UNUSED)

<P><STRONG><a name="[a7]"></a>HAL_I2C_Init</STRONG> (Thumb, 162 bytes, Stack size 8 bytes, stm32h7xx_hal_i2c.o(.text), UNUSED)
<BR><BR>[Calls]<UL><LI><a href="#[a8]">&gt;&gt;</a>&nbsp;&nbsp;&nbsp;HAL_I2C_MspInit
</UL>

<P><STRONG><a name="[a8]"></a>HAL_I2C_MspInit</STRONG> (Thumb, 2 bytes, Stack size 0 bytes, stm32h7xx_hal_i2c.o(.text), UNUSED)
<BR><BR>[Called By]<UL><LI><a href="#[a7]">&gt;&gt;</a>&nbsp;&nbsp;&nbsp;HAL_I2C_Init
</UL>

<P><STRONG><a name="[a9]"></a>HAL_I2C_DeInit</STRONG> (Thumb, 52 bytes, Stack size 8 bytes, stm32h7xx_hal_i2c.o(.text), UNUSED)
<BR><BR>[Calls]<UL><LI><a href="#[aa]">&gt;&gt;</a>&nbsp;&nbsp;&nbsp;HAL_I2C_MspDeInit
</UL>

<P><STRONG><a name="[aa]"></a>HAL_I2C_MspDeInit</STRONG> (Thumb, 2 bytes, Stack size 0 bytes, stm32h7xx_hal_i2c.o(.text), UNUSED)
<BR><BR>[Called By]<UL><LI><a href="#[a9]">&gt;&gt;</a>&nbsp;&nbsp;&nbsp;HAL_I2C_DeInit
</UL>

<P><STRONG><a name="[ab]"></a>HAL_I2C_Master_Transmit</STRONG> (Thumb, 410 bytes, Stack size 40 bytes, stm32h7xx_hal_i2c.o(.text), UNUSED)
[...]
<BR><BR>[Called By]<UL><LI><a href="#[13a]">&gt;&gt;</a>&nbsp;&nbsp;&nbsp;_init_alloc
<LI><a href="#[12d]">&gt;&gt;</a>&nbsp;&nbsp;&nbsp;__Heap_Full
</UL>

<P><STRONG><a name="[141]"></a>_ttywrch</STRONG> (Thumb, 14 bytes, Stack size 8 bytes, sys_wrch.o(.text), UNUSED)
<BR><BR>[Called By]<UL><LI><a href="#[13f]">&gt;&gt;</a>&nbsp;&nbsp;&nbsp;__default_signal_display
</UL>

<P><STRONG><a name="[140]"></a>__aeabi_errno_addr</STRONG> (Thumb, 12 bytes, Stack size 0 bytes, rt_errno_addr.o(.text), UNUSED)
<BR><BR>[Called By]<UL><LI><a href="#[13d]">&gt;&gt;</a>&nbsp;&nbsp;&nbsp;_ftell_internal
</UL>

<P><STRONG><a name="[225]"></a>__errno</STRONG> (Thumb, 0 bytes, Stack size 0 bytes, rt_errno_addr.o(.text), UNUSED)

<P><STRONG><a name="[226]"></a>__rt_errno_addr</STRONG> (Thumb, 0 bytes, Stack size 0 bytes, rt_errno_addr.o(.text), UNUSED)

<P><STRONG><a name="[142]"></a>__rt_SIGRTMEM_inner</STRONG> (Thumb, 22 bytes, Stack size 8 bytes, defsig_rtmem_inner.o(.text), UNUSED)
<BR><BR>[Calls]<UL><LI><a href="#[13f]">&gt;&gt;</a>&nbsp;&nbsp;&nbsp;__default_signal_display
</UL>
<BR>[Called By]<UL><LI><a href="#[139]">&gt;&gt;</a>&nbsp;&nbsp;&nbsp;__rt_SIGRTMEM
</UL>

<P><STRONG><a name="[11b]"></a>fputc</STRONG> (Thumb, 28 bytes, Stack size 0 bytes, fputc.o(i.fputc), UNUSED)
<BR><BR>[Calls]<UL><LI><a href="#[143]">&gt;&gt;</a>&nbsp;&nbsp;&nbsp;__flsbuf_byte
</UL>
<BR>[Called By]<UL><LI><a href="#[e]">&gt;&gt;</a>&nbsp;&nbsp;&nbsp;puts
</UL>
<P>
<H3>
Local Symbols
</H3>
<P><STRONG><a name="[39]"></a>__NVIC_SystemReset</STRONG> (Thumb, 42 bytes, Stack size 0 bytes, stm32h7xx_hal_cortex.o(.text), UNUSED)
<BR><BR>[Called By]<UL><LI><a href="#[38]">&gt;&gt;</a>&nbsp;&nbsp;&nbsp;HAL_NVIC_SystemReset
</UL>

<P><STRONG><a name="[47]"></a>QSPI_DMAAbortCplt</STRONG> (Thumb, 50 bytes, Stack size 0 bytes, stm32h7xx_hal_qspi.o(.text), UNUSED)
<BR><BR>[Calls]<UL><LI><a href="#[43]">&gt;&gt;</a>&nbsp;&nbsp;&nbsp;HAL_QSPI_ErrorCallback
</UL>

<P><STRONG><a name="[48]"></a>QSPI_Config</STRONG> (Thumb, 546 bytes, Stack size 40 bytes, stm32h7xx_hal_qspi.o(.text), UNUSED)
<BR><BR>[Called By]<UL><LI><a href="#[4f]">&gt;&gt;</a>&nbsp;&nbsp;&nbsp;HAL_QSPI_AutoPolling_IT
<LI><a href="#[4e]">&gt;&gt;</a>&nbsp;&nbsp;&nbsp;HAL_QSPI_AutoPolling
<LI><a href="#[49]">&gt;&gt;</a>&nbsp;&nbsp;&nbsp;HAL_QSPI_Command_IT
<LI><a href="#[37]">&gt;&gt;</a>&nbsp;&nbsp;&nbsp;HAL_QSPI_MemoryMapped
<LI><a href="#[2e]">&gt;&gt;</a>&nbsp;&nbsp;&nbsp;HAL_QSPI_Command
</UL>

<P><STRONG><a name="[4c]"></a>QSPI_DMAError</STRONG> (Thumb, 146 bytes, Stack size 8 bytes, stm32h7xx_hal_qspi.o(.text), UNUSED)
<BR><BR>[Calls]<UL><LI><a href="#[46]">&gt;&gt;</a>&nbsp;&nbsp;&nbsp;HAL_MDMA_Abort_IT
<LI><a href="#[44]">&gt;&gt;</a>&nbsp;&nbsp;&nbsp;HAL_QSPI_AbortCpltCallback
</UL>

<P><STRONG><a name="[5e]"></a>RCCEx_PLL2_Config</STRONG> (Thumb, 290 bytes, Stack size 24 bytes, stm32h7xx_hal_rcc_ex.o(.text), UNUSED)
<BR><BR>[Calls]<UL><LI><a href="#[3c]">&gt;&gt;</a>&nbsp;&nbsp;&nbsp;HAL_GetTick
</UL>
<BR>[Called By]<UL><LI><a href="#[1c]">&gt;&gt;</a>&nbsp;&nbsp;&nbsp;HAL_RCCEx_PeriphCLKConfig
</UL>

<P><STRONG><a name="[5f]"></a>RCCEx_PLL3_Config</STRONG> (Thumb, 290 bytes, Stack size 24 bytes, stm32h7xx_hal_rcc_ex.o(.text), UNUSED)
<BR><BR>[Calls]<UL><LI><a href="#[3c]">&gt;&gt;</a>&nbsp;&nbsp;&nbsp;HAL_GetTick
</UL>
<BR>[Called By]<UL><LI><a href="#[1c]">&gt;&gt;</a>&nbsp;&nbsp;&nbsp;HAL_RCCEx_PeriphCLKConfig
</UL>

<P><STRONG><a name="[83]"></a>DMA_CalcBaseAndBitshift</STRONG> (Thumb, 288 bytes, Stack size 0 bytes, stm32h7xx_hal_dma.o(.text), UNUSED)
<BR><BR>[Called By]<UL><LI><a href="#[84]">&gt;&gt;</a>&nbsp;&nbsp;&nbsp;HAL_DMA_DeInit
<LI><a href="#[82]">&gt;&gt;</a>&nbsp;&nbsp;&nbsp;HAL_DMA_Init
</UL>

<P><STRONG><a name="[86]"></a>DMA_SetConfig</STRONG> (Thumb, 786 bytes, Stack size 16 bytes, stm32h7xx_hal_dma.o(.text), UNUSED)
<BR><BR>[Called By]<UL><LI><a href="#[87]">&gt;&gt;</a>&nbsp;&nbsp;&nbsp;HAL_DMA_Start_IT
<LI><a href="#[85]">&gt;&gt;</a>&nbsp;&nbsp;&nbsp;HAL_DMA_Start
</UL>

<P><STRONG><a name="[8b]"></a>DMA_MultiBufferSetConfig</STRONG> (Thumb, 292 bytes, Stack size 8 bytes, stm32h7xx_hal_dma_ex.o(.text), UNUSED)
<BR><BR>[Called By]<UL><LI><a href="#[8c]">&gt;&gt;</a>&nbsp;&nbsp;&nbsp;HAL_DMAEx_MultiBufferStart_IT
<LI><a href="#[8a]">&gt;&gt;</a>&nbsp;&nbsp;&nbsp;HAL_DMAEx_MultiBufferStart
</UL>

<P><STRONG><a name="[ac]"></a>I2C_WaitOnTXISFlagUntilTimeout</STRONG> (Thumb, 148 bytes, Stack size 16 bytes, stm32h7xx_hal_i2c.o(.text), UNUSED)
<BR><BR>[Calls]<UL><LI><a href="#[af]">&gt;&gt;</a>&nbsp;&nbsp;&nbsp;I2C_IsErrorOccurred
<LI><a href="#[3c]">&gt;&gt;</a>&nbsp;&nbsp;&nbsp;HAL_GetTick
</UL>
<BR>[Called By]<UL><LI><a href="#[ce]">&gt;&gt;</a>&nbsp;&nbsp;&nbsp;HAL_I2C_Mem_Read
<LI><a href="#[cd]">&gt;&gt;</a>&nbsp;&nbsp;&nbsp;HAL_I2C_Mem_Write
<LI><a href="#[b2]">&gt;&gt;</a>&nbsp;&nbsp;&nbsp;HAL_I2C_Slave_Transmit
<LI><a href="#[ab]">&gt;&gt;</a>&nbsp;&nbsp;&nbsp;HAL_I2C_Master_Transmit
</UL>

<P><STRONG><a name="[ad]"></a>I2C_WaitOnFlagUntilTimeout</STRONG> (Thumb, 236 bytes, Stack size 24 bytes, stm32h7xx_hal_i2c.o(.text), UNUSED)
<BR><BR>[Calls]<UL><LI><a href="#[3c]">&gt;&gt;</a>&nbsp;&nbsp;&nbsp;HAL_GetTick
</UL>
<BR>[Called By]<UL><LI><a href="#[d3]">&gt;&gt;</a>&nbsp;&nbsp;&nbsp;HAL_I2C_IsDeviceReady
<LI><a href="#[ce]">&gt;&gt;</a>&nbsp;&nbsp;&nbsp;HAL_I2C_Mem_Read
<LI><a href="#[cd]">&gt;&gt;</a>&nbsp;&nbsp;&nbsp;HAL_I2C_Mem_Write
<LI><a href="#[b3]">&gt;&gt;</a>&nbsp;&nbsp;&nbsp;HAL_I2C_Slave_Receive
<LI><a href="#[b2]">&gt;&gt;</a>&nbsp;&nbsp;&nbsp;HAL_I2C_Slave_Transmit
<LI><a href="#[b0]">&gt;&gt;</a>&nbsp;&nbsp;&nbsp;HAL_I2C_Master_Receive
<LI><a href="#[ab]">&gt;&gt;</a>&nbsp;&nbsp;&nbsp;HAL_I2C_Master_Transmit
</UL>

<P><STRONG><a name="[ae]"></a>I2C_WaitOnSTOPFlagUntilTimeout</STRONG> (Thumb, 124 bytes, Stack size 16 bytes, stm32h7xx_hal_i2c.o(.text), UNUSED)
<BR><BR>[Calls]<UL><LI><a href="#[af]">&gt;&gt;</a>&nbsp;&nbsp;&nbsp;I2C_IsErrorOccurred
<LI><a href="#[3c]">&gt;&gt;</a>&nbsp;&nbsp;&nbsp;HAL_GetTick
</UL>
<BR>[Called By]<UL><LI><a href="#[ce]">&gt;&gt;</a>&nbsp;&nbsp;&nbsp;HAL_I2C_Mem_Read
<LI><a href="#[cd]">&gt;&gt;</a>&nbsp;&nbsp;&nbsp;HAL_I2C_Mem_Write
<LI><a href="#[b3]">&gt;&gt;</a>&nbsp;&nbsp;&nbsp;HAL_I2C_Slave_Receive
<LI><a href="#[b2]">&gt;&gt;</a>&nbsp;&nbsp;&nbsp;HAL_I2C_Slave_Transmit
<LI><a href="#[b0]">&gt;&gt;</a>&nbsp;&nbsp;&nbsp;HAL_I2C_Master_Receive
<LI><a href="#[ab]">&gt;&gt;</a>&nbsp;&nbsp;&nbsp;HAL_I2C_Master_Transmit
</UL>

<P><STRONG><a name="[af]"></a>I2C_IsErrorOccurred</STRONG> (Thumb, 352 bytes, Stack size 16 bytes, stm32h7xx_hal_i2c.o(.text), UNUSED)
<BR><BR>[Calls]<UL><LI><a href="#[3c]">&gt;&gt;</a>&nbsp;&nbsp;&nbsp;HAL_GetTick
</UL>
<BR>[Called By]<UL><LI><a href="#[b1]">&gt;&gt;</a>&nbsp;&nbsp;&nbsp;I2C_WaitOnRXNEFlagUntilTimeout
<LI><a href="#[ae]">&gt;&gt;</a>&nbsp;&nbsp;&nbsp;I2C_WaitOnSTOPFlagUntilTimeout
<LI><a href="#[ac]">&gt;&gt;</a>&nbsp;&nbsp;&nbsp;I2C_WaitOnTXISFlagUntilTimeout
</UL>

<P><STRONG><a name="[b1]"></a>I2C_WaitOnRXNEFlagUntilTimeout</STRONG> (Thumb, 208 bytes, Stack size 16 bytes, stm32h7xx_hal_i2c.o(.text), UNUSED)
<BR><BR>[Calls]<UL><LI><a href="#[af]">&gt;&gt;</a>&nbsp;&nbsp;&nbsp;I2C_IsErrorOccurred
<LI><a href="#[3c]">&gt;&gt;</a>&nbsp;&nbsp;&nbsp;HAL_GetTick
</UL>
<BR>[Called By]<UL><LI><a href="#[b3]">&gt;&gt;</a>&nbsp;&nbsp;&nbsp;HAL_I2C_Slave_Receive
<LI><a href="#[b0]">&gt;&gt;</a>&nbsp;&nbsp;&nbsp;HAL_I2C_Master_Receive
</UL>

<P><STRONG><a name="[b4]"></a>I2C_Master_ISR_IT</STRONG> (Thumb, 360 bytes, Stack size 16 bytes, stm32h7xx_hal_i2c.o(.text), UNUSED)
<BR><BR>[Calls]<UL><LI><a href="#[b7]">&gt;&gt;</a>&nbsp;&nbsp;&nbsp;I2C_ITError
<LI><a href="#[b6]">&gt;&gt;</a>&nbsp;&nbsp;&nbsp;I2C_ITMasterCplt
<LI><a href="#[b5]">&gt;&gt;</a>&nbsp;&nbsp;&nbsp;I2C_ITMasterSeqCplt
</UL>

<P><STRONG><a name="[b5]"></a>I2C_ITMasterSeqCplt</STRONG> (Thumb, 112 bytes, Stack size 0 bytes, stm32h7xx_hal_i2c.o(.text), UNUSED)
<BR><BR>[Calls]<UL><LI><a href="#[c2]">&gt;&gt;</a>&nbsp;&nbsp;&nbsp;HAL_I2C_MasterRxCpltCallback
<LI><a href="#[c1]">&gt;&gt;</a>&nbsp;&nbsp;&nbsp;HAL_I2C_MasterTxCpltCallback
</UL>
<BR>[Called By]<UL><LI><a href="#[c0]">&gt;&gt;</a>&nbsp;&nbsp;&nbsp;I2C_Master_ISR_DMA
<LI><a href="#[b4]">&gt;&gt;</a>&nbsp;&nbsp;&nbsp;I2C_Master_ISR_IT
</UL>

<P><STRONG><a name="[b6]"></a>I2C_ITMasterCplt</STRONG> (Thumb, 346 bytes, Stack size 12 bytes, stm32h7xx_hal_i2c.o(.text), UNUSED)
<BR><BR>[Calls]<UL><LI><a href="#[e1]">&gt;&gt;</a>&nbsp;&nbsp;&nbsp;HAL_I2C_MemRxCpltCallback
<LI><a href="#[e0]">&gt;&gt;</a>&nbsp;&nbsp;&nbsp;HAL_I2C_MemTxCpltCallback
<LI><a href="#[c2]">&gt;&gt;</a>&nbsp;&nbsp;&nbsp;HAL_I2C_MasterRxCpltCallback
<LI><a href="#[c1]">&gt;&gt;</a>&nbsp;&nbsp;&nbsp;HAL_I2C_MasterTxCpltCallback
<LI><a href="#[b7]">&gt;&gt;</a>&nbsp;&nbsp;&nbsp;I2C_ITError
</UL>
<BR>[Called By]<UL><LI><a href="#[d1]">&gt;&gt;</a>&nbsp;&nbsp;&nbsp;I2C_Mem_ISR_DMA
<LI><a href="#[cf]">&gt;&gt;</a>&nbsp;&nbsp;&nbsp;I2C_Mem_ISR_IT
<LI><a href="#[c0]">&gt;&gt;</a>&nbsp;&nbsp;&nbsp;I2C_Master_ISR_DMA
<LI><a href="#[b4]">&gt;&gt;</a>&nbsp;&nbsp;&nbsp;I2C_Master_ISR_IT
</UL>

<P><STRONG><a name="[b7]"></a>I2C_ITError</STRONG> (Thumb, 422 bytes, Stack size 8 bytes, stm32h7xx_hal_i2c.o(.text), UNUSED)
<BR><BR>[Calls]<UL><LI><a href="#[da]">&gt;&gt;</a>&nbsp;&nbsp;&nbsp;HAL_I2C_ErrorCallback
<LI><a href="#[d9]">&gt;&gt;</a>&nbsp;&nbsp;&nbsp;HAL_I2C_AbortCpltCallback
<LI><a href="#[df]">&gt;&gt;</a>&nbsp;&nbsp;&nbsp;HAL_DMA_GetState
<LI><a href="#[d7]">&gt;&gt;</a>&nbsp;&nbsp;&nbsp;HAL_DMA_Abort_IT
</UL>
<BR>[Called By]<UL><LI><a href="#[de]">&gt;&gt;</a>&nbsp;&nbsp;&nbsp;HAL_I2C_ER_IRQHandler
<LI><a href="#[d1]">&gt;&gt;</a>&nbsp;&nbsp;&nbsp;I2C_Mem_ISR_DMA
<LI><a href="#[cf]">&gt;&gt;</a>&nbsp;&nbsp;&nbsp;I2C_Mem_ISR_IT
<LI><a href="#[c7]">&gt;&gt;</a>&nbsp;&nbsp;&nbsp;I2C_DMAMasterReceiveCplt
<LI><a href="#[c9]">&gt;&gt;</a>&nbsp;&nbsp;&nbsp;I2C_Slave_ISR_DMA
<LI><a href="#[c4]">&gt;&gt;</a>&nbsp;&nbsp;&nbsp;I2C_DMAError
<LI><a href="#[c3]">&gt;&gt;</a>&nbsp;&nbsp;&nbsp;I2C_DMAMasterTransmitCplt
<LI><a href="#[c0]">&gt;&gt;</a>&nbsp;&nbsp;&nbsp;I2C_Master_ISR_DMA
<LI><a href="#[b9]">&gt;&gt;</a>&nbsp;&nbsp;&nbsp;I2C_ITSlaveCplt
<LI><a href="#[b8]">&gt;&gt;</a>&nbsp;&nbsp;&nbsp;I2C_Slave_ISR_IT
<LI><a href="#[b6]">&gt;&gt;</a>&nbsp;&nbsp;&nbsp;I2C_ITMasterCplt
<LI><a href="#[b4]">&gt;&gt;</a>&nbsp;&nbsp;&nbsp;I2C_Master_ISR_IT
</UL>

<P><STRONG><a name="[b8]"></a>I2C_Slave_ISR_IT</STRONG> (Thumb, 604 bytes, Stack size 24 bytes, stm32h7xx_hal_i2c.o(.text), UNUSED)
<BR><BR>[Calls]<UL><LI><a href="#[bd]">&gt;&gt;</a>&nbsp;&nbsp;&nbsp;HAL_I2C_ListenCpltCallback
<LI><a href="#[bc]">&gt;&gt;</a>&nbsp;&nbsp;&nbsp;HAL_I2C_SlaveRxCpltCallback
<LI><a href="#[bb]">&gt;&gt;</a>&nbsp;&nbsp;&nbsp;HAL_I2C_SlaveTxCpltCallback
<LI><a href="#[be]">&gt;&gt;</a>&nbsp;&nbsp;&nbsp;I2C_ITSlaveSeqCplt
<LI><a href="#[ba]">&gt;&gt;</a>&nbsp;&nbsp;&nbsp;I2C_ITAddrCplt
<LI><a href="#[b9]">&gt;&gt;</a>&nbsp;&nbsp;&nbsp;I2C_ITSlaveCplt
<LI><a href="#[b7]">&gt;&gt;</a>&nbsp;&nbsp;&nbsp;I2C_ITError
</UL>

<P><STRONG><a name="[b9]"></a>I2C_ITSlaveCplt</STRONG> (Thumb, 786 bytes, Stack size 16 bytes, stm32h7xx_hal_i2c.o(.text), UNUSED)
<BR><BR>[Calls]<UL><LI><a href="#[bd]">&gt;&gt;</a>&nbsp;&nbsp;&nbsp;HAL_I2C_ListenCpltCallback
<LI><a href="#[bc]">&gt;&gt;</a>&nbsp;&nbsp;&nbsp;HAL_I2C_SlaveRxCpltCallback
<LI><a href="#[bb]">&gt;&gt;</a>&nbsp;&nbsp;&nbsp;HAL_I2C_SlaveTxCpltCallback
<LI><a href="#[b7]">&gt;&gt;</a>&nbsp;&nbsp;&nbsp;I2C_ITError
</UL>
<BR>[Called By]<UL><LI><a href="#[c9]">&gt;&gt;</a>&nbsp;&nbsp;&nbsp;I2C_Slave_ISR_DMA
<LI><a href="#[b8]">&gt;&gt;</a>&nbsp;&nbsp;&nbsp;I2C_Slave_ISR_IT
</UL>

<P><STRONG><a name="[ba]"></a>I2C_ITAddrCplt</STRONG> (Thumb, 162 bytes, Stack size 8 bytes, stm32h7xx_hal_i2c.o(.text), UNUSED)
<BR><BR>[Calls]<UL><LI><a href="#[e2]">&gt;&gt;</a>&nbsp;&nbsp;&nbsp;HAL_I2C_AddrCallback
</UL>
<BR>[Called By]<UL><LI><a href="#[c9]">&gt;&gt;</a>&nbsp;&nbsp;&nbsp;I2C_Slave_ISR_DMA
<LI><a href="#[b8]">&gt;&gt;</a>&nbsp;&nbsp;&nbsp;I2C_Slave_ISR_IT
</UL>

<P><STRONG><a name="[be]"></a>I2C_ITSlaveSeqCplt</STRONG> (Thumb, 148 bytes, Stack size 0 bytes, stm32h7xx_hal_i2c.o(.text), UNUSED)
<BR><BR>[Calls]<UL><LI><a href="#[bc]">&gt;&gt;</a>&nbsp;&nbsp;&nbsp;HAL_I2C_SlaveRxCpltCallback
<LI><a href="#[bb]">&gt;&gt;</a>&nbsp;&nbsp;&nbsp;HAL_I2C_SlaveTxCpltCallback
</UL>
<BR>[Called By]<UL><LI><a href="#[c9]">&gt;&gt;</a>&nbsp;&nbsp;&nbsp;I2C_Slave_ISR_DMA
<LI><a href="#[b8]">&gt;&gt;</a>&nbsp;&nbsp;&nbsp;I2C_Slave_ISR_IT
</UL>

<P><STRONG><a name="[c0]"></a>I2C_Master_ISR_DMA</STRONG> (Thumb, 510 bytes, Stack size 16 bytes, stm32h7xx_hal_i2c.o(.text), UNUSED)
<BR><BR>[Calls]<UL><LI><a href="#[c2]">&gt;&gt;</a>&nbsp;&nbsp;&nbsp;HAL_I2C_MasterRxCpltCallback
<LI><a href="#[c1]">&gt;&gt;</a>&nbsp;&nbsp;&nbsp;HAL_I2C_MasterTxCpltCallback
<LI><a href="#[b7]">&gt;&gt;</a>&nbsp;&nbsp;&nbsp;I2C_ITError
<LI><a href="#[b6]">&gt;&gt;</a>&nbsp;&nbsp;&nbsp;I2C_ITMasterCplt
<LI><a href="#[b5]">&gt;&gt;</a>&nbsp;&nbsp;&nbsp;I2C_ITMasterSeqCplt
</UL>

<P><STRONG><a name="[c3]"></a>I2C_DMAMasterTransmitCplt</STRONG> (Thumb, 154 bytes, Stack size 8 bytes, stm32h7xx_hal_i2c.o(.text), UNUSED)
<BR><BR>[Calls]<UL><LI><a href="#[b7]">&gt;&gt;</a>&nbsp;&nbsp;&nbsp;I2C_ITError
<LI><a href="#[87]">&gt;&gt;</a>&nbsp;&nbsp;&nbsp;HAL_DMA_Start_IT
</UL>

<P><STRONG><a name="[c4]"></a>I2C_DMAError</STRONG> (Thumb, 512 bytes, Stack size 16 bytes, stm32h7xx_hal_i2c.o(.text), UNUSED)
<BR><BR>[Calls]<UL><LI><a href="#[b7]">&gt;&gt;</a>&nbsp;&nbsp;&nbsp;I2C_ITError
<LI><a href="#[c5]">&gt;&gt;</a>&nbsp;&nbsp;&nbsp;HAL_DMA_GetError
</UL>

<P><STRONG><a name="[c9]"></a>I2C_Slave_ISR_DMA</STRONG> (Thumb, 854 bytes, Stack size 24 bytes, stm32h7xx_hal_i2c.o(.text), UNUSED)
<BR><BR>[Calls]<UL><LI><a href="#[bd]">&gt;&gt;</a>&nbsp;&nbsp;&nbsp;HAL_I2C_ListenCpltCallback
<LI><a href="#[be]">&gt;&gt;</a>&nbsp;&nbsp;&nbsp;I2C_ITSlaveSeqCplt
<LI><a href="#[ba]">&gt;&gt;</a>&nbsp;&nbsp;&nbsp;I2C_ITAddrCplt
<LI><a href="#[b9]">&gt;&gt;</a>&nbsp;&nbsp;&nbsp;I2C_ITSlaveCplt
<LI><a href="#[b7]">&gt;&gt;</a>&nbsp;&nbsp;&nbsp;I2C_ITError
</UL>

<P><STRONG><a name="[c7]"></a>I2C_DMAMasterReceiveCplt</STRONG> (Thumb, 154 bytes, Stack size 8 bytes, stm32h7xx_hal_i2c.o(.text), UNUSED)
<BR><BR>[Calls]<UL><LI><a href="#[b7]">&gt;&gt;</a>&nbsp;&nbsp;&nbsp;I2C_ITError
<LI><a href="#[87]">&gt;&gt;</a>&nbsp;&nbsp;&nbsp;HAL_DMA_Start_IT
</UL>

<P><STRONG><a name="[ca]"></a>I2C_DMASlaveTransmitCplt</STRONG> (Thumb, 170 bytes, Stack size 0 bytes, stm32h7xx_hal_i2c.o(.text), UNUSED)
<BR><BR>[Calls]<UL><LI><a href="#[bc]">&gt;&gt;</a>&nbsp;&nbsp;&nbsp;HAL_I2C_SlaveRxCpltCallback
<LI><a href="#[bb]">&gt;&gt;</a>&nbsp;&nbsp;&nbsp;HAL_I2C_SlaveTxCpltCallback
</UL>

<P><STRONG><a name="[cc]"></a>I2C_DMASlaveReceiveCplt</STRONG> (Thumb, 402 bytes, Stack size 0 bytes, stm32h7xx_hal_i2c.o(.text), UNUSED)
<BR><BR>[Calls]<UL><LI><a href="#[bc]">&gt;&gt;</a>&nbsp;&nbsp;&nbsp;HAL_I2C_SlaveRxCpltCallback
<LI><a href="#[bb]">&gt;&gt;</a>&nbsp;&nbsp;&nbsp;HAL_I2C_SlaveTxCpltCallback
</UL>

<P><STRONG><a name="[cf]"></a>I2C_Mem_ISR_IT</STRONG> (Thumb, 418 bytes, Stack size 16 bytes, stm32h7xx_hal_i2c.o(.text), UNUSED)
<BR><BR>[Calls]<UL><LI><a href="#[b7]">&gt;&gt;</a>&nbsp;&nbsp;&nbsp;I2C_ITError
<LI><a href="#[b6]">&gt;&gt;</a>&nbsp;&nbsp;&nbsp;I2C_ITMasterCplt
</UL>

<P><STRONG><a name="[d1]"></a>I2C_Mem_ISR_DMA</STRONG> (Thumb, 438 bytes, Stack size 16 bytes, stm32h7xx_hal_i2c.o(.text), UNUSED)
<BR><BR>[Calls]<UL><LI><a href="#[b7]">&gt;&gt;</a>&nbsp;&nbsp;&nbsp;I2C_ITError
<LI><a href="#[b6]">&gt;&gt;</a>&nbsp;&nbsp;&nbsp;I2C_ITMasterCplt
</UL>

<P><STRONG><a name="[d8]"></a>I2C_DMAAbort</STRONG> (Thumb, 60 bytes, Stack size 0 bytes, stm32h7xx_hal_i2c.o(.text), UNUSED)
<BR><BR>[Calls]<UL><LI><a href="#[da]">&gt;&gt;</a>&nbsp;&nbsp;&nbsp;HAL_I2C_ErrorCallback
<LI><a href="#[d9]">&gt;&gt;</a>&nbsp;&nbsp;&nbsp;HAL_I2C_AbortCpltCallback
</UL>

<P><STRONG><a name="[111]"></a>UART_RxISR_8BIT</STRONG> (Thumb, 456 bytes, Stack size 0 bytes, stm32h7xx_hal_uart.o(.text), UNUSED)
<BR><BR>[Calls]<UL><LI><a href="#[10e]">&gt;&gt;</a>&nbsp;&nbsp;&nbsp;HAL_UART_RxCpltCallback
<LI><a href="#[10a]">&gt;&gt;</a>&nbsp;&nbsp;&nbsp;HAL_UARTEx_RxEventCallback
</UL>

<P><STRONG><a name="[10f]"></a>UART_RxISR_8BIT_FIFOEN</STRONG> (Thumb, 824 bytes, Stack size 32 bytes, stm32h7xx_hal_uart.o(.text), UNUSED)
<BR><BR>[Calls]<UL><LI><a href="#[10e]">&gt;&gt;</a>&nbsp;&nbsp;&nbsp;HAL_UART_RxCpltCallback
<LI><a href="#[10a]">&gt;&gt;</a>&nbsp;&nbsp;&nbsp;HAL_UARTEx_RxEventCallback
<LI><a href="#[f5]">&gt;&gt;</a>&nbsp;&nbsp;&nbsp;HAL_UART_ErrorCallback
</UL>

<P><STRONG><a name="[110]"></a>UART_RxISR_16BIT</STRONG> (Thumb, 452 bytes, Stack size 0 bytes, stm32h7xx_hal_uart.o(.text), UNUSED)
<BR><BR>[Calls]<UL><LI><a href="#[10e]">&gt;&gt;</a>&nbsp;&nbsp;&nbsp;HAL_UART_RxCpltCallback
<LI><a href="#[10a]">&gt;&gt;</a>&nbsp;&nbsp;&nbsp;HAL_UARTEx_RxEventCallback
</UL>

<P><STRONG><a name="[10d]"></a>UART_RxISR_16BIT_FIFOEN</STRONG> (Thumb, 820 bytes, Stack size 32 bytes, stm32h7xx_hal_uart.o(.text), UNUSED)
<BR><BR>[Calls]<UL><LI><a href="#[10e]">&gt;&gt;</a>&nbsp;&nbsp;&nbsp;HAL_UART_RxCpltCallback
<LI><a href="#[10a]">&gt;&gt;</a>&nbsp;&nbsp;&nbsp;HAL_UARTEx_RxEventCallback
<LI><a href="#[f5]">&gt;&gt;</a>&nbsp;&nbsp;&nbsp;HAL_UART_ErrorCallback
</UL>

<P><STRONG><a name="[f0]"></a>UART_DMATransmitCplt</STRONG> (Thumb, 186 bytes, Stack size 0 bytes, stm32h7xx_hal_uart.o(.text), UNUSED)
<BR><BR>[Calls]<UL><LI><a href="#[f1]">&gt;&gt;</a>&nbsp;&nbsp;&nbsp;HAL_UART_TxCpltCallback
</UL>

<P><STRONG><a name="[f2]"></a>UART_DMATxHalfCplt</STRONG> (Thumb, 6 bytes, Stack size 0 bytes, stm32h7xx_hal_uart.o(.text), UNUSED)
<BR><BR>[Calls]<UL><LI><a href="#[f3]">&gt;&gt;</a>&nbsp;&nbsp;&nbsp;HAL_UART_TxHalfCpltCallback
</UL>

<P><STRONG><a name="[f4]"></a>UART_DMAError</STRONG> (Thumb, 500 bytes, Stack size 0 bytes, stm32h7xx_hal_uart.o(.text), UNUSED)
<BR><BR>[Calls]<UL><LI><a href="#[f5]">&gt;&gt;</a>&nbsp;&nbsp;&nbsp;HAL_UART_ErrorCallback
</UL>

<P><STRONG><a name="[112]"></a>UART_DMAReceiveCplt</STRONG> (Thumb, 376 bytes, Stack size 0 bytes, stm32h7xx_hal_uart.o(.text), UNUSED)
<BR><BR>[Calls]<UL><LI><a href="#[10e]">&gt;&gt;</a>&nbsp;&nbsp;&nbsp;HAL_UART_RxCpltCallback
<LI><a href="#[10a]">&gt;&gt;</a>&nbsp;&nbsp;&nbsp;HAL_UARTEx_RxEventCallback
</UL>

<P><STRONG><a name="[113]"></a>UART_DMARxHalfCplt</STRONG> (Thumb, 28 bytes, Stack size 0 bytes, stm32h7xx_hal_uart.o(.text), UNUSED)
<BR><BR>[Calls]<UL><LI><a href="#[114]">&gt;&gt;</a>&nbsp;&nbsp;&nbsp;HAL_UART_RxHalfCpltCallback
<LI><a href="#[10a]">&gt;&gt;</a>&nbsp;&nbsp;&nbsp;HAL_UARTEx_RxEventCallback
</UL>

<P><STRONG><a name="[fe]"></a>UART_DMATxAbortCallback</STRONG> (Thumb, 74 bytes, Stack size 0 bytes, stm32h7xx_hal_uart.o(.text), UNUSED)
<BR><BR>[Calls]<UL><LI><a href="#[fd]">&gt;&gt;</a>&nbsp;&nbsp;&nbsp;HAL_UART_AbortCpltCallback
</UL>

<P><STRONG><a name="[ff]"></a>UART_DMARxAbortCallback</STRONG> (Thumb, 62 bytes, Stack size 0 bytes, stm32h7xx_hal_uart.o(.text), UNUSED)
<BR><BR>[Calls]<UL><LI><a href="#[fd]">&gt;&gt;</a>&nbsp;&nbsp;&nbsp;HAL_UART_AbortCpltCallback
</UL>

<P><STRONG><a name="[102]"></a>UART_DMATxOnlyAbortCallback</STRONG> (Thumb, 36 bytes, Stack size 0 bytes, stm32h7xx_hal_uart.o(.text), UNUSED)
<BR><BR>[Calls]<UL><LI><a href="#[101]">&gt;&gt;</a>&nbsp;&nbsp;&nbsp;HAL_UART_AbortTransmitCpltCallback
</UL>

<P><STRONG><a name="[105]"></a>UART_DMARxOnlyAbortCallback</STRONG> (Thumb, 34 bytes, Stack size 0 bytes, stm32h7xx_hal_uart.o(.text), UNUSED)
<BR><BR>[Calls]<UL><LI><a href="#[104]">&gt;&gt;</a>&nbsp;&nbsp;&nbsp;HAL_UART_AbortReceiveCpltCallback
</UL>
<P>
<H3>
Undefined Global Symbols
</H3><HR></body></html>
