<html>
<body>
<pre>
<h1>礦ision Build Log</h1>
<h2>Tool Versions:</h2>
IDE-Version: μVision V5.38.0.0
Copyright (C) 2022 ARM Ltd and ARM Germany GmbH. All rights reserved.
License Information: 111 喵小黑, 111, LIC=HN0AE-5D9PY-UH28H-WZXWM-A1NVK-Z3PBI
 
Tool Versions:
Toolchain:       MDK-ARM Plus  Version: 5.38.0.0
Toolchain Path:  D:\Program\Keil\Keil_v5\ARM\ARMCC\Bin
C Compiler:      Armcc.exe V5.06 update 7 (build 960)
Assembler:       Armasm.exe V5.06 update 7 (build 960)
Linker/Locator:  ArmLink.exe V5.06 update 7 (build 960)
Library Manager: ArmAr.exe V5.06 update 7 (build 960)
Hex Converter:   FromElf.exe V5.06 update 7 (build 960)
CPU DLL:         SARMCM3.DLL V5.38.0.0
Dialog DLL:      DCM.DLL V1.17.5.0
Target DLL:      UL2CM3.DLL V1.164.8.0
Dialog DLL:      TCM.DLL V1.56.4.0
 
<h2>Project:</h2>
F:\3.git\1.Github\ExFlash_Algorithm\Algorithm_QSPI\STLDR\MDK-ARM\STLDR.uvprojx
Project File Date:  05/30/2023

<h2>Output:</h2>
*** Using Compiler 'V5.06 update 7 (build 960)', folder: 'D:\Program\Keil\Keil_v5\ARM\ARMCC\Bin'
Build target 'STLDR'
compiling Dev_Inf.c...
compiling gpio.c...
compiling stm32h7xx_hal_cortex.c...
compiling stm32h7xx_it.c...
compiling quadspi.c...
compiling w25qxx.c...
compiling main.c...
compiling Loader_Src.c...
compiling stm32h7xx_hal_flash.c...
compiling stm32h7xx_hal_flash_ex.c...
compiling stm32h7xx_hal_rcc.c...
compiling stm32h7xx_hal_qspi.c...
compiling stm32h7xx_hal_gpio.c...
compiling stm32h7xx_hal_rcc_ex.c...
compiling stm32h7xx_hal_hsem.c...
compiling stm32h7xx_hal_pwr.c...
compiling stm32h7xx_hal_mdma.c...
compiling stm32h7xx_hal_dma_ex.c...
compiling stm32h7xx_hal_pwr_ex.c...
compiling stm32h7xx_hal.c...
compiling stm32h7xx_hal_tim.c...
compiling stm32h7xx_hal_tim_ex.c...
compiling stm32h7xx_hal_i2c_ex.c...
compiling stm32h7xx_hal_exti.c...
compiling system_stm32h7xx.c...
compiling stm32h7xx_hal_dma.c...
compiling stm32h7xx_hal_i2c.c...
linking...
Program Size: Code=51386 RO-data=226 RW-data=40 ZI-data=4200  
After Build - User command #2: cmd.exe /C copy ".\STM32H750XBH_ARTPIQSPI_W25Q64JV\STM32H750XB_ArtPi_W25Q64JV.axf" "..\STM32H750XB_ArtPi_W25Q64JV.stldr"
已复制         1 个文件。
".\STM32H750XBH_ARTPIQSPI_W25Q64JV\STM32H750XB_ArtPi_W25Q64JV.axf" - 0 Error(s), 0 Warning(s).

<h2>Software Packages used:</h2>

Package Vendor: ARM
                http://www.keil.com/pack/ARM.CMSIS.5.9.0.pack
                ARM.CMSIS.5.9.0
                CMSIS (Common Microcontroller Software Interface Standard)
   * Component: CORE Version: 5.6.0

Package Vendor: Keil
                https://www.keil.com/pack/Keil.STM32H7xx_DFP.3.1.0.pack
                Keil.STM32H7xx_DFP.3.1.0
                STMicroelectronics STM32H7 Series Device Support and Examples

<h2>Collection of Component include folders:</h2>
  ./RTE/_STLDR
  D:/Program/Keil/Packs/ARM/CMSIS/5.9.0/CMSIS/Core/Include
  D:/Program/Keil/Packs/Keil/STM32H7xx_DFP/3.1.0/Drivers/CMSIS/Device/ST/STM32H7xx/Include

<h2>Collection of Component Files used:</h2>

   * Component: ARM::CMSIS:CORE:5.6.0
Build Time Elapsed:  00:00:05
</pre>
</body>
</html>
