<!doctype html public "-//w3c//dtd html 4.0 transitional//en">
<html><head>
<title>Static Call Graph - [spi_stldr\spi_stldr.axf]</title></head>
<body><HR>
<H1>Static Call Graph for image spi_stldr\spi_stldr.axf</H1><HR>
<BR><P>#&#060CALLGRAPH&#062# ARM Linker, 5060960: Last Updated: Fri Feb 24 10:30:13 2023
<BR><P>
<H3>Maximum Stack Usage =         96 bytes + Unknown(Untraceable Function Pointers)</H3><H3>
Call chain for Maximum Stack Depth:</H3>
I2C_Slave_ISR_DMA &rArr; I2C_ITSlaveCplt &rArr; I2C_ITError &rArr; HAL_DMA_Abort_IT
<P>
<H3>
Function Pointers
</H3><UL>
 <LI><a href="#[11]">I2C_DMAAbort</a> from stm32h7xx_hal_i2c.o(.text) referenced 5 times from stm32h7xx_hal_i2c.o(.text)
 <LI><a href="#[16]">I2C_DMAError</a> from stm32h7xx_hal_i2c.o(.text) referenced 10 times from stm32h7xx_hal_i2c.o(.text)
 <LI><a href="#[17]">I2C_DMAMasterReceiveCplt</a> from stm32h7xx_hal_i2c.o(.text) referenced 3 times from stm32h7xx_hal_i2c.o(.text)
 <LI><a href="#[15]">I2C_DMAMasterTransmitCplt</a> from stm32h7xx_hal_i2c.o(.text) referenced 3 times from stm32h7xx_hal_i2c.o(.text)
 <LI><a href="#[19]">I2C_DMASlaveReceiveCplt</a> from stm32h7xx_hal_i2c.o(.text) referenced 2 times from stm32h7xx_hal_i2c.o(.text)
 <LI><a href="#[18]">I2C_DMASlaveTransmitCplt</a> from stm32h7xx_hal_i2c.o(.text) referenced 2 times from stm32h7xx_hal_i2c.o(.text)
 <LI><a href="#[12]">I2C_Master_ISR_DMA</a> from stm32h7xx_hal_i2c.o(.text) referenced 7 times from stm32h7xx_hal_i2c.o(.text)
 <LI><a href="#[14]">I2C_Master_ISR_IT</a> from stm32h7xx_hal_i2c.o(.text) referenced 7 times from stm32h7xx_hal_i2c.o(.text)
 <LI><a href="#[13]">I2C_Slave_ISR_DMA</a> from stm32h7xx_hal_i2c.o(.text) referenced 5 times from stm32h7xx_hal_i2c.o(.text)
 <LI><a href="#[10]">I2C_Slave_ISR_IT</a> from stm32h7xx_hal_i2c.o(.text) referenced 5 times from stm32h7xx_hal_i2c.o(.text)
 <LI><a href="#[f]">SPI_DMAAbortOnError</a> from stm32h7xx_hal_spi.o(.text) referenced from stm32h7xx_hal_spi.o(.text)
 <LI><a href="#[8]">SPI_DMAError</a> from stm32h7xx_hal_spi.o(.text) referenced 3 times from stm32h7xx_hal_spi.o(.text)
 <LI><a href="#[9]">SPI_DMAHalfReceiveCplt</a> from stm32h7xx_hal_spi.o(.text) referenced 2 times from stm32h7xx_hal_spi.o(.text)
 <LI><a href="#[6]">SPI_DMAHalfTransmitCplt</a> from stm32h7xx_hal_spi.o(.text) referenced from stm32h7xx_hal_spi.o(.text)
 <LI><a href="#[b]">SPI_DMAHalfTransmitReceiveCplt</a> from stm32h7xx_hal_spi.o(.text) referenced from stm32h7xx_hal_spi.o(.text)
 <LI><a href="#[a]">SPI_DMAReceiveCplt</a> from stm32h7xx_hal_spi.o(.text) referenced 2 times from stm32h7xx_hal_spi.o(.text)
 <LI><a href="#[e]">SPI_DMARxAbortCallback</a> from stm32h7xx_hal_spi.o(.text) referenced from stm32h7xx_hal_spi.o(.text)
 <LI><a href="#[7]">SPI_DMATransmitCplt</a> from stm32h7xx_hal_spi.o(.text) referenced from stm32h7xx_hal_spi.o(.text)
 <LI><a href="#[c]">SPI_DMATransmitReceiveCplt</a> from stm32h7xx_hal_spi.o(.text) referenced from stm32h7xx_hal_spi.o(.text)
 <LI><a href="#[d]">SPI_DMATxAbortCallback</a> from stm32h7xx_hal_spi.o(.text) referenced from stm32h7xx_hal_spi.o(.text)
 <LI><a href="#[4]">SPI_RxISR_16BIT</a> from stm32h7xx_hal_spi.o(.text) referenced 2 times from stm32h7xx_hal_spi.o(.text)
 <LI><a href="#[3]">SPI_RxISR_32BIT</a> from stm32h7xx_hal_spi.o(.text) referenced 2 times from stm32h7xx_hal_spi.o(.text)
 <LI><a href="#[5]">SPI_RxISR_8BIT</a> from stm32h7xx_hal_spi.o(.text) referenced 2 times from stm32h7xx_hal_spi.o(.text)
 <LI><a href="#[1]">SPI_TxISR_16BIT</a> from stm32h7xx_hal_spi.o(.text) referenced 2 times from stm32h7xx_hal_spi.o(.text)
 <LI><a href="#[0]">SPI_TxISR_32BIT</a> from stm32h7xx_hal_spi.o(.text) referenced 2 times from stm32h7xx_hal_spi.o(.text)
 <LI><a href="#[2]">SPI_TxISR_8BIT</a> from stm32h7xx_hal_spi.o(.text) referenced 2 times from stm32h7xx_hal_spi.o(.text)
</UL>
<P>
<H3>
Global Symbols
</H3>
<P><STRONG><a name="[114]"></a>__asm___6_main_c_4557ba80____REV16</STRONG> (Thumb, 4 bytes, Stack size 0 bytes, main.o(.rev16_text), UNUSED)

<P><STRONG><a name="[115]"></a>__asm___6_gpio_c_62724882____REV16</STRONG> (Thumb, 4 bytes, Stack size 0 bytes, gpio.o(.rev16_text), UNUSED)

<P><STRONG><a name="[116]"></a>__asm___5_spi_c_a276374e____REV16</STRONG> (Thumb, 4 bytes, Stack size 0 bytes, spi.o(.rev16_text), UNUSED)

<P><STRONG><a name="[117]"></a>__asm___14_stm32h7xx_it_c_bb8ca80c____REV16</STRONG> (Thumb, 4 bytes, Stack size 0 bytes, stm32h7xx_it.o(.rev16_text), UNUSED)

<P><STRONG><a name="[118]"></a>__asm___19_stm32h7xx_hal_msp_c_d46e2bee____REV16</STRONG> (Thumb, 4 bytes, Stack size 0 bytes, stm32h7xx_hal_msp.o(.rev16_text), UNUSED)

<P><STRONG><a name="[119]"></a>__asm___12_Loader_Src_c_2a3ab6ca____REV16</STRONG> (Thumb, 4 bytes, Stack size 0 bytes, loader_src.o(.rev16_text), UNUSED)

<P><STRONG><a name="[11a]"></a>__asm___11_w25q128jv_c_6924a248____REV16</STRONG> (Thumb, 4 bytes, Stack size 0 bytes, w25q128jv.o(.rev16_text), UNUSED)

<P><STRONG><a name="[11b]"></a>__asm___22_stm32h7xx_hal_cortex_c_2992dbc0____REV16</STRONG> (Thumb, 4 bytes, Stack size 0 bytes, stm32h7xx_hal_cortex.o(.rev16_text), UNUSED)

<P><STRONG><a name="[11c]"></a>__asm___19_stm32h7xx_hal_spi_c_5e7b22bd____REV16</STRONG> (Thumb, 4 bytes, Stack size 0 bytes, stm32h7xx_hal_spi.o(.rev16_text), UNUSED)

<P><STRONG><a name="[11d]"></a>__asm___22_stm32h7xx_hal_spi_ex_c_43e4fe1d____REV16</STRONG> (Thumb, 4 bytes, Stack size 0 bytes, stm32h7xx_hal_spi_ex.o(.rev16_text), UNUSED)

<P><STRONG><a name="[11e]"></a>__asm___19_stm32h7xx_hal_rcc_c_b7071a4b____REV16</STRONG> (Thumb, 4 bytes, Stack size 0 bytes, stm32h7xx_hal_rcc.o(.rev16_text), UNUSED)

<P><STRONG><a name="[11f]"></a>__asm___22_stm32h7xx_hal_rcc_ex_c_bed13b44____REV16</STRONG> (Thumb, 4 bytes, Stack size 0 bytes, stm32h7xx_hal_rcc_ex.o(.rev16_text), UNUSED)

<P><STRONG><a name="[120]"></a>__asm___21_stm32h7xx_hal_flash_c_48aa8f3e____REV16</STRONG> (Thumb, 4 bytes, Stack size 0 bytes, stm32h7xx_hal_flash.o(.rev16_text), UNUSED)

<P><STRONG><a name="[121]"></a>__asm___24_stm32h7xx_hal_flash_ex_c_6648b60e____REV16</STRONG> (Thumb, 4 bytes, Stack size 0 bytes, stm32h7xx_hal_flash_ex.o(.rev16_text), UNUSED)

<P><STRONG><a name="[122]"></a>__asm___20_stm32h7xx_hal_gpio_c_ea787061____REV16</STRONG> (Thumb, 4 bytes, Stack size 0 bytes, stm32h7xx_hal_gpio.o(.rev16_text), UNUSED)

<P><STRONG><a name="[123]"></a>__asm___20_stm32h7xx_hal_hsem_c_c08ff923____REV16</STRONG> (Thumb, 4 bytes, Stack size 0 bytes, stm32h7xx_hal_hsem.o(.rev16_text), UNUSED)

<P><STRONG><a name="[124]"></a>__asm___19_stm32h7xx_hal_dma_c_c25f65ec____REV16</STRONG> (Thumb, 4 bytes, Stack size 0 bytes, stm32h7xx_hal_dma.o(.rev16_text), UNUSED)

<P><STRONG><a name="[125]"></a>__asm___22_stm32h7xx_hal_dma_ex_c_af8eecb0____REV16</STRONG> (Thumb, 4 bytes, Stack size 0 bytes, stm32h7xx_hal_dma_ex.o(.rev16_text), UNUSED)

<P><STRONG><a name="[126]"></a>__asm___20_stm32h7xx_hal_mdma_c_49e2804d____REV16</STRONG> (Thumb, 4 bytes, Stack size 0 bytes, stm32h7xx_hal_mdma.o(.rev16_text), UNUSED)

<P><STRONG><a name="[127]"></a>__asm___19_stm32h7xx_hal_pwr_c_f2cfe8be____REV16</STRONG> (Thumb, 4 bytes, Stack size 0 bytes, stm32h7xx_hal_pwr.o(.rev16_text), UNUSED)

<P><STRONG><a name="[128]"></a>__asm___22_stm32h7xx_hal_pwr_ex_c_75a25fd4____REV16</STRONG> (Thumb, 4 bytes, Stack size 0 bytes, stm32h7xx_hal_pwr_ex.o(.rev16_text), UNUSED)

<P><STRONG><a name="[129]"></a>__asm___15_stm32h7xx_hal_c_3da258af____REV16</STRONG> (Thumb, 4 bytes, Stack size 0 bytes, stm32h7xx_hal.o(.rev16_text), UNUSED)

<P><STRONG><a name="[12a]"></a>__asm___19_stm32h7xx_hal_i2c_c_0eb271f4____REV16</STRONG> (Thumb, 4 bytes, Stack size 0 bytes, stm32h7xx_hal_i2c.o(.rev16_text), UNUSED)

<P><STRONG><a name="[12b]"></a>__asm___22_stm32h7xx_hal_i2c_ex_c_a642fad8____REV16</STRONG> (Thumb, 4 bytes, Stack size 0 bytes, stm32h7xx_hal_i2c_ex.o(.rev16_text), UNUSED)

<P><STRONG><a name="[12c]"></a>__asm___20_stm32h7xx_hal_exti_c_ad9bfa1e____REV16</STRONG> (Thumb, 4 bytes, Stack size 0 bytes, stm32h7xx_hal_exti.o(.rev16_text), UNUSED)

<P><STRONG><a name="[12d]"></a>__asm___19_stm32h7xx_hal_tim_c____REV16</STRONG> (Thumb, 4 bytes, Stack size 0 bytes, stm32h7xx_hal_tim.o(.rev16_text), UNUSED)

<P><STRONG><a name="[12e]"></a>__asm___22_stm32h7xx_hal_tim_ex_c____REV16</STRONG> (Thumb, 4 bytes, Stack size 0 bytes, stm32h7xx_hal_tim_ex.o(.rev16_text), UNUSED)

<P><STRONG><a name="[12f]"></a>__asm___18_system_stm32h7xx_c_5d646a67____REV16</STRONG> (Thumb, 4 bytes, Stack size 0 bytes, system_stm32h7xx.o(.rev16_text), UNUSED)

<P><STRONG><a name="[130]"></a>__asm___6_main_c_4557ba80____REVSH</STRONG> (Thumb, 4 bytes, Stack size 0 bytes, main.o(.revsh_text), UNUSED)

<P><STRONG><a name="[131]"></a>__asm___6_gpio_c_62724882____REVSH</STRONG> (Thumb, 4 bytes, Stack size 0 bytes, gpio.o(.revsh_text), UNUSED)

<P><STRONG><a name="[132]"></a>__asm___5_spi_c_a276374e____REVSH</STRONG> (Thumb, 4 bytes, Stack size 0 bytes, spi.o(.revsh_text), UNUSED)

<P><STRONG><a name="[133]"></a>__asm___14_stm32h7xx_it_c_bb8ca80c____REVSH</STRONG> (Thumb, 4 bytes, Stack size 0 bytes, stm32h7xx_it.o(.revsh_text), UNUSED)

<P><STRONG><a name="[134]"></a>__asm___19_stm32h7xx_hal_msp_c_d46e2bee____REVSH</STRONG> (Thumb, 4 bytes, Stack size 0 bytes, stm32h7xx_hal_msp.o(.revsh_text), UNUSED)

<P><STRONG><a name="[135]"></a>__asm___12_Loader_Src_c_2a3ab6ca____REVSH</STRONG> (Thumb, 4 bytes, Stack size 0 bytes, loader_src.o(.revsh_text), UNUSED)

<P><STRONG><a name="[136]"></a>__asm___11_w25q128jv_c_6924a248____REVSH</STRONG> (Thumb, 4 bytes, Stack size 0 bytes, w25q128jv.o(.revsh_text), UNUSED)

<P><STRONG><a name="[137]"></a>__asm___22_stm32h7xx_hal_cortex_c_2992dbc0____REVSH</STRONG> (Thumb, 4 bytes, Stack size 0 bytes, stm32h7xx_hal_cortex.o(.revsh_text), UNUSED)

<P><STRONG><a name="[138]"></a>__asm___19_stm32h7xx_hal_spi_c_5e7b22bd____REVSH</STRONG> (Thumb, 4 bytes, Stack size 0 bytes, stm32h7xx_hal_spi.o(.revsh_text), UNUSED)

<P><STRONG><a name="[139]"></a>__asm___22_stm32h7xx_hal_spi_ex_c_43e4fe1d____REVSH</STRONG> (Thumb, 4 bytes, Stack size 0 bytes, stm32h7xx_hal_spi_ex.o(.revsh_text), UNUSED)

<P><STRONG><a name="[13a]"></a>__asm___19_stm32h7xx_hal_rcc_c_b7071a4b____REVSH</STRONG> (Thumb, 4 bytes, Stack size 0 bytes, stm32h7xx_hal_rcc.o(.revsh_text), UNUSED)

<P><STRONG><a name="[13b]"></a>__asm___22_stm32h7xx_hal_rcc_ex_c_bed13b44____REVSH</STRONG> (Thumb, 4 bytes, Stack size 0 bytes, stm32h7xx_hal_rcc_ex.o(.revsh_text), UNUSED)

<P><STRONG><a name="[13c]"></a>__asm___21_stm32h7xx_hal_flash_c_48aa8f3e____REVSH</STRONG> (Thumb, 4 bytes, Stack size 0 bytes, stm32h7xx_hal_flash.o(.revsh_text), UNUSED)

<P><STRONG><a name="[13d]"></a>__asm___24_stm32h7xx_hal_flash_ex_c_6648b60e____REVSH</STRONG> (Thumb, 4 bytes, Stack size 0 bytes, stm32h7xx_hal_flash_ex.o(.revsh_text), UNUSED)

<P><STRONG><a name="[13e]"></a>__asm___20_stm32h7xx_hal_gpio_c_ea787061____REVSH</STRONG> (Thumb, 4 bytes, Stack size 0 bytes, stm32h7xx_hal_gpio.o(.revsh_text), UNUSED)

<P><STRONG><a name="[13f]"></a>__asm___20_stm32h7xx_hal_hsem_c_c08ff923____REVSH</STRONG> (Thumb, 4 bytes, Stack size 0 bytes, stm32h7xx_hal_hsem.o(.revsh_text), UNUSED)

<P><STRONG><a name="[140]"></a>__asm___19_stm32h7xx_hal_dma_c_c25f65ec____REVSH</STRONG> (Thumb, 4 bytes, Stack size 0 bytes, stm32h7xx_hal_dma.o(.revsh_text), UNUSED)

<P><STRONG><a name="[141]"></a>__asm___22_stm32h7xx_hal_dma_ex_c_af8eecb0____REVSH</STRONG> (Thumb, 4 bytes, Stack size 0 bytes, stm32h7xx_hal_dma_ex.o(.revsh_text), UNUSED)

<P><STRONG><a name="[142]"></a>__asm___20_stm32h7xx_hal_mdma_c_49e2804d____REVSH</STRONG> (Thumb, 4 bytes, Stack size 0 bytes, stm32h7xx_hal_mdma.o(.revsh_text), UNUSED)

<P><STRONG><a name="[143]"></a>__asm___19_stm32h7xx_hal_pwr_c_f2cfe8be____REVSH</STRONG> (Thumb, 4 bytes, Stack size 0 bytes, stm32h7xx_hal_pwr.o(.revsh_text), UNUSED)

<P><STRONG><a name="[144]"></a>__asm___22_stm32h7xx_hal_pwr_ex_c_75a25fd4____REVSH</STRONG> (Thumb, 4 bytes, Stack size 0 bytes, stm32h7xx_hal_pwr_ex.o(.revsh_text), UNUSED)

<P><STRONG><a name="[145]"></a>__asm___15_stm32h7xx_hal_c_3da258af____REVSH</STRONG> (Thumb, 4 bytes, Stack size 0 bytes, stm32h7xx_hal.o(.revsh_text), UNUSED)

<P><STRONG><a name="[146]"></a>__asm___19_stm32h7xx_hal_i2c_c_0eb271f4____REVSH</STRONG> (Thumb, 4 bytes, Stack size 0 bytes, stm32h7xx_hal_i2c.o(.revsh_text), UNUSED)

<P><STRONG><a name="[147]"></a>__asm___22_stm32h7xx_hal_i2c_ex_c_a642fad8____REVSH</STRONG> (Thumb, 4 bytes, Stack size 0 bytes, stm32h7xx_hal_i2c_ex.o(.revsh_text), UNUSED)

<P><STRONG><a name="[148]"></a>__asm___20_stm32h7xx_hal_exti_c_ad9bfa1e____REVSH</STRONG> (Thumb, 4 bytes, Stack size 0 bytes, stm32h7xx_hal_exti.o(.revsh_text), UNUSED)

<P><STRONG><a name="[149]"></a>__asm___19_stm32h7xx_hal_tim_c____REVSH</STRONG> (Thumb, 4 bytes, Stack size 0 bytes, stm32h7xx_hal_tim.o(.revsh_text), UNUSED)

<P><STRONG><a name="[14a]"></a>__asm___22_stm32h7xx_hal_tim_ex_c____REVSH</STRONG> (Thumb, 4 bytes, Stack size 0 bytes, stm32h7xx_hal_tim_ex.o(.revsh_text), UNUSED)

<P><STRONG><a name="[14b]"></a>__asm___18_system_stm32h7xx_c_5d646a67____REVSH</STRONG> (Thumb, 4 bytes, Stack size 0 bytes, system_stm32h7xx.o(.revsh_text), UNUSED)

<P><STRONG><a name="[14c]"></a>__asm___6_main_c_4557ba80____RRX</STRONG> (Thumb, 6 bytes, Stack size 0 bytes, main.o(.rrx_text), UNUSED)

<P><STRONG><a name="[14d]"></a>__asm___6_gpio_c_62724882____RRX</STRONG> (Thumb, 6 bytes, Stack size 0 bytes, gpio.o(.rrx_text), UNUSED)

<P><STRONG><a name="[14e]"></a>__asm___5_spi_c_a276374e____RRX</STRONG> (Thumb, 6 bytes, Stack size 0 bytes, spi.o(.rrx_text), UNUSED)

<P><STRONG><a name="[14f]"></a>__asm___14_stm32h7xx_it_c_bb8ca80c____RRX</STRONG> (Thumb, 6 bytes, Stack size 0 bytes, stm32h7xx_it.o(.rrx_text), UNUSED)

<P><STRONG><a name="[150]"></a>__asm___19_stm32h7xx_hal_msp_c_d46e2bee____RRX</STRONG> (Thumb, 6 bytes, Stack size 0 bytes, stm32h7xx_hal_msp.o(.rrx_text), UNUSED)

<P><STRONG><a name="[151]"></a>__asm___12_Loader_Src_c_2a3ab6ca____RRX</STRONG> (Thumb, 6 bytes, Stack size 0 bytes, loader_src.o(.rrx_text), UNUSED)

<P><STRONG><a name="[152]"></a>__asm___11_w25q128jv_c_6924a248____RRX</STRONG> (Thumb, 6 bytes, Stack size 0 bytes, w25q128jv.o(.rrx_text), UNUSED)

<P><STRONG><a name="[153]"></a>__asm___22_stm32h7xx_hal_cortex_c_2992dbc0____RRX</STRONG> (Thumb, 6 bytes, Stack size 0 bytes, stm32h7xx_hal_cortex.o(.rrx_text), UNUSED)

<P><STRONG><a name="[154]"></a>__asm___19_stm32h7xx_hal_spi_c_5e7b22bd____RRX</STRONG> (Thumb, 6 bytes, Stack size 0 bytes, stm32h7xx_hal_spi.o(.rrx_text), UNUSED)

<P><STRONG><a name="[155]"></a>__asm___22_stm32h7xx_hal_spi_ex_c_43e4fe1d____RRX</STRONG> (Thumb, 6 bytes, Stack size 0 bytes, stm32h7xx_hal_spi_ex.o(.rrx_text), UNUSED)

<P><STRONG><a name="[156]"></a>__asm___19_stm32h7xx_hal_rcc_c_b7071a4b____RRX</STRONG> (Thumb, 6 bytes, Stack size 0 bytes, stm32h7xx_hal_rcc.o(.rrx_text), UNUSED)

<P><STRONG><a name="[157]"></a>__asm___22_stm32h7xx_hal_rcc_ex_c_bed13b44____RRX</STRONG> (Thumb, 6 bytes, Stack size 0 bytes, stm32h7xx_hal_rcc_ex.o(.rrx_text), UNUSED)

<P><STRONG><a name="[158]"></a>__asm___21_stm32h7xx_hal_flash_c_48aa8f3e____RRX</STRONG> (Thumb, 6 bytes, Stack size 0 bytes, stm32h7xx_hal_flash.o(.rrx_text), UNUSED)

<P><STRONG><a name="[159]"></a>__asm___24_stm32h7xx_hal_flash_ex_c_6648b60e____RRX</STRONG> (Thumb, 6 bytes, Stack size 0 bytes, stm32h7xx_hal_flash_ex.o(.rrx_text), UNUSED)

<P><STRONG><a name="[15a]"></a>__asm___20_stm32h7xx_hal_gpio_c_ea787061____RRX</STRONG> (Thumb, 6 bytes, Stack size 0 bytes, stm32h7xx_hal_gpio.o(.rrx_text), UNUSED)

<P><STRONG><a name="[15b]"></a>__asm___20_stm32h7xx_hal_hsem_c_c08ff923____RRX</STRONG> (Thumb, 6 bytes, Stack size 0 bytes, stm32h7xx_hal_hsem.o(.rrx_text), UNUSED)

<P><STRONG><a name="[15c]"></a>__asm___19_stm32h7xx_hal_dma_c_c25f65ec____RRX</STRONG> (Thumb, 6 bytes, Stack size 0 bytes, stm32h7xx_hal_dma.o(.rrx_text), UNUSED)

<P><STRONG><a name="[15d]"></a>__asm___22_stm32h7xx_hal_dma_ex_c_af8eecb0____RRX</STRONG> (Thumb, 6 bytes, Stack size 0 bytes, stm32h7xx_hal_dma_ex.o(.rrx_text), UNUSED)

<P><STRONG><a name="[15e]"></a>__asm___20_stm32h7xx_hal_mdma_c_49e2804d____RRX</STRONG> (Thumb, 6 bytes, Stack size 0 bytes, stm32h7xx_hal_mdma.o(.rrx_text), UNUSED)

<P><STRONG><a name="[15f]"></a>__asm___19_stm32h7xx_hal_pwr_c_f2cfe8be____RRX</STRONG> (Thumb, 6 bytes, Stack size 0 bytes, stm32h7xx_hal_pwr.o(.rrx_text), UNUSED)

<P><STRONG><a name="[160]"></a>__asm___22_stm32h7xx_hal_pwr_ex_c_75a25fd4____RRX</STRONG> (Thumb, 6 bytes, Stack size 0 bytes, stm32h7xx_hal_pwr_ex.o(.rrx_text), UNUSED)

<P><STRONG><a name="[161]"></a>__asm___15_stm32h7xx_hal_c_3da258af____RRX</STRONG> (Thumb, 6 bytes, Stack size 0 bytes, stm32h7xx_hal.o(.rrx_text), UNUSED)

<P><STRONG><a name="[162]"></a>__asm___19_stm32h7xx_hal_i2c_c_0eb271f4____RRX</STRONG> (Thumb, 6 bytes, Stack size 0 bytes, stm32h7xx_hal_i2c.o(.rrx_text), UNUSED)

<P><STRONG><a name="[163]"></a>__asm___22_stm32h7xx_hal_i2c_ex_c_a642fad8____RRX</STRONG> (Thumb, 6 bytes, Stack size 0 bytes, stm32h7xx_hal_i2c_ex.o(.rrx_text), UNUSED)

<P><STRONG><a name="[164]"></a>__asm___20_stm32h7xx_hal_exti_c_ad9bfa1e____RRX</STRONG> (Thumb, 6 bytes, Stack size 0 bytes, stm32h7xx_hal_exti.o(.rrx_text), UNUSED)

<P><STRONG><a name="[165]"></a>__asm___19_stm32h7xx_hal_tim_c____RRX</STRONG> (Thumb, 6 bytes, Stack size 0 bytes, stm32h7xx_hal_tim.o(.rrx_text), UNUSED)

<P><STRONG><a name="[166]"></a>__asm___22_stm32h7xx_hal_tim_ex_c____RRX</STRONG> (Thumb, 6 bytes, Stack size 0 bytes, stm32h7xx_hal_tim_ex.o(.rrx_text), UNUSED)

<P><STRONG><a name="[167]"></a>__asm___18_system_stm32h7xx_c_5d646a67____RRX</STRONG> (Thumb, 6 bytes, Stack size 0 bytes, system_stm32h7xx.o(.rrx_text), UNUSED)

<P><STRONG><a name="[1e]"></a>Error_Handler</STRONG> (Thumb, 6 bytes, Stack size 0 bytes, main.o(.text), UNUSED)
<BR><BR>[Called By]<UL><LI><a href="#[23]">&gt;&gt;</a>&nbsp;&nbsp;&nbsp;MX_SPI1_Init
<LI><a href="#[1a]">&gt;&gt;</a>&nbsp;&nbsp;&nbsp;SystemClock_Config
</UL>

<P><STRONG><a name="[1a]"></a>SystemClock_Config</STRONG> (Thumb, 202 bytes, Stack size 120 bytes, main.o(.text), UNUSED)
<BR><BR>[Calls]<UL><LI><a href="#[1d]">&gt;&gt;</a>&nbsp;&nbsp;&nbsp;HAL_RCC_OscConfig
<LI><a href="#[1f]">&gt;&gt;</a>&nbsp;&nbsp;&nbsp;HAL_RCC_ClockConfig
<LI><a href="#[1c]">&gt;&gt;</a>&nbsp;&nbsp;&nbsp;HAL_PWREx_ConfigSupply
<LI><a href="#[1e]">&gt;&gt;</a>&nbsp;&nbsp;&nbsp;Error_Handler
<LI><a href="#[1b]">&gt;&gt;</a>&nbsp;&nbsp;&nbsp;__aeabi_memclr4
</UL>
<BR>[Called By]<UL><LI><a href="#[34]">&gt;&gt;</a>&nbsp;&nbsp;&nbsp;Init
</UL>

<P><STRONG><a name="[20]"></a>MX_GPIO_Init</STRONG> (Thumb, 206 bytes, Stack size 32 bytes, gpio.o(.text), UNUSED)
<BR><BR>[Calls]<UL><LI><a href="#[21]">&gt;&gt;</a>&nbsp;&nbsp;&nbsp;HAL_GPIO_WritePin
<LI><a href="#[22]">&gt;&gt;</a>&nbsp;&nbsp;&nbsp;HAL_GPIO_Init
<LI><a href="#[1b]">&gt;&gt;</a>&nbsp;&nbsp;&nbsp;__aeabi_memclr4
</UL>
<BR>[Called By]<UL><LI><a href="#[34]">&gt;&gt;</a>&nbsp;&nbsp;&nbsp;Init
</UL>

<P><STRONG><a name="[23]"></a>MX_SPI1_Init</STRONG> (Thumb, 114 bytes, Stack size 8 bytes, spi.o(.text), UNUSED)
<BR><BR>[Calls]<UL><LI><a href="#[25]">&gt;&gt;</a>&nbsp;&nbsp;&nbsp;HAL_SPI_Init
<LI><a href="#[24]">&gt;&gt;</a>&nbsp;&nbsp;&nbsp;HAL_SPI_DeInit
<LI><a href="#[1e]">&gt;&gt;</a>&nbsp;&nbsp;&nbsp;Error_Handler
<LI><a href="#[1b]">&gt;&gt;</a>&nbsp;&nbsp;&nbsp;__aeabi_memclr4
</UL>
<BR>[Called By]<UL><LI><a href="#[34]">&gt;&gt;</a>&nbsp;&nbsp;&nbsp;Init
</UL>

<P><STRONG><a name="[26]"></a>HAL_SPI_MspInit</STRONG> (Thumb, 224 bytes, Stack size 32 bytes, spi.o(.text), UNUSED)
<BR><BR>[Calls]<UL><LI><a href="#[22]">&gt;&gt;</a>&nbsp;&nbsp;&nbsp;HAL_GPIO_Init
<LI><a href="#[1b]">&gt;&gt;</a>&nbsp;&nbsp;&nbsp;__aeabi_memclr4
</UL>
<BR>[Called By]<UL><LI><a href="#[25]">&gt;&gt;</a>&nbsp;&nbsp;&nbsp;HAL_SPI_Init
</UL>

<P><STRONG><a name="[27]"></a>HAL_SPI_MspDeInit</STRONG> (Thumb, 52 bytes, Stack size 8 bytes, spi.o(.text), UNUSED)
<BR><BR>[Calls]<UL><LI><a href="#[28]">&gt;&gt;</a>&nbsp;&nbsp;&nbsp;HAL_GPIO_DeInit
</UL>
<BR>[Called By]<UL><LI><a href="#[24]">&gt;&gt;</a>&nbsp;&nbsp;&nbsp;HAL_SPI_DeInit
</UL>

<P><STRONG><a name="[168]"></a>NMI_Handler</STRONG> (Thumb, 4 bytes, Stack size 0 bytes, stm32h7xx_it.o(.text), UNUSED)

<P><STRONG><a name="[169]"></a>HardFault_Handler</STRONG> (Thumb, 4 bytes, Stack size 0 bytes, stm32h7xx_it.o(.text), UNUSED)

<P><STRONG><a name="[16a]"></a>MemManage_Handler</STRONG> (Thumb, 4 bytes, Stack size 0 bytes, stm32h7xx_it.o(.text), UNUSED)

<P><STRONG><a name="[16b]"></a>BusFault_Handler</STRONG> (Thumb, 4 bytes, Stack size 0 bytes, stm32h7xx_it.o(.text), UNUSED)

<P><STRONG><a name="[16c]"></a>UsageFault_Handler</STRONG> (Thumb, 4 bytes, Stack size 0 bytes, stm32h7xx_it.o(.text), UNUSED)

<P><STRONG><a name="[16d]"></a>SVC_Handler</STRONG> (Thumb, 2 bytes, Stack size 0 bytes, stm32h7xx_it.o(.text), UNUSED)

<P><STRONG><a name="[16e]"></a>DebugMon_Handler</STRONG> (Thumb, 2 bytes, Stack size 0 bytes, stm32h7xx_it.o(.text), UNUSED)

<P><STRONG><a name="[16f]"></a>PendSV_Handler</STRONG> (Thumb, 2 bytes, Stack size 0 bytes, stm32h7xx_it.o(.text), UNUSED)

<P><STRONG><a name="[29]"></a>SysTick_Handler</STRONG> (Thumb, 8 bytes, Stack size 8 bytes, stm32h7xx_it.o(.text), UNUSED)
<BR><BR>[Calls]<UL><LI><a href="#[2a]">&gt;&gt;</a>&nbsp;&nbsp;&nbsp;HAL_IncTick
</UL>

<P><STRONG><a name="[cc]"></a>HAL_MspInit</STRONG> (Thumb, 32 bytes, Stack size 8 bytes, stm32h7xx_hal_msp.o(.text), UNUSED)
<BR><BR>[Called By]<UL><LI><a href="#[ca]">&gt;&gt;</a>&nbsp;&nbsp;&nbsp;HAL_Init
</UL>

<P><STRONG><a name="[65]"></a>HAL_InitTick</STRONG> (Thumb, 6 bytes, Stack size 0 bytes, loader_src.o(.text), UNUSED)
<BR><BR>[Called By]<UL><LI><a href="#[64]">&gt;&gt;</a>&nbsp;&nbsp;&nbsp;HAL_RCC_DeInit
<LI><a href="#[1f]">&gt;&gt;</a>&nbsp;&nbsp;&nbsp;HAL_RCC_ClockConfig
<LI><a href="#[cf]">&gt;&gt;</a>&nbsp;&nbsp;&nbsp;HAL_SetTickFreq
<LI><a href="#[ca]">&gt;&gt;</a>&nbsp;&nbsp;&nbsp;HAL_Init
</UL>

<P><STRONG><a name="[4b]"></a>HAL_GetTick</STRONG> (Thumb, 4 bytes, Stack size 0 bytes, loader_src.o(.text), UNUSED)
<BR><BR>[Called By]<UL><LI><a href="#[8a]">&gt;&gt;</a>&nbsp;&nbsp;&nbsp;FLASH_CRC_WaitForLastOperation
<LI><a href="#[89]">&gt;&gt;</a>&nbsp;&nbsp;&nbsp;FLASH_OB_WaitForLastOperation
<LI><a href="#[82]">&gt;&gt;</a>&nbsp;&nbsp;&nbsp;FLASH_WaitForLastOperation
<LI><a href="#[7a]">&gt;&gt;</a>&nbsp;&nbsp;&nbsp;HAL_RCCEx_CRSWaitSynchronization
<LI><a href="#[71]">&gt;&gt;</a>&nbsp;&nbsp;&nbsp;HAL_RCCEx_PeriphCLKConfig
<LI><a href="#[70]">&gt;&gt;</a>&nbsp;&nbsp;&nbsp;RCCEx_PLL2_Config
<LI><a href="#[6f]">&gt;&gt;</a>&nbsp;&nbsp;&nbsp;RCCEx_PLL3_Config
<LI><a href="#[64]">&gt;&gt;</a>&nbsp;&nbsp;&nbsp;HAL_RCC_DeInit
<LI><a href="#[5e]">&gt;&gt;</a>&nbsp;&nbsp;&nbsp;HAL_DMA_Abort
<LI><a href="#[4e]">&gt;&gt;</a>&nbsp;&nbsp;&nbsp;HAL_SPI_Receive
<LI><a href="#[4a]">&gt;&gt;</a>&nbsp;&nbsp;&nbsp;HAL_SPI_Transmit
<LI><a href="#[37]">&gt;&gt;</a>&nbsp;&nbsp;&nbsp;HAL_SPI_TransmitReceive
<LI><a href="#[1d]">&gt;&gt;</a>&nbsp;&nbsp;&nbsp;HAL_RCC_OscConfig
<LI><a href="#[1f]">&gt;&gt;</a>&nbsp;&nbsp;&nbsp;HAL_RCC_ClockConfig
<LI><a href="#[1c]">&gt;&gt;</a>&nbsp;&nbsp;&nbsp;HAL_PWREx_ConfigSupply
<LI><a href="#[106]">&gt;&gt;</a>&nbsp;&nbsp;&nbsp;HAL_I2C_IsDeviceReady
<LI><a href="#[105]">&gt;&gt;</a>&nbsp;&nbsp;&nbsp;HAL_I2C_Mem_Read_DMA
<LI><a href="#[104]">&gt;&gt;</a>&nbsp;&nbsp;&nbsp;HAL_I2C_Mem_Write_DMA
<LI><a href="#[103]">&gt;&gt;</a>&nbsp;&nbsp;&nbsp;HAL_I2C_Mem_Read_IT
<LI><a href="#[102]">&gt;&gt;</a>&nbsp;&nbsp;&nbsp;HAL_I2C_Mem_Write_IT
<LI><a href="#[101]">&gt;&gt;</a>&nbsp;&nbsp;&nbsp;HAL_I2C_Mem_Read
<LI><a href="#[ff]">&gt;&gt;</a>&nbsp;&nbsp;&nbsp;HAL_I2C_Mem_Write
<LI><a href="#[e0]">&gt;&gt;</a>&nbsp;&nbsp;&nbsp;HAL_I2C_Slave_Receive
<LI><a href="#[df]">&gt;&gt;</a>&nbsp;&nbsp;&nbsp;HAL_I2C_Slave_Transmit
<LI><a href="#[de]">&gt;&gt;</a>&nbsp;&nbsp;&nbsp;HAL_I2C_Master_Receive
<LI><a href="#[db]">&gt;&gt;</a>&nbsp;&nbsp;&nbsp;HAL_I2C_Master_Transmit
<LI><a href="#[dd]">&gt;&gt;</a>&nbsp;&nbsp;&nbsp;I2C_WaitOnRXNEFlagUntilTimeout
<LI><a href="#[da]">&gt;&gt;</a>&nbsp;&nbsp;&nbsp;I2C_WaitOnTXISFlagUntilTimeout
<LI><a href="#[d9]">&gt;&gt;</a>&nbsp;&nbsp;&nbsp;I2C_WaitOnFlagUntilTimeout
<LI><a href="#[d8]">&gt;&gt;</a>&nbsp;&nbsp;&nbsp;I2C_WaitOnSTOPFlagUntilTimeout
<LI><a href="#[d6]">&gt;&gt;</a>&nbsp;&nbsp;&nbsp;I2C_IsAcknowledgeFailed
<LI><a href="#[d0]">&gt;&gt;</a>&nbsp;&nbsp;&nbsp;HAL_Delay
<LI><a href="#[d1]">&gt;&gt;</a>&nbsp;&nbsp;&nbsp;HAL_SYSCFG_EnableVREFBUF
<LI><a href="#[c7]">&gt;&gt;</a>&nbsp;&nbsp;&nbsp;HAL_PWREx_DisableUSBReg
<LI><a href="#[c6]">&gt;&gt;</a>&nbsp;&nbsp;&nbsp;HAL_PWREx_EnableUSBReg
<LI><a href="#[c5]">&gt;&gt;</a>&nbsp;&nbsp;&nbsp;HAL_PWREx_DisableBkUpReg
<LI><a href="#[c4]">&gt;&gt;</a>&nbsp;&nbsp;&nbsp;HAL_PWREx_EnableBkUpReg
<LI><a href="#[bc]">&gt;&gt;</a>&nbsp;&nbsp;&nbsp;HAL_PWREx_ControlVoltageScaling
<LI><a href="#[b9]">&gt;&gt;</a>&nbsp;&nbsp;&nbsp;HAL_MDMA_PollForTransfer
<LI><a href="#[b8]">&gt;&gt;</a>&nbsp;&nbsp;&nbsp;HAL_MDMA_Abort
<LI><a href="#[b3]">&gt;&gt;</a>&nbsp;&nbsp;&nbsp;HAL_MDMA_Init
<LI><a href="#[af]">&gt;&gt;</a>&nbsp;&nbsp;&nbsp;HAL_DMA_PollForTransfer
<LI><a href="#[a7]">&gt;&gt;</a>&nbsp;&nbsp;&nbsp;HAL_DMA_Init
</UL>

<P><STRONG><a name="[2b]"></a>Write</STRONG> (Thumb, 24 bytes, Stack size 16 bytes, loader_src.o(.text), UNUSED)
<BR><BR>[Calls]<UL><LI><a href="#[2c]">&gt;&gt;</a>&nbsp;&nbsp;&nbsp;SPI_W25Q128JV_Write
</UL>

<P><STRONG><a name="[2d]"></a>SectorErase</STRONG> (Thumb, 34 bytes, Stack size 16 bytes, loader_src.o(.text), UNUSED)
<BR><BR>[Calls]<UL><LI><a href="#[2e]">&gt;&gt;</a>&nbsp;&nbsp;&nbsp;SPI_W25Q128JV_EraseBlock
</UL>

<P><STRONG><a name="[2f]"></a>MassErase</STRONG> (Thumb, 10 bytes, Stack size 8 bytes, loader_src.o(.text), UNUSED)
<BR><BR>[Calls]<UL><LI><a href="#[30]">&gt;&gt;</a>&nbsp;&nbsp;&nbsp;SPI_W25Q128JV_EraseChip
</UL>

<P><STRONG><a name="[31]"></a>Read</STRONG> (Thumb, 24 bytes, Stack size 16 bytes, loader_src.o(.text), UNUSED)
<BR><BR>[Calls]<UL><LI><a href="#[32]">&gt;&gt;</a>&nbsp;&nbsp;&nbsp;SPI_W25Q128JV_Read
</UL>

<P><STRONG><a name="[33]"></a>Verify</STRONG> (Thumb, 96 bytes, Stack size 24 bytes, loader_src.o(.text), UNUSED)
<BR><BR>[Calls]<UL><LI><a href="#[32]">&gt;&gt;</a>&nbsp;&nbsp;&nbsp;SPI_W25Q128JV_Read
</UL>

<P><STRONG><a name="[34]"></a>Init</STRONG> (Thumb, 22 bytes, Stack size 8 bytes, loader_src.o(.text), UNUSED)
<BR><BR>[Calls]<UL><LI><a href="#[35]">&gt;&gt;</a>&nbsp;&nbsp;&nbsp;SystemInit
<LI><a href="#[23]">&gt;&gt;</a>&nbsp;&nbsp;&nbsp;MX_SPI1_Init
<LI><a href="#[20]">&gt;&gt;</a>&nbsp;&nbsp;&nbsp;MX_GPIO_Init
<LI><a href="#[1a]">&gt;&gt;</a>&nbsp;&nbsp;&nbsp;SystemClock_Config
</UL>

<P><STRONG><a name="[3c]"></a>SPI_W25Q128JV_Reset</STRONG> (Thumb, 44 bytes, Stack size 8 bytes, w25q128jv.o(.text), UNUSED)
<BR><BR>[Calls]<UL><LI><a href="#[38]">&gt;&gt;</a>&nbsp;&nbsp;&nbsp;_wPin
<LI><a href="#[36]">&gt;&gt;</a>&nbsp;&nbsp;&nbsp;_rwByte
</UL>

<P><STRONG><a name="[3d]"></a>SPI_W25Q128JV_DeviceID</STRONG> (Thumb, 60 bytes, Stack size 16 bytes, w25q128jv.o(.text), UNUSED)
<BR><BR>[Calls]<UL><LI><a href="#[38]">&gt;&gt;</a>&nbsp;&nbsp;&nbsp;_wPin
<LI><a href="#[36]">&gt;&gt;</a>&nbsp;&nbsp;&nbsp;_rwByte
</UL>

<P><STRONG><a name="[3e]"></a>SPI_W25Q128JV_IDNumber</STRONG> (Thumb, 44 bytes, Stack size 16 bytes, w25q128jv.o(.text), UNUSED)
<BR><BR>[Calls]<UL><LI><a href="#[38]">&gt;&gt;</a>&nbsp;&nbsp;&nbsp;_wPin
<LI><a href="#[36]">&gt;&gt;</a>&nbsp;&nbsp;&nbsp;_rwByte
</UL>

<P><STRONG><a name="[3f]"></a>SPI_W25Q128JV_EraseSector</STRONG> (Thumb, 88 bytes, Stack size 16 bytes, w25q128jv.o(.text), UNUSED)
<BR><BR>[Calls]<UL><LI><a href="#[3b]">&gt;&gt;</a>&nbsp;&nbsp;&nbsp;SPI_W25Q128JV_WaitWriteEnd
<LI><a href="#[3a]">&gt;&gt;</a>&nbsp;&nbsp;&nbsp;SPI_W25Q128JV_WriteEnable
<LI><a href="#[38]">&gt;&gt;</a>&nbsp;&nbsp;&nbsp;_wPin
<LI><a href="#[36]">&gt;&gt;</a>&nbsp;&nbsp;&nbsp;_rwByte
</UL>

<P><STRONG><a name="[2e]"></a>SPI_W25Q128JV_EraseBlock</STRONG> (Thumb, 88 bytes, Stack size 16 bytes, w25q128jv.o(.text), UNUSED)
<BR><BR>[Calls]<UL><LI><a href="#[3b]">&gt;&gt;</a>&nbsp;&nbsp;&nbsp;SPI_W25Q128JV_WaitWriteEnd
<LI><a href="#[3a]">&gt;&gt;</a>&nbsp;&nbsp;&nbsp;SPI_W25Q128JV_WriteEnable
<LI><a href="#[38]">&gt;&gt;</a>&nbsp;&nbsp;&nbsp;_wPin
<LI><a href="#[36]">&gt;&gt;</a>&nbsp;&nbsp;&nbsp;_rwByte
</UL>
<BR>[Called By]<UL><LI><a href="#[2d]">&gt;&gt;</a>&nbsp;&nbsp;&nbsp;SectorErase
</UL>

<P><STRONG><a name="[30]"></a>SPI_W25Q128JV_EraseChip</STRONG> (Thumb, 44 bytes, Stack size 8 bytes, w25q128jv.o(.text), UNUSED)
<BR><BR>[Calls]<UL><LI><a href="#[3b]">&gt;&gt;</a>&nbsp;&nbsp;&nbsp;SPI_W25Q128JV_WaitWriteEnd
<LI><a href="#[3a]">&gt;&gt;</a>&nbsp;&nbsp;&nbsp;SPI_W25Q128JV_WriteEnable
<LI><a href="#[38]">&gt;&gt;</a>&nbsp;&nbsp;&nbsp;_wPin
<LI><a href="#[36]">&gt;&gt;</a>&nbsp;&nbsp;&nbsp;_rwByte
</UL>
<BR>[Called By]<UL><LI><a href="#[2f]">&gt;&gt;</a>&nbsp;&nbsp;&nbsp;MassErase
</UL>

<P><STRONG><a name="[32]"></a>SPI_W25Q128JV_Read</STRONG> (Thumb, 98 bytes, Stack size 40 bytes, w25q128jv.o(.text), UNUSED)
<BR><BR>[Calls]<UL><LI><a href="#[40]">&gt;&gt;</a>&nbsp;&nbsp;&nbsp;_SPI_W25Q128JV_Read
</UL>
<BR>[Called By]<UL><LI><a href="#[33]">&gt;&gt;</a>&nbsp;&nbsp;&nbsp;Verify
<LI><a href="#[31]">&gt;&gt;</a>&nbsp;&nbsp;&nbsp;Read
</UL>

<P><STRONG><a name="[41]"></a>SPI_W25Q128JV_PageProgram</STRONG> (Thumb, 128 bytes, Stack size 24 bytes, w25q128jv.o(.text), UNUSED)
<BR><BR>[Calls]<UL><LI><a href="#[3b]">&gt;&gt;</a>&nbsp;&nbsp;&nbsp;SPI_W25Q128JV_WaitWriteEnd
<LI><a href="#[3a]">&gt;&gt;</a>&nbsp;&nbsp;&nbsp;SPI_W25Q128JV_WriteEnable
<LI><a href="#[38]">&gt;&gt;</a>&nbsp;&nbsp;&nbsp;_wPin
<LI><a href="#[36]">&gt;&gt;</a>&nbsp;&nbsp;&nbsp;_rwByte
</UL>
<BR>[Called By]<UL><LI><a href="#[2c]">&gt;&gt;</a>&nbsp;&nbsp;&nbsp;SPI_W25Q128JV_Write
</UL>

<P><STRONG><a name="[2c]"></a>SPI_W25Q128JV_Write</STRONG> (Thumb, 98 bytes, Stack size 40 bytes, w25q128jv.o(.text), UNUSED)
<BR><BR>[Calls]<UL><LI><a href="#[41]">&gt;&gt;</a>&nbsp;&nbsp;&nbsp;SPI_W25Q128JV_PageProgram
</UL>
<BR>[Called By]<UL><LI><a href="#[2b]">&gt;&gt;</a>&nbsp;&nbsp;&nbsp;Write
</UL>

<P><STRONG><a name="[cb]"></a>HAL_NVIC_SetPriorityGrouping</STRONG> (Thumb, 36 bytes, Stack size 0 bytes, stm32h7xx_hal_cortex.o(.text), UNUSED)
<BR><BR>[Called By]<UL><LI><a href="#[ca]">&gt;&gt;</a>&nbsp;&nbsp;&nbsp;HAL_Init
</UL>

<P><STRONG><a name="[42]"></a>HAL_NVIC_SetPriority</STRONG> (Thumb, 122 bytes, Stack size 32 bytes, stm32h7xx_hal_cortex.o(.text), UNUSED)
<BR><BR>[Calls]<UL><LI><a href="#[43]">&gt;&gt;</a>&nbsp;&nbsp;&nbsp;__NVIC_GetPriorityGrouping
<LI><a href="#[44]">&gt;&gt;</a>&nbsp;&nbsp;&nbsp;__NVIC_SetPriority
</UL>

<P><STRONG><a name="[170]"></a>HAL_NVIC_EnableIRQ</STRONG> (Thumb, 40 bytes, Stack size 0 bytes, stm32h7xx_hal_cortex.o(.text), UNUSED)

<P><STRONG><a name="[171]"></a>HAL_NVIC_DisableIRQ</STRONG> (Thumb, 62 bytes, Stack size 8 bytes, stm32h7xx_hal_cortex.o(.text), UNUSED)

<P><STRONG><a name="[172]"></a>HAL_NVIC_SystemReset</STRONG> (Thumb, 64 bytes, Stack size 0 bytes, stm32h7xx_hal_cortex.o(.text), UNUSED)

<P><STRONG><a name="[45]"></a>HAL_SYSTICK_Config</STRONG> (Thumb, 52 bytes, Stack size 16 bytes, stm32h7xx_hal_cortex.o(.text), UNUSED)
<BR><BR>[Calls]<UL><LI><a href="#[44]">&gt;&gt;</a>&nbsp;&nbsp;&nbsp;__NVIC_SetPriority
</UL>

<P><STRONG><a name="[173]"></a>HAL_MPU_Disable</STRONG> (Thumb, 42 bytes, Stack size 0 bytes, stm32h7xx_hal_cortex.o(.text), UNUSED)

<P><STRONG><a name="[174]"></a>HAL_MPU_Enable</STRONG> (Thumb, 60 bytes, Stack size 0 bytes, stm32h7xx_hal_cortex.o(.text), UNUSED)

<P><STRONG><a name="[175]"></a>HAL_MPU_ConfigRegion</STRONG> (Thumb, 90 bytes, Stack size 0 bytes, stm32h7xx_hal_cortex.o(.text), UNUSED)

<P><STRONG><a name="[46]"></a>HAL_NVIC_GetPriorityGrouping</STRONG> (Thumb, 8 bytes, Stack size 8 bytes, stm32h7xx_hal_cortex.o(.text), UNUSED)
<BR><BR>[Calls]<UL><LI><a href="#[43]">&gt;&gt;</a>&nbsp;&nbsp;&nbsp;__NVIC_GetPriorityGrouping
</UL>

<P><STRONG><a name="[176]"></a>HAL_NVIC_GetPriority</STRONG> (Thumb, 138 bytes, Stack size 28 bytes, stm32h7xx_hal_cortex.o(.text), UNUSED)

<P><STRONG><a name="[177]"></a>HAL_NVIC_SetPendingIRQ</STRONG> (Thumb, 32 bytes, Stack size 8 bytes, stm32h7xx_hal_cortex.o(.text), UNUSED)

<P><STRONG><a name="[178]"></a>HAL_NVIC_GetPendingIRQ</STRONG> (Thumb, 46 bytes, Stack size 8 bytes, stm32h7xx_hal_cortex.o(.text), UNUSED)

<P><STRONG><a name="[179]"></a>HAL_NVIC_ClearPendingIRQ</STRONG> (Thumb, 30 bytes, Stack size 8 bytes, stm32h7xx_hal_cortex.o(.text), UNUSED)

<P><STRONG><a name="[17a]"></a>HAL_NVIC_GetActive</STRONG> (Thumb, 46 bytes, Stack size 8 bytes, stm32h7xx_hal_cortex.o(.text), UNUSED)

<P><STRONG><a name="[17b]"></a>HAL_SYSTICK_CLKSourceConfig</STRONG> (Thumb, 40 bytes, Stack size 0 bytes, stm32h7xx_hal_cortex.o(.text), UNUSED)

<P><STRONG><a name="[48]"></a>HAL_SYSTICK_Callback</STRONG> (Thumb, 2 bytes, Stack size 0 bytes, stm32h7xx_hal_cortex.o(.text), UNUSED)
<BR><BR>[Called By]<UL><LI><a href="#[47]">&gt;&gt;</a>&nbsp;&nbsp;&nbsp;HAL_SYSTICK_IRQHandler
</UL>

<P><STRONG><a name="[47]"></a>HAL_SYSTICK_IRQHandler</STRONG> (Thumb, 8 bytes, Stack size 8 bytes, stm32h7xx_hal_cortex.o(.text), UNUSED)
<BR><BR>[Calls]<UL><LI><a href="#[48]">&gt;&gt;</a>&nbsp;&nbsp;&nbsp;HAL_SYSTICK_Callback
</UL>

<P><STRONG><a name="[17c]"></a>HAL_GetCurrentCPUID</STRONG> (Thumb, 4 bytes, Stack size 0 bytes, stm32h7xx_hal_cortex.o(.text), UNUSED)

<P><STRONG><a name="[25]"></a>HAL_SPI_Init</STRONG> (Thumb, 366 bytes, Stack size 16 bytes, stm32h7xx_hal_spi.o(.text), UNUSED)
<BR><BR>[Calls]<UL><LI><a href="#[49]">&gt;&gt;</a>&nbsp;&nbsp;&nbsp;SPI_GetPacketSize
<LI><a href="#[26]">&gt;&gt;</a>&nbsp;&nbsp;&nbsp;HAL_SPI_MspInit
</UL>
<BR>[Called By]<UL><LI><a href="#[23]">&gt;&gt;</a>&nbsp;&nbsp;&nbsp;MX_SPI1_Init
</UL>

<P><STRONG><a name="[24]"></a>HAL_SPI_DeInit</STRONG> (Thumb, 56 bytes, Stack size 8 bytes, stm32h7xx_hal_spi.o(.text), UNUSED)
<BR><BR>[Calls]<UL><LI><a href="#[27]">&gt;&gt;</a>&nbsp;&nbsp;&nbsp;HAL_SPI_MspDeInit
</UL>
<BR>[Called By]<UL><LI><a href="#[23]">&gt;&gt;</a>&nbsp;&nbsp;&nbsp;MX_SPI1_Init
</UL>

<P><STRONG><a name="[4a]"></a>HAL_SPI_Transmit</STRONG> (Thumb, 714 bytes, Stack size 40 bytes, stm32h7xx_hal_spi.o(.text), UNUSED)
<BR><BR>[Calls]<UL><LI><a href="#[4d]">&gt;&gt;</a>&nbsp;&nbsp;&nbsp;SPI_WaitOnFlagUntilTimeout
<LI><a href="#[4c]">&gt;&gt;</a>&nbsp;&nbsp;&nbsp;SPI_CloseTransfer
<LI><a href="#[4b]">&gt;&gt;</a>&nbsp;&nbsp;&nbsp;HAL_GetTick
</UL>

<P><STRONG><a name="[37]"></a>HAL_SPI_TransmitReceive</STRONG> (Thumb, 1026 bytes, Stack size 72 bytes, stm32h7xx_hal_spi.o(.text), UNUSED)
<BR><BR>[Calls]<UL><LI><a href="#[4d]">&gt;&gt;</a>&nbsp;&nbsp;&nbsp;SPI_WaitOnFlagUntilTimeout
<LI><a href="#[4c]">&gt;&gt;</a>&nbsp;&nbsp;&nbsp;SPI_CloseTransfer
<LI><a href="#[4b]">&gt;&gt;</a>&nbsp;&nbsp;&nbsp;HAL_GetTick
</UL>
<BR>[Called By]<UL><LI><a href="#[4e]">&gt;&gt;</a>&nbsp;&nbsp;&nbsp;HAL_SPI_Receive
<LI><a href="#[36]">&gt;&gt;</a>&nbsp;&nbsp;&nbsp;_rwByte
</UL>

<P><STRONG><a name="[4e]"></a>HAL_SPI_Receive</STRONG> (Thumb, 700 bytes, Stack size 40 bytes, stm32h7xx_hal_spi.o(.text), UNUSED)
<BR><BR>[Calls]<UL><LI><a href="#[4c]">&gt;&gt;</a>&nbsp;&nbsp;&nbsp;SPI_CloseTransfer
<LI><a href="#[37]">&gt;&gt;</a>&nbsp;&nbsp;&nbsp;HAL_SPI_TransmitReceive
<LI><a href="#[4b]">&gt;&gt;</a>&nbsp;&nbsp;&nbsp;HAL_GetTick
</UL>

<P><STRONG><a name="[17d]"></a>HAL_SPI_Transmit_IT</STRONG> (Thumb, 228 bytes, Stack size 12 bytes, stm32h7xx_hal_spi.o(.text), UNUSED)

<P><STRONG><a name="[50]"></a>HAL_SPI_TransmitReceive_IT</STRONG> (Thumb, 570 bytes, Stack size 32 bytes, stm32h7xx_hal_spi.o(.text), UNUSED)
<BR><BR>[Called By]<UL><LI><a href="#[4f]">&gt;&gt;</a>&nbsp;&nbsp;&nbsp;HAL_SPI_Receive_IT
</UL>

<P><STRONG><a name="[4f]"></a>HAL_SPI_Receive_IT</STRONG> (Thumb, 308 bytes, Stack size 20 bytes, stm32h7xx_hal_spi.o(.text), UNUSED)
<BR><BR>[Calls]<UL><LI><a href="#[50]">&gt;&gt;</a>&nbsp;&nbsp;&nbsp;HAL_SPI_TransmitReceive_IT
</UL>

<P><STRONG><a name="[52]"></a>HAL_SPI_ErrorCallback</STRONG> (Thumb, 2 bytes, Stack size 0 bytes, stm32h7xx_hal_spi.o(.text))
<BR><BR>[Called By]<UL><LI><a href="#[63]">&gt;&gt;</a>&nbsp;&nbsp;&nbsp;HAL_SPI_IRQHandler
<LI><a href="#[f]">&gt;&gt;</a>&nbsp;&nbsp;&nbsp;SPI_DMAAbortOnError
<LI><a href="#[8]">&gt;&gt;</a>&nbsp;&nbsp;&nbsp;SPI_DMAError
</UL>

<P><STRONG><a name="[53]"></a>HAL_SPI_TxCpltCallback</STRONG> (Thumb, 2 bytes, Stack size 0 bytes, stm32h7xx_hal_spi.o(.text))
<BR><BR>[Called By]<UL><LI><a href="#[63]">&gt;&gt;</a>&nbsp;&nbsp;&nbsp;HAL_SPI_IRQHandler
<LI><a href="#[7]">&gt;&gt;</a>&nbsp;&nbsp;&nbsp;SPI_DMATransmitCplt
</UL>

<P><STRONG><a name="[54]"></a>HAL_SPI_TxHalfCpltCallback</STRONG> (Thumb, 2 bytes, Stack size 0 bytes, stm32h7xx_hal_spi.o(.text))
<BR><BR>[Called By]<UL><LI><a href="#[6]">&gt;&gt;</a>&nbsp;&nbsp;&nbsp;SPI_DMAHalfTransmitCplt
</UL>

<P><STRONG><a name="[55]"></a>HAL_SPI_Transmit_DMA</STRONG> (Thumb, 464 bytes, Stack size 24 bytes, stm32h7xx_hal_spi.o(.text), UNUSED)
<BR><BR>[Calls]<UL><LI><a href="#[56]">&gt;&gt;</a>&nbsp;&nbsp;&nbsp;HAL_DMA_Start_IT
</UL>

<P><STRONG><a name="[57]"></a>HAL_SPI_RxCpltCallback</STRONG> (Thumb, 2 bytes, Stack size 0 bytes, stm32h7xx_hal_spi.o(.text))
<BR><BR>[Called By]<UL><LI><a href="#[63]">&gt;&gt;</a>&nbsp;&nbsp;&nbsp;HAL_SPI_IRQHandler
<LI><a href="#[a]">&gt;&gt;</a>&nbsp;&nbsp;&nbsp;SPI_DMAReceiveCplt
</UL>

<P><STRONG><a name="[58]"></a>HAL_SPI_RxHalfCpltCallback</STRONG> (Thumb, 2 bytes, Stack size 0 bytes, stm32h7xx_hal_spi.o(.text))
<BR><BR>[Called By]<UL><LI><a href="#[9]">&gt;&gt;</a>&nbsp;&nbsp;&nbsp;SPI_DMAHalfReceiveCplt
</UL>

<P><STRONG><a name="[59]"></a>HAL_SPI_TxRxCpltCallback</STRONG> (Thumb, 2 bytes, Stack size 0 bytes, stm32h7xx_hal_spi.o(.text))
<BR><BR>[Called By]<UL><LI><a href="#[63]">&gt;&gt;</a>&nbsp;&nbsp;&nbsp;HAL_SPI_IRQHandler
<LI><a href="#[c]">&gt;&gt;</a>&nbsp;&nbsp;&nbsp;SPI_DMATransmitReceiveCplt
</UL>

<P><STRONG><a name="[5a]"></a>HAL_SPI_TxRxHalfCpltCallback</STRONG> (Thumb, 2 bytes, Stack size 0 bytes, stm32h7xx_hal_spi.o(.text))
<BR><BR>[Called By]<UL><LI><a href="#[b]">&gt;&gt;</a>&nbsp;&nbsp;&nbsp;SPI_DMAHalfTransmitReceiveCplt
</UL>

<P><STRONG><a name="[5b]"></a>HAL_SPI_TransmitReceive_DMA</STRONG> (Thumb, 678 bytes, Stack size 32 bytes, stm32h7xx_hal_spi.o(.text), UNUSED)
<BR><BR>[Calls]<UL><LI><a href="#[56]">&gt;&gt;</a>&nbsp;&nbsp;&nbsp;HAL_DMA_Start_IT
</UL>
<BR>[Called By]<UL><LI><a href="#[5c]">&gt;&gt;</a>&nbsp;&nbsp;&nbsp;HAL_SPI_Receive_DMA
</UL>

<P><STRONG><a name="[5c]"></a>HAL_SPI_Receive_DMA</STRONG> (Thumb, 494 bytes, Stack size 24 bytes, stm32h7xx_hal_spi.o(.text), UNUSED)
<BR><BR>[Calls]<UL><LI><a href="#[56]">&gt;&gt;</a>&nbsp;&nbsp;&nbsp;HAL_DMA_Start_IT
<LI><a href="#[5b]">&gt;&gt;</a>&nbsp;&nbsp;&nbsp;HAL_SPI_TransmitReceive_DMA
</UL>

<P><STRONG><a name="[5d]"></a>HAL_SPI_Abort</STRONG> (Thumb, 306 bytes, Stack size 16 bytes, stm32h7xx_hal_spi.o(.text), UNUSED)
<BR><BR>[Calls]<UL><LI><a href="#[51]">&gt;&gt;</a>&nbsp;&nbsp;&nbsp;HAL_DMA_GetError
<LI><a href="#[5e]">&gt;&gt;</a>&nbsp;&nbsp;&nbsp;HAL_DMA_Abort
<LI><a href="#[5f]">&gt;&gt;</a>&nbsp;&nbsp;&nbsp;SPI_AbortTransfer
</UL>

<P><STRONG><a name="[60]"></a>HAL_SPI_AbortCpltCallback</STRONG> (Thumb, 2 bytes, Stack size 0 bytes, stm32h7xx_hal_spi.o(.text))
<BR><BR>[Called By]<UL><LI><a href="#[61]">&gt;&gt;</a>&nbsp;&nbsp;&nbsp;HAL_SPI_Abort_IT
<LI><a href="#[d]">&gt;&gt;</a>&nbsp;&nbsp;&nbsp;SPI_DMATxAbortCallback
<LI><a href="#[e]">&gt;&gt;</a>&nbsp;&nbsp;&nbsp;SPI_DMARxAbortCallback
</UL>

<P><STRONG><a name="[61]"></a>HAL_SPI_Abort_IT</STRONG> (Thumb, 282 bytes, Stack size 24 bytes, stm32h7xx_hal_spi.o(.text), UNUSED)
<BR><BR>[Calls]<UL><LI><a href="#[60]">&gt;&gt;</a>&nbsp;&nbsp;&nbsp;HAL_SPI_AbortCpltCallback
<LI><a href="#[51]">&gt;&gt;</a>&nbsp;&nbsp;&nbsp;HAL_DMA_GetError
<LI><a href="#[62]">&gt;&gt;</a>&nbsp;&nbsp;&nbsp;HAL_DMA_Abort_IT
<LI><a href="#[5f]">&gt;&gt;</a>&nbsp;&nbsp;&nbsp;SPI_AbortTransfer
</UL>

<P><STRONG><a name="[17e]"></a>HAL_SPI_DMAPause</STRONG> (Thumb, 18 bytes, Stack size 0 bytes, stm32h7xx_hal_spi.o(.text), UNUSED)

<P><STRONG><a name="[17f]"></a>HAL_SPI_DMAResume</STRONG> (Thumb, 18 bytes, Stack size 0 bytes, stm32h7xx_hal_spi.o(.text), UNUSED)

<P><STRONG><a name="[180]"></a>HAL_SPI_DMAStop</STRONG> (Thumb, 18 bytes, Stack size 0 bytes, stm32h7xx_hal_spi.o(.text), UNUSED)

<P><STRONG><a name="[63]"></a>HAL_SPI_IRQHandler</STRONG> (Thumb, 702 bytes, Stack size 40 bytes, stm32h7xx_hal_spi.o(.text), UNUSED)
<BR><BR>[Calls]<UL><LI><a href="#[59]">&gt;&gt;</a>&nbsp;&nbsp;&nbsp;HAL_SPI_TxRxCpltCallback
<LI><a href="#[57]">&gt;&gt;</a>&nbsp;&nbsp;&nbsp;HAL_SPI_RxCpltCallback
<LI><a href="#[53]">&gt;&gt;</a>&nbsp;&nbsp;&nbsp;HAL_SPI_TxCpltCallback
<LI><a href="#[52]">&gt;&gt;</a>&nbsp;&nbsp;&nbsp;HAL_SPI_ErrorCallback
<LI><a href="#[62]">&gt;&gt;</a>&nbsp;&nbsp;&nbsp;HAL_DMA_Abort_IT
<LI><a href="#[4c]">&gt;&gt;</a>&nbsp;&nbsp;&nbsp;SPI_CloseTransfer
</UL>

<P><STRONG><a name="[181]"></a>HAL_SPI_GetState</STRONG> (Thumb, 8 bytes, Stack size 0 bytes, stm32h7xx_hal_spi.o(.text), UNUSED)

<P><STRONG><a name="[182]"></a>HAL_SPI_GetError</STRONG> (Thumb, 8 bytes, Stack size 0 bytes, stm32h7xx_hal_spi.o(.text), UNUSED)

<P><STRONG><a name="[183]"></a>HAL_SPIEx_FlushRxFifo</STRONG> (Thumb, 88 bytes, Stack size 12 bytes, stm32h7xx_hal_spi_ex.o(.text), UNUSED)

<P><STRONG><a name="[184]"></a>HAL_SPIEx_EnableLockConfiguration</STRONG> (Thumb, 136 bytes, Stack size 0 bytes, stm32h7xx_hal_spi_ex.o(.text), UNUSED)

<P><STRONG><a name="[185]"></a>HAL_SPIEx_ConfigureUnderrun</STRONG> (Thumb, 174 bytes, Stack size 12 bytes, stm32h7xx_hal_spi_ex.o(.text), UNUSED)

<P><STRONG><a name="[64]"></a>HAL_RCC_DeInit</STRONG> (Thumb, 522 bytes, Stack size 8 bytes, stm32h7xx_hal_rcc.o(.text), UNUSED)
<BR><BR>[Calls]<UL><LI><a href="#[4b]">&gt;&gt;</a>&nbsp;&nbsp;&nbsp;HAL_GetTick
<LI><a href="#[65]">&gt;&gt;</a>&nbsp;&nbsp;&nbsp;HAL_InitTick
</UL>

<P><STRONG><a name="[1d]"></a>HAL_RCC_OscConfig</STRONG> (Thumb, 1990 bytes, Stack size 32 bytes, stm32h7xx_hal_rcc.o(.text), UNUSED)
<BR><BR>[Calls]<UL><LI><a href="#[66]">&gt;&gt;</a>&nbsp;&nbsp;&nbsp;HAL_GetREVID
<LI><a href="#[4b]">&gt;&gt;</a>&nbsp;&nbsp;&nbsp;HAL_GetTick
</UL>
<BR>[Called By]<UL><LI><a href="#[1a]">&gt;&gt;</a>&nbsp;&nbsp;&nbsp;SystemClock_Config
</UL>

<P><STRONG><a name="[67]"></a>HAL_RCC_GetSysClockFreq</STRONG> (Thumb, 518 bytes, Stack size 20 bytes, stm32h7xx_hal_rcc.o(.text), UNUSED)
<BR><BR>[Called By]<UL><LI><a href="#[78]">&gt;&gt;</a>&nbsp;&nbsp;&nbsp;HAL_RCCEx_GetD1SysClockFreq
<LI><a href="#[69]">&gt;&gt;</a>&nbsp;&nbsp;&nbsp;HAL_RCC_GetHCLKFreq
<LI><a href="#[1f]">&gt;&gt;</a>&nbsp;&nbsp;&nbsp;HAL_RCC_ClockConfig
<LI><a href="#[ca]">&gt;&gt;</a>&nbsp;&nbsp;&nbsp;HAL_Init
</UL>

<P><STRONG><a name="[1f]"></a>HAL_RCC_ClockConfig</STRONG> (Thumb, 818 bytes, Stack size 24 bytes, stm32h7xx_hal_rcc.o(.text), UNUSED)
<BR><BR>[Calls]<UL><LI><a href="#[67]">&gt;&gt;</a>&nbsp;&nbsp;&nbsp;HAL_RCC_GetSysClockFreq
<LI><a href="#[4b]">&gt;&gt;</a>&nbsp;&nbsp;&nbsp;HAL_GetTick
<LI><a href="#[65]">&gt;&gt;</a>&nbsp;&nbsp;&nbsp;HAL_InitTick
</UL>
<BR>[Called By]<UL><LI><a href="#[1a]">&gt;&gt;</a>&nbsp;&nbsp;&nbsp;SystemClock_Config
</UL>

<P><STRONG><a name="[68]"></a>HAL_RCC_MCOConfig</STRONG> (Thumb, 182 bytes, Stack size 40 bytes, stm32h7xx_hal_rcc.o(.text), UNUSED)
<BR><BR>[Calls]<UL><LI><a href="#[22]">&gt;&gt;</a>&nbsp;&nbsp;&nbsp;HAL_GPIO_Init
</UL>

<P><STRONG><a name="[186]"></a>HAL_RCC_EnableCSS</STRONG> (Thumb, 18 bytes, Stack size 0 bytes, stm32h7xx_hal_rcc.o(.text), UNUSED)

<P><STRONG><a name="[187]"></a>HAL_RCC_DisableCSS</STRONG> (Thumb, 18 bytes, Stack size 0 bytes, stm32h7xx_hal_rcc.o(.text), UNUSED)

<P><STRONG><a name="[69]"></a>HAL_RCC_GetHCLKFreq</STRONG> (Thumb, 102 bytes, Stack size 8 bytes, stm32h7xx_hal_rcc.o(.text), UNUSED)
<BR><BR>[Calls]<UL><LI><a href="#[67]">&gt;&gt;</a>&nbsp;&nbsp;&nbsp;HAL_RCC_GetSysClockFreq
</UL>
<BR>[Called By]<UL><LI><a href="#[77]">&gt;&gt;</a>&nbsp;&nbsp;&nbsp;HAL_RCCEx_GetD1PCLK1Freq
<LI><a href="#[72]">&gt;&gt;</a>&nbsp;&nbsp;&nbsp;HAL_RCCEx_GetD3PCLK1Freq
<LI><a href="#[6b]">&gt;&gt;</a>&nbsp;&nbsp;&nbsp;HAL_RCC_GetPCLK2Freq
<LI><a href="#[6a]">&gt;&gt;</a>&nbsp;&nbsp;&nbsp;HAL_RCC_GetPCLK1Freq
</UL>

<P><STRONG><a name="[6a]"></a>HAL_RCC_GetPCLK1Freq</STRONG> (Thumb, 28 bytes, Stack size 4 bytes, stm32h7xx_hal_rcc.o(.text), UNUSED)
<BR><BR>[Calls]<UL><LI><a href="#[69]">&gt;&gt;</a>&nbsp;&nbsp;&nbsp;HAL_RCC_GetHCLKFreq
</UL>

<P><STRONG><a name="[6b]"></a>HAL_RCC_GetPCLK2Freq</STRONG> (Thumb, 30 bytes, Stack size 4 bytes, stm32h7xx_hal_rcc.o(.text), UNUSED)
<BR><BR>[Calls]<UL><LI><a href="#[69]">&gt;&gt;</a>&nbsp;&nbsp;&nbsp;HAL_RCC_GetHCLKFreq
</UL>

<P><STRONG><a name="[6c]"></a>HAL_RCC_GetOscConfig</STRONG> (Thumb, 414 bytes, Stack size 8 bytes, stm32h7xx_hal_rcc.o(.text), UNUSED)
<BR><BR>[Calls]<UL><LI><a href="#[66]">&gt;&gt;</a>&nbsp;&nbsp;&nbsp;HAL_GetREVID
</UL>

<P><STRONG><a name="[188]"></a>HAL_RCC_GetClockConfig</STRONG> (Thumb, 96 bytes, Stack size 0 bytes, stm32h7xx_hal_rcc.o(.text), UNUSED)

<P><STRONG><a name="[6e]"></a>HAL_RCC_CSSCallback</STRONG> (Thumb, 2 bytes, Stack size 0 bytes, stm32h7xx_hal_rcc.o(.text), UNUSED)
<BR><BR>[Called By]<UL><LI><a href="#[6d]">&gt;&gt;</a>&nbsp;&nbsp;&nbsp;HAL_RCC_NMI_IRQHandler
</UL>

<P><STRONG><a name="[6d]"></a>HAL_RCC_NMI_IRQHandler</STRONG> (Thumb, 34 bytes, Stack size 8 bytes, stm32h7xx_hal_rcc.o(.text), UNUSED)
<BR><BR>[Calls]<UL><LI><a href="#[6e]">&gt;&gt;</a>&nbsp;&nbsp;&nbsp;HAL_RCC_CSSCallback
</UL>

<P><STRONG><a name="[71]"></a>HAL_RCCEx_PeriphCLKConfig</STRONG> (Thumb, 2938 bytes, Stack size 24 bytes, stm32h7xx_hal_rcc_ex.o(.text), UNUSED)
<BR><BR>[Calls]<UL><LI><a href="#[70]">&gt;&gt;</a>&nbsp;&nbsp;&nbsp;RCCEx_PLL2_Config
<LI><a href="#[6f]">&gt;&gt;</a>&nbsp;&nbsp;&nbsp;RCCEx_PLL3_Config
<LI><a href="#[4b]">&gt;&gt;</a>&nbsp;&nbsp;&nbsp;HAL_GetTick
</UL>

<P><STRONG><a name="[189]"></a>HAL_RCCEx_GetPeriphCLKConfig</STRONG> (Thumb, 604 bytes, Stack size 0 bytes, stm32h7xx_hal_rcc_ex.o(.text), UNUSED)

<P><STRONG><a name="[75]"></a>HAL_RCCEx_GetPLL2ClockFreq</STRONG> (Thumb, 540 bytes, Stack size 16 bytes, stm32h7xx_hal_rcc_ex.o(.text), UNUSED)
<BR><BR>[Called By]<UL><LI><a href="#[73]">&gt;&gt;</a>&nbsp;&nbsp;&nbsp;HAL_RCCEx_GetPeriphCLKFreq
</UL>

<P><STRONG><a name="[74]"></a>HAL_RCCEx_GetPLL1ClockFreq</STRONG> (Thumb, 560 bytes, Stack size 16 bytes, stm32h7xx_hal_rcc_ex.o(.text), UNUSED)
<BR><BR>[Called By]<UL><LI><a href="#[73]">&gt;&gt;</a>&nbsp;&nbsp;&nbsp;HAL_RCCEx_GetPeriphCLKFreq
</UL>

<P><STRONG><a name="[76]"></a>HAL_RCCEx_GetPLL3ClockFreq</STRONG> (Thumb, 540 bytes, Stack size 16 bytes, stm32h7xx_hal_rcc_ex.o(.text), UNUSED)
<BR><BR>[Called By]<UL><LI><a href="#[73]">&gt;&gt;</a>&nbsp;&nbsp;&nbsp;HAL_RCCEx_GetPeriphCLKFreq
</UL>

<P><STRONG><a name="[72]"></a>HAL_RCCEx_GetD3PCLK1Freq</STRONG> (Thumb, 30 bytes, Stack size 8 bytes, stm32h7xx_hal_rcc_ex.o(.text), UNUSED)
<BR><BR>[Calls]<UL><LI><a href="#[69]">&gt;&gt;</a>&nbsp;&nbsp;&nbsp;HAL_RCC_GetHCLKFreq
</UL>
<BR>[Called By]<UL><LI><a href="#[73]">&gt;&gt;</a>&nbsp;&nbsp;&nbsp;HAL_RCCEx_GetPeriphCLKFreq
</UL>

<P><STRONG><a name="[73]"></a>HAL_RCCEx_GetPeriphCLKFreq</STRONG> (Thumb, 1870 bytes, Stack size 64 bytes, stm32h7xx_hal_rcc_ex.o(.text), UNUSED)
<BR><BR>[Calls]<UL><LI><a href="#[72]">&gt;&gt;</a>&nbsp;&nbsp;&nbsp;HAL_RCCEx_GetD3PCLK1Freq
<LI><a href="#[76]">&gt;&gt;</a>&nbsp;&nbsp;&nbsp;HAL_RCCEx_GetPLL3ClockFreq
<LI><a href="#[74]">&gt;&gt;</a>&nbsp;&nbsp;&nbsp;HAL_RCCEx_GetPLL1ClockFreq
<LI><a href="#[75]">&gt;&gt;</a>&nbsp;&nbsp;&nbsp;HAL_RCCEx_GetPLL2ClockFreq
</UL>

<P><STRONG><a name="[77]"></a>HAL_RCCEx_GetD1PCLK1Freq</STRONG> (Thumb, 30 bytes, Stack size 8 bytes, stm32h7xx_hal_rcc_ex.o(.text), UNUSED)
<BR><BR>[Calls]<UL><LI><a href="#[69]">&gt;&gt;</a>&nbsp;&nbsp;&nbsp;HAL_RCC_GetHCLKFreq
</UL>

<P><STRONG><a name="[78]"></a>HAL_RCCEx_GetD1SysClockFreq</STRONG> (Thumb, 70 bytes, Stack size 8 bytes, stm32h7xx_hal_rcc_ex.o(.text), UNUSED)
<BR><BR>[Calls]<UL><LI><a href="#[67]">&gt;&gt;</a>&nbsp;&nbsp;&nbsp;HAL_RCC_GetSysClockFreq
</UL>

<P><STRONG><a name="[18a]"></a>HAL_RCCEx_EnableLSECSS</STRONG> (Thumb, 18 bytes, Stack size 0 bytes, stm32h7xx_hal_rcc_ex.o(.text), UNUSED)

<P><STRONG><a name="[18b]"></a>HAL_RCCEx_DisableLSECSS</STRONG> (Thumb, 34 bytes, Stack size 0 bytes, stm32h7xx_hal_rcc_ex.o(.text), UNUSED)

<P><STRONG><a name="[18c]"></a>HAL_RCCEx_EnableLSECSS_IT</STRONG> (Thumb, 60 bytes, Stack size 0 bytes, stm32h7xx_hal_rcc_ex.o(.text), UNUSED)

<P><STRONG><a name="[18d]"></a>HAL_RCCEx_WakeUpStopCLKConfig</STRONG> (Thumb, 20 bytes, Stack size 0 bytes, stm32h7xx_hal_rcc_ex.o(.text), UNUSED)

<P><STRONG><a name="[18e]"></a>HAL_RCCEx_KerWakeUpStopCLKConfig</STRONG> (Thumb, 20 bytes, Stack size 0 bytes, stm32h7xx_hal_rcc_ex.o(.text), UNUSED)

<P><STRONG><a name="[18f]"></a>HAL_RCCEx_WWDGxSysResetConfig</STRONG> (Thumb, 16 bytes, Stack size 0 bytes, stm32h7xx_hal_rcc_ex.o(.text), UNUSED)

<P><STRONG><a name="[79]"></a>HAL_RCCEx_CRSConfig</STRONG> (Thumb, 118 bytes, Stack size 16 bytes, stm32h7xx_hal_rcc_ex.o(.text), UNUSED)
<BR><BR>[Calls]<UL><LI><a href="#[66]">&gt;&gt;</a>&nbsp;&nbsp;&nbsp;HAL_GetREVID
</UL>

<P><STRONG><a name="[190]"></a>HAL_RCCEx_CRSSoftwareSynchronizationGenerate</STRONG> (Thumb, 18 bytes, Stack size 0 bytes, stm32h7xx_hal_rcc_ex.o(.text), UNUSED)

<P><STRONG><a name="[191]"></a>HAL_RCCEx_CRSGetSynchronizationInfo</STRONG> (Thumb, 44 bytes, Stack size 0 bytes, stm32h7xx_hal_rcc_ex.o(.text), UNUSED)

<P><STRONG><a name="[7a]"></a>HAL_RCCEx_CRSWaitSynchronization</STRONG> (Thumb, 254 bytes, Stack size 16 bytes, stm32h7xx_hal_rcc_ex.o(.text), UNUSED)
<BR><BR>[Calls]<UL><LI><a href="#[4b]">&gt;&gt;</a>&nbsp;&nbsp;&nbsp;HAL_GetTick
</UL>

<P><STRONG><a name="[7f]"></a>HAL_RCCEx_CRS_ErrorCallback</STRONG> (Thumb, 2 bytes, Stack size 0 bytes, stm32h7xx_hal_rcc_ex.o(.text), UNUSED)
<BR><BR>[Called By]<UL><LI><a href="#[7b]">&gt;&gt;</a>&nbsp;&nbsp;&nbsp;HAL_RCCEx_CRS_IRQHandler
</UL>

<P><STRONG><a name="[7e]"></a>HAL_RCCEx_CRS_ExpectedSyncCallback</STRONG> (Thumb, 2 bytes, Stack size 0 bytes, stm32h7xx_hal_rcc_ex.o(.text), UNUSED)
<BR><BR>[Called By]<UL><LI><a href="#[7b]">&gt;&gt;</a>&nbsp;&nbsp;&nbsp;HAL_RCCEx_CRS_IRQHandler
</UL>

<P><STRONG><a name="[7d]"></a>HAL_RCCEx_CRS_SyncWarnCallback</STRONG> (Thumb, 2 bytes, Stack size 0 bytes, stm32h7xx_hal_rcc_ex.o(.text), UNUSED)
<BR><BR>[Called By]<UL><LI><a href="#[7b]">&gt;&gt;</a>&nbsp;&nbsp;&nbsp;HAL_RCCEx_CRS_IRQHandler
</UL>

<P><STRONG><a name="[7c]"></a>HAL_RCCEx_CRS_SyncOkCallback</STRONG> (Thumb, 2 bytes, Stack size 0 bytes, stm32h7xx_hal_rcc_ex.o(.text), UNUSED)
<BR><BR>[Called By]<UL><LI><a href="#[7b]">&gt;&gt;</a>&nbsp;&nbsp;&nbsp;HAL_RCCEx_CRS_IRQHandler
</UL>

<P><STRONG><a name="[7b]"></a>HAL_RCCEx_CRS_IRQHandler</STRONG> (Thumb, 152 bytes, Stack size 16 bytes, stm32h7xx_hal_rcc_ex.o(.text), UNUSED)
<BR><BR>[Calls]<UL><LI><a href="#[7c]">&gt;&gt;</a>&nbsp;&nbsp;&nbsp;HAL_RCCEx_CRS_SyncOkCallback
<LI><a href="#[7d]">&gt;&gt;</a>&nbsp;&nbsp;&nbsp;HAL_RCCEx_CRS_SyncWarnCallback
<LI><a href="#[7e]">&gt;&gt;</a>&nbsp;&nbsp;&nbsp;HAL_RCCEx_CRS_ExpectedSyncCallback
<LI><a href="#[7f]">&gt;&gt;</a>&nbsp;&nbsp;&nbsp;HAL_RCCEx_CRS_ErrorCallback
</UL>

<P><STRONG><a name="[81]"></a>HAL_RCCEx_LSECSS_Callback</STRONG> (Thumb, 2 bytes, Stack size 0 bytes, stm32h7xx_hal_rcc_ex.o(.text), UNUSED)
<BR><BR>[Called By]<UL><LI><a href="#[80]">&gt;&gt;</a>&nbsp;&nbsp;&nbsp;HAL_RCCEx_LSECSS_IRQHandler
</UL>

<P><STRONG><a name="[80]"></a>HAL_RCCEx_LSECSS_IRQHandler</STRONG> (Thumb, 32 bytes, Stack size 8 bytes, stm32h7xx_hal_rcc_ex.o(.text), UNUSED)
<BR><BR>[Calls]<UL><LI><a href="#[81]">&gt;&gt;</a>&nbsp;&nbsp;&nbsp;HAL_RCCEx_LSECSS_Callback
</UL>

<P><STRONG><a name="[82]"></a>FLASH_WaitForLastOperation</STRONG> (Thumb, 118 bytes, Stack size 24 bytes, stm32h7xx_hal_flash.o(.text), UNUSED)
<BR><BR>[Calls]<UL><LI><a href="#[4b]">&gt;&gt;</a>&nbsp;&nbsp;&nbsp;HAL_GetTick
</UL>
<BR>[Called By]<UL><LI><a href="#[8f]">&gt;&gt;</a>&nbsp;&nbsp;&nbsp;HAL_FLASHEx_OBProgram
<LI><a href="#[8e]">&gt;&gt;</a>&nbsp;&nbsp;&nbsp;HAL_FLASHEx_Erase_IT
<LI><a href="#[8c]">&gt;&gt;</a>&nbsp;&nbsp;&nbsp;HAL_FLASHEx_Erase
<LI><a href="#[84]">&gt;&gt;</a>&nbsp;&nbsp;&nbsp;HAL_FLASH_Program_IT
<LI><a href="#[83]">&gt;&gt;</a>&nbsp;&nbsp;&nbsp;HAL_FLASH_Program
</UL>

<P><STRONG><a name="[83]"></a>HAL_FLASH_Program</STRONG> (Thumb, 236 bytes, Stack size 32 bytes, stm32h7xx_hal_flash.o(.text), UNUSED)
<BR><BR>[Calls]<UL><LI><a href="#[82]">&gt;&gt;</a>&nbsp;&nbsp;&nbsp;FLASH_WaitForLastOperation
</UL>

<P><STRONG><a name="[84]"></a>HAL_FLASH_Program_IT</STRONG> (Thumb, 228 bytes, Stack size 32 bytes, stm32h7xx_hal_flash.o(.text), UNUSED)
<BR><BR>[Calls]<UL><LI><a href="#[82]">&gt;&gt;</a>&nbsp;&nbsp;&nbsp;FLASH_WaitForLastOperation
</UL>

<P><STRONG><a name="[88]"></a>HAL_FLASH_OperationErrorCallback</STRONG> (Thumb, 2 bytes, Stack size 0 bytes, stm32h7xx_hal_flash.o(.text), UNUSED)
<BR><BR>[Called By]<UL><LI><a href="#[85]">&gt;&gt;</a>&nbsp;&nbsp;&nbsp;HAL_FLASH_IRQHandler
</UL>

<P><STRONG><a name="[86]"></a>HAL_FLASH_EndOfOperationCallback</STRONG> (Thumb, 2 bytes, Stack size 0 bytes, stm32h7xx_hal_flash.o(.text), UNUSED)
<BR><BR>[Called By]<UL><LI><a href="#[85]">&gt;&gt;</a>&nbsp;&nbsp;&nbsp;HAL_FLASH_IRQHandler
</UL>

<P><STRONG><a name="[85]"></a>HAL_FLASH_IRQHandler</STRONG> (Thumb, 292 bytes, Stack size 16 bytes, stm32h7xx_hal_flash.o(.text), UNUSED)
<BR><BR>[Calls]<UL><LI><a href="#[86]">&gt;&gt;</a>&nbsp;&nbsp;&nbsp;HAL_FLASH_EndOfOperationCallback
<LI><a href="#[88]">&gt;&gt;</a>&nbsp;&nbsp;&nbsp;HAL_FLASH_OperationErrorCallback
<LI><a href="#[87]">&gt;&gt;</a>&nbsp;&nbsp;&nbsp;FLASH_Erase_Sector
</UL>

<P><STRONG><a name="[192]"></a>HAL_FLASH_Unlock</STRONG> (Thumb, 38 bytes, Stack size 0 bytes, stm32h7xx_hal_flash.o(.text), UNUSED)

<P><STRONG><a name="[193]"></a>HAL_FLASH_Lock</STRONG> (Thumb, 30 bytes, Stack size 0 bytes, stm32h7xx_hal_flash.o(.text), UNUSED)

<P><STRONG><a name="[194]"></a>HAL_FLASH_OB_Unlock</STRONG> (Thumb, 38 bytes, Stack size 0 bytes, stm32h7xx_hal_flash.o(.text), UNUSED)

<P><STRONG><a name="[195]"></a>HAL_FLASH_OB_Lock</STRONG> (Thumb, 64 bytes, Stack size 0 bytes, stm32h7xx_hal_flash.o(.text), UNUSED)

<P><STRONG><a name="[89]"></a>FLASH_OB_WaitForLastOperation</STRONG> (Thumb, 90 bytes, Stack size 16 bytes, stm32h7xx_hal_flash.o(.text), UNUSED)
<BR><BR>[Calls]<UL><LI><a href="#[4b]">&gt;&gt;</a>&nbsp;&nbsp;&nbsp;HAL_GetTick
</UL>
<BR>[Called By]<UL><LI><a href="#[a0]">&gt;&gt;</a>&nbsp;&nbsp;&nbsp;HAL_FLASHEx_ComputeCRC
<LI><a href="#[8b]">&gt;&gt;</a>&nbsp;&nbsp;&nbsp;HAL_FLASH_OB_Launch
</UL>

<P><STRONG><a name="[8a]"></a>FLASH_CRC_WaitForLastOperation</STRONG> (Thumb, 106 bytes, Stack size 24 bytes, stm32h7xx_hal_flash.o(.text), UNUSED)
<BR><BR>[Calls]<UL><LI><a href="#[4b]">&gt;&gt;</a>&nbsp;&nbsp;&nbsp;HAL_GetTick
</UL>
<BR>[Called By]<UL><LI><a href="#[a0]">&gt;&gt;</a>&nbsp;&nbsp;&nbsp;HAL_FLASHEx_ComputeCRC
<LI><a href="#[8b]">&gt;&gt;</a>&nbsp;&nbsp;&nbsp;HAL_FLASH_OB_Launch
</UL>

<P><STRONG><a name="[8b]"></a>HAL_FLASH_OB_Launch</STRONG> (Thumb, 48 bytes, Stack size 8 bytes, stm32h7xx_hal_flash.o(.text), UNUSED)
<BR><BR>[Calls]<UL><LI><a href="#[8a]">&gt;&gt;</a>&nbsp;&nbsp;&nbsp;FLASH_CRC_WaitForLastOperation
<LI><a href="#[89]">&gt;&gt;</a>&nbsp;&nbsp;&nbsp;FLASH_OB_WaitForLastOperation
</UL>

<P><STRONG><a name="[196]"></a>HAL_FLASH_GetError</STRONG> (Thumb, 8 bytes, Stack size 0 bytes, stm32h7xx_hal_flash.o(.text), UNUSED)

<P><STRONG><a name="[87]"></a>FLASH_Erase_Sector</STRONG> (Thumb, 42 bytes, Stack size 8 bytes, stm32h7xx_hal_flash_ex.o(.text), UNUSED)
<BR><BR>[Called By]<UL><LI><a href="#[8e]">&gt;&gt;</a>&nbsp;&nbsp;&nbsp;HAL_FLASHEx_Erase_IT
<LI><a href="#[8c]">&gt;&gt;</a>&nbsp;&nbsp;&nbsp;HAL_FLASHEx_Erase
<LI><a href="#[85]">&gt;&gt;</a>&nbsp;&nbsp;&nbsp;HAL_FLASH_IRQHandler
</UL>

<P><STRONG><a name="[8c]"></a>HAL_FLASHEx_Erase</STRONG> (Thumb, 208 bytes, Stack size 24 bytes, stm32h7xx_hal_flash_ex.o(.text), UNUSED)
<BR><BR>[Calls]<UL><LI><a href="#[8d]">&gt;&gt;</a>&nbsp;&nbsp;&nbsp;FLASH_MassErase
<LI><a href="#[87]">&gt;&gt;</a>&nbsp;&nbsp;&nbsp;FLASH_Erase_Sector
<LI><a href="#[82]">&gt;&gt;</a>&nbsp;&nbsp;&nbsp;FLASH_WaitForLastOperation
</UL>

<P><STRONG><a name="[8e]"></a>HAL_FLASHEx_Erase_IT</STRONG> (Thumb, 166 bytes, Stack size 16 bytes, stm32h7xx_hal_flash_ex.o(.text), UNUSED)
<BR><BR>[Calls]<UL><LI><a href="#[8d]">&gt;&gt;</a>&nbsp;&nbsp;&nbsp;FLASH_MassErase
<LI><a href="#[87]">&gt;&gt;</a>&nbsp;&nbsp;&nbsp;FLASH_Erase_Sector
<LI><a href="#[82]">&gt;&gt;</a>&nbsp;&nbsp;&nbsp;FLASH_WaitForLastOperation
</UL>

<P><STRONG><a name="[8f]"></a>HAL_FLASHEx_OBProgram</STRONG> (Thumb, 212 bytes, Stack size 16 bytes, stm32h7xx_hal_flash_ex.o(.text), UNUSED)
<BR><BR>[Calls]<UL><LI><a href="#[90]">&gt;&gt;</a>&nbsp;&nbsp;&nbsp;FLASH_OB_EnableWRP
<LI><a href="#[91]">&gt;&gt;</a>&nbsp;&nbsp;&nbsp;FLASH_OB_DisableWRP
<LI><a href="#[92]">&gt;&gt;</a>&nbsp;&nbsp;&nbsp;FLASH_OB_RDPConfig
<LI><a href="#[93]">&gt;&gt;</a>&nbsp;&nbsp;&nbsp;FLASH_OB_UserConfig
<LI><a href="#[94]">&gt;&gt;</a>&nbsp;&nbsp;&nbsp;FLASH_OB_PCROPConfig
<LI><a href="#[95]">&gt;&gt;</a>&nbsp;&nbsp;&nbsp;FLASH_OB_BOR_LevelConfig
<LI><a href="#[96]">&gt;&gt;</a>&nbsp;&nbsp;&nbsp;FLASH_OB_BootAddConfig
<LI><a href="#[97]">&gt;&gt;</a>&nbsp;&nbsp;&nbsp;FLASH_OB_SecureAreaConfig
<LI><a href="#[82]">&gt;&gt;</a>&nbsp;&nbsp;&nbsp;FLASH_WaitForLastOperation
</UL>

<P><STRONG><a name="[98]"></a>HAL_FLASHEx_OBGetConfig</STRONG> (Thumb, 100 bytes, Stack size 8 bytes, stm32h7xx_hal_flash_ex.o(.text), UNUSED)
<BR><BR>[Calls]<UL><LI><a href="#[99]">&gt;&gt;</a>&nbsp;&nbsp;&nbsp;FLASH_OB_GetRDP
<LI><a href="#[9a]">&gt;&gt;</a>&nbsp;&nbsp;&nbsp;FLASH_OB_GetUser
<LI><a href="#[9b]">&gt;&gt;</a>&nbsp;&nbsp;&nbsp;FLASH_OB_GetBOR
<LI><a href="#[9c]">&gt;&gt;</a>&nbsp;&nbsp;&nbsp;FLASH_OB_GetWRP
<LI><a href="#[9d]">&gt;&gt;</a>&nbsp;&nbsp;&nbsp;FLASH_OB_GetPCROP
<LI><a href="#[9e]">&gt;&gt;</a>&nbsp;&nbsp;&nbsp;FLASH_OB_GetSecureArea
<LI><a href="#[9f]">&gt;&gt;</a>&nbsp;&nbsp;&nbsp;FLASH_OB_GetBootAdd
</UL>

<P><STRONG><a name="[197]"></a>HAL_FLASHEx_Unlock_Bank1</STRONG> (Thumb, 38 bytes, Stack size 0 bytes, stm32h7xx_hal_flash_ex.o(.text), UNUSED)

<P><STRONG><a name="[198]"></a>HAL_FLASHEx_Lock_Bank1</STRONG> (Thumb, 16 bytes, Stack size 0 bytes, stm32h7xx_hal_flash_ex.o(.text), UNUSED)

<P><STRONG><a name="[a0]"></a>HAL_FLASHEx_ComputeCRC</STRONG> (Thumb, 200 bytes, Stack size 24 bytes, stm32h7xx_hal_flash_ex.o(.text), UNUSED)
<BR><BR>[Calls]<UL><LI><a href="#[a1]">&gt;&gt;</a>&nbsp;&nbsp;&nbsp;FLASH_CRC_AddSector
<LI><a href="#[a2]">&gt;&gt;</a>&nbsp;&nbsp;&nbsp;FLASH_CRC_SelectAddress
<LI><a href="#[8a]">&gt;&gt;</a>&nbsp;&nbsp;&nbsp;FLASH_CRC_WaitForLastOperation
<LI><a href="#[89]">&gt;&gt;</a>&nbsp;&nbsp;&nbsp;FLASH_OB_WaitForLastOperation
</UL>

<P><STRONG><a name="[22]"></a>HAL_GPIO_Init</STRONG> (Thumb, 468 bytes, Stack size 24 bytes, stm32h7xx_hal_gpio.o(.text), UNUSED)
<BR><BR>[Called By]<UL><LI><a href="#[68]">&gt;&gt;</a>&nbsp;&nbsp;&nbsp;HAL_RCC_MCOConfig
<LI><a href="#[26]">&gt;&gt;</a>&nbsp;&nbsp;&nbsp;HAL_SPI_MspInit
<LI><a href="#[20]">&gt;&gt;</a>&nbsp;&nbsp;&nbsp;MX_GPIO_Init
</UL>

<P><STRONG><a name="[28]"></a>HAL_GPIO_DeInit</STRONG> (Thumb, 328 bytes, Stack size 20 bytes, stm32h7xx_hal_gpio.o(.text), UNUSED)
<BR><BR>[Called By]<UL><LI><a href="#[27]">&gt;&gt;</a>&nbsp;&nbsp;&nbsp;HAL_SPI_MspDeInit
</UL>

<P><STRONG><a name="[199]"></a>HAL_GPIO_ReadPin</STRONG> (Thumb, 16 bytes, Stack size 0 bytes, stm32h7xx_hal_gpio.o(.text), UNUSED)

<P><STRONG><a name="[21]"></a>HAL_GPIO_WritePin</STRONG> (Thumb, 12 bytes, Stack size 0 bytes, stm32h7xx_hal_gpio.o(.text), UNUSED)
<BR><BR>[Called By]<UL><LI><a href="#[38]">&gt;&gt;</a>&nbsp;&nbsp;&nbsp;_wPin
<LI><a href="#[20]">&gt;&gt;</a>&nbsp;&nbsp;&nbsp;MX_GPIO_Init
</UL>

<P><STRONG><a name="[19a]"></a>HAL_GPIO_TogglePin</STRONG> (Thumb, 20 bytes, Stack size 8 bytes, stm32h7xx_hal_gpio.o(.text), UNUSED)

<P><STRONG><a name="[19b]"></a>HAL_GPIO_LockPin</STRONG> (Thumb, 46 bytes, Stack size 8 bytes, stm32h7xx_hal_gpio.o(.text), UNUSED)

<P><STRONG><a name="[a4]"></a>HAL_GPIO_EXTI_Callback</STRONG> (Thumb, 2 bytes, Stack size 0 bytes, stm32h7xx_hal_gpio.o(.text), UNUSED)
<BR><BR>[Called By]<UL><LI><a href="#[a3]">&gt;&gt;</a>&nbsp;&nbsp;&nbsp;HAL_GPIO_EXTI_IRQHandler
</UL>

<P><STRONG><a name="[a3]"></a>HAL_GPIO_EXTI_IRQHandler</STRONG> (Thumb, 28 bytes, Stack size 8 bytes, stm32h7xx_hal_gpio.o(.text), UNUSED)
<BR><BR>[Calls]<UL><LI><a href="#[a4]">&gt;&gt;</a>&nbsp;&nbsp;&nbsp;HAL_GPIO_EXTI_Callback
</UL>

<P><STRONG><a name="[19c]"></a>HAL_HSEM_Take</STRONG> (Thumb, 52 bytes, Stack size 8 bytes, stm32h7xx_hal_hsem.o(.text), UNUSED)

<P><STRONG><a name="[19d]"></a>HAL_HSEM_FastTake</STRONG> (Thumb, 22 bytes, Stack size 0 bytes, stm32h7xx_hal_hsem.o(.text), UNUSED)

<P><STRONG><a name="[19e]"></a>HAL_HSEM_IsSemTaken</STRONG> (Thumb, 16 bytes, Stack size 0 bytes, stm32h7xx_hal_hsem.o(.text), UNUSED)

<P><STRONG><a name="[19f]"></a>HAL_HSEM_Release</STRONG> (Thumb, 18 bytes, Stack size 8 bytes, stm32h7xx_hal_hsem.o(.text), UNUSED)

<P><STRONG><a name="[1a0]"></a>HAL_HSEM_ReleaseAll</STRONG> (Thumb, 14 bytes, Stack size 0 bytes, stm32h7xx_hal_hsem.o(.text), UNUSED)

<P><STRONG><a name="[1a1]"></a>HAL_HSEM_SetClearKey</STRONG> (Thumb, 18 bytes, Stack size 0 bytes, stm32h7xx_hal_hsem.o(.text), UNUSED)

<P><STRONG><a name="[1a2]"></a>HAL_HSEM_GetClearKey</STRONG> (Thumb, 10 bytes, Stack size 0 bytes, stm32h7xx_hal_hsem.o(.text), UNUSED)

<P><STRONG><a name="[1a3]"></a>HAL_HSEM_ActivateNotification</STRONG> (Thumb, 16 bytes, Stack size 0 bytes, stm32h7xx_hal_hsem.o(.text), UNUSED)

<P><STRONG><a name="[1a4]"></a>HAL_HSEM_DeactivateNotification</STRONG> (Thumb, 16 bytes, Stack size 0 bytes, stm32h7xx_hal_hsem.o(.text), UNUSED)

<P><STRONG><a name="[a6]"></a>HAL_HSEM_FreeCallback</STRONG> (Thumb, 2 bytes, Stack size 0 bytes, stm32h7xx_hal_hsem.o(.text), UNUSED)
<BR><BR>[Called By]<UL><LI><a href="#[a5]">&gt;&gt;</a>&nbsp;&nbsp;&nbsp;HAL_HSEM_IRQHandler
</UL>

<P><STRONG><a name="[a5]"></a>HAL_HSEM_IRQHandler</STRONG> (Thumb, 34 bytes, Stack size 8 bytes, stm32h7xx_hal_hsem.o(.text), UNUSED)
<BR><BR>[Calls]<UL><LI><a href="#[a6]">&gt;&gt;</a>&nbsp;&nbsp;&nbsp;HAL_HSEM_FreeCallback
</UL>

<P><STRONG><a name="[a7]"></a>HAL_DMA_Init</STRONG> (Thumb, 1308 bytes, Stack size 24 bytes, stm32h7xx_hal_dma.o(.text), UNUSED)
<BR><BR>[Calls]<UL><LI><a href="#[a8]">&gt;&gt;</a>&nbsp;&nbsp;&nbsp;DMA_CheckFifoParam
<LI><a href="#[a9]">&gt;&gt;</a>&nbsp;&nbsp;&nbsp;DMA_CalcBaseAndBitshift
<LI><a href="#[aa]">&gt;&gt;</a>&nbsp;&nbsp;&nbsp;DMA_CalcDMAMUXChannelBaseAndMask
<LI><a href="#[ab]">&gt;&gt;</a>&nbsp;&nbsp;&nbsp;DMA_CalcDMAMUXRequestGenBaseAndMask
<LI><a href="#[4b]">&gt;&gt;</a>&nbsp;&nbsp;&nbsp;HAL_GetTick
</UL>

<P><STRONG><a name="[ac]"></a>HAL_DMA_DeInit</STRONG> (Thumb, 656 bytes, Stack size 16 bytes, stm32h7xx_hal_dma.o(.text), UNUSED)
<BR><BR>[Calls]<UL><LI><a href="#[a9]">&gt;&gt;</a>&nbsp;&nbsp;&nbsp;DMA_CalcBaseAndBitshift
<LI><a href="#[aa]">&gt;&gt;</a>&nbsp;&nbsp;&nbsp;DMA_CalcDMAMUXChannelBaseAndMask
<LI><a href="#[ab]">&gt;&gt;</a>&nbsp;&nbsp;&nbsp;DMA_CalcDMAMUXRequestGenBaseAndMask
</UL>

<P><STRONG><a name="[ad]"></a>HAL_DMA_Start</STRONG> (Thumb, 470 bytes, Stack size 24 bytes, stm32h7xx_hal_dma.o(.text), UNUSED)
<BR><BR>[Calls]<UL><LI><a href="#[ae]">&gt;&gt;</a>&nbsp;&nbsp;&nbsp;DMA_SetConfig
</UL>

<P><STRONG><a name="[56]"></a>HAL_DMA_Start_IT</STRONG> (Thumb, 994 bytes, Stack size 24 bytes, stm32h7xx_hal_dma.o(.text))
<BR><BR>[Stack]<UL><LI>Max Depth = 44<LI>Call Chain = HAL_DMA_Start_IT &rArr; DMA_SetConfig
</UL>
<BR>[Calls]<UL><LI><a href="#[ae]">&gt;&gt;</a>&nbsp;&nbsp;&nbsp;DMA_SetConfig
</UL>
<BR>[Called By]<UL><LI><a href="#[5c]">&gt;&gt;</a>&nbsp;&nbsp;&nbsp;HAL_SPI_Receive_DMA
<LI><a href="#[5b]">&gt;&gt;</a>&nbsp;&nbsp;&nbsp;HAL_SPI_TransmitReceive_DMA
<LI><a href="#[55]">&gt;&gt;</a>&nbsp;&nbsp;&nbsp;HAL_SPI_Transmit_DMA
<LI><a href="#[10f]">&gt;&gt;</a>&nbsp;&nbsp;&nbsp;HAL_I2C_Slave_Seq_Receive_DMA
<LI><a href="#[10d]">&gt;&gt;</a>&nbsp;&nbsp;&nbsp;HAL_I2C_Slave_Seq_Transmit_DMA
<LI><a href="#[10b]">&gt;&gt;</a>&nbsp;&nbsp;&nbsp;HAL_I2C_Master_Seq_Receive_DMA
<LI><a href="#[109]">&gt;&gt;</a>&nbsp;&nbsp;&nbsp;HAL_I2C_Master_Seq_Transmit_DMA
<LI><a href="#[105]">&gt;&gt;</a>&nbsp;&nbsp;&nbsp;HAL_I2C_Mem_Read_DMA
<LI><a href="#[104]">&gt;&gt;</a>&nbsp;&nbsp;&nbsp;HAL_I2C_Mem_Write_DMA
<LI><a href="#[fd]">&gt;&gt;</a>&nbsp;&nbsp;&nbsp;HAL_I2C_Slave_Receive_DMA
<LI><a href="#[fc]">&gt;&gt;</a>&nbsp;&nbsp;&nbsp;HAL_I2C_Slave_Transmit_DMA
<LI><a href="#[fb]">&gt;&gt;</a>&nbsp;&nbsp;&nbsp;HAL_I2C_Master_Receive_DMA
<LI><a href="#[fa]">&gt;&gt;</a>&nbsp;&nbsp;&nbsp;HAL_I2C_Master_Transmit_DMA
<LI><a href="#[17]">&gt;&gt;</a>&nbsp;&nbsp;&nbsp;I2C_DMAMasterReceiveCplt
<LI><a href="#[15]">&gt;&gt;</a>&nbsp;&nbsp;&nbsp;I2C_DMAMasterTransmitCplt
</UL>

<P><STRONG><a name="[5e]"></a>HAL_DMA_Abort</STRONG> (Thumb, 1236 bytes, Stack size 24 bytes, stm32h7xx_hal_dma.o(.text), UNUSED)
<BR><BR>[Calls]<UL><LI><a href="#[4b]">&gt;&gt;</a>&nbsp;&nbsp;&nbsp;HAL_GetTick
</UL>
<BR>[Called By]<UL><LI><a href="#[5d]">&gt;&gt;</a>&nbsp;&nbsp;&nbsp;HAL_SPI_Abort
<LI><a href="#[af]">&gt;&gt;</a>&nbsp;&nbsp;&nbsp;HAL_DMA_PollForTransfer
</UL>

<P><STRONG><a name="[62]"></a>HAL_DMA_Abort_IT</STRONG> (Thumb, 918 bytes, Stack size 16 bytes, stm32h7xx_hal_dma.o(.text))
<BR><BR>[Stack]<UL><LI>Max Depth = 16<LI>Call Chain = HAL_DMA_Abort_IT
</UL>
<BR>[Called By]<UL><LI><a href="#[63]">&gt;&gt;</a>&nbsp;&nbsp;&nbsp;HAL_SPI_IRQHandler
<LI><a href="#[61]">&gt;&gt;</a>&nbsp;&nbsp;&nbsp;HAL_SPI_Abort_IT
<LI><a href="#[10f]">&gt;&gt;</a>&nbsp;&nbsp;&nbsp;HAL_I2C_Slave_Seq_Receive_DMA
<LI><a href="#[10e]">&gt;&gt;</a>&nbsp;&nbsp;&nbsp;HAL_I2C_Slave_Seq_Receive_IT
<LI><a href="#[10d]">&gt;&gt;</a>&nbsp;&nbsp;&nbsp;HAL_I2C_Slave_Seq_Transmit_DMA
<LI><a href="#[10c]">&gt;&gt;</a>&nbsp;&nbsp;&nbsp;HAL_I2C_Slave_Seq_Transmit_IT
<LI><a href="#[ed]">&gt;&gt;</a>&nbsp;&nbsp;&nbsp;I2C_ITError
</UL>

<P><STRONG><a name="[af]"></a>HAL_DMA_PollForTransfer</STRONG> (Thumb, 1498 bytes, Stack size 40 bytes, stm32h7xx_hal_dma.o(.text), UNUSED)
<BR><BR>[Calls]<UL><LI><a href="#[5e]">&gt;&gt;</a>&nbsp;&nbsp;&nbsp;HAL_DMA_Abort
<LI><a href="#[4b]">&gt;&gt;</a>&nbsp;&nbsp;&nbsp;HAL_GetTick
</UL>

<P><STRONG><a name="[1a5]"></a>HAL_DMA_IRQHandler</STRONG> (Thumb, 2802 bytes, Stack size 40 bytes, stm32h7xx_hal_dma.o(.text), UNUSED)

<P><STRONG><a name="[1a6]"></a>HAL_DMA_RegisterCallback</STRONG> (Thumb, 100 bytes, Stack size 8 bytes, stm32h7xx_hal_dma.o(.text), UNUSED)

<P><STRONG><a name="[1a7]"></a>HAL_DMA_UnRegisterCallback</STRONG> (Thumb, 130 bytes, Stack size 0 bytes, stm32h7xx_hal_dma.o(.text), UNUSED)

<P><STRONG><a name="[ee]"></a>HAL_DMA_GetState</STRONG> (Thumb, 8 bytes, Stack size 0 bytes, stm32h7xx_hal_dma.o(.text))
<BR><BR>[Called By]<UL><LI><a href="#[ed]">&gt;&gt;</a>&nbsp;&nbsp;&nbsp;I2C_ITError
</UL>

<P><STRONG><a name="[51]"></a>HAL_DMA_GetError</STRONG> (Thumb, 6 bytes, Stack size 0 bytes, stm32h7xx_hal_dma.o(.text))
<BR><BR>[Called By]<UL><LI><a href="#[61]">&gt;&gt;</a>&nbsp;&nbsp;&nbsp;HAL_SPI_Abort_IT
<LI><a href="#[5d]">&gt;&gt;</a>&nbsp;&nbsp;&nbsp;HAL_SPI_Abort
<LI><a href="#[8]">&gt;&gt;</a>&nbsp;&nbsp;&nbsp;SPI_DMAError
<LI><a href="#[16]">&gt;&gt;</a>&nbsp;&nbsp;&nbsp;I2C_DMAError
</UL>

<P><STRONG><a name="[b0]"></a>HAL_DMAEx_MultiBufferStart</STRONG> (Thumb, 800 bytes, Stack size 32 bytes, stm32h7xx_hal_dma_ex.o(.text), UNUSED)
<BR><BR>[Calls]<UL><LI><a href="#[b1]">&gt;&gt;</a>&nbsp;&nbsp;&nbsp;DMA_MultiBufferSetConfig
</UL>

<P><STRONG><a name="[b2]"></a>HAL_DMAEx_MultiBufferStart_IT</STRONG> (Thumb, 1330 bytes, Stack size 32 bytes, stm32h7xx_hal_dma_ex.o(.text), UNUSED)
<BR><BR>[Calls]<UL><LI><a href="#[b1]">&gt;&gt;</a>&nbsp;&nbsp;&nbsp;DMA_MultiBufferSetConfig
</UL>

<P><STRONG><a name="[1a8]"></a>HAL_DMAEx_ChangeMemory</STRONG> (Thumb, 198 bytes, Stack size 8 bytes, stm32h7xx_hal_dma_ex.o(.text), UNUSED)

<P><STRONG><a name="[1a9]"></a>HAL_DMAEx_ConfigMuxSync</STRONG> (Thumb, 286 bytes, Stack size 12 bytes, stm32h7xx_hal_dma_ex.o(.text), UNUSED)

<P><STRONG><a name="[1aa]"></a>HAL_DMAEx_ConfigMuxRequestGenerator</STRONG> (Thumb, 266 bytes, Stack size 12 bytes, stm32h7xx_hal_dma_ex.o(.text), UNUSED)

<P><STRONG><a name="[1ab]"></a>HAL_DMAEx_EnableMuxRequestGenerator</STRONG> (Thumb, 32 bytes, Stack size 0 bytes, stm32h7xx_hal_dma_ex.o(.text), UNUSED)

<P><STRONG><a name="[1ac]"></a>HAL_DMAEx_DisableMuxRequestGenerator</STRONG> (Thumb, 42 bytes, Stack size 0 bytes, stm32h7xx_hal_dma_ex.o(.text), UNUSED)

<P><STRONG><a name="[1ad]"></a>HAL_DMAEx_MUX_IRQHandler</STRONG> (Thumb, 102 bytes, Stack size 8 bytes, stm32h7xx_hal_dma_ex.o(.text), UNUSED)

<P><STRONG><a name="[b3]"></a>HAL_MDMA_Init</STRONG> (Thumb, 108 bytes, Stack size 16 bytes, stm32h7xx_hal_mdma.o(.text), UNUSED)
<BR><BR>[Calls]<UL><LI><a href="#[4b]">&gt;&gt;</a>&nbsp;&nbsp;&nbsp;HAL_GetTick
<LI><a href="#[b4]">&gt;&gt;</a>&nbsp;&nbsp;&nbsp;MDMA_Init
</UL>

<P><STRONG><a name="[1ae]"></a>HAL_MDMA_DeInit</STRONG> (Thumb, 94 bytes, Stack size 0 bytes, stm32h7xx_hal_mdma.o(.text), UNUSED)

<P><STRONG><a name="[1af]"></a>HAL_MDMA_ConfigPostRequestMask</STRONG> (Thumb, 110 bytes, Stack size 12 bytes, stm32h7xx_hal_mdma.o(.text), UNUSED)

<P><STRONG><a name="[1b0]"></a>HAL_MDMA_RegisterCallback</STRONG> (Thumb, 100 bytes, Stack size 8 bytes, stm32h7xx_hal_mdma.o(.text), UNUSED)

<P><STRONG><a name="[1b1]"></a>HAL_MDMA_UnRegisterCallback</STRONG> (Thumb, 130 bytes, Stack size 0 bytes, stm32h7xx_hal_mdma.o(.text), UNUSED)

<P><STRONG><a name="[1b2]"></a>HAL_MDMA_LinkedList_CreateNode</STRONG> (Thumb, 266 bytes, Stack size 12 bytes, stm32h7xx_hal_mdma.o(.text), UNUSED)

<P><STRONG><a name="[1b3]"></a>HAL_MDMA_LinkedList_AddNode</STRONG> (Thumb, 228 bytes, Stack size 20 bytes, stm32h7xx_hal_mdma.o(.text), UNUSED)

<P><STRONG><a name="[1b4]"></a>HAL_MDMA_LinkedList_RemoveNode</STRONG> (Thumb, 216 bytes, Stack size 20 bytes, stm32h7xx_hal_mdma.o(.text), UNUSED)

<P><STRONG><a name="[1b5]"></a>HAL_MDMA_LinkedList_EnableCircularMode</STRONG> (Thumb, 88 bytes, Stack size 0 bytes, stm32h7xx_hal_mdma.o(.text), UNUSED)

<P><STRONG><a name="[1b6]"></a>HAL_MDMA_LinkedList_DisableCircularMode</STRONG> (Thumb, 88 bytes, Stack size 0 bytes, stm32h7xx_hal_mdma.o(.text), UNUSED)

<P><STRONG><a name="[b5]"></a>HAL_MDMA_Start</STRONG> (Thumb, 152 bytes, Stack size 32 bytes, stm32h7xx_hal_mdma.o(.text), UNUSED)
<BR><BR>[Calls]<UL><LI><a href="#[b6]">&gt;&gt;</a>&nbsp;&nbsp;&nbsp;MDMA_SetConfig
</UL>

<P><STRONG><a name="[b7]"></a>HAL_MDMA_Start_IT</STRONG> (Thumb, 204 bytes, Stack size 32 bytes, stm32h7xx_hal_mdma.o(.text), UNUSED)
<BR><BR>[Calls]<UL><LI><a href="#[b6]">&gt;&gt;</a>&nbsp;&nbsp;&nbsp;MDMA_SetConfig
</UL>

<P><STRONG><a name="[b8]"></a>HAL_MDMA_Abort</STRONG> (Thumb, 144 bytes, Stack size 16 bytes, stm32h7xx_hal_mdma.o(.text), UNUSED)
<BR><BR>[Calls]<UL><LI><a href="#[4b]">&gt;&gt;</a>&nbsp;&nbsp;&nbsp;HAL_GetTick
</UL>
<BR>[Called By]<UL><LI><a href="#[b9]">&gt;&gt;</a>&nbsp;&nbsp;&nbsp;HAL_MDMA_PollForTransfer
</UL>

<P><STRONG><a name="[1b7]"></a>HAL_MDMA_Abort_IT</STRONG> (Thumb, 46 bytes, Stack size 0 bytes, stm32h7xx_hal_mdma.o(.text), UNUSED)

<P><STRONG><a name="[b9]"></a>HAL_MDMA_PollForTransfer</STRONG> (Thumb, 290 bytes, Stack size 32 bytes, stm32h7xx_hal_mdma.o(.text), UNUSED)
<BR><BR>[Calls]<UL><LI><a href="#[4b]">&gt;&gt;</a>&nbsp;&nbsp;&nbsp;HAL_GetTick
<LI><a href="#[b8]">&gt;&gt;</a>&nbsp;&nbsp;&nbsp;HAL_MDMA_Abort
</UL>

<P><STRONG><a name="[1b8]"></a>HAL_MDMA_GenerateSWRequest</STRONG> (Thumb, 72 bytes, Stack size 0 bytes, stm32h7xx_hal_mdma.o(.text), UNUSED)

<P><STRONG><a name="[1b9]"></a>HAL_MDMA_IRQHandler</STRONG> (Thumb, 478 bytes, Stack size 24 bytes, stm32h7xx_hal_mdma.o(.text), UNUSED)

<P><STRONG><a name="[1ba]"></a>HAL_MDMA_GetState</STRONG> (Thumb, 8 bytes, Stack size 0 bytes, stm32h7xx_hal_mdma.o(.text), UNUSED)

<P><STRONG><a name="[1bb]"></a>HAL_MDMA_GetError</STRONG> (Thumb, 6 bytes, Stack size 0 bytes, stm32h7xx_hal_mdma.o(.text), UNUSED)

<P><STRONG><a name="[1bc]"></a>HAL_PWR_DeInit</STRONG> (Thumb, 2 bytes, Stack size 0 bytes, stm32h7xx_hal_pwr.o(.text), UNUSED)

<P><STRONG><a name="[1bd]"></a>HAL_PWR_EnableBkUpAccess</STRONG> (Thumb, 14 bytes, Stack size 0 bytes, stm32h7xx_hal_pwr.o(.text), UNUSED)

<P><STRONG><a name="[1be]"></a>HAL_PWR_DisableBkUpAccess</STRONG> (Thumb, 14 bytes, Stack size 0 bytes, stm32h7xx_hal_pwr.o(.text), UNUSED)

<P><STRONG><a name="[1bf]"></a>HAL_PWR_ConfigPVD</STRONG> (Thumb, 178 bytes, Stack size 0 bytes, stm32h7xx_hal_pwr.o(.text), UNUSED)

<P><STRONG><a name="[1c0]"></a>HAL_PWR_EnablePVD</STRONG> (Thumb, 14 bytes, Stack size 0 bytes, stm32h7xx_hal_pwr.o(.text), UNUSED)

<P><STRONG><a name="[1c1]"></a>HAL_PWR_DisablePVD</STRONG> (Thumb, 14 bytes, Stack size 0 bytes, stm32h7xx_hal_pwr.o(.text), UNUSED)

<P><STRONG><a name="[1c2]"></a>HAL_PWR_EnableWakeUpPin</STRONG> (Thumb, 20 bytes, Stack size 0 bytes, stm32h7xx_hal_pwr.o(.text), UNUSED)

<P><STRONG><a name="[1c3]"></a>HAL_PWR_DisableWakeUpPin</STRONG> (Thumb, 20 bytes, Stack size 0 bytes, stm32h7xx_hal_pwr.o(.text), UNUSED)

<P><STRONG><a name="[1c4]"></a>HAL_PWR_EnterSLEEPMode</STRONG> (Thumb, 24 bytes, Stack size 0 bytes, stm32h7xx_hal_pwr.o(.text), UNUSED)

<P><STRONG><a name="[1c5]"></a>HAL_PWR_EnterSTOPMode</STRONG> (Thumb, 108 bytes, Stack size 0 bytes, stm32h7xx_hal_pwr.o(.text), UNUSED)

<P><STRONG><a name="[1c6]"></a>HAL_PWR_EnterSTANDBYMode</STRONG> (Thumb, 78 bytes, Stack size 0 bytes, stm32h7xx_hal_pwr.o(.text), UNUSED)

<P><STRONG><a name="[1c7]"></a>HAL_PWR_EnableSleepOnExit</STRONG> (Thumb, 14 bytes, Stack size 0 bytes, stm32h7xx_hal_pwr.o(.text), UNUSED)

<P><STRONG><a name="[1c8]"></a>HAL_PWR_DisableSleepOnExit</STRONG> (Thumb, 14 bytes, Stack size 0 bytes, stm32h7xx_hal_pwr.o(.text), UNUSED)

<P><STRONG><a name="[1c9]"></a>HAL_PWR_EnableSEVOnPend</STRONG> (Thumb, 14 bytes, Stack size 0 bytes, stm32h7xx_hal_pwr.o(.text), UNUSED)

<P><STRONG><a name="[1ca]"></a>HAL_PWR_DisableSEVOnPend</STRONG> (Thumb, 14 bytes, Stack size 0 bytes, stm32h7xx_hal_pwr.o(.text), UNUSED)

<P><STRONG><a name="[bb]"></a>HAL_PWR_PVDCallback</STRONG> (Thumb, 2 bytes, Stack size 0 bytes, stm32h7xx_hal_pwr.o(.text), UNUSED)
<BR><BR>[Called By]<UL><LI><a href="#[c8]">&gt;&gt;</a>&nbsp;&nbsp;&nbsp;HAL_PWREx_PVD_AVD_IRQHandler
<LI><a href="#[ba]">&gt;&gt;</a>&nbsp;&nbsp;&nbsp;HAL_PWR_PVD_IRQHandler
</UL>

<P><STRONG><a name="[ba]"></a>HAL_PWR_PVD_IRQHandler</STRONG> (Thumb, 38 bytes, Stack size 8 bytes, stm32h7xx_hal_pwr.o(.text), UNUSED)
<BR><BR>[Calls]<UL><LI><a href="#[bb]">&gt;&gt;</a>&nbsp;&nbsp;&nbsp;HAL_PWR_PVDCallback
</UL>

<P><STRONG><a name="[1c]"></a>HAL_PWREx_ConfigSupply</STRONG> (Thumb, 90 bytes, Stack size 16 bytes, stm32h7xx_hal_pwr_ex.o(.text), UNUSED)
<BR><BR>[Calls]<UL><LI><a href="#[4b]">&gt;&gt;</a>&nbsp;&nbsp;&nbsp;HAL_GetTick
</UL>
<BR>[Called By]<UL><LI><a href="#[1a]">&gt;&gt;</a>&nbsp;&nbsp;&nbsp;SystemClock_Config
</UL>

<P><STRONG><a name="[1cb]"></a>HAL_PWREx_GetSupplyConfig</STRONG> (Thumb, 10 bytes, Stack size 0 bytes, stm32h7xx_hal_pwr_ex.o(.text), UNUSED)

<P><STRONG><a name="[bc]"></a>HAL_PWREx_ControlVoltageScaling</STRONG> (Thumb, 244 bytes, Stack size 16 bytes, stm32h7xx_hal_pwr_ex.o(.text), UNUSED)
<BR><BR>[Calls]<UL><LI><a href="#[4b]">&gt;&gt;</a>&nbsp;&nbsp;&nbsp;HAL_GetTick
</UL>

<P><STRONG><a name="[1cc]"></a>HAL_PWREx_GetVoltageRange</STRONG> (Thumb, 12 bytes, Stack size 0 bytes, stm32h7xx_hal_pwr_ex.o(.text), UNUSED)

<P><STRONG><a name="[1cd]"></a>HAL_PWREx_ControlStopModeVoltageScaling</STRONG> (Thumb, 24 bytes, Stack size 0 bytes, stm32h7xx_hal_pwr_ex.o(.text), UNUSED)

<P><STRONG><a name="[1ce]"></a>HAL_PWREx_GetStopModeVoltageRange</STRONG> (Thumb, 12 bytes, Stack size 0 bytes, stm32h7xx_hal_pwr_ex.o(.text), UNUSED)

<P><STRONG><a name="[1cf]"></a>HAL_PWREx_EnterSTOPMode</STRONG> (Thumb, 146 bytes, Stack size 8 bytes, stm32h7xx_hal_pwr_ex.o(.text), UNUSED)

<P><STRONG><a name="[1d0]"></a>HAL_PWREx_ClearPendingEvent</STRONG> (Thumb, 4 bytes, Stack size 0 bytes, stm32h7xx_hal_pwr_ex.o(.text), UNUSED)

<P><STRONG><a name="[1d1]"></a>HAL_PWREx_EnterSTANDBYMode</STRONG> (Thumb, 78 bytes, Stack size 0 bytes, stm32h7xx_hal_pwr_ex.o(.text), UNUSED)

<P><STRONG><a name="[1d2]"></a>HAL_PWREx_ConfigD3Domain</STRONG> (Thumb, 20 bytes, Stack size 0 bytes, stm32h7xx_hal_pwr_ex.o(.text), UNUSED)

<P><STRONG><a name="[1d3]"></a>HAL_PWREx_EnableFlashPowerDown</STRONG> (Thumb, 18 bytes, Stack size 0 bytes, stm32h7xx_hal_pwr_ex.o(.text), UNUSED)

<P><STRONG><a name="[1d4]"></a>HAL_PWREx_DisableFlashPowerDown</STRONG> (Thumb, 18 bytes, Stack size 0 bytes, stm32h7xx_hal_pwr_ex.o(.text), UNUSED)

<P><STRONG><a name="[1d5]"></a>HAL_PWREx_EnableWakeUpPin</STRONG> (Thumb, 142 bytes, Stack size 20 bytes, stm32h7xx_hal_pwr_ex.o(.text), UNUSED)

<P><STRONG><a name="[1d6]"></a>HAL_PWREx_DisableWakeUpPin</STRONG> (Thumb, 16 bytes, Stack size 0 bytes, stm32h7xx_hal_pwr_ex.o(.text), UNUSED)

<P><STRONG><a name="[1d7]"></a>HAL_PWREx_GetWakeupFlag</STRONG> (Thumb, 12 bytes, Stack size 0 bytes, stm32h7xx_hal_pwr_ex.o(.text), UNUSED)

<P><STRONG><a name="[1d8]"></a>HAL_PWREx_ClearWakeupFlag</STRONG> (Thumb, 32 bytes, Stack size 0 bytes, stm32h7xx_hal_pwr_ex.o(.text), UNUSED)

<P><STRONG><a name="[c3]"></a>HAL_PWREx_WKUP6_Callback</STRONG> (Thumb, 2 bytes, Stack size 0 bytes, stm32h7xx_hal_pwr_ex.o(.text), UNUSED)
<BR><BR>[Called By]<UL><LI><a href="#[bd]">&gt;&gt;</a>&nbsp;&nbsp;&nbsp;HAL_PWREx_WAKEUP_PIN_IRQHandler
</UL>

<P><STRONG><a name="[c2]"></a>HAL_PWREx_WKUP5_Callback</STRONG> (Thumb, 2 bytes, Stack size 0 bytes, stm32h7xx_hal_pwr_ex.o(.text), UNUSED)
<BR><BR>[Called By]<UL><LI><a href="#[bd]">&gt;&gt;</a>&nbsp;&nbsp;&nbsp;HAL_PWREx_WAKEUP_PIN_IRQHandler
</UL>

<P><STRONG><a name="[c1]"></a>HAL_PWREx_WKUP4_Callback</STRONG> (Thumb, 2 bytes, Stack size 0 bytes, stm32h7xx_hal_pwr_ex.o(.text), UNUSED)
<BR><BR>[Called By]<UL><LI><a href="#[bd]">&gt;&gt;</a>&nbsp;&nbsp;&nbsp;HAL_PWREx_WAKEUP_PIN_IRQHandler
</UL>

<P><STRONG><a name="[c0]"></a>HAL_PWREx_WKUP3_Callback</STRONG> (Thumb, 2 bytes, Stack size 0 bytes, stm32h7xx_hal_pwr_ex.o(.text), UNUSED)
<BR><BR>[Called By]<UL><LI><a href="#[bd]">&gt;&gt;</a>&nbsp;&nbsp;&nbsp;HAL_PWREx_WAKEUP_PIN_IRQHandler
</UL>

<P><STRONG><a name="[bf]"></a>HAL_PWREx_WKUP2_Callback</STRONG> (Thumb, 2 bytes, Stack size 0 bytes, stm32h7xx_hal_pwr_ex.o(.text), UNUSED)
<BR><BR>[Called By]<UL><LI><a href="#[bd]">&gt;&gt;</a>&nbsp;&nbsp;&nbsp;HAL_PWREx_WAKEUP_PIN_IRQHandler
</UL>

<P><STRONG><a name="[be]"></a>HAL_PWREx_WKUP1_Callback</STRONG> (Thumb, 2 bytes, Stack size 0 bytes, stm32h7xx_hal_pwr_ex.o(.text), UNUSED)
<BR><BR>[Called By]<UL><LI><a href="#[bd]">&gt;&gt;</a>&nbsp;&nbsp;&nbsp;HAL_PWREx_WAKEUP_PIN_IRQHandler
</UL>

<P><STRONG><a name="[bd]"></a>HAL_PWREx_WAKEUP_PIN_IRQHandler</STRONG> (Thumb, 208 bytes, Stack size 8 bytes, stm32h7xx_hal_pwr_ex.o(.text), UNUSED)
<BR><BR>[Calls]<UL><LI><a href="#[be]">&gt;&gt;</a>&nbsp;&nbsp;&nbsp;HAL_PWREx_WKUP1_Callback
<LI><a href="#[bf]">&gt;&gt;</a>&nbsp;&nbsp;&nbsp;HAL_PWREx_WKUP2_Callback
<LI><a href="#[c0]">&gt;&gt;</a>&nbsp;&nbsp;&nbsp;HAL_PWREx_WKUP3_Callback
<LI><a href="#[c1]">&gt;&gt;</a>&nbsp;&nbsp;&nbsp;HAL_PWREx_WKUP4_Callback
<LI><a href="#[c2]">&gt;&gt;</a>&nbsp;&nbsp;&nbsp;HAL_PWREx_WKUP5_Callback
<LI><a href="#[c3]">&gt;&gt;</a>&nbsp;&nbsp;&nbsp;HAL_PWREx_WKUP6_Callback
</UL>

<P><STRONG><a name="[c4]"></a>HAL_PWREx_EnableBkUpReg</STRONG> (Thumb, 60 bytes, Stack size 8 bytes, stm32h7xx_hal_pwr_ex.o(.text), UNUSED)
<BR><BR>[Calls]<UL><LI><a href="#[4b]">&gt;&gt;</a>&nbsp;&nbsp;&nbsp;HAL_GetTick
</UL>

<P><STRONG><a name="[c5]"></a>HAL_PWREx_DisableBkUpReg</STRONG> (Thumb, 60 bytes, Stack size 8 bytes, stm32h7xx_hal_pwr_ex.o(.text), UNUSED)
<BR><BR>[Calls]<UL><LI><a href="#[4b]">&gt;&gt;</a>&nbsp;&nbsp;&nbsp;HAL_GetTick
</UL>

[...]
<LI><a href="#[fa]">&gt;&gt;</a>&nbsp;&nbsp;&nbsp;HAL_I2C_Master_Transmit_DMA
<LI><a href="#[f7]">&gt;&gt;</a>&nbsp;&nbsp;&nbsp;HAL_I2C_Master_Receive_IT
<LI><a href="#[f6]">&gt;&gt;</a>&nbsp;&nbsp;&nbsp;HAL_I2C_Master_Transmit_IT
<LI><a href="#[de]">&gt;&gt;</a>&nbsp;&nbsp;&nbsp;HAL_I2C_Master_Receive
<LI><a href="#[db]">&gt;&gt;</a>&nbsp;&nbsp;&nbsp;HAL_I2C_Master_Transmit
<LI><a href="#[100]">&gt;&gt;</a>&nbsp;&nbsp;&nbsp;I2C_RequestMemoryRead
<LI><a href="#[fe]">&gt;&gt;</a>&nbsp;&nbsp;&nbsp;I2C_RequestMemoryWrite
<LI><a href="#[14]">&gt;&gt;</a>&nbsp;&nbsp;&nbsp;I2C_Master_ISR_IT
<LI><a href="#[12]">&gt;&gt;</a>&nbsp;&nbsp;&nbsp;I2C_Master_ISR_DMA
</UL>

<P><STRONG><a name="[d9]"></a>I2C_WaitOnFlagUntilTimeout</STRONG> (Thumb, 94 bytes, Stack size 24 bytes, stm32h7xx_hal_i2c.o(.text), UNUSED)
<BR><BR>[Calls]<UL><LI><a href="#[4b]">&gt;&gt;</a>&nbsp;&nbsp;&nbsp;HAL_GetTick
</UL>
<BR>[Called By]<UL><LI><a href="#[106]">&gt;&gt;</a>&nbsp;&nbsp;&nbsp;HAL_I2C_IsDeviceReady
<LI><a href="#[101]">&gt;&gt;</a>&nbsp;&nbsp;&nbsp;HAL_I2C_Mem_Read
<LI><a href="#[ff]">&gt;&gt;</a>&nbsp;&nbsp;&nbsp;HAL_I2C_Mem_Write
<LI><a href="#[e0]">&gt;&gt;</a>&nbsp;&nbsp;&nbsp;HAL_I2C_Slave_Receive
<LI><a href="#[df]">&gt;&gt;</a>&nbsp;&nbsp;&nbsp;HAL_I2C_Slave_Transmit
<LI><a href="#[de]">&gt;&gt;</a>&nbsp;&nbsp;&nbsp;HAL_I2C_Master_Receive
<LI><a href="#[db]">&gt;&gt;</a>&nbsp;&nbsp;&nbsp;HAL_I2C_Master_Transmit
<LI><a href="#[100]">&gt;&gt;</a>&nbsp;&nbsp;&nbsp;I2C_RequestMemoryRead
<LI><a href="#[fe]">&gt;&gt;</a>&nbsp;&nbsp;&nbsp;I2C_RequestMemoryWrite
</UL>

<P><STRONG><a name="[da]"></a>I2C_WaitOnTXISFlagUntilTimeout</STRONG> (Thumb, 90 bytes, Stack size 16 bytes, stm32h7xx_hal_i2c.o(.text), UNUSED)
<BR><BR>[Calls]<UL><LI><a href="#[4b]">&gt;&gt;</a>&nbsp;&nbsp;&nbsp;HAL_GetTick
<LI><a href="#[d6]">&gt;&gt;</a>&nbsp;&nbsp;&nbsp;I2C_IsAcknowledgeFailed
</UL>
<BR>[Called By]<UL><LI><a href="#[ff]">&gt;&gt;</a>&nbsp;&nbsp;&nbsp;HAL_I2C_Mem_Write
<LI><a href="#[df]">&gt;&gt;</a>&nbsp;&nbsp;&nbsp;HAL_I2C_Slave_Transmit
<LI><a href="#[db]">&gt;&gt;</a>&nbsp;&nbsp;&nbsp;HAL_I2C_Master_Transmit
<LI><a href="#[100]">&gt;&gt;</a>&nbsp;&nbsp;&nbsp;I2C_RequestMemoryRead
<LI><a href="#[fe]">&gt;&gt;</a>&nbsp;&nbsp;&nbsp;I2C_RequestMemoryWrite
</UL>

<P><STRONG><a name="[dd]"></a>I2C_WaitOnRXNEFlagUntilTimeout</STRONG> (Thumb, 156 bytes, Stack size 16 bytes, stm32h7xx_hal_i2c.o(.text), UNUSED)
<BR><BR>[Calls]<UL><LI><a href="#[4b]">&gt;&gt;</a>&nbsp;&nbsp;&nbsp;HAL_GetTick
<LI><a href="#[d6]">&gt;&gt;</a>&nbsp;&nbsp;&nbsp;I2C_IsAcknowledgeFailed
</UL>
<BR>[Called By]<UL><LI><a href="#[e0]">&gt;&gt;</a>&nbsp;&nbsp;&nbsp;HAL_I2C_Slave_Receive
<LI><a href="#[de]">&gt;&gt;</a>&nbsp;&nbsp;&nbsp;HAL_I2C_Master_Receive
</UL>

<P><STRONG><a name="[e3]"></a>I2C_Disable_IRQ</STRONG> (Thumb, 110 bytes, Stack size 8 bytes, stm32h7xx_hal_i2c.o(.text))
<BR><BR>[Stack]<UL><LI>Max Depth = 8<LI>Call Chain = I2C_Disable_IRQ
</UL>
<BR>[Called By]<UL><LI><a href="#[112]">&gt;&gt;</a>&nbsp;&nbsp;&nbsp;HAL_I2C_Master_Abort_IT
<LI><a href="#[111]">&gt;&gt;</a>&nbsp;&nbsp;&nbsp;HAL_I2C_DisableListen_IT
<LI><a href="#[10f]">&gt;&gt;</a>&nbsp;&nbsp;&nbsp;HAL_I2C_Slave_Seq_Receive_DMA
<LI><a href="#[10e]">&gt;&gt;</a>&nbsp;&nbsp;&nbsp;HAL_I2C_Slave_Seq_Receive_IT
<LI><a href="#[10d]">&gt;&gt;</a>&nbsp;&nbsp;&nbsp;HAL_I2C_Slave_Seq_Transmit_DMA
<LI><a href="#[10c]">&gt;&gt;</a>&nbsp;&nbsp;&nbsp;HAL_I2C_Slave_Seq_Transmit_IT
<LI><a href="#[f4]">&gt;&gt;</a>&nbsp;&nbsp;&nbsp;I2C_ITMasterSeqCplt
<LI><a href="#[ef]">&gt;&gt;</a>&nbsp;&nbsp;&nbsp;I2C_ITMasterCplt
<LI><a href="#[ed]">&gt;&gt;</a>&nbsp;&nbsp;&nbsp;I2C_ITError
<LI><a href="#[ec]">&gt;&gt;</a>&nbsp;&nbsp;&nbsp;I2C_ITSlaveCplt
<LI><a href="#[ea]">&gt;&gt;</a>&nbsp;&nbsp;&nbsp;I2C_ITListenCplt
<LI><a href="#[e7]">&gt;&gt;</a>&nbsp;&nbsp;&nbsp;I2C_ITSlaveSeqCplt
<LI><a href="#[e1]">&gt;&gt;</a>&nbsp;&nbsp;&nbsp;I2C_ITAddrCplt
</UL>

<P><STRONG><a name="[e1]"></a>I2C_ITAddrCplt</STRONG> (Thumb, 206 bytes, Stack size 32 bytes, stm32h7xx_hal_i2c.o(.text))
<BR><BR>[Stack]<UL><LI>Max Depth = 40<LI>Call Chain = I2C_ITAddrCplt &rArr; I2C_Disable_IRQ
</UL>
<BR>[Calls]<UL><LI><a href="#[e2]">&gt;&gt;</a>&nbsp;&nbsp;&nbsp;HAL_I2C_AddrCallback
<LI><a href="#[e3]">&gt;&gt;</a>&nbsp;&nbsp;&nbsp;I2C_Disable_IRQ
</UL>
<BR>[Called By]<UL><LI><a href="#[13]">&gt;&gt;</a>&nbsp;&nbsp;&nbsp;I2C_Slave_ISR_DMA
<LI><a href="#[10]">&gt;&gt;</a>&nbsp;&nbsp;&nbsp;I2C_Slave_ISR_IT
</UL>

<P><STRONG><a name="[e4]"></a>I2C_TreatErrorCallback</STRONG> (Thumb, 58 bytes, Stack size 8 bytes, stm32h7xx_hal_i2c.o(.text))
<BR><BR>[Stack]<UL><LI>Max Depth = 8<LI>Call Chain = I2C_TreatErrorCallback
</UL>
<BR>[Calls]<UL><LI><a href="#[e5]">&gt;&gt;</a>&nbsp;&nbsp;&nbsp;HAL_I2C_AbortCpltCallback
<LI><a href="#[e6]">&gt;&gt;</a>&nbsp;&nbsp;&nbsp;HAL_I2C_ErrorCallback
</UL>
<BR>[Called By]<UL><LI><a href="#[ed]">&gt;&gt;</a>&nbsp;&nbsp;&nbsp;I2C_ITError
<LI><a href="#[11]">&gt;&gt;</a>&nbsp;&nbsp;&nbsp;I2C_DMAAbort
</UL>

<P><STRONG><a name="[11]"></a>I2C_DMAAbort</STRONG> (Thumb, 34 bytes, Stack size 16 bytes, stm32h7xx_hal_i2c.o(.text))
<BR><BR>[Stack]<UL><LI>Max Depth = 24<LI>Call Chain = I2C_DMAAbort &rArr; I2C_TreatErrorCallback
</UL>
<BR>[Calls]<UL><LI><a href="#[e4]">&gt;&gt;</a>&nbsp;&nbsp;&nbsp;I2C_TreatErrorCallback
</UL>
<BR>[Address Reference Count : 1]<UL><LI> stm32h7xx_hal_i2c.o(.text)
</UL>
<P><STRONG><a name="[e7]"></a>I2C_ITSlaveSeqCplt</STRONG> (Thumb, 140 bytes, Stack size 16 bytes, stm32h7xx_hal_i2c.o(.text))
<BR><BR>[Stack]<UL><LI>Max Depth = 24<LI>Call Chain = I2C_ITSlaveSeqCplt &rArr; I2C_Disable_IRQ
</UL>
<BR>[Calls]<UL><LI><a href="#[e8]">&gt;&gt;</a>&nbsp;&nbsp;&nbsp;HAL_I2C_SlaveTxCpltCallback
<LI><a href="#[e9]">&gt;&gt;</a>&nbsp;&nbsp;&nbsp;HAL_I2C_SlaveRxCpltCallback
<LI><a href="#[e3]">&gt;&gt;</a>&nbsp;&nbsp;&nbsp;I2C_Disable_IRQ
</UL>
<BR>[Called By]<UL><LI><a href="#[19]">&gt;&gt;</a>&nbsp;&nbsp;&nbsp;I2C_DMASlaveReceiveCplt
<LI><a href="#[18]">&gt;&gt;</a>&nbsp;&nbsp;&nbsp;I2C_DMASlaveTransmitCplt
<LI><a href="#[13]">&gt;&gt;</a>&nbsp;&nbsp;&nbsp;I2C_Slave_ISR_DMA
<LI><a href="#[10]">&gt;&gt;</a>&nbsp;&nbsp;&nbsp;I2C_Slave_ISR_IT
<LI><a href="#[ec]">&gt;&gt;</a>&nbsp;&nbsp;&nbsp;I2C_ITSlaveCplt
</UL>

<P><STRONG><a name="[ea]"></a>I2C_ITListenCplt</STRONG> (Thumb, 106 bytes, Stack size 16 bytes, stm32h7xx_hal_i2c.o(.text))
<BR><BR>[Stack]<UL><LI>Max Depth = 24<LI>Call Chain = I2C_ITListenCplt &rArr; I2C_Disable_IRQ
</UL>
<BR>[Calls]<UL><LI><a href="#[eb]">&gt;&gt;</a>&nbsp;&nbsp;&nbsp;HAL_I2C_ListenCpltCallback
<LI><a href="#[e3]">&gt;&gt;</a>&nbsp;&nbsp;&nbsp;I2C_Disable_IRQ
</UL>
<BR>[Called By]<UL><LI><a href="#[13]">&gt;&gt;</a>&nbsp;&nbsp;&nbsp;I2C_Slave_ISR_DMA
<LI><a href="#[10]">&gt;&gt;</a>&nbsp;&nbsp;&nbsp;I2C_Slave_ISR_IT
<LI><a href="#[ec]">&gt;&gt;</a>&nbsp;&nbsp;&nbsp;I2C_ITSlaveCplt
</UL>

<P><STRONG><a name="[ec]"></a>I2C_ITSlaveCplt</STRONG> (Thumb, 762 bytes, Stack size 24 bytes, stm32h7xx_hal_i2c.o(.text))
<BR><BR>[Stack]<UL><LI>Max Depth = 64<LI>Call Chain = I2C_ITSlaveCplt &rArr; I2C_ITError &rArr; HAL_DMA_Abort_IT
</UL>
<BR>[Calls]<UL><LI><a href="#[eb]">&gt;&gt;</a>&nbsp;&nbsp;&nbsp;HAL_I2C_ListenCpltCallback
<LI><a href="#[e8]">&gt;&gt;</a>&nbsp;&nbsp;&nbsp;HAL_I2C_SlaveTxCpltCallback
<LI><a href="#[e9]">&gt;&gt;</a>&nbsp;&nbsp;&nbsp;HAL_I2C_SlaveRxCpltCallback
<LI><a href="#[ed]">&gt;&gt;</a>&nbsp;&nbsp;&nbsp;I2C_ITError
<LI><a href="#[ea]">&gt;&gt;</a>&nbsp;&nbsp;&nbsp;I2C_ITListenCplt
<LI><a href="#[e7]">&gt;&gt;</a>&nbsp;&nbsp;&nbsp;I2C_ITSlaveSeqCplt
<LI><a href="#[e3]">&gt;&gt;</a>&nbsp;&nbsp;&nbsp;I2C_Disable_IRQ
<LI><a href="#[d7]">&gt;&gt;</a>&nbsp;&nbsp;&nbsp;I2C_Flush_TXDR
</UL>
<BR>[Called By]<UL><LI><a href="#[13]">&gt;&gt;</a>&nbsp;&nbsp;&nbsp;I2C_Slave_ISR_DMA
<LI><a href="#[10]">&gt;&gt;</a>&nbsp;&nbsp;&nbsp;I2C_Slave_ISR_IT
</UL>

<P><STRONG><a name="[10]"></a>I2C_Slave_ISR_IT</STRONG> (Thumb, 344 bytes, Stack size 24 bytes, stm32h7xx_hal_i2c.o(.text))
<BR><BR>[Stack]<UL><LI>Max Depth = 88<LI>Call Chain = I2C_Slave_ISR_IT &rArr; I2C_ITSlaveCplt &rArr; I2C_ITError &rArr; HAL_DMA_Abort_IT
</UL>
<BR>[Calls]<UL><LI><a href="#[ed]">&gt;&gt;</a>&nbsp;&nbsp;&nbsp;I2C_ITError
<LI><a href="#[ec]">&gt;&gt;</a>&nbsp;&nbsp;&nbsp;I2C_ITSlaveCplt
<LI><a href="#[ea]">&gt;&gt;</a>&nbsp;&nbsp;&nbsp;I2C_ITListenCplt
<LI><a href="#[e7]">&gt;&gt;</a>&nbsp;&nbsp;&nbsp;I2C_ITSlaveSeqCplt
<LI><a href="#[e1]">&gt;&gt;</a>&nbsp;&nbsp;&nbsp;I2C_ITAddrCplt
<LI><a href="#[d7]">&gt;&gt;</a>&nbsp;&nbsp;&nbsp;I2C_Flush_TXDR
</UL>
<BR>[Address Reference Count : 1]<UL><LI> stm32h7xx_hal_i2c.o(.text)
</UL>
<P><STRONG><a name="[ed]"></a>I2C_ITError</STRONG> (Thumb, 288 bytes, Stack size 24 bytes, stm32h7xx_hal_i2c.o(.text))
<BR><BR>[Stack]<UL><LI>Max Depth = 40<LI>Call Chain = I2C_ITError &rArr; HAL_DMA_Abort_IT
</UL>
<BR>[Calls]<UL><LI><a href="#[62]">&gt;&gt;</a>&nbsp;&nbsp;&nbsp;HAL_DMA_Abort_IT
<LI><a href="#[e4]">&gt;&gt;</a>&nbsp;&nbsp;&nbsp;I2C_TreatErrorCallback
<LI><a href="#[e3]">&gt;&gt;</a>&nbsp;&nbsp;&nbsp;I2C_Disable_IRQ
<LI><a href="#[ee]">&gt;&gt;</a>&nbsp;&nbsp;&nbsp;HAL_DMA_GetState
</UL>
<BR>[Called By]<UL><LI><a href="#[113]">&gt;&gt;</a>&nbsp;&nbsp;&nbsp;HAL_I2C_ER_IRQHandler
<LI><a href="#[17]">&gt;&gt;</a>&nbsp;&nbsp;&nbsp;I2C_DMAMasterReceiveCplt
<LI><a href="#[15]">&gt;&gt;</a>&nbsp;&nbsp;&nbsp;I2C_DMAMasterTransmitCplt
<LI><a href="#[16]">&gt;&gt;</a>&nbsp;&nbsp;&nbsp;I2C_DMAError
<LI><a href="#[14]">&gt;&gt;</a>&nbsp;&nbsp;&nbsp;I2C_Master_ISR_IT
<LI><a href="#[12]">&gt;&gt;</a>&nbsp;&nbsp;&nbsp;I2C_Master_ISR_DMA
<LI><a href="#[ef]">&gt;&gt;</a>&nbsp;&nbsp;&nbsp;I2C_ITMasterCplt
<LI><a href="#[13]">&gt;&gt;</a>&nbsp;&nbsp;&nbsp;I2C_Slave_ISR_DMA
<LI><a href="#[10]">&gt;&gt;</a>&nbsp;&nbsp;&nbsp;I2C_Slave_ISR_IT
<LI><a href="#[ec]">&gt;&gt;</a>&nbsp;&nbsp;&nbsp;I2C_ITSlaveCplt
</UL>

<P><STRONG><a name="[13]"></a>I2C_Slave_ISR_DMA</STRONG> (Thumb, 742 bytes, Stack size 32 bytes, stm32h7xx_hal_i2c.o(.text))
<BR><BR>[Stack]<UL><LI>Max Depth = 96<LI>Call Chain = I2C_Slave_ISR_DMA &rArr; I2C_ITSlaveCplt &rArr; I2C_ITError &rArr; HAL_DMA_Abort_IT
</UL>
<BR>[Calls]<UL><LI><a href="#[ed]">&gt;&gt;</a>&nbsp;&nbsp;&nbsp;I2C_ITError
<LI><a href="#[ec]">&gt;&gt;</a>&nbsp;&nbsp;&nbsp;I2C_ITSlaveCplt
<LI><a href="#[ea]">&gt;&gt;</a>&nbsp;&nbsp;&nbsp;I2C_ITListenCplt
<LI><a href="#[e7]">&gt;&gt;</a>&nbsp;&nbsp;&nbsp;I2C_ITSlaveSeqCplt
<LI><a href="#[e1]">&gt;&gt;</a>&nbsp;&nbsp;&nbsp;I2C_ITAddrCplt
<LI><a href="#[d7]">&gt;&gt;</a>&nbsp;&nbsp;&nbsp;I2C_Flush_TXDR
</UL>
<BR>[Address Reference Count : 1]<UL><LI> stm32h7xx_hal_i2c.o(.text)
</UL>
<P><STRONG><a name="[ef]"></a>I2C_ITMasterCplt</STRONG> (Thumb, 288 bytes, Stack size 24 bytes, stm32h7xx_hal_i2c.o(.text))
<BR><BR>[Stack]<UL><LI>Max Depth = 64<LI>Call Chain = I2C_ITMasterCplt &rArr; I2C_ITError &rArr; HAL_DMA_Abort_IT
</UL>
<BR>[Calls]<UL><LI><a href="#[f0]">&gt;&gt;</a>&nbsp;&nbsp;&nbsp;HAL_I2C_MemTxCpltCallback
<LI><a href="#[f1]">&gt;&gt;</a>&nbsp;&nbsp;&nbsp;HAL_I2C_MasterTxCpltCallback
<LI><a href="#[f2]">&gt;&gt;</a>&nbsp;&nbsp;&nbsp;HAL_I2C_MemRxCpltCallback
<LI><a href="#[f3]">&gt;&gt;</a>&nbsp;&nbsp;&nbsp;HAL_I2C_MasterRxCpltCallback
<LI><a href="#[ed]">&gt;&gt;</a>&nbsp;&nbsp;&nbsp;I2C_ITError
<LI><a href="#[e3]">&gt;&gt;</a>&nbsp;&nbsp;&nbsp;I2C_Disable_IRQ
<LI><a href="#[d7]">&gt;&gt;</a>&nbsp;&nbsp;&nbsp;I2C_Flush_TXDR
</UL>
<BR>[Called By]<UL><LI><a href="#[14]">&gt;&gt;</a>&nbsp;&nbsp;&nbsp;I2C_Master_ISR_IT
<LI><a href="#[12]">&gt;&gt;</a>&nbsp;&nbsp;&nbsp;I2C_Master_ISR_DMA
</UL>

<P><STRONG><a name="[f4]"></a>I2C_ITMasterSeqCplt</STRONG> (Thumb, 98 bytes, Stack size 8 bytes, stm32h7xx_hal_i2c.o(.text))
<BR><BR>[Stack]<UL><LI>Max Depth = 16<LI>Call Chain = I2C_ITMasterSeqCplt &rArr; I2C_Disable_IRQ
</UL>
<BR>[Calls]<UL><LI><a href="#[f1]">&gt;&gt;</a>&nbsp;&nbsp;&nbsp;HAL_I2C_MasterTxCpltCallback
<LI><a href="#[f3]">&gt;&gt;</a>&nbsp;&nbsp;&nbsp;HAL_I2C_MasterRxCpltCallback
<LI><a href="#[e3]">&gt;&gt;</a>&nbsp;&nbsp;&nbsp;I2C_Disable_IRQ
</UL>
<BR>[Called By]<UL><LI><a href="#[14]">&gt;&gt;</a>&nbsp;&nbsp;&nbsp;I2C_Master_ISR_IT
<LI><a href="#[12]">&gt;&gt;</a>&nbsp;&nbsp;&nbsp;I2C_Master_ISR_DMA
</UL>

<P><STRONG><a name="[12]"></a>I2C_Master_ISR_DMA</STRONG> (Thumb, 352 bytes, Stack size 32 bytes, stm32h7xx_hal_i2c.o(.text))
<BR><BR>[Stack]<UL><LI>Max Depth = 96<LI>Call Chain = I2C_Master_ISR_DMA &rArr; I2C_ITMasterCplt &rArr; I2C_ITError &rArr; HAL_DMA_Abort_IT
</UL>
<BR>[Calls]<UL><LI><a href="#[f5]">&gt;&gt;</a>&nbsp;&nbsp;&nbsp;I2C_Enable_IRQ
<LI><a href="#[f4]">&gt;&gt;</a>&nbsp;&nbsp;&nbsp;I2C_ITMasterSeqCplt
<LI><a href="#[ef]">&gt;&gt;</a>&nbsp;&nbsp;&nbsp;I2C_ITMasterCplt
<LI><a href="#[ed]">&gt;&gt;</a>&nbsp;&nbsp;&nbsp;I2C_ITError
<LI><a href="#[dc]">&gt;&gt;</a>&nbsp;&nbsp;&nbsp;I2C_TransferConfig
<LI><a href="#[d7]">&gt;&gt;</a>&nbsp;&nbsp;&nbsp;I2C_Flush_TXDR
</UL>
<BR>[Address Reference Count : 1]<UL><LI> stm32h7xx_hal_i2c.o(.text)
</UL>
<P><STRONG><a name="[f5]"></a>I2C_Enable_IRQ</STRONG> (Thumb, 122 bytes, Stack size 8 bytes, stm32h7xx_hal_i2c.o(.text))
<BR><BR>[Stack]<UL><LI>Max Depth = 8<LI>Call Chain = I2C_Enable_IRQ
</UL>
<BR>[Called By]<UL><LI><a href="#[112]">&gt;&gt;</a>&nbsp;&nbsp;&nbsp;HAL_I2C_Master_Abort_IT
<LI><a href="#[110]">&gt;&gt;</a>&nbsp;&nbsp;&nbsp;HAL_I2C_EnableListen_IT
<LI><a href="#[10f]">&gt;&gt;</a>&nbsp;&nbsp;&nbsp;HAL_I2C_Slave_Seq_Receive_DMA
<LI><a href="#[10e]">&gt;&gt;</a>&nbsp;&nbsp;&nbsp;HAL_I2C_Slave_Seq_Receive_IT
<LI><a href="#[10d]">&gt;&gt;</a>&nbsp;&nbsp;&nbsp;HAL_I2C_Slave_Seq_Transmit_DMA
<LI><a href="#[10c]">&gt;&gt;</a>&nbsp;&nbsp;&nbsp;HAL_I2C_Slave_Seq_Transmit_IT
<LI><a href="#[10b]">&gt;&gt;</a>&nbsp;&nbsp;&nbsp;HAL_I2C_Master_Seq_Receive_DMA
<LI><a href="#[10a]">&gt;&gt;</a>&nbsp;&nbsp;&nbsp;HAL_I2C_Master_Seq_Receive_IT
<LI><a href="#[109]">&gt;&gt;</a>&nbsp;&nbsp;&nbsp;HAL_I2C_Master_Seq_Transmit_DMA
<LI><a href="#[107]">&gt;&gt;</a>&nbsp;&nbsp;&nbsp;HAL_I2C_Master_Seq_Transmit_IT
<LI><a href="#[105]">&gt;&gt;</a>&nbsp;&nbsp;&nbsp;HAL_I2C_Mem_Read_DMA
<LI><a href="#[104]">&gt;&gt;</a>&nbsp;&nbsp;&nbsp;HAL_I2C_Mem_Write_DMA
<LI><a href="#[103]">&gt;&gt;</a>&nbsp;&nbsp;&nbsp;HAL_I2C_Mem_Read_IT
<LI><a href="#[102]">&gt;&gt;</a>&nbsp;&nbsp;&nbsp;HAL_I2C_Mem_Write_IT
<LI><a href="#[fd]">&gt;&gt;</a>&nbsp;&nbsp;&nbsp;HAL_I2C_Slave_Receive_DMA
<LI><a href="#[fc]">&gt;&gt;</a>&nbsp;&nbsp;&nbsp;HAL_I2C_Slave_Transmit_DMA
<LI><a href="#[fb]">&gt;&gt;</a>&nbsp;&nbsp;&nbsp;HAL_I2C_Master_Receive_DMA
<LI><a href="#[fa]">&gt;&gt;</a>&nbsp;&nbsp;&nbsp;HAL_I2C_Master_Transmit_DMA
<LI><a href="#[f9]">&gt;&gt;</a>&nbsp;&nbsp;&nbsp;HAL_I2C_Slave_Receive_IT
<LI><a href="#[f8]">&gt;&gt;</a>&nbsp;&nbsp;&nbsp;HAL_I2C_Slave_Transmit_IT
<LI><a href="#[f7]">&gt;&gt;</a>&nbsp;&nbsp;&nbsp;HAL_I2C_Master_Receive_IT
<LI><a href="#[f6]">&gt;&gt;</a>&nbsp;&nbsp;&nbsp;HAL_I2C_Master_Transmit_IT
<LI><a href="#[17]">&gt;&gt;</a>&nbsp;&nbsp;&nbsp;I2C_DMAMasterReceiveCplt
<LI><a href="#[15]">&gt;&gt;</a>&nbsp;&nbsp;&nbsp;I2C_DMAMasterTransmitCplt
<LI><a href="#[12]">&gt;&gt;</a>&nbsp;&nbsp;&nbsp;I2C_Master_ISR_DMA
</UL>

<P><STRONG><a name="[14]"></a>I2C_Master_ISR_IT</STRONG> (Thumb, 424 bytes, Stack size 32 bytes, stm32h7xx_hal_i2c.o(.text))
<BR><BR>[Stack]<UL><LI>Max Depth = 96<LI>Call Chain = I2C_Master_ISR_IT &rArr; I2C_ITMasterCplt &rArr; I2C_ITError &rArr; HAL_DMA_Abort_IT
</UL>
<BR>[Calls]<UL><LI><a href="#[f4]">&gt;&gt;</a>&nbsp;&nbsp;&nbsp;I2C_ITMasterSeqCplt
<LI><a href="#[ef]">&gt;&gt;</a>&nbsp;&nbsp;&nbsp;I2C_ITMasterCplt
<LI><a href="#[ed]">&gt;&gt;</a>&nbsp;&nbsp;&nbsp;I2C_ITError
<LI><a href="#[dc]">&gt;&gt;</a>&nbsp;&nbsp;&nbsp;I2C_TransferConfig
<LI><a href="#[d7]">&gt;&gt;</a>&nbsp;&nbsp;&nbsp;I2C_Flush_TXDR
</UL>
<BR>[Address Reference Count : 1]<UL><LI> stm32h7xx_hal_i2c.o(.text)
</UL>
<P><STRONG><a name="[16]"></a>I2C_DMAError</STRONG> (Thumb, 466 bytes, Stack size 16 bytes, stm32h7xx_hal_i2c.o(.text))
<BR><BR>[Stack]<UL><LI>Max Depth = 56<LI>Call Chain = I2C_DMAError &rArr; I2C_ITError &rArr; HAL_DMA_Abort_IT
</UL>
<BR>[Calls]<UL><LI><a href="#[51]">&gt;&gt;</a>&nbsp;&nbsp;&nbsp;HAL_DMA_GetError
<LI><a href="#[ed]">&gt;&gt;</a>&nbsp;&nbsp;&nbsp;I2C_ITError
</UL>
<BR>[Address Reference Count : 1]<UL><LI> stm32h7xx_hal_i2c.o(.text)
</UL>
<P><STRONG><a name="[15]"></a>I2C_DMAMasterTransmitCplt</STRONG> (Thumb, 124 bytes, Stack size 16 bytes, stm32h7xx_hal_i2c.o(.text))
<BR><BR>[Stack]<UL><LI>Max Depth = 60<LI>Call Chain = I2C_DMAMasterTransmitCplt &rArr; HAL_DMA_Start_IT &rArr; DMA_SetConfig
</UL>
<BR>[Calls]<UL><LI><a href="#[56]">&gt;&gt;</a>&nbsp;&nbsp;&nbsp;HAL_DMA_Start_IT
<LI><a href="#[f5]">&gt;&gt;</a>&nbsp;&nbsp;&nbsp;I2C_Enable_IRQ
<LI><a href="#[ed]">&gt;&gt;</a>&nbsp;&nbsp;&nbsp;I2C_ITError
</UL>
<BR>[Address Reference Count : 1]<UL><LI> stm32h7xx_hal_i2c.o(.text)
</UL>
<P><STRONG><a name="[17]"></a>I2C_DMAMasterReceiveCplt</STRONG> (Thumb, 94 bytes, Stack size 16 bytes, stm32h7xx_hal_i2c.o(.text))
<BR><BR>[Stack]<UL><LI>Max Depth = 60<LI>Call Chain = I2C_DMAMasterReceiveCplt &rArr; HAL_DMA_Start_IT &rArr; DMA_SetConfig
</UL>
<BR>[Calls]<UL><LI><a href="#[56]">&gt;&gt;</a>&nbsp;&nbsp;&nbsp;HAL_DMA_Start_IT
<LI><a href="#[f5]">&gt;&gt;</a>&nbsp;&nbsp;&nbsp;I2C_Enable_IRQ
<LI><a href="#[ed]">&gt;&gt;</a>&nbsp;&nbsp;&nbsp;I2C_ITError
</UL>
<BR>[Address Reference Count : 1]<UL><LI> stm32h7xx_hal_i2c.o(.text)
</UL>
<P><STRONG><a name="[18]"></a>I2C_DMASlaveTransmitCplt</STRONG> (Thumb, 36 bytes, Stack size 16 bytes, stm32h7xx_hal_i2c.o(.text))
<BR><BR>[Stack]<UL><LI>Max Depth = 40<LI>Call Chain = I2C_DMASlaveTransmitCplt &rArr; I2C_ITSlaveSeqCplt &rArr; I2C_Disable_IRQ
</UL>
<BR>[Calls]<UL><LI><a href="#[e7]">&gt;&gt;</a>&nbsp;&nbsp;&nbsp;I2C_ITSlaveSeqCplt
</UL>
<BR>[Address Reference Count : 1]<UL><LI> stm32h7xx_hal_i2c.o(.text)
</UL>
<P><STRONG><a name="[19]"></a>I2C_DMASlaveReceiveCplt</STRONG> (Thumb, 238 bytes, Stack size 16 bytes, stm32h7xx_hal_i2c.o(.text))
<BR><BR>[Stack]<UL><LI>Max Depth = 40<LI>Call Chain = I2C_DMASlaveReceiveCplt &rArr; I2C_ITSlaveSeqCplt &rArr; I2C_Disable_IRQ
</UL>
<BR>[Calls]<UL><LI><a href="#[e7]">&gt;&gt;</a>&nbsp;&nbsp;&nbsp;I2C_ITSlaveSeqCplt
</UL>
<BR>[Address Reference Count : 1]<UL><LI> stm32h7xx_hal_i2c.o(.text)
</UL>
<P><STRONG><a name="[fe]"></a>I2C_RequestMemoryWrite</STRONG> (Thumb, 118 bytes, Stack size 32 bytes, stm32h7xx_hal_i2c.o(.text), UNUSED)
<BR><BR>[Calls]<UL><LI><a href="#[da]">&gt;&gt;</a>&nbsp;&nbsp;&nbsp;I2C_WaitOnTXISFlagUntilTimeout
<LI><a href="#[d9]">&gt;&gt;</a>&nbsp;&nbsp;&nbsp;I2C_WaitOnFlagUntilTimeout
<LI><a href="#[dc]">&gt;&gt;</a>&nbsp;&nbsp;&nbsp;I2C_TransferConfig
</UL>
<BR>[Called By]<UL><LI><a href="#[104]">&gt;&gt;</a>&nbsp;&nbsp;&nbsp;HAL_I2C_Mem_Write_DMA
<LI><a href="#[102]">&gt;&gt;</a>&nbsp;&nbsp;&nbsp;HAL_I2C_Mem_Write_IT
<LI><a href="#[ff]">&gt;&gt;</a>&nbsp;&nbsp;&nbsp;HAL_I2C_Mem_Write
</UL>

<P><STRONG><a name="[100]"></a>I2C_RequestMemoryRead</STRONG> (Thumb, 118 bytes, Stack size 32 bytes, stm32h7xx_hal_i2c.o(.text), UNUSED)
<BR><BR>[Calls]<UL><LI><a href="#[da]">&gt;&gt;</a>&nbsp;&nbsp;&nbsp;I2C_WaitOnTXISFlagUntilTimeout
<LI><a href="#[d9]">&gt;&gt;</a>&nbsp;&nbsp;&nbsp;I2C_WaitOnFlagUntilTimeout
<LI><a href="#[dc]">&gt;&gt;</a>&nbsp;&nbsp;&nbsp;I2C_TransferConfig
</UL>
<BR>[Called By]<UL><LI><a href="#[105]">&gt;&gt;</a>&nbsp;&nbsp;&nbsp;HAL_I2C_Mem_Read_DMA
<LI><a href="#[103]">&gt;&gt;</a>&nbsp;&nbsp;&nbsp;HAL_I2C_Mem_Read_IT
<LI><a href="#[101]">&gt;&gt;</a>&nbsp;&nbsp;&nbsp;HAL_I2C_Mem_Read
</UL>

<P><STRONG><a name="[108]"></a>I2C_ConvertOtherXferOptions</STRONG> (Thumb, 28 bytes, Stack size 0 bytes, stm32h7xx_hal_i2c.o(.text), UNUSED)
<BR><BR>[Called By]<UL><LI><a href="#[10b]">&gt;&gt;</a>&nbsp;&nbsp;&nbsp;HAL_I2C_Master_Seq_Receive_DMA
<LI><a href="#[10a]">&gt;&gt;</a>&nbsp;&nbsp;&nbsp;HAL_I2C_Master_Seq_Receive_IT
<LI><a href="#[109]">&gt;&gt;</a>&nbsp;&nbsp;&nbsp;HAL_I2C_Master_Seq_Transmit_DMA
<LI><a href="#[107]">&gt;&gt;</a>&nbsp;&nbsp;&nbsp;HAL_I2C_Master_Seq_Transmit_IT
</UL>
<P>
<H3>
Undefined Global Symbols
</H3><HR></body></html>
