<html>
<body>
<pre>
<h1>礦ision Build Log</h1>
<h2>Tool Versions:</h2>
IDE-Version: μVision V5.38.0.0
Copyright (C) 2022 ARM Ltd and ARM Germany GmbH. All rights reserved.
License Information: 111 喵小黑, 111, LIC=HN0AE-5D9PY-UH28H-WZXWM-A1NVK-Z3PBI
 
Tool Versions:
Toolchain:       MDK-ARM Plus  Version: 5.38.0.0
Toolchain Path:  D:\Program\Keil\Keil_v5\ARM\ARMCC\Bin
C Compiler:      Armcc.exe V5.06 update 7 (build 960)
Assembler:       Armasm.exe V5.06 update 7 (build 960)
Linker/Locator:  ArmLink.exe V5.06 update 7 (build 960)
Library Manager: ArmAr.exe V5.06 update 7 (build 960)
Hex Converter:   FromElf.exe V5.06 update 7 (build 960)
CPU DLL:         SARMCM3.DLL V5.38.0.0
Dialog DLL:      DCM.DLL V1.17.5.0
Target DLL:      STLink\ST-LINKIII-KEIL_SWO.dll V3.1.0.0
Dialog DLL:      TCM.DLL V1.56.4.0
 
<h2>Project:</h2>
F:\10.Third-Party Package\flashalgo-master\ARTPi\spi_stldr\MDK-ARM\spi_stldr.uvprojx
Project File Date:  02/24/2023

<h2>Output:</h2>
*** Using Compiler 'V5.06 update 7 (build 960)', folder: 'D:\Program\Keil\Keil_v5\ARM\ARMCC\Bin'
Rebuild target 'spi_stldr'
compiling Dev_Inf.c...
compiling main.c...
compiling stm32h7xx_it.c...
compiling Loader_Src.c...
compiling spi.c...
compiling stm32h7xx_hal_cortex.c...
compiling stm32h7xx_hal_msp.c...
compiling stm32h7xx_hal_spi_ex.c...
compiling gpio.c...
compiling w25q128jv.c...
..\w25q128jv.c(17): warning:  #188-D: enumerated type mixed with another type
      HAL_GPIO_WritePin(SPI1_NSS_GPIO_Port, SPI1_NSS_Pin, val);
..\w25q128jv.c: 1 warning, 0 errors
compiling stm32h7xx_hal_rcc.c...
compiling stm32h7xx_hal_spi.c...
compiling stm32h7xx_hal_rcc_ex.c...
compiling stm32h7xx_hal_flash_ex.c...
compiling stm32h7xx_hal_flash.c...
compiling stm32h7xx_hal_gpio.c...
compiling stm32h7xx_hal_hsem.c...
compiling stm32h7xx_hal_dma_ex.c...
compiling stm32h7xx_hal_pwr.c...
compiling stm32h7xx_hal_dma.c...
compiling stm32h7xx_hal_mdma.c...
compiling stm32h7xx_hal_pwr_ex.c...
compiling stm32h7xx_hal.c...
compiling stm32h7xx_hal_i2c_ex.c...
compiling stm32h7xx_hal_exti.c...
compiling stm32h7xx_hal_tim_ex.c...
compiling stm32h7xx_hal_tim.c...
compiling system_stm32h7xx.c...
compiling stm32h7xx_hal_i2c.c...
linking...
spi_stldr\spi_stldr.axf: Warning: L6305W: Image does not have an entry point. (Not specified or not set due to multiple choices.)
Program Size: Code=68970 RO-data=226 RW-data=24 ZI-data=4260  
Finished: 0 information, 1 warning and 0 error messages.
After Build - User command #2: cmd.exe /C copy "spi_stldr\spi_stldr.axf" "..\..\ARTPi-W25Q128JV.stldr"
已复制         1 个文件。
"spi_stldr\spi_stldr.axf" - 0 Error(s), 2 Warning(s).

<h2>Software Packages used:</h2>

Package Vendor: ARM
                http://www.keil.com/pack/ARM.CMSIS.5.9.0.pack
                ARM.CMSIS.5.9.0
                CMSIS (Common Microcontroller Software Interface Standard)
   * Component: CORE Version: 5.6.0

Package Vendor: Keil
                http://www.keil.com/pack/Keil.STM32H7xx_DFP.3.0.0.pack
                Keil.STM32H7xx_DFP.3.0.0
                STMicroelectronics STM32H7 Series Device Support and Examples

<h2>Collection of Component include folders:</h2>
  ./RTE/_spi_stldr
  D:/Program/Keil/Packs/ARM/CMSIS/5.9.0/CMSIS/Core/Include
  D:/Program/Keil/Packs/Keil/STM32H7xx_DFP/3.0.0/Drivers/CMSIS/Device/ST/STM32H7xx/Include

<h2>Collection of Component Files used:</h2>

   * Component: ARM::CMSIS:CORE:5.6.0
      Include file:  CMSIS/Core/Include/tz_context.h
Build Time Elapsed:  00:00:05
</pre>
</body>
</html>
