<!doctype html public "-//w3c//dtd html 4.0 transitional//en">
<html><head>
<title>Static Call Graph - [stm32h750xb\STM32H750XB_DUAL_W25Q256JV.axf]</title></head>
<body><HR>
<H1>Static Call Graph for image stm32h750xb\STM32H750XB_DUAL_W25Q256JV.axf</H1><HR>
<BR><P>#&#060CALLGRAPH&#062# ARM Linker, 6210000: Last Updated: Sun May  5 11:06:16 2024
<BR><P>
<H3>Maximum Stack Usage =         44 bytes + Unknown(Cycles, Untraceable Function Pointers)</H3><H3>
Call chain for Maximum Stack Depth:</H3>
I2C_Master_ISR_IT &rArr; I2C_ITMasterCplt &rArr; I2C_ITError &rArr; HAL_DMA_Abort_IT
<P>
<H3>
Mutually Recursive functions
</H3> <LI><a href="#[ea]">UART_EndRxTransfer</a>&nbsp;&nbsp;&nbsp;&rArr;&nbsp;&nbsp;&nbsp;<a href="#[ea]">UART_EndRxTransfer</a><BR>
</UL>
<P>
<H3>
Function Pointers
</H3><UL>
 <LI><a href="#[a]">I2C_DMAAbort</a> from stm32h7xx_hal_i2c.o(.text.I2C_DMAAbort) referenced 2 times from stm32h7xx_hal_i2c.o(.text.HAL_I2C_Slave_Seq_Receive_DMA)
 <LI><a href="#[a]">I2C_DMAAbort</a> from stm32h7xx_hal_i2c.o(.text.I2C_DMAAbort) referenced 2 times from stm32h7xx_hal_i2c.o(.text.HAL_I2C_Slave_Seq_Receive_IT)
 <LI><a href="#[a]">I2C_DMAAbort</a> from stm32h7xx_hal_i2c.o(.text.I2C_DMAAbort) referenced 2 times from stm32h7xx_hal_i2c.o(.text.HAL_I2C_Slave_Seq_Transmit_DMA)
 <LI><a href="#[a]">I2C_DMAAbort</a> from stm32h7xx_hal_i2c.o(.text.I2C_DMAAbort) referenced 2 times from stm32h7xx_hal_i2c.o(.text.HAL_I2C_Slave_Seq_Transmit_IT)
 <LI><a href="#[a]">I2C_DMAAbort</a> from stm32h7xx_hal_i2c.o(.text.I2C_DMAAbort) referenced 4 times from stm32h7xx_hal_i2c.o(.text.I2C_ITError)
 <LI><a href="#[5]">I2C_DMAError</a> from stm32h7xx_hal_i2c.o(.text.I2C_DMAError) referenced 2 times from stm32h7xx_hal_i2c.o(.text.HAL_I2C_Master_Receive_DMA)
 <LI><a href="#[5]">I2C_DMAError</a> from stm32h7xx_hal_i2c.o(.text.I2C_DMAError) referenced 2 times from stm32h7xx_hal_i2c.o(.text.HAL_I2C_Master_Seq_Receive_DMA)
 <LI><a href="#[5]">I2C_DMAError</a> from stm32h7xx_hal_i2c.o(.text.I2C_DMAError) referenced 2 times from stm32h7xx_hal_i2c.o(.text.HAL_I2C_Master_Seq_Transmit_DMA)
 <LI><a href="#[5]">I2C_DMAError</a> from stm32h7xx_hal_i2c.o(.text.I2C_DMAError) referenced 2 times from stm32h7xx_hal_i2c.o(.text.HAL_I2C_Master_Transmit_DMA)
 <LI><a href="#[5]">I2C_DMAError</a> from stm32h7xx_hal_i2c.o(.text.I2C_DMAError) referenced 2 times from stm32h7xx_hal_i2c.o(.text.HAL_I2C_Mem_Read_DMA)
 <LI><a href="#[5]">I2C_DMAError</a> from stm32h7xx_hal_i2c.o(.text.I2C_DMAError) referenced 2 times from stm32h7xx_hal_i2c.o(.text.HAL_I2C_Mem_Write_DMA)
 <LI><a href="#[5]">I2C_DMAError</a> from stm32h7xx_hal_i2c.o(.text.I2C_DMAError) referenced 2 times from stm32h7xx_hal_i2c.o(.text.HAL_I2C_Slave_Receive_DMA)
 <LI><a href="#[5]">I2C_DMAError</a> from stm32h7xx_hal_i2c.o(.text.I2C_DMAError) referenced 2 times from stm32h7xx_hal_i2c.o(.text.HAL_I2C_Slave_Seq_Receive_DMA)
 <LI><a href="#[5]">I2C_DMAError</a> from stm32h7xx_hal_i2c.o(.text.I2C_DMAError) referenced 2 times from stm32h7xx_hal_i2c.o(.text.HAL_I2C_Slave_Seq_Transmit_DMA)
 <LI><a href="#[5]">I2C_DMAError</a> from stm32h7xx_hal_i2c.o(.text.I2C_DMAError) referenced 2 times from stm32h7xx_hal_i2c.o(.text.HAL_I2C_Slave_Transmit_DMA)
 <LI><a href="#[4]">I2C_DMAMasterReceiveCplt</a> from stm32h7xx_hal_i2c.o(.text.I2C_DMAMasterReceiveCplt) referenced 2 times from stm32h7xx_hal_i2c.o(.text.HAL_I2C_Master_Receive_DMA)
 <LI><a href="#[4]">I2C_DMAMasterReceiveCplt</a> from stm32h7xx_hal_i2c.o(.text.I2C_DMAMasterReceiveCplt) referenced 2 times from stm32h7xx_hal_i2c.o(.text.HAL_I2C_Master_Seq_Receive_DMA)
 <LI><a href="#[4]">I2C_DMAMasterReceiveCplt</a> from stm32h7xx_hal_i2c.o(.text.I2C_DMAMasterReceiveCplt) referenced 2 times from stm32h7xx_hal_i2c.o(.text.HAL_I2C_Mem_Read_DMA)
 <LI><a href="#[7]">I2C_DMAMasterTransmitCplt</a> from stm32h7xx_hal_i2c.o(.text.I2C_DMAMasterTransmitCplt) referenced 2 times from stm32h7xx_hal_i2c.o(.text.HAL_I2C_Master_Seq_Transmit_DMA)
 <LI><a href="#[7]">I2C_DMAMasterTransmitCplt</a> from stm32h7xx_hal_i2c.o(.text.I2C_DMAMasterTransmitCplt) referenced 2 times from stm32h7xx_hal_i2c.o(.text.HAL_I2C_Master_Transmit_DMA)
 <LI><a href="#[7]">I2C_DMAMasterTransmitCplt</a> from stm32h7xx_hal_i2c.o(.text.I2C_DMAMasterTransmitCplt) referenced 2 times from stm32h7xx_hal_i2c.o(.text.HAL_I2C_Mem_Write_DMA)
 <LI><a href="#[9]">I2C_DMASlaveReceiveCplt</a> from stm32h7xx_hal_i2c.o(.text.I2C_DMASlaveReceiveCplt) referenced 2 times from stm32h7xx_hal_i2c.o(.text.HAL_I2C_Slave_Receive_DMA)
 <LI><a href="#[9]">I2C_DMASlaveReceiveCplt</a> from stm32h7xx_hal_i2c.o(.text.I2C_DMASlaveReceiveCplt) referenced 2 times from stm32h7xx_hal_i2c.o(.text.HAL_I2C_Slave_Seq_Receive_DMA)
 <LI><a href="#[b]">I2C_DMASlaveTransmitCplt</a> from stm32h7xx_hal_i2c.o(.text.I2C_DMASlaveTransmitCplt) referenced 2 times from stm32h7xx_hal_i2c.o(.text.HAL_I2C_Slave_Seq_Transmit_DMA)
 <LI><a href="#[b]">I2C_DMASlaveTransmitCplt</a> from stm32h7xx_hal_i2c.o(.text.I2C_DMASlaveTransmitCplt) referenced 2 times from stm32h7xx_hal_i2c.o(.text.HAL_I2C_Slave_Transmit_DMA)
 <LI><a href="#[1]">I2C_Master_ISR_DMA</a> from stm32h7xx_hal_i2c.o(.text.I2C_Master_ISR_DMA) referenced 2 times from stm32h7xx_hal_i2c.o(.text.HAL_I2C_Master_Abort_IT)
 <LI><a href="#[1]">I2C_Master_ISR_DMA</a> from stm32h7xx_hal_i2c.o(.text.I2C_Master_ISR_DMA) referenced 2 times from stm32h7xx_hal_i2c.o(.text.HAL_I2C_Master_Receive_DMA)
 <LI><a href="#[1]">I2C_Master_ISR_DMA</a> from stm32h7xx_hal_i2c.o(.text.I2C_Master_ISR_DMA) referenced 2 times from stm32h7xx_hal_i2c.o(.text.HAL_I2C_Master_Seq_Receive_DMA)
 <LI><a href="#[1]">I2C_Master_ISR_DMA</a> from stm32h7xx_hal_i2c.o(.text.I2C_Master_ISR_DMA) referenced 2 times from stm32h7xx_hal_i2c.o(.text.HAL_I2C_Master_Seq_Transmit_DMA)
 <LI><a href="#[1]">I2C_Master_ISR_DMA</a> from stm32h7xx_hal_i2c.o(.text.I2C_Master_ISR_DMA) referenced 2 times from stm32h7xx_hal_i2c.o(.text.HAL_I2C_Master_Transmit_DMA)
 <LI><a href="#[1]">I2C_Master_ISR_DMA</a> from stm32h7xx_hal_i2c.o(.text.I2C_Master_ISR_DMA) referenced 4 times from stm32h7xx_hal_i2c.o(.text.I2C_DMAMasterReceiveCplt)
 <LI><a href="#[1]">I2C_Master_ISR_DMA</a> from stm32h7xx_hal_i2c.o(.text.I2C_Master_ISR_DMA) referenced 4 times from stm32h7xx_hal_i2c.o(.text.I2C_DMAMasterTransmitCplt)
 <LI><a href="#[1]">I2C_Master_ISR_DMA</a> from stm32h7xx_hal_i2c.o(.text.I2C_Master_ISR_DMA) referenced 2 times from stm32h7xx_hal_i2c.o(.text.I2C_Mem_ISR_DMA)
 <LI><a href="#[6]">I2C_Master_ISR_IT</a> from stm32h7xx_hal_i2c.o(.text.I2C_Master_ISR_IT) referenced 2 times from stm32h7xx_hal_i2c.o(.text.HAL_I2C_Master_Receive_DMA)
 <LI><a href="#[6]">I2C_Master_ISR_IT</a> from stm32h7xx_hal_i2c.o(.text.I2C_Master_ISR_IT) referenced 2 times from stm32h7xx_hal_i2c.o(.text.HAL_I2C_Master_Receive_IT)
 <LI><a href="#[6]">I2C_Master_ISR_IT</a> from stm32h7xx_hal_i2c.o(.text.I2C_Master_ISR_IT) referenced 2 times from stm32h7xx_hal_i2c.o(.text.HAL_I2C_Master_Seq_Receive_DMA)
 <LI><a href="#[6]">I2C_Master_ISR_IT</a> from stm32h7xx_hal_i2c.o(.text.I2C_Master_ISR_IT) referenced 2 times from stm32h7xx_hal_i2c.o(.text.HAL_I2C_Master_Seq_Receive_IT)
 <LI><a href="#[6]">I2C_Master_ISR_IT</a> from stm32h7xx_hal_i2c.o(.text.I2C_Master_ISR_IT) referenced 2 times from stm32h7xx_hal_i2c.o(.text.HAL_I2C_Master_Seq_Transmit_DMA)
 <LI><a href="#[6]">I2C_Master_ISR_IT</a> from stm32h7xx_hal_i2c.o(.text.I2C_Master_ISR_IT) referenced 2 times from stm32h7xx_hal_i2c.o(.text.HAL_I2C_Master_Seq_Transmit_IT)
 <LI><a href="#[6]">I2C_Master_ISR_IT</a> from stm32h7xx_hal_i2c.o(.text.I2C_Master_ISR_IT) referenced 2 times from stm32h7xx_hal_i2c.o(.text.HAL_I2C_Master_Transmit_DMA)
 <LI><a href="#[6]">I2C_Master_ISR_IT</a> from stm32h7xx_hal_i2c.o(.text.I2C_Master_ISR_IT) referenced 2 times from stm32h7xx_hal_i2c.o(.text.HAL_I2C_Master_Transmit_IT)
 <LI><a href="#[3]">I2C_Mem_ISR_DMA</a> from stm32h7xx_hal_i2c.o(.text.I2C_Mem_ISR_DMA) referenced 2 times from stm32h7xx_hal_i2c.o(.text.HAL_I2C_Master_Abort_IT)
 <LI><a href="#[3]">I2C_Mem_ISR_DMA</a> from stm32h7xx_hal_i2c.o(.text.I2C_Mem_ISR_DMA) referenced 2 times from stm32h7xx_hal_i2c.o(.text.HAL_I2C_Mem_Read_DMA)
 <LI><a href="#[3]">I2C_Mem_ISR_DMA</a> from stm32h7xx_hal_i2c.o(.text.I2C_Mem_ISR_DMA) referenced 2 times from stm32h7xx_hal_i2c.o(.text.HAL_I2C_Mem_Write_DMA)
 <LI><a href="#[3]">I2C_Mem_ISR_DMA</a> from stm32h7xx_hal_i2c.o(.text.I2C_Mem_ISR_DMA) referenced 4 times from stm32h7xx_hal_i2c.o(.text.I2C_DMAMasterReceiveCplt)
 <LI><a href="#[3]">I2C_Mem_ISR_DMA</a> from stm32h7xx_hal_i2c.o(.text.I2C_Mem_ISR_DMA) referenced 4 times from stm32h7xx_hal_i2c.o(.text.I2C_DMAMasterTransmitCplt)
 <LI><a href="#[3]">I2C_Mem_ISR_DMA</a> from stm32h7xx_hal_i2c.o(.text.I2C_Mem_ISR_DMA) referenced 2 times from stm32h7xx_hal_i2c.o(.text.I2C_Master_ISR_DMA)
 <LI><a href="#[8]">I2C_Mem_ISR_IT</a> from stm32h7xx_hal_i2c.o(.text.I2C_Mem_ISR_IT) referenced 2 times from stm32h7xx_hal_i2c.o(.text.HAL_I2C_Mem_Read_IT)
 <LI><a href="#[8]">I2C_Mem_ISR_IT</a> from stm32h7xx_hal_i2c.o(.text.I2C_Mem_ISR_IT) referenced 2 times from stm32h7xx_hal_i2c.o(.text.HAL_I2C_Mem_Write_IT)
 <LI><a href="#[2]">I2C_Slave_ISR_DMA</a> from stm32h7xx_hal_i2c.o(.text.I2C_Slave_ISR_DMA) referenced 2 times from stm32h7xx_hal_i2c.o(.text.HAL_I2C_Master_Abort_IT)
 <LI><a href="#[2]">I2C_Slave_ISR_DMA</a> from stm32h7xx_hal_i2c.o(.text.I2C_Slave_ISR_DMA) referenced 2 times from stm32h7xx_hal_i2c.o(.text.HAL_I2C_Slave_Receive_DMA)
 <LI><a href="#[2]">I2C_Slave_ISR_DMA</a> from stm32h7xx_hal_i2c.o(.text.I2C_Slave_ISR_DMA) referenced 2 times from stm32h7xx_hal_i2c.o(.text.HAL_I2C_Slave_Seq_Receive_DMA)
 <LI><a href="#[2]">I2C_Slave_ISR_DMA</a> from stm32h7xx_hal_i2c.o(.text.I2C_Slave_ISR_DMA) referenced 2 times from stm32h7xx_hal_i2c.o(.text.HAL_I2C_Slave_Seq_Transmit_DMA)
 <LI><a href="#[2]">I2C_Slave_ISR_DMA</a> from stm32h7xx_hal_i2c.o(.text.I2C_Slave_ISR_DMA) referenced 2 times from stm32h7xx_hal_i2c.o(.text.HAL_I2C_Slave_Transmit_DMA)
 <LI><a href="#[2]">I2C_Slave_ISR_DMA</a> from stm32h7xx_hal_i2c.o(.text.I2C_Slave_ISR_DMA) referenced 4 times from stm32h7xx_hal_i2c.o(.text.I2C_DMAMasterReceiveCplt)
 <LI><a href="#[2]">I2C_Slave_ISR_DMA</a> from stm32h7xx_hal_i2c.o(.text.I2C_Slave_ISR_DMA) referenced 4 times from stm32h7xx_hal_i2c.o(.text.I2C_DMAMasterTransmitCplt)
 <LI><a href="#[2]">I2C_Slave_ISR_DMA</a> from stm32h7xx_hal_i2c.o(.text.I2C_Slave_ISR_DMA) referenced 2 times from stm32h7xx_hal_i2c.o(.text.I2C_Master_ISR_DMA)
 <LI><a href="#[2]">I2C_Slave_ISR_DMA</a> from stm32h7xx_hal_i2c.o(.text.I2C_Slave_ISR_DMA) referenced 2 times from stm32h7xx_hal_i2c.o(.text.I2C_Mem_ISR_DMA)
 <LI><a href="#[0]">I2C_Slave_ISR_IT</a> from stm32h7xx_hal_i2c.o(.text.I2C_Slave_ISR_IT) referenced 2 times from stm32h7xx_hal_i2c.o(.text.HAL_I2C_EnableListen_IT)
 <LI><a href="#[0]">I2C_Slave_ISR_IT</a> from stm32h7xx_hal_i2c.o(.text.I2C_Slave_ISR_IT) referenced 2 times from stm32h7xx_hal_i2c.o(.text.HAL_I2C_Slave_Receive_IT)
 <LI><a href="#[0]">I2C_Slave_ISR_IT</a> from stm32h7xx_hal_i2c.o(.text.I2C_Slave_ISR_IT) referenced 2 times from stm32h7xx_hal_i2c.o(.text.HAL_I2C_Slave_Seq_Receive_IT)
 <LI><a href="#[0]">I2C_Slave_ISR_IT</a> from stm32h7xx_hal_i2c.o(.text.I2C_Slave_ISR_IT) referenced 2 times from stm32h7xx_hal_i2c.o(.text.HAL_I2C_Slave_Seq_Transmit_IT)
 <LI><a href="#[0]">I2C_Slave_ISR_IT</a> from stm32h7xx_hal_i2c.o(.text.I2C_Slave_ISR_IT) referenced 2 times from stm32h7xx_hal_i2c.o(.text.HAL_I2C_Slave_Transmit_IT)
 <LI><a href="#[0]">I2C_Slave_ISR_IT</a> from stm32h7xx_hal_i2c.o(.text.I2C_Slave_ISR_IT) referenced 2 times from stm32h7xx_hal_i2c.o(.text.I2C_ITError)
 <LI><a href="#[c]">QSPI_DMAAbortCplt</a> from stm32h7xx_hal_qspi.o(.text.QSPI_DMAAbortCplt) referenced 2 times from stm32h7xx_hal_qspi.o(.text.HAL_QSPI_Abort_IT)
 <LI><a href="#[c]">QSPI_DMAAbortCplt</a> from stm32h7xx_hal_qspi.o(.text.QSPI_DMAAbortCplt) referenced 2 times from stm32h7xx_hal_qspi.o(.text.HAL_QSPI_IRQHandler)
 <LI><a href="#[e]">QSPI_DMAError</a> from stm32h7xx_hal_qspi.o(.text.QSPI_DMAError) referenced 2 times from stm32h7xx_hal_qspi.o(.text.HAL_QSPI_Receive_DMA)
 <LI><a href="#[e]">QSPI_DMAError</a> from stm32h7xx_hal_qspi.o(.text.QSPI_DMAError) referenced 2 times from stm32h7xx_hal_qspi.o(.text.HAL_QSPI_Transmit_DMA)
 <LI><a href="#[d]">QSPI_DMARxCplt</a> from stm32h7xx_hal_qspi.o(.text.QSPI_DMARxCplt) referenced 2 times from stm32h7xx_hal_qspi.o(.text.HAL_QSPI_Receive_DMA)
 <LI><a href="#[f]">QSPI_DMATxCplt</a> from stm32h7xx_hal_qspi.o(.text.QSPI_DMATxCplt) referenced 2 times from stm32h7xx_hal_qspi.o(.text.HAL_QSPI_Transmit_DMA)
 <LI><a href="#[14]">UART_DMAAbortOnError</a> from stm32h7xx_hal_uart.o(.text.UART_DMAAbortOnError) referenced 2 times from stm32h7xx_hal_uart.o(.text.HAL_UART_IRQHandler)
 <LI><a href="#[17]">UART_DMAError</a> from stm32h7xx_hal_uart.o(.text.UART_DMAError) referenced 2 times from stm32h7xx_hal_uart.o(.text.HAL_UART_Transmit_DMA)
 <LI><a href="#[17]">UART_DMAError</a> from stm32h7xx_hal_uart.o(.text.UART_DMAError) referenced 2 times from stm32h7xx_hal_uart.o(.text.UART_Start_Receive_DMA)
 <LI><a href="#[1e]">UART_DMAReceiveCplt</a> from stm32h7xx_hal_uart.o(.text.UART_DMAReceiveCplt) referenced 2 times from stm32h7xx_hal_uart.o(.text.UART_Start_Receive_DMA)
 <LI><a href="#[13]">UART_DMARxAbortCallback</a> from stm32h7xx_hal_uart.o(.text.UART_DMARxAbortCallback) referenced 2 times from stm32h7xx_hal_uart.o(.text.HAL_UART_Abort_IT)
 <LI><a href="#[1f]">UART_DMARxHalfCplt</a> from stm32h7xx_hal_uart.o(.text.UART_DMARxHalfCplt) referenced 2 times from stm32h7xx_hal_uart.o(.text.UART_Start_Receive_DMA)
 <LI><a href="#[10]">UART_DMARxOnlyAbortCallback</a> from stm32h7xx_hal_uart.o(.text.UART_DMARxOnlyAbortCallback) referenced 2 times from stm32h7xx_hal_uart.o(.text.HAL_UART_AbortReceive_IT)
 <LI><a href="#[15]">UART_DMATransmitCplt</a> from stm32h7xx_hal_uart.o(.text.UART_DMATransmitCplt) referenced 2 times from stm32h7xx_hal_uart.o(.text.HAL_UART_Transmit_DMA)
 <LI><a href="#[12]">UART_DMATxAbortCallback</a> from stm32h7xx_hal_uart.o(.text.UART_DMATxAbortCallback) referenced 2 times from stm32h7xx_hal_uart.o(.text.HAL_UART_Abort_IT)
 <LI><a href="#[16]">UART_DMATxHalfCplt</a> from stm32h7xx_hal_uart.o(.text.UART_DMATxHalfCplt) referenced 2 times from stm32h7xx_hal_uart.o(.text.HAL_UART_Transmit_DMA)
 <LI><a href="#[11]">UART_DMATxOnlyAbortCallback</a> from stm32h7xx_hal_uart.o(.text.UART_DMATxOnlyAbortCallback) referenced 2 times from stm32h7xx_hal_uart.o(.text.HAL_UART_AbortTransmit_IT)
 <LI><a href="#[1c]">UART_RxISR_16BIT</a> from stm32h7xx_hal_uart.o(.text.UART_RxISR_16BIT) referenced 2 times from stm32h7xx_hal_uart.o(.text.UART_RxISR_16BIT_FIFOEN)
 <LI><a href="#[1c]">UART_RxISR_16BIT</a> from stm32h7xx_hal_uart.o(.text.UART_RxISR_16BIT) referenced 2 times from stm32h7xx_hal_uart.o(.text.UART_Start_Receive_IT)
 <LI><a href="#[21]">UART_RxISR_16BIT_FIFOEN</a> from stm32h7xx_hal_uart.o(.text.UART_RxISR_16BIT_FIFOEN) referenced 2 times from stm32h7xx_hal_uart.o(.text.UART_Start_Receive_IT)
 <LI><a href="#[1d]">UART_RxISR_8BIT</a> from stm32h7xx_hal_uart.o(.text.UART_RxISR_8BIT) referenced 2 times from stm32h7xx_hal_uart.o(.text.UART_RxISR_8BIT_FIFOEN)
 <LI><a href="#[1d]">UART_RxISR_8BIT</a> from stm32h7xx_hal_uart.o(.text.UART_RxISR_8BIT) referenced 4 times from stm32h7xx_hal_uart.o(.text.UART_Start_Receive_IT)
 <LI><a href="#[20]">UART_RxISR_8BIT_FIFOEN</a> from stm32h7xx_hal_uart.o(.text.UART_RxISR_8BIT_FIFOEN) referenced 4 times from stm32h7xx_hal_uart.o(.text.UART_Start_Receive_IT)
 <LI><a href="#[1b]">UART_TxISR_16BIT</a> from stm32h7xx_hal_uart.o(.text.UART_TxISR_16BIT) referenced 2 times from stm32h7xx_hal_uart.o(.text.HAL_UART_Transmit_IT)
 <LI><a href="#[1a]">UART_TxISR_16BIT_FIFOEN</a> from stm32h7xx_hal_uart.o(.text.UART_TxISR_16BIT_FIFOEN) referenced 2 times from stm32h7xx_hal_uart.o(.text.HAL_UART_Transmit_IT)
 <LI><a href="#[19]">UART_TxISR_8BIT</a> from stm32h7xx_hal_uart.o(.text.UART_TxISR_8BIT) referenced 2 times from stm32h7xx_hal_uart.o(.text.HAL_UART_Transmit_IT)
 <LI><a href="#[18]">UART_TxISR_8BIT_FIFOEN</a> from stm32h7xx_hal_uart.o(.text.UART_TxISR_8BIT_FIFOEN) referenced 2 times from stm32h7xx_hal_uart.o(.text.HAL_UART_Transmit_IT)
</UL>
<P>
<H3>
Global Symbols
</H3>
<P><STRONG><a name="[12c]"></a>__use_no_semihosting</STRONG> (Thumb, 2 bytes, Stack size 0 bytes, use_no_semi_2.o(.text), UNUSED)

<P><STRONG><a name="[120]"></a>__aeabi_uldivmod</STRONG> (Thumb, 0 bytes, Stack size 48 bytes, lludivv7m.o(.text), UNUSED)
<BR><BR>[Called By]<UL><LI><a href="#[4e]">&gt;&gt;</a>&nbsp;&nbsp;&nbsp;UART_SetConfig
</UL>

<P><STRONG><a name="[12d]"></a>_ll_udiv</STRONG> (Thumb, 240 bytes, Stack size 48 bytes, lludivv7m.o(.text), UNUSED)

<P><STRONG><a name="[33]"></a>__aeabi_memclr4</STRONG> (Thumb, 0 bytes, Stack size unknown bytes, rt_memclr_w.o(.text), UNUSED)
<BR><BR>[Called By]<UL><LI><a href="#[7a]">&gt;&gt;</a>&nbsp;&nbsp;&nbsp;HAL_MDMA_UnRegisterCallback
<LI><a href="#[39]">&gt;&gt;</a>&nbsp;&nbsp;&nbsp;HAL_DMA_UnRegisterCallback
<LI><a href="#[2f]">&gt;&gt;</a>&nbsp;&nbsp;&nbsp;HAL_DMA_DeInit
<LI><a href="#[113]">&gt;&gt;</a>&nbsp;&nbsp;&nbsp;MX_USART1_UART_Init
<LI><a href="#[110]">&gt;&gt;</a>&nbsp;&nbsp;&nbsp;SystemClock_Config
<LI><a href="#[127]">&gt;&gt;</a>&nbsp;&nbsp;&nbsp;w25qxx_page_program
<LI><a href="#[24]">&gt;&gt;</a>&nbsp;&nbsp;&nbsp;w25qxx_chip_erase
<LI><a href="#[26]">&gt;&gt;</a>&nbsp;&nbsp;&nbsp;w25qxx_8k_sector_erase
<LI><a href="#[128]">&gt;&gt;</a>&nbsp;&nbsp;&nbsp;w25qxx_read_status_reg
<LI><a href="#[12b]">&gt;&gt;</a>&nbsp;&nbsp;&nbsp;w25qxx_write_enable_for_volatile_status_reg
<LI><a href="#[12a]">&gt;&gt;</a>&nbsp;&nbsp;&nbsp;w25qxx_write_enable
<LI><a href="#[123]">&gt;&gt;</a>&nbsp;&nbsp;&nbsp;w25qxx_autopolling_ready
<LI><a href="#[126]">&gt;&gt;</a>&nbsp;&nbsp;&nbsp;w25qxx_write_status_reg
<LI><a href="#[124]">&gt;&gt;</a>&nbsp;&nbsp;&nbsp;w25qxx_reset
<LI><a href="#[114]">&gt;&gt;</a>&nbsp;&nbsp;&nbsp;w25qxx_init
<LI><a href="#[129]">&gt;&gt;</a>&nbsp;&nbsp;&nbsp;w25qxx_set_address_mode
</UL>

<P><STRONG><a name="[aa]"></a>__aeabi_memclr8</STRONG> (Thumb, 0 bytes, Stack size unknown bytes, rt_memclr_w.o(.text), UNUSED)
<BR><BR>[Called By]<UL><LI><a href="#[4c]">&gt;&gt;</a>&nbsp;&nbsp;&nbsp;HAL_UART_MspInit
<LI><a href="#[a7]">&gt;&gt;</a>&nbsp;&nbsp;&nbsp;HAL_QSPI_MspInit
</UL>

<P><STRONG><a name="[12e]"></a>__rt_memclr_w</STRONG> (Thumb, 0 bytes, Stack size unknown bytes, rt_memclr_w.o(.text), UNUSED)

<P><STRONG><a name="[12f]"></a>_memset_w</STRONG> (Thumb, 74 bytes, Stack size 4 bytes, rt_memclr_w.o(.text), UNUSED)

<P><STRONG><a name="[130]"></a>__semihosting$guard</STRONG> (Thumb, 0 bytes, Stack size 0 bytes, use_no_semi.o(.text), UNUSED)

<P><STRONG><a name="[131]"></a>__use_no_semihosting_swi</STRONG> (Thumb, 2 bytes, Stack size 0 bytes, use_no_semi.o(.text), UNUSED)

<P><STRONG><a name="[132]"></a>BlankCheck</STRONG> (Thumb, 4 bytes, Stack size 0 bytes, flashprg.o(.text.BlankCheck), UNUSED)

<P><STRONG><a name="[22]"></a>BusFault_Handler</STRONG> (Thumb, 2 bytes, Stack size 0 bytes, stm32h7xx_it.o(.text.BusFault_Handler), UNUSED)
<BR><BR>[Calls]<UL><LI><a href="#[22]">&gt;&gt;</a>&nbsp;&nbsp;&nbsp;BusFault_Handler
</UL>
<BR>[Called By]<UL><LI><a href="#[22]">&gt;&gt;</a>&nbsp;&nbsp;&nbsp;BusFault_Handler
</UL>

<P><STRONG><a name="[133]"></a>DebugMon_Handler</STRONG> (Thumb, 2 bytes, Stack size 0 bytes, stm32h7xx_it.o(.text.DebugMon_Handler), UNUSED)

<P><STRONG><a name="[23]"></a>EraseChip</STRONG> (Thumb, 10 bytes, Stack size 8 bytes, flashprg.o(.text.EraseChip), UNUSED)
<BR><BR>[Calls]<UL><LI><a href="#[24]">&gt;&gt;</a>&nbsp;&nbsp;&nbsp;w25qxx_chip_erase
</UL>

<P><STRONG><a name="[25]"></a>EraseSector</STRONG> (Thumb, 28 bytes, Stack size 8 bytes, flashprg.o(.text.EraseSector), UNUSED)
<BR><BR>[Calls]<UL><LI><a href="#[26]">&gt;&gt;</a>&nbsp;&nbsp;&nbsp;w25qxx_8k_sector_erase
</UL>

<P><STRONG><a name="[ac]"></a>Error_Handler</STRONG> (Thumb, 10 bytes, Stack size 0 bytes, main.o(.text.Error_Handler), UNUSED)
<BR><BR>[Called By]<UL><LI><a href="#[4c]">&gt;&gt;</a>&nbsp;&nbsp;&nbsp;HAL_UART_MspInit
<LI><a href="#[113]">&gt;&gt;</a>&nbsp;&nbsp;&nbsp;MX_USART1_UART_Init
<LI><a href="#[a7]">&gt;&gt;</a>&nbsp;&nbsp;&nbsp;HAL_QSPI_MspInit
<LI><a href="#[112]">&gt;&gt;</a>&nbsp;&nbsp;&nbsp;MX_QUADSPI_Init
<LI><a href="#[115]">&gt;&gt;</a>&nbsp;&nbsp;&nbsp;w25qxx_memorymapped
<LI><a href="#[123]">&gt;&gt;</a>&nbsp;&nbsp;&nbsp;w25qxx_autopolling_ready
</UL>

<P><STRONG><a name="[27]"></a>FLASH_CRC_WaitForLastOperation</STRONG> (Thumb, 134 bytes, Stack size 32 bytes, stm32h7xx_hal_flash.o(.text.FLASH_CRC_WaitForLastOperation), UNUSED)
<BR><BR>[Calls]<UL><LI><a href="#[28]">&gt;&gt;</a>&nbsp;&nbsp;&nbsp;HAL_GetTick
</UL>
<BR>[Called By]<UL><LI><a href="#[3c]">&gt;&gt;</a>&nbsp;&nbsp;&nbsp;HAL_FLASHEx_ComputeCRC
<LI><a href="#[44]">&gt;&gt;</a>&nbsp;&nbsp;&nbsp;HAL_FLASH_OB_Launch
</UL>

<P><STRONG><a name="[42]"></a>FLASH_Erase_Sector</STRONG> (Thumb, 38 bytes, Stack size 0 bytes, stm32h7xx_hal_flash_ex.o(.text.FLASH_Erase_Sector), UNUSED)
<BR><BR>[Called By]<UL><LI><a href="#[40]">&gt;&gt;</a>&nbsp;&nbsp;&nbsp;HAL_FLASH_IRQHandler
</UL>

<P><STRONG><a name="[29]"></a>FLASH_OB_WaitForLastOperation</STRONG> (Thumb, 96 bytes, Stack size 24 bytes, stm32h7xx_hal_flash.o(.text.FLASH_OB_WaitForLastOperation), UNUSED)
<BR><BR>[Calls]<UL><LI><a href="#[28]">&gt;&gt;</a>&nbsp;&nbsp;&nbsp;HAL_GetTick
</UL>
<BR>[Called By]<UL><LI><a href="#[3c]">&gt;&gt;</a>&nbsp;&nbsp;&nbsp;HAL_FLASHEx_ComputeCRC
<LI><a href="#[44]">&gt;&gt;</a>&nbsp;&nbsp;&nbsp;HAL_FLASH_OB_Launch
</UL>

<P><STRONG><a name="[2a]"></a>FLASH_WaitForLastOperation</STRONG> (Thumb, 126 bytes, Stack size 24 bytes, stm32h7xx_hal_flash.o(.text.FLASH_WaitForLastOperation), UNUSED)
<BR><BR>[Calls]<UL><LI><a href="#[28]">&gt;&gt;</a>&nbsp;&nbsp;&nbsp;HAL_GetTick
</UL>
<BR>[Called By]<UL><LI><a href="#[3f]">&gt;&gt;</a>&nbsp;&nbsp;&nbsp;HAL_FLASHEx_OBProgram
<LI><a href="#[3e]">&gt;&gt;</a>&nbsp;&nbsp;&nbsp;HAL_FLASHEx_Erase_IT
<LI><a href="#[3d]">&gt;&gt;</a>&nbsp;&nbsp;&nbsp;HAL_FLASHEx_Erase
<LI><a href="#[46]">&gt;&gt;</a>&nbsp;&nbsp;&nbsp;HAL_FLASH_Program_IT
<LI><a href="#[45]">&gt;&gt;</a>&nbsp;&nbsp;&nbsp;HAL_FLASH_Program
</UL>

<P><STRONG><a name="[134]"></a>HAL_DBGMCU_DisableDBGSleepMode</STRONG> (Thumb, 18 bytes, Stack size 0 bytes, stm32h7xx_hal.o(.text.HAL_DBGMCU_DisableDBGSleepMode), UNUSED)

<P><STRONG><a name="[135]"></a>HAL_DBGMCU_DisableDBGStandbyMode</STRONG> (Thumb, 18 bytes, Stack size 0 bytes, stm32h7xx_hal.o(.text.HAL_DBGMCU_DisableDBGStandbyMode), UNUSED)

<P><STRONG><a name="[136]"></a>HAL_DBGMCU_DisableDBGStopMode</STRONG> (Thumb, 18 bytes, Stack size 0 bytes, stm32h7xx_hal.o(.text.HAL_DBGMCU_DisableDBGStopMode), UNUSED)

<P><STRONG><a name="[137]"></a>HAL_DBGMCU_EnableDBGSleepMode</STRONG> (Thumb, 18 bytes, Stack size 0 bytes, stm32h7xx_hal.o(.text.HAL_DBGMCU_EnableDBGSleepMode), UNUSED)

<P><STRONG><a name="[138]"></a>HAL_DBGMCU_EnableDBGStandbyMode</STRONG> (Thumb, 18 bytes, Stack size 0 bytes, stm32h7xx_hal.o(.text.HAL_DBGMCU_EnableDBGStandbyMode), UNUSED)

<P><STRONG><a name="[139]"></a>HAL_DBGMCU_EnableDBGStopMode</STRONG> (Thumb, 18 bytes, Stack size 0 bytes, stm32h7xx_hal.o(.text.HAL_DBGMCU_EnableDBGStopMode), UNUSED)

<P><STRONG><a name="[13a]"></a>HAL_DMAEx_ChangeMemory</STRONG> (Thumb, 230 bytes, Stack size 0 bytes, stm32h7xx_hal_dma_ex.o(.text.HAL_DMAEx_ChangeMemory), UNUSED)

<P><STRONG><a name="[13b]"></a>HAL_DMAEx_ConfigMuxRequestGenerator</STRONG> (Thumb, 82 bytes, Stack size 8 bytes, stm32h7xx_hal_dma_ex.o(.text.HAL_DMAEx_ConfigMuxRequestGenerator), UNUSED)

<P><STRONG><a name="[13c]"></a>HAL_DMAEx_ConfigMuxSync</STRONG> (Thumb, 108 bytes, Stack size 16 bytes, stm32h7xx_hal_dma_ex.o(.text.HAL_DMAEx_ConfigMuxSync), UNUSED)

<P><STRONG><a name="[13d]"></a>HAL_DMAEx_DisableMuxRequestGenerator</STRONG> (Thumb, 24 bytes, Stack size 0 bytes, stm32h7xx_hal_dma_ex.o(.text.HAL_DMAEx_DisableMuxRequestGenerator), UNUSED)

<P><STRONG><a name="[13e]"></a>HAL_DMAEx_EnableMuxRequestGenerator</STRONG> (Thumb, 24 bytes, Stack size 0 bytes, stm32h7xx_hal_dma_ex.o(.text.HAL_DMAEx_EnableMuxRequestGenerator), UNUSED)

<P><STRONG><a name="[13f]"></a>HAL_DMAEx_MUX_IRQHandler</STRONG> (Thumb, 94 bytes, Stack size 8 bytes, stm32h7xx_hal_dma_ex.o(.text.HAL_DMAEx_MUX_IRQHandler), UNUSED)

<P><STRONG><a name="[2b]"></a>HAL_DMAEx_MultiBufferStart</STRONG> (Thumb, 866 bytes, Stack size 32 bytes, stm32h7xx_hal_dma_ex.o(.text.HAL_DMAEx_MultiBufferStart), UNUSED)
<BR><BR>[Calls]<UL><LI><a href="#[2c]">&gt;&gt;</a>&nbsp;&nbsp;&nbsp;DMA_MultiBufferSetConfig
</UL>

<P><STRONG><a name="[2d]"></a>HAL_DMAEx_MultiBufferStart_IT</STRONG> (Thumb, 1468 bytes, Stack size 24 bytes, stm32h7xx_hal_dma_ex.o(.text.HAL_DMAEx_MultiBufferStart_IT), UNUSED)
<BR><BR>[Calls]<UL><LI><a href="#[2c]">&gt;&gt;</a>&nbsp;&nbsp;&nbsp;DMA_MultiBufferSetConfig
</UL>

<P><STRONG><a name="[2e]"></a>HAL_DMA_Abort</STRONG> (Thumb, 1214 bytes, Stack size 24 bytes, stm32h7xx_hal_dma.o(.text.HAL_DMA_Abort), UNUSED)
<BR><BR>[Calls]<UL><LI><a href="#[28]">&gt;&gt;</a>&nbsp;&nbsp;&nbsp;HAL_GetTick
</UL>
<BR>[Called By]<UL><LI><a href="#[35]">&gt;&gt;</a>&nbsp;&nbsp;&nbsp;HAL_DMA_PollForTransfer
<LI><a href="#[ed]">&gt;&gt;</a>&nbsp;&nbsp;&nbsp;HAL_UART_IRQHandler
<LI><a href="#[e1]">&gt;&gt;</a>&nbsp;&nbsp;&nbsp;HAL_UART_AbortReceive
<LI><a href="#[e4]">&gt;&gt;</a>&nbsp;&nbsp;&nbsp;HAL_UART_AbortTransmit
<LI><a href="#[df]">&gt;&gt;</a>&nbsp;&nbsp;&nbsp;HAL_UART_Abort
<LI><a href="#[e9]">&gt;&gt;</a>&nbsp;&nbsp;&nbsp;HAL_UART_DMAStop
</UL>

<P><STRONG><a name="[68]"></a>HAL_DMA_Abort_IT</STRONG> (Thumb, 660 bytes, Stack size 8 bytes, stm32h7xx_hal_dma.o(.text.HAL_DMA_Abort_IT))
<BR><BR>[Stack]<UL><LI>Max Depth = 8<LI>Call Chain = HAL_DMA_Abort_IT
</UL>
<BR>[Called By]<UL><LI><a href="#[67]">&gt;&gt;</a>&nbsp;&nbsp;&nbsp;HAL_I2C_Slave_Seq_Receive_DMA
<LI><a href="#[69]">&gt;&gt;</a>&nbsp;&nbsp;&nbsp;HAL_I2C_Slave_Seq_Receive_IT
<LI><a href="#[6a]">&gt;&gt;</a>&nbsp;&nbsp;&nbsp;HAL_I2C_Slave_Seq_Transmit_DMA
<LI><a href="#[6b]">&gt;&gt;</a>&nbsp;&nbsp;&nbsp;HAL_I2C_Slave_Seq_Transmit_IT
<LI><a href="#[53]">&gt;&gt;</a>&nbsp;&nbsp;&nbsp;I2C_ITError
<LI><a href="#[ed]">&gt;&gt;</a>&nbsp;&nbsp;&nbsp;HAL_UART_IRQHandler
<LI><a href="#[e2]">&gt;&gt;</a>&nbsp;&nbsp;&nbsp;HAL_UART_AbortReceive_IT
<LI><a href="#[e5]">&gt;&gt;</a>&nbsp;&nbsp;&nbsp;HAL_UART_AbortTransmit_IT
<LI><a href="#[e7]">&gt;&gt;</a>&nbsp;&nbsp;&nbsp;HAL_UART_Abort_IT
</UL>

<P><STRONG><a name="[2f]"></a>HAL_DMA_DeInit</STRONG> (Thumb, 482 bytes, Stack size 16 bytes, stm32h7xx_hal_dma.o(.text.HAL_DMA_DeInit), UNUSED)
<BR><BR>[Calls]<UL><LI><a href="#[32]">&gt;&gt;</a>&nbsp;&nbsp;&nbsp;DMA_CalcDMAMUXRequestGenBaseAndMask
<LI><a href="#[31]">&gt;&gt;</a>&nbsp;&nbsp;&nbsp;DMA_CalcDMAMUXChannelBaseAndMask
<LI><a href="#[30]">&gt;&gt;</a>&nbsp;&nbsp;&nbsp;DMA_CalcBaseAndBitshift
<LI><a href="#[33]">&gt;&gt;</a>&nbsp;&nbsp;&nbsp;__aeabi_memclr4
</UL>

<P><STRONG><a name="[e0]"></a>HAL_DMA_GetError</STRONG> (Thumb, 4 bytes, Stack size 0 bytes, stm32h7xx_hal_dma.o(.text.HAL_DMA_GetError))
<BR><BR>[Called By]<UL><LI><a href="#[5]">&gt;&gt;</a>&nbsp;&nbsp;&nbsp;I2C_DMAError
<LI><a href="#[e1]">&gt;&gt;</a>&nbsp;&nbsp;&nbsp;HAL_UART_AbortReceive
<LI><a href="#[e4]">&gt;&gt;</a>&nbsp;&nbsp;&nbsp;HAL_UART_AbortTransmit
<LI><a href="#[df]">&gt;&gt;</a>&nbsp;&nbsp;&nbsp;HAL_UART_Abort
<LI><a href="#[e9]">&gt;&gt;</a>&nbsp;&nbsp;&nbsp;HAL_UART_DMAStop
</UL>

<P><STRONG><a name="[ff]"></a>HAL_DMA_GetState</STRONG> (Thumb, 4 bytes, Stack size 0 bytes, stm32h7xx_hal_dma.o(.text.HAL_DMA_GetState))
<BR><BR>[Called By]<UL><LI><a href="#[53]">&gt;&gt;</a>&nbsp;&nbsp;&nbsp;I2C_ITError
</UL>

<P><STRONG><a name="[140]"></a>HAL_DMA_IRQHandler</STRONG> (Thumb, 1902 bytes, Stack size 40 bytes, stm32h7xx_hal_dma.o(.text.HAL_DMA_IRQHandler), UNUSED)

<P><STRONG><a name="[34]"></a>HAL_DMA_Init</STRONG> (Thumb, 1136 bytes, Stack size 24 bytes, stm32h7xx_hal_dma.o(.text.HAL_DMA_Init), UNUSED)
<BR><BR>[Calls]<UL><LI><a href="#[32]">&gt;&gt;</a>&nbsp;&nbsp;&nbsp;DMA_CalcDMAMUXRequestGenBaseAndMask
<LI><a href="#[31]">&gt;&gt;</a>&nbsp;&nbsp;&nbsp;DMA_CalcDMAMUXChannelBaseAndMask
<LI><a href="#[30]">&gt;&gt;</a>&nbsp;&nbsp;&nbsp;DMA_CalcBaseAndBitshift
<LI><a href="#[28]">&gt;&gt;</a>&nbsp;&nbsp;&nbsp;HAL_GetTick
</UL>

<P><STRONG><a name="[35]"></a>HAL_DMA_PollForTransfer</STRONG> (Thumb, 1604 bytes, Stack size 40 bytes, stm32h7xx_hal_dma.o(.text.HAL_DMA_PollForTransfer), UNUSED)
<BR><BR>[Calls]<UL><LI><a href="#[2e]">&gt;&gt;</a>&nbsp;&nbsp;&nbsp;HAL_DMA_Abort
<LI><a href="#[28]">&gt;&gt;</a>&nbsp;&nbsp;&nbsp;HAL_GetTick
</UL>

<P><STRONG><a name="[141]"></a>HAL_DMA_RegisterCallback</STRONG> (Thumb, 86 bytes, Stack size 0 bytes, stm32h7xx_hal_dma.o(.text.HAL_DMA_RegisterCallback), UNUSED)

<P><STRONG><a name="[36]"></a>HAL_DMA_Start</STRONG> (Thumb, 298 bytes, Stack size 8 bytes, stm32h7xx_hal_dma.o(.text.HAL_DMA_Start), UNUSED)
<BR><BR>[Calls]<UL><LI><a href="#[37]">&gt;&gt;</a>&nbsp;&nbsp;&nbsp;DMA_SetConfig
</UL>

<P><STRONG><a name="[38]"></a>HAL_DMA_Start_IT</STRONG> (Thumb, 872 bytes, Stack size 16 bytes, stm32h7xx_hal_dma.o(.text.HAL_DMA_Start_IT))
<BR><BR>[Stack]<UL><LI>Max Depth = 32<LI>Call Chain = HAL_DMA_Start_IT &rArr; DMA_SetConfig
</UL>
<BR>[Calls]<UL><LI><a href="#[37]">&gt;&gt;</a>&nbsp;&nbsp;&nbsp;DMA_SetConfig
</UL>
<BR>[Called By]<UL><LI><a href="#[67]">&gt;&gt;</a>&nbsp;&nbsp;&nbsp;HAL_I2C_Slave_Seq_Receive_DMA
<LI><a href="#[6a]">&gt;&gt;</a>&nbsp;&nbsp;&nbsp;HAL_I2C_Slave_Seq_Transmit_DMA
<LI><a href="#[5c]">&gt;&gt;</a>&nbsp;&nbsp;&nbsp;HAL_I2C_Master_Seq_Receive_DMA
<LI><a href="#[5d]">&gt;&gt;</a>&nbsp;&nbsp;&nbsp;HAL_I2C_Master_Seq_Transmit_DMA
<LI><a href="#[62]">&gt;&gt;</a>&nbsp;&nbsp;&nbsp;HAL_I2C_Mem_Read_DMA
<LI><a href="#[64]">&gt;&gt;</a>&nbsp;&nbsp;&nbsp;HAL_I2C_Mem_Write_DMA
<LI><a href="#[66]">&gt;&gt;</a>&nbsp;&nbsp;&nbsp;HAL_I2C_Slave_Receive_DMA
<LI><a href="#[6d]">&gt;&gt;</a>&nbsp;&nbsp;&nbsp;HAL_I2C_Slave_Transmit_DMA
<LI><a href="#[5b]">&gt;&gt;</a>&nbsp;&nbsp;&nbsp;HAL_I2C_Master_Receive_DMA
<LI><a href="#[60]">&gt;&gt;</a>&nbsp;&nbsp;&nbsp;HAL_I2C_Master_Transmit_DMA
<LI><a href="#[4]">&gt;&gt;</a>&nbsp;&nbsp;&nbsp;I2C_DMAMasterReceiveCplt
<LI><a href="#[7]">&gt;&gt;</a>&nbsp;&nbsp;&nbsp;I2C_DMAMasterTransmitCplt
<LI><a href="#[d8]">&gt;&gt;</a>&nbsp;&nbsp;&nbsp;UART_Start_Receive_DMA
<LI><a href="#[f9]">&gt;&gt;</a>&nbsp;&nbsp;&nbsp;HAL_UART_Transmit_DMA
</UL>

<P><STRONG><a name="[39]"></a>HAL_DMA_UnRegisterCallback</STRONG> (Thumb, 100 bytes, Stack size 8 bytes, stm32h7xx_hal_dma.o(.text.HAL_DMA_UnRegisterCallback), UNUSED)
<BR><BR>[Calls]<UL><LI><a href="#[33]">&gt;&gt;</a>&nbsp;&nbsp;&nbsp;__aeabi_memclr4
</UL>

<P><STRONG><a name="[3a]"></a>HAL_DeInit</STRONG> (Thumb, 114 bytes, Stack size 8 bytes, stm32h7xx_hal.o(.text.HAL_DeInit), UNUSED)
<BR><BR>[Calls]<UL><LI><a href="#[3b]">&gt;&gt;</a>&nbsp;&nbsp;&nbsp;HAL_MspDeInit
</UL>
<BR>[Called By]<UL><LI><a href="#[10e]">&gt;&gt;</a>&nbsp;&nbsp;&nbsp;Init
</UL>

<P><STRONG><a name="[125]"></a>HAL_Delay</STRONG> (Thumb, 28 bytes, Stack size 4 bytes, main.o(.text.HAL_Delay), UNUSED)
<BR><BR>[Called By]<UL><LI><a href="#[114]">&gt;&gt;</a>&nbsp;&nbsp;&nbsp;w25qxx_init
</UL>

<P><STRONG><a name="[142]"></a>HAL_DisableCompensationCell</STRONG> (Thumb, 18 bytes, Stack size 0 bytes, stm32h7xx_hal.o(.text.HAL_DisableCompensationCell), UNUSED)

<P><STRONG><a name="[143]"></a>HAL_EXTI_ClearConfigLine</STRONG> (Thumb, 216 bytes, Stack size 24 bytes, stm32h7xx_hal_exti.o(.text.HAL_EXTI_ClearConfigLine), UNUSED)

<P><STRONG><a name="[144]"></a>HAL_EXTI_ClearPending</STRONG> (Thumb, 26 bytes, Stack size 0 bytes, stm32h7xx_hal_exti.o(.text.HAL_EXTI_ClearPending), UNUSED)

<P><STRONG><a name="[145]"></a>HAL_EXTI_D1_ClearFlag</STRONG> (Thumb, 26 bytes, Stack size 0 bytes, stm32h7xx_hal.o(.text.HAL_EXTI_D1_ClearFlag), UNUSED)

<P><STRONG><a name="[146]"></a>HAL_EXTI_D1_EventInputConfig</STRONG> (Thumb, 146 bytes, Stack size 8 bytes, stm32h7xx_hal.o(.text.HAL_EXTI_D1_EventInputConfig), UNUSED)

<P><STRONG><a name="[147]"></a>HAL_EXTI_D3_EventInputConfig</STRONG> (Thumb, 96 bytes, Stack size 8 bytes, stm32h7xx_hal.o(.text.HAL_EXTI_D3_EventInputConfig), UNUSED)

<P><STRONG><a name="[148]"></a>HAL_EXTI_EdgeConfig</STRONG> (Thumb, 82 bytes, Stack size 8 bytes, stm32h7xx_hal.o(.text.HAL_EXTI_EdgeConfig), UNUSED)

<P><STRONG><a name="[149]"></a>HAL_EXTI_GenerateSWI</STRONG> (Thumb, 26 bytes, Stack size 0 bytes, stm32h7xx_hal_exti.o(.text.HAL_EXTI_GenerateSWI), UNUSED)

<P><STRONG><a name="[14a]"></a>HAL_EXTI_GenerateSWInterrupt</STRONG> (Thumb, 28 bytes, Stack size 0 bytes, stm32h7xx_hal.o(.text.HAL_EXTI_GenerateSWInterrupt), UNUSED)

<P><STRONG><a name="[14b]"></a>HAL_EXTI_GetConfigLine</STRONG> (Thumb, 236 bytes, Stack size 20 bytes, stm32h7xx_hal_exti.o(.text.HAL_EXTI_GetConfigLine), UNUSED)

<P><STRONG><a name="[14c]"></a>HAL_EXTI_GetHandle</STRONG> (Thumb, 12 bytes, Stack size 0 bytes, stm32h7xx_hal_exti.o(.text.HAL_EXTI_GetHandle), UNUSED)

<P><STRONG><a name="[14d]"></a>HAL_EXTI_GetPending</STRONG> (Thumb, 30 bytes, Stack size 0 bytes, stm32h7xx_hal_exti.o(.text.HAL_EXTI_GetPending), UNUSED)

<P><STRONG><a name="[14e]"></a>HAL_EXTI_IRQHandler</STRONG> (Thumb, 56 bytes, Stack size 8 bytes, stm32h7xx_hal_exti.o(.text.HAL_EXTI_IRQHandler), UNUSED)

<P><STRONG><a name="[14f]"></a>HAL_EXTI_RegisterCallback</STRONG> (Thumb, 18 bytes, Stack size 0 bytes, stm32h7xx_hal_exti.o(.text.HAL_EXTI_RegisterCallback), UNUSED)

<P><STRONG><a name="[150]"></a>HAL_EXTI_SetConfigLine</STRONG> (Thumb, 310 bytes, Stack size 28 bytes, stm32h7xx_hal_exti.o(.text.HAL_EXTI_SetConfigLine), UNUSED)

<P><STRONG><a name="[151]"></a>HAL_EnableCompensationCell</STRONG> (Thumb, 18 bytes, Stack size 0 bytes, stm32h7xx_hal.o(.text.HAL_EnableCompensationCell), UNUSED)

<P><STRONG><a name="[3c]"></a>HAL_FLASHEx_ComputeCRC</STRONG> (Thumb, 190 bytes, Stack size 16 bytes, stm32h7xx_hal_flash_ex.o(.text.HAL_FLASHEx_ComputeCRC), UNUSED)
<BR><BR>[Calls]<UL><LI><a href="#[29]">&gt;&gt;</a>&nbsp;&nbsp;&nbsp;FLASH_OB_WaitForLastOperation
<LI><a href="#[27]">&gt;&gt;</a>&nbsp;&nbsp;&nbsp;FLASH_CRC_WaitForLastOperation
</UL>

<P><STRONG><a name="[3d]"></a>HAL_FLASHEx_Erase</STRONG> (Thumb, 262 bytes, Stack size 32 bytes, stm32h7xx_hal_flash_ex.o(.text.HAL_FLASHEx_Erase), UNUSED)
<BR><BR>[Calls]<UL><LI><a href="#[2a]">&gt;&gt;</a>&nbsp;&nbsp;&nbsp;FLASH_WaitForLastOperation
</UL>

<P><STRONG><a name="[3e]"></a>HAL_FLASHEx_Erase_IT</STRONG> (Thumb, 218 bytes, Stack size 16 bytes, stm32h7xx_hal_flash_ex.o(.text.HAL_FLASHEx_Erase_IT), UNUSED)
<BR><BR>[Calls]<UL><LI><a href="#[2a]">&gt;&gt;</a>&nbsp;&nbsp;&nbsp;FLASH_WaitForLastOperation
</UL>

<P><STRONG><a name="[152]"></a>HAL_FLASHEx_Lock_Bank1</STRONG> (Thumb, 20 bytes, Stack size 0 bytes, stm32h7xx_hal_flash_ex.o(.text.HAL_FLASHEx_Lock_Bank1), UNUSED)

<P><STRONG><a name="[153]"></a>HAL_FLASHEx_OBGetConfig</STRONG> (Thumb, 176 bytes, Stack size 8 bytes, stm32h7xx_hal_flash_ex.o(.text.HAL_FLASHEx_OBGetConfig), UNUSED)

<P><STRONG><a name="[3f]"></a>HAL_FLASHEx_OBProgram</STRONG> (Thumb, 476 bytes, Stack size 32 bytes, stm32h7xx_hal_flash_ex.o(.text.HAL_FLASHEx_OBProgram), UNUSED)
<BR><BR>[Calls]<UL><LI><a href="#[2a]">&gt;&gt;</a>&nbsp;&nbsp;&nbsp;FLASH_WaitForLastOperation
</UL>

<P><STRONG><a name="[154]"></a>HAL_FLASHEx_Unlock_Bank1</STRONG> (Thumb, 48 bytes, Stack size 0 bytes, stm32h7xx_hal_flash_ex.o(.text.HAL_FLASHEx_Unlock_Bank1), UNUSED)

<P><STRONG><a name="[41]"></a>HAL_FLASH_EndOfOperationCallback</STRONG> (Thumb, 2 bytes, Stack size 0 bytes, stm32h7xx_hal_flash.o(.text.HAL_FLASH_EndOfOperationCallback), UNUSED)
<BR><BR>[Called By]<UL><LI><a href="#[40]">&gt;&gt;</a>&nbsp;&nbsp;&nbsp;HAL_FLASH_IRQHandler
</UL>

<P><STRONG><a name="[155]"></a>HAL_FLASH_GetError</STRONG> (Thumb, 14 bytes, Stack size 0 bytes, stm32h7xx_hal_flash.o(.text.HAL_FLASH_GetError), UNUSED)

<P><STRONG><a name="[40]"></a>HAL_FLASH_IRQHandler</STRONG> (Thumb, 254 bytes, Stack size 16 bytes, stm32h7xx_hal_flash.o(.text.HAL_FLASH_IRQHandler), UNUSED)
<BR><BR>[Calls]<UL><LI><a href="#[43]">&gt;&gt;</a>&nbsp;&nbsp;&nbsp;HAL_FLASH_OperationErrorCallback
<LI><a href="#[42]">&gt;&gt;</a>&nbsp;&nbsp;&nbsp;FLASH_Erase_Sector
<LI><a href="#[41]">&gt;&gt;</a>&nbsp;&nbsp;&nbsp;HAL_FLASH_EndOfOperationCallback
</UL>

<P><STRONG><a name="[156]"></a>HAL_FLASH_Lock</STRONG> (Thumb, 26 bytes, Stack size 0 bytes, stm32h7xx_hal_flash.o(.text.HAL_FLASH_Lock), UNUSED)

<P><STRONG><a name="[44]"></a>HAL_FLASH_OB_Launch</STRONG> (Thumb, 46 bytes, Stack size 8 bytes, stm32h7xx_hal_flash.o(.text.HAL_FLASH_OB_Launch), UNUSED)
<BR><BR>[Calls]<UL><LI><a href="#[29]">&gt;&gt;</a>&nbsp;&nbsp;&nbsp;FLASH_OB_WaitForLastOperation
<LI><a href="#[27]">&gt;&gt;</a>&nbsp;&nbsp;&nbsp;FLASH_CRC_WaitForLastOperation
</UL>

<P><STRONG><a name="[157]"></a>HAL_FLASH_OB_Lock</STRONG> (Thumb, 26 bytes, Stack size 0 bytes, stm32h7xx_hal_flash.o(.text.HAL_FLASH_OB_Lock), UNUSED)

<P><STRONG><a name="[158]"></a>HAL_FLASH_OB_Unlock</STRONG> (Thumb, 44 bytes, Stack size 0 bytes, stm32h7xx_hal_flash.o(.text.HAL_FLASH_OB_Unlock), UNUSED)

<P><STRONG><a name="[43]"></a>HAL_FLASH_OperationErrorCallback</STRONG> (Thumb, 2 bytes, Stack size 0 bytes, stm32h7xx_hal_flash.o(.text.HAL_FLASH_OperationErrorCallback), UNUSED)
<BR><BR>[Called By]<UL><LI><a href="#[40]">&gt;&gt;</a>&nbsp;&nbsp;&nbsp;HAL_FLASH_IRQHandler
</UL>

<P><STRONG><a name="[45]"></a>HAL_FLASH_Program</STRONG> (Thumb, 162 bytes, Stack size 24 bytes, stm32h7xx_hal_flash.o(.text.HAL_FLASH_Program), UNUSED)
<BR><BR>[Calls]<UL><LI><a href="#[2a]">&gt;&gt;</a>&nbsp;&nbsp;&nbsp;FLASH_WaitForLastOperation
</UL>

<P><STRONG><a name="[46]"></a>HAL_FLASH_Program_IT</STRONG> (Thumb, 150 bytes, Stack size 16 bytes, stm32h7xx_hal_flash.o(.text.HAL_FLASH_Program_IT), UNUSED)
<BR><BR>[Calls]<UL><LI><a href="#[2a]">&gt;&gt;</a>&nbsp;&nbsp;&nbsp;FLASH_WaitForLastOperation
</UL>

<P><STRONG><a name="[159]"></a>HAL_FLASH_Unlock</STRONG> (Thumb, 48 bytes, Stack size 0 bytes, stm32h7xx_hal_flash.o(.text.HAL_FLASH_Unlock), UNUSED)

<P><STRONG><a name="[a9]"></a>HAL_GPIO_DeInit</STRONG> (Thumb, 256 bytes, Stack size 36 bytes, stm32h7xx_hal_gpio.o(.text.HAL_GPIO_DeInit), UNUSED)
<BR><BR>[Called By]<UL><LI><a href="#[ec]">&gt;&gt;</a>&nbsp;&nbsp;&nbsp;HAL_UART_MspDeInit
<LI><a href="#[9d]">&gt;&gt;</a>&nbsp;&nbsp;&nbsp;HAL_QSPI_MspDeInit
</UL>

<P><STRONG><a name="[48]"></a>HAL_GPIO_EXTI_Callback</STRONG> (Thumb, 2 bytes, Stack size 0 bytes, stm32h7xx_hal_gpio.o(.text.HAL_GPIO_EXTI_Callback), UNUSED)
<BR><BR>[Called By]<UL><LI><a href="#[47]">&gt;&gt;</a>&nbsp;&nbsp;&nbsp;HAL_GPIO_EXTI_IRQHandler
</UL>

<P><STRONG><a name="[47]"></a>HAL_GPIO_EXTI_IRQHandler</STRONG> (Thumb, 20 bytes, Stack size 0 bytes, stm32h7xx_hal_gpio.o(.text.HAL_GPIO_EXTI_IRQHandler), UNUSED)
<BR><BR>[Calls]<UL><LI><a href="#[48]">&gt;&gt;</a>&nbsp;&nbsp;&nbsp;HAL_GPIO_EXTI_Callback
</UL>

<P><STRONG><a name="[ad]"></a>HAL_GPIO_Init</STRONG> (Thumb, 406 bytes, Stack size 40 bytes, stm32h7xx_hal_gpio.o(.text.HAL_GPIO_Init), UNUSED)
<BR><BR>[Called By]<UL><LI><a href="#[cb]">&gt;&gt;</a>&nbsp;&nbsp;&nbsp;HAL_RCC_MCOConfig
<LI><a href="#[4c]">&gt;&gt;</a>&nbsp;&nbsp;&nbsp;HAL_UART_MspInit
<LI><a href="#[a7]">&gt;&gt;</a>&nbsp;&nbsp;&nbsp;HAL_QSPI_MspInit
</UL>

<P><STRONG><a name="[15a]"></a>HAL_GPIO_LockPin</STRONG> (Thumb, 40 bytes, Stack size 4 bytes, stm32h7xx_hal_gpio.o(.text.HAL_GPIO_LockPin), UNUSED)

<P><STRONG><a name="[15b]"></a>HAL_GPIO_ReadPin</STRONG> (Thumb, 10 bytes, Stack size 0 bytes, stm32h7xx_hal_gpio.o(.text.HAL_GPIO_ReadPin), UNUSED)

<P><STRONG><a name="[15c]"></a>HAL_GPIO_TogglePin</STRONG> (Thumb, 16 bytes, Stack size 0 bytes, stm32h7xx_hal_gpio.o(.text.HAL_GPIO_TogglePin), UNUSED)

<P><STRONG><a name="[15d]"></a>HAL_GPIO_WritePin</STRONG> (Thumb, 10 bytes, Stack size 0 bytes, stm32h7xx_hal_gpio.o(.text.HAL_GPIO_WritePin), UNUSED)

<P><STRONG><a name="[15e]"></a>HAL_GetCurrentCPUID</STRONG> (Thumb, 4 bytes, Stack size 0 bytes, stm32h7xx_hal_cortex.o(.text.HAL_GetCurrentCPUID), UNUSED)

<P><STRONG><a name="[15f]"></a>HAL_GetDEVID</STRONG> (Thumb, 16 bytes, Stack size 0 bytes, stm32h7xx_hal.o(.text.HAL_GetDEVID), UNUSED)

<P><STRONG><a name="[160]"></a>HAL_GetFMCMemorySwappingConfig</STRONG> (Thumb, 16 bytes, Stack size 0 bytes, stm32h7xx_hal.o(.text.HAL_GetFMCMemorySwappingConfig), UNUSED)

<P><STRONG><a name="[161]"></a>HAL_GetHalVersion</STRONG> (Thumb, 10 bytes, Stack size 0 bytes, stm32h7xx_hal.o(.text.HAL_GetHalVersion), UNUSED)

<P><STRONG><a name="[b3]"></a>HAL_GetREVID</STRONG> (Thumb, 14 bytes, Stack size 0 bytes, stm32h7xx_hal.o(.text.HAL_GetREVID), UNUSED)
<BR><BR>[Called By]<UL><LI><a href="#[b2]">&gt;&gt;</a>&nbsp;&nbsp;&nbsp;HAL_RCCEx_CRSConfig
<LI><a href="#[c9]">&gt;&gt;</a>&nbsp;&nbsp;&nbsp;HAL_RCC_GetOscConfig
<LI><a href="#[ce]">&gt;&gt;</a>&nbsp;&nbsp;&nbsp;HAL_RCC_OscConfig
</UL>

<P><STRONG><a name="[28]"></a>HAL_GetTick</STRONG> (Thumb, 46 bytes, Stack size 4 bytes, main.o(.text.HAL_GetTick), UNUSED)
<BR><BR>[Called By]<UL><LI><a href="#[56]">&gt;&gt;</a>&nbsp;&nbsp;&nbsp;HAL_I2C_IsDeviceReady
<LI><a href="#[61]">&gt;&gt;</a>&nbsp;&nbsp;&nbsp;HAL_I2C_Mem_Read
<LI><a href="#[63]">&gt;&gt;</a>&nbsp;&nbsp;&nbsp;HAL_I2C_Mem_Write
<LI><a href="#[65]">&gt;&gt;</a>&nbsp;&nbsp;&nbsp;HAL_I2C_Slave_Receive
<LI><a href="#[6c]">&gt;&gt;</a>&nbsp;&nbsp;&nbsp;HAL_I2C_Slave_Transmit
<LI><a href="#[58]">&gt;&gt;</a>&nbsp;&nbsp;&nbsp;HAL_I2C_Master_Receive
<LI><a href="#[5e]">&gt;&gt;</a>&nbsp;&nbsp;&nbsp;HAL_I2C_Master_Transmit
<LI><a href="#[59]">&gt;&gt;</a>&nbsp;&nbsp;&nbsp;I2C_WaitOnRXNEFlagUntilTimeout
<LI><a href="#[10b]">&gt;&gt;</a>&nbsp;&nbsp;&nbsp;I2C_IsErrorOccurred
<LI><a href="#[5a]">&gt;&gt;</a>&nbsp;&nbsp;&nbsp;I2C_WaitOnSTOPFlagUntilTimeout
<LI><a href="#[5f]">&gt;&gt;</a>&nbsp;&nbsp;&nbsp;I2C_WaitOnTXISFlagUntilTimeout
<LI><a href="#[57]">&gt;&gt;</a>&nbsp;&nbsp;&nbsp;I2C_WaitOnFlagUntilTimeout
<LI><a href="#[d0]">&gt;&gt;</a>&nbsp;&nbsp;&nbsp;HAL_SYSCFG_EnableVREFBUF
<LI><a href="#[84]">&gt;&gt;</a>&nbsp;&nbsp;&nbsp;HAL_PWREx_DisableUSBReg
<LI><a href="#[86]">&gt;&gt;</a>&nbsp;&nbsp;&nbsp;HAL_PWREx_EnableUSBReg
<LI><a href="#[83]">&gt;&gt;</a>&nbsp;&nbsp;&nbsp;HAL_PWREx_DisableBkUpReg
<LI><a href="#[85]">&gt;&gt;</a>&nbsp;&nbsp;&nbsp;HAL_PWREx_EnableBkUpReg
<LI><a href="#[82]">&gt;&gt;</a>&nbsp;&nbsp;&nbsp;HAL_PWREx_ControlVoltageScaling
<LI><a href="#[76]">&gt;&gt;</a>&nbsp;&nbsp;&nbsp;HAL_MDMA_PollForTransfer
<LI><a href="#[75]">&gt;&gt;</a>&nbsp;&nbsp;&nbsp;HAL_MDMA_Init
<LI><a href="#[35]">&gt;&gt;</a>&nbsp;&nbsp;&nbsp;HAL_DMA_PollForTransfer
<LI><a href="#[2e]">&gt;&gt;</a>&nbsp;&nbsp;&nbsp;HAL_DMA_Abort
<LI><a href="#[34]">&gt;&gt;</a>&nbsp;&nbsp;&nbsp;HAL_DMA_Init
<LI><a href="#[29]">&gt;&gt;</a>&nbsp;&nbsp;&nbsp;FLASH_OB_WaitForLastOperation
<LI><a href="#[27]">&gt;&gt;</a>&nbsp;&nbsp;&nbsp;FLASH_CRC_WaitForLastOperation
<LI><a href="#[2a]">&gt;&gt;</a>&nbsp;&nbsp;&nbsp;FLASH_WaitForLastOperation
<LI><a href="#[b4]">&gt;&gt;</a>&nbsp;&nbsp;&nbsp;HAL_RCCEx_CRSWaitSynchronization
<LI><a href="#[c6]">&gt;&gt;</a>&nbsp;&nbsp;&nbsp;RCCEx_PLL3_Config
<LI><a href="#[c5]">&gt;&gt;</a>&nbsp;&nbsp;&nbsp;RCCEx_PLL2_Config
<LI><a href="#[c8]">&gt;&gt;</a>&nbsp;&nbsp;&nbsp;HAL_RCC_DeInit
<LI><a href="#[74]">&gt;&gt;</a>&nbsp;&nbsp;&nbsp;HAL_MDMA_Abort
<LI><a href="#[92]">&gt;&gt;</a>&nbsp;&nbsp;&nbsp;HAL_QSPI_Abort
<LI><a href="#[99]">&gt;&gt;</a>&nbsp;&nbsp;&nbsp;HAL_QSPI_AutoPolling_IT
<LI><a href="#[9b]">&gt;&gt;</a>&nbsp;&nbsp;&nbsp;HAL_QSPI_Command_IT
<LI><a href="#[93]">&gt;&gt;</a>&nbsp;&nbsp;&nbsp;QSPI_WaitFlagStateUntilTimeout
<LI><a href="#[ab]">&gt;&gt;</a>&nbsp;&nbsp;&nbsp;HAL_RCCEx_PeriphCLKConfig
<LI><a href="#[a6]">&gt;&gt;</a>&nbsp;&nbsp;&nbsp;HAL_QSPI_Init
<LI><a href="#[f8]">&gt;&gt;</a>&nbsp;&nbsp;&nbsp;HAL_UART_Transmit
<LI><a href="#[c7]">&gt;&gt;</a>&nbsp;&nbsp;&nbsp;HAL_RCC_ClockConfig
<LI><a href="#[ce]">&gt;&gt;</a>&nbsp;&nbsp;&nbsp;HAL_RCC_OscConfig
<LI><a href="#[81]">&gt;&gt;</a>&nbsp;&nbsp;&nbsp;HAL_PWREx_ConfigSupply
<LI><a href="#[ae]">&gt;&gt;</a>&nbsp;&nbsp;&nbsp;HAL_QSPI_Receive
<LI><a href="#[a8]">&gt;&gt;</a>&nbsp;&nbsp;&nbsp;HAL_QSPI_MemoryMapped
<LI><a href="#[97]">&gt;&gt;</a>&nbsp;&nbsp;&nbsp;HAL_QSPI_AutoPolling
<LI><a href="#[b0]">&gt;&gt;</a>&nbsp;&nbsp;&nbsp;HAL_QSPI_Transmit
<LI><a href="#[9a]">&gt;&gt;</a>&nbsp;&nbsp;&nbsp;HAL_QSPI_Command
<LI><a href="#[d6]">&gt;&gt;</a>&nbsp;&nbsp;&nbsp;HAL_UARTEx_ReceiveToIdle
<LI><a href="#[dd]">&gt;&gt;</a>&nbsp;&nbsp;&nbsp;HAL_UARTEx_StopModeWakeUpSourceConfig
<LI><a href="#[f5]">&gt;&gt;</a>&nbsp;&nbsp;&nbsp;HAL_UART_Receive
<LI><a href="#[de]">&gt;&gt;</a>&nbsp;&nbsp;&nbsp;UART_WaitOnFlagUntilTimeout
<LI><a href="#[4f]">&gt;&gt;</a>&nbsp;&nbsp;&nbsp;UART_CheckIdleState
</UL>

<P><STRONG><a name="[162]"></a>HAL_GetTickFreq</STRONG> (Thumb, 14 bytes, Stack size 0 bytes, stm32h7xx_hal.o(.text.HAL_GetTickFreq), UNUSED)

<P><STRONG><a name="[163]"></a>HAL_GetTickPrio</STRONG> (Thumb, 14 bytes, Stack size 0 bytes, stm32h7xx_hal.o(.text.HAL_GetTickPrio), UNUSED)

<P><STRONG><a name="[164]"></a>HAL_GetUIDw0</STRONG> (Thumb, 12 bytes, Stack size 0 bytes, stm32h7xx_hal.o(.text.HAL_GetUIDw0), UNUSED)

<P><STRONG><a name="[165]"></a>HAL_GetUIDw1</STRONG> (Thumb, 12 bytes, Stack size 0 bytes, stm32h7xx_hal.o(.text.HAL_GetUIDw1), UNUSED)

<P><STRONG><a name="[166]"></a>HAL_GetUIDw2</STRONG> (Thumb, 12 bytes, Stack size 0 bytes, stm32h7xx_hal.o(.text.HAL_GetUIDw2), UNUSED)

<P><STRONG><a name="[167]"></a>HAL_HSEM_ActivateNotification</STRONG> (Thumb, 16 bytes, Stack size 0 bytes, stm32h7xx_hal_hsem.o(.text.HAL_HSEM_ActivateNotification), UNUSED)

<P><STRONG><a name="[168]"></a>HAL_HSEM_DeactivateNotification</STRONG> (Thumb, 18 bytes, Stack size 0 bytes, stm32h7xx_hal_hsem.o(.text.HAL_HSEM_DeactivateNotification), UNUSED)

<P><STRONG><a name="[169]"></a>HAL_HSEM_FastTake</STRONG> (Thumb, 28 bytes, Stack size 0 bytes, stm32h7xx_hal_hsem.o(.text.HAL_HSEM_FastTake), UNUSED)

<P><STRONG><a name="[4a]"></a>HAL_HSEM_FreeCallback</STRONG> (Thumb, 2 bytes, Stack size 0 bytes, stm32h7xx_hal_hsem.o(.text.HAL_HSEM_FreeCallback), UNUSED)
<BR><BR>[Called By]<UL><LI><a href="#[49]">&gt;&gt;</a>&nbsp;&nbsp;&nbsp;HAL_HSEM_IRQHandler
</UL>

<P><STRONG><a name="[16a]"></a>HAL_HSEM_GetClearKey</STRONG> (Thumb, 14 bytes, Stack size 0 bytes, stm32h7xx_hal_hsem.o(.text.HAL_HSEM_GetClearKey), UNUSED)

<P><STRONG><a name="[49]"></a>HAL_HSEM_IRQHandler</STRONG> (Thumb, 22 bytes, Stack size 0 bytes, stm32h7xx_hal_hsem.o(.text.HAL_HSEM_IRQHandler), UNUSED)
<BR><BR>[Calls]<UL><LI><a href="#[4a]">&gt;&gt;</a>&nbsp;&nbsp;&nbsp;HAL_HSEM_FreeCallback
</UL>

<P><STRONG><a name="[16b]"></a>HAL_HSEM_IsSemTaken</STRONG> (Thumb, 16 bytes, Stack size 0 bytes, stm32h7xx_hal_hsem.o(.text.HAL_HSEM_IsSemTaken), UNUSED)

<P><STRONG><a name="[16c]"></a>HAL_HSEM_Release</STRONG> (Thumb, 18 bytes, Stack size 0 bytes, stm32h7xx_hal_hsem.o(.text.HAL_HSEM_Release), UNUSED)

<P><STRONG><a name="[16d]"></a>HAL_HSEM_ReleaseAll</STRONG> (Thumb, 18 bytes, Stack size 0 bytes, stm32h7xx_hal_hsem.o(.text.HAL_HSEM_ReleaseAll), UNUSED)

<P><STRONG><a name="[16e]"></a>HAL_HSEM_SetClearKey</STRONG> (Thumb, 18 bytes, Stack size 0 bytes, stm32h7xx_hal_hsem.o(.text.HAL_HSEM_SetClearKey), UNUSED)

<P><STRONG><a name="[16f]"></a>HAL_HSEM_Take</STRONG> (Thumb, 32 bytes, Stack size 0 bytes, stm32h7xx_hal_hsem.o(.text.HAL_HSEM_Take), UNUSED)

<P><STRONG><a name="[170]"></a>HAL_HalfDuplex_EnableReceiver</STRONG> (Thumb, 80 bytes, Stack size 0 bytes, stm32h7xx_hal_uart.o(.text.HAL_HalfDuplex_EnableReceiver), UNUSED)

<P><STRONG><a name="[171]"></a>HAL_HalfDuplex_EnableTransmitter</STRONG> (Thumb, 80 bytes, Stack size 0 bytes, stm32h7xx_hal_uart.o(.text.HAL_HalfDuplex_EnableTransmitter), UNUSED)

<P><STRONG><a name="[4b]"></a>HAL_HalfDuplex_Init</STRONG> (Thumb, 108 bytes, Stack size 8 bytes, stm32h7xx_hal_uart.o(.text.HAL_HalfDuplex_Init), UNUSED)
<BR><BR>[Calls]<UL><LI><a href="#[4c]">&gt;&gt;</a>&nbsp;&nbsp;&nbsp;HAL_UART_MspInit
<LI><a href="#[4f]">&gt;&gt;</a>&nbsp;&nbsp;&nbsp;UART_CheckIdleState
<LI><a href="#[4e]">&gt;&gt;</a>&nbsp;&nbsp;&nbsp;UART_SetConfig
<LI><a href="#[4d]">&gt;&gt;</a>&nbsp;&nbsp;&nbsp;UART_AdvFeatureConfig
</UL>

<P><STRONG><a name="[172]"></a>HAL_I2CEx_ConfigAnalogFilter</STRONG> (Thumb, 64 bytes, Stack size 0 bytes, stm32h7xx_hal_i2c_ex.o(.text.HAL_I2CEx_ConfigAnalogFilter), UNUSED)

<P><STRONG><a name="[173]"></a>HAL_I2CEx_ConfigDigitalFilter</STRONG> (Thumb, 62 bytes, Stack size 0 bytes, stm32h7xx_hal_i2c_ex.o(.text.HAL_I2CEx_ConfigDigitalFilter), UNUSED)

<P><STRONG><a name="[174]"></a>HAL_I2CEx_DisableFastModePlus</STRONG> (Thumb, 48 bytes, Stack size 4 bytes, stm32h7xx_hal_i2c_ex.o(.text.HAL_I2CEx_DisableFastModePlus), UNUSED)

<P><STRONG><a name="[175]"></a>HAL_I2CEx_DisableWakeUp</STRONG> (Thumb, 58 bytes, Stack size 0 bytes, stm32h7xx_hal_i2c_ex.o(.text.HAL_I2CEx_DisableWakeUp), UNUSED)

<P><STRONG><a name="[176]"></a>HAL_I2CEx_EnableFastModePlus</STRONG> (Thumb, 46 bytes, Stack size 4 bytes, stm32h7xx_hal_i2c_ex.o(.text.HAL_I2CEx_EnableFastModePlus), UNUSED)

<P><STRONG><a name="[177]"></a>HAL_I2CEx_EnableWakeUp</STRONG> (Thumb, 58 bytes, Stack size 0 bytes, stm32h7xx_hal_i2c_ex.o(.text.HAL_I2CEx_EnableWakeUp), UNUSED)

<P><STRONG><a name="[10c]"></a>HAL_I2C_AbortCpltCallback</STRONG> (Thumb, 2 bytes, Stack size 0 bytes, stm32h7xx_hal_i2c.o(.text.HAL_I2C_AbortCpltCallback))
<BR><BR>[Called By]<UL><LI><a href="#[fb]">&gt;&gt;</a>&nbsp;&nbsp;&nbsp;I2C_TreatErrorCallback
</UL>

<P><STRONG><a name="[fe]"></a>HAL_I2C_AddrCallback</STRONG> (Thumb, 2 bytes, Stack size 0 bytes, stm32h7xx_hal_i2c.o(.text.HAL_I2C_AddrCallback))
<BR><BR>[Called By]<UL><LI><a href="#[fd]">&gt;&gt;</a>&nbsp;&nbsp;&nbsp;I2C_ITAddrCplt
</UL>

<P><STRONG><a name="[50]"></a>HAL_I2C_DeInit</STRONG> (Thumb, 44 bytes, Stack size 8 bytes, stm32h7xx_hal_i2c.o(.text.HAL_I2C_DeInit), UNUSED)
<BR><BR>[Calls]<UL><LI><a href="#[51]">&gt;&gt;</a>&nbsp;&nbsp;&nbsp;HAL_I2C_MspDeInit
</UL>

<P><STRONG><a name="[178]"></a>HAL_I2C_DisableListen_IT</STRONG> (Thumb, 46 bytes, Stack size 0 bytes, stm32h7xx_hal_i2c.o(.text.HAL_I2C_DisableListen_IT), UNUSED)

<P><STRONG><a name="[52]"></a>HAL_I2C_ER_IRQHandler</STRONG> (Thumb, 96 bytes, Stack size 0 bytes, stm32h7xx_hal_i2c.o(.text.HAL_I2C_ER_IRQHandler), UNUSED)
<BR><BR>[Calls]<UL><LI><a href="#[53]">&gt;&gt;</a>&nbsp;&nbsp;&nbsp;I2C_ITError
</UL>

<P><STRONG><a name="[179]"></a>HAL_I2C_EV_IRQHandler</STRONG> (Thumb, 14 bytes, Stack size 0 bytes, stm32h7xx_hal_i2c.o(.text.HAL_I2C_EV_IRQHandler), UNUSED)

<P><STRONG><a name="[17a]"></a>HAL_I2C_EnableListen_IT</STRONG> (Thumb, 40 bytes, Stack size 0 bytes, stm32h7xx_hal_i2c.o(.text.HAL_I2C_EnableListen_IT), UNUSED)

<P><STRONG><a name="[10d]"></a>HAL_I2C_ErrorCallback</STRONG> (Thumb, 2 bytes, Stack size 0 bytes, stm32h7xx_hal_i2c.o(.text.HAL_I2C_ErrorCallback))
<BR><BR>[Called By]<UL><LI><a href="#[fb]">&gt;&gt;</a>&nbsp;&nbsp;&nbsp;I2C_TreatErrorCallback
</UL>

<P><STRONG><a name="[17b]"></a>HAL_I2C_GetError</STRONG> (Thumb, 4 bytes, Stack size 0 bytes, stm32h7xx_hal_i2c.o(.text.HAL_I2C_GetError), UNUSED)

<P><STRONG><a name="[17c]"></a>HAL_I2C_GetMode</STRONG> (Thumb, 4 bytes, Stack size 0 bytes, stm32h7xx_hal_i2c.o(.text.HAL_I2C_GetMode), UNUSED)

<P><STRONG><a name="[17d]"></a>HAL_I2C_GetState</STRONG> (Thumb, 4 bytes, Stack size 0 bytes, stm32h7xx_hal_i2c.o(.text.HAL_I2C_GetState), UNUSED)

<P><STRONG><a name="[54]"></a>HAL_I2C_Init</STRONG> (Thumb, 160 bytes, Stack size 8 bytes, stm32h7xx_hal_i2c.o(.text.HAL_I2C_Init), UNUSED)
<BR><BR>[Calls]<UL><LI><a href="#[55]">&gt;&gt;</a>&nbsp;&nbsp;&nbsp;HAL_I2C_MspInit
</UL>

<P><STRONG><a name="[56]"></a>HAL_I2C_IsDeviceReady</STRONG> (Thumb, 230 bytes, Stack size 40 bytes, stm32h7xx_hal_i2c.o(.text.HAL_I2C_IsDeviceReady), UNUSED)
<BR><BR>[Calls]<UL><LI><a href="#[57]">&gt;&gt;</a>&nbsp;&nbsp;&nbsp;I2C_WaitOnFlagUntilTimeout
<LI><a href="#[28]">&gt;&gt;</a>&nbsp;&nbsp;&nbsp;HAL_GetTick
</UL>

<P><STRONG><a name="[101]"></a>HAL_I2C_ListenCpltCallback</STRONG> (Thumb, 2 bytes, Stack size 0 bytes, stm32h7xx_hal_i2c.o(.text.HAL_I2C_ListenCpltCallback))
<BR><BR>[Called By]<UL><LI><a href="#[100]">&gt;&gt;</a>&nbsp;&nbsp;&nbsp;I2C_ITListenCplt
<LI><a href="#[108]">&gt;&gt;</a>&nbsp;&nbsp;&nbsp;I2C_ITSlaveCplt
</UL>

<P><STRONG><a name="[106]"></a>HAL_I2C_MasterRxCpltCallback</STRONG> (Thumb, 2 bytes, Stack size 0 bytes, stm32h7xx_hal_i2c.o(.text.HAL_I2C_MasterRxCpltCallback))
<BR><BR>[Called By]<UL><LI><a href="#[107]">&gt;&gt;</a>&nbsp;&nbsp;&nbsp;I2C_ITMasterSeqCplt
<LI><a href="#[102]">&gt;&gt;</a>&nbsp;&nbsp;&nbsp;I2C_ITMasterCplt
</UL>

<P><STRONG><a name="[105]"></a>HAL_I2C_MasterTxCpltCallback</STRONG> (Thumb, 2 bytes, Stack size 0 bytes, stm32h7xx_hal_i2c.o(.text.HAL_I2C_MasterTxCpltCallback))
<BR><BR>[Called By]<UL><LI><a href="#[107]">&gt;&gt;</a>&nbsp;&nbsp;&nbsp;I2C_ITMasterSeqCplt
<LI><a href="#[102]">&gt;&gt;</a>&nbsp;&nbsp;&nbsp;I2C_ITMasterCplt
</UL>

<P><STRONG><a name="[17e]"></a>HAL_I2C_Master_Abort_IT</STRONG> (Thumb, 202 bytes, Stack size 8 bytes, stm32h7xx_hal_i2c.o(.text.HAL_I2C_Master_Abort_IT), UNUSED)

<P><STRONG><a name="[58]"></a>HAL_I2C_Master_Receive</STRONG> (Thumb, 352 bytes, Stack size 40 bytes, stm32h7xx_hal_i2c.o(.text.HAL_I2C_Master_Receive), UNUSED)
<BR><BR>[Calls]<UL><LI><a href="#[59]">&gt;&gt;</a>&nbsp;&nbsp;&nbsp;I2C_WaitOnRXNEFlagUntilTimeout
<LI><a href="#[5a]">&gt;&gt;</a>&nbsp;&nbsp;&nbsp;I2C_WaitOnSTOPFlagUntilTimeout
<LI><a href="#[57]">&gt;&gt;</a>&nbsp;&nbsp;&nbsp;I2C_WaitOnFlagUntilTimeout
<LI><a href="#[28]">&gt;&gt;</a>&nbsp;&nbsp;&nbsp;HAL_GetTick
</UL>

<P><STRONG><a name="[5b]"></a>HAL_I2C_Master_Receive_DMA</STRONG> (Thumb, 306 bytes, Stack size 24 bytes, stm32h7xx_hal_i2c.o(.text.HAL_I2C_Master_Receive_DMA), UNUSED)
<BR><BR>[Calls]<UL><LI><a href="#[38]">&gt;&gt;</a>&nbsp;&nbsp;&nbsp;HAL_DMA_Start_IT
</UL>

<P><STRONG><a name="[17f]"></a>HAL_I2C_Master_Receive_IT</STRONG> (Thumb, 172 bytes, Stack size 8 bytes, stm32h7xx_hal_i2c.o(.text.HAL_I2C_Master_Receive_IT), UNUSED)

<P><STRONG><a name="[5c]"></a>HAL_I2C_Master_Seq_Receive_DMA</STRONG> (Thumb, 366 bytes, Stack size 24 bytes, stm32h7xx_hal_i2c.o(.text.HAL_I2C_Master_Seq_Receive_DMA), UNUSED)
<BR><BR>[Calls]<UL><LI><a href="#[38]">&gt;&gt;</a>&nbsp;&nbsp;&nbsp;HAL_DMA_Start_IT
</UL>

<P><STRONG><a name="[180]"></a>HAL_I2C_Master_Seq_Receive_IT</STRONG> (Thumb, 222 bytes, Stack size 8 bytes, stm32h7xx_hal_i2c.o(.text.HAL_I2C_Master_Seq_Receive_IT), UNUSED)

<P><STRONG><a name="[5d]"></a>HAL_I2C_Master_Seq_Transmit_DMA</STRONG> (Thumb, 490 bytes, Stack size 40 bytes, stm32h7xx_hal_i2c.o(.text.HAL_I2C_Master_Seq_Transmit_DMA), UNUSED)
<BR><BR>[Calls]<UL><LI><a href="#[38]">&gt;&gt;</a>&nbsp;&nbsp;&nbsp;HAL_DMA_Start_IT
</UL>

<P><STRONG><a name="[181]"></a>HAL_I2C_Master_Seq_Transmit_IT</STRONG> (Thumb, 266 bytes, Stack size 16 bytes, stm32h7xx_hal_i2c.o(.text.HAL_I2C_Master_Seq_Transmit_IT), UNUSED)

<P><STRONG><a name="[5e]"></a>HAL_I2C_Master_Transmit</STRONG> (Thumb, 378 bytes, Stack size 40 bytes, stm32h7xx_hal_i2c.o(.text.HAL_I2C_Master_Transmit), UNUSED)
<BR><BR>[Calls]<UL><LI><a href="#[5a]">&gt;&gt;</a>&nbsp;&nbsp;&nbsp;I2C_WaitOnSTOPFlagUntilTimeout
<LI><a href="#[5f]">&gt;&gt;</a>&nbsp;&nbsp;&nbsp;I2C_WaitOnTXISFlagUntilTimeout
<LI><a href="#[57]">&gt;&gt;</a>&nbsp;&nbsp;&nbsp;I2C_WaitOnFlagUntilTimeout
<LI><a href="#[28]">&gt;&gt;</a>&nbsp;&nbsp;&nbsp;HAL_GetTick
</UL>

<P><STRONG><a name="[60]"></a>HAL_I2C_Master_Transmit_DMA</STRONG> (Thumb, 350 bytes, Stack size 24 bytes, stm32h7xx_hal_i2c.o(.text.HAL_I2C_Master_Transmit_DMA), UNUSED)
<BR><BR>[Calls]<UL><LI><a href="#[38]">&gt;&gt;</a>&nbsp;&nbsp;&nbsp;HAL_DMA_Start_IT
</UL>

<P><STRONG><a name="[182]"></a>HAL_I2C_Master_Transmit_IT</STRONG> (Thumb, 220 bytes, Stack size 8 bytes, stm32h7xx_hal_i2c.o(.text.HAL_I2C_Master_Transmit_IT), UNUSED)

<P><STRONG><a name="[104]"></a>HAL_I2C_MemRxCpltCallback</STRONG> (Thumb, 2 bytes, Stack size 0 bytes, stm32h7xx_hal_i2c.o(.text.HAL_I2C_MemRxCpltCallback))
<BR><BR>[Called By]<UL><LI><a href="#[102]">&gt;&gt;</a>&nbsp;&nbsp;&nbsp;I2C_ITMasterCplt
</UL>

<P><STRONG><a name="[103]"></a>HAL_I2C_MemTxCpltCallback</STRONG> (Thumb, 2 bytes, Stack size 0 bytes, stm32h7xx_hal_i2c.o(.text.HAL_I2C_MemTxCpltCallback))
<BR><BR>[Called By]<UL><LI><a href="#[102]">&gt;&gt;</a>&nbsp;&nbsp;&nbsp;I2C_ITMasterCplt
</UL>

<P><STRONG><a name="[61]"></a>HAL_I2C_Mem_Read</STRONG> (Thumb, 498 bytes, Stack size 40 bytes, stm32h7xx_hal_i2c.o(.text.HAL_I2C_Mem_Read), UNUSED)
<BR><BR>[Calls]<UL><LI><a href="#[5a]">&gt;&gt;</a>&nbsp;&nbsp;&nbsp;I2C_WaitOnSTOPFlagUntilTimeout
<LI><a href="#[5f]">&gt;&gt;</a>&nbsp;&nbsp;&nbsp;I2C_WaitOnTXISFlagUntilTimeout
<LI><a href="#[57]">&gt;&gt;</a>&nbsp;&nbsp;&nbsp;I2C_WaitOnFlagUntilTimeout
<LI><a href="#[28]">&gt;&gt;</a>&nbsp;&nbsp;&nbsp;HAL_GetTick
</UL>

<P><STRONG><a name="[62]"></a>HAL_I2C_Mem_Read_DMA</STRONG> (Thumb, 260 bytes, Stack size 24 bytes, stm32h7xx_hal_i2c.o(.text.HAL_I2C_Mem_Read_DMA), UNUSED)
<BR><BR>[Calls]<UL><LI><a href="#[38]">&gt;&gt;</a>&nbsp;&nbsp;&nbsp;HAL_DMA_Start_IT
</UL>

<P><STRONG><a name="[183]"></a>HAL_I2C_Mem_Read_IT</STRONG> (Thumb, 176 bytes, Stack size 16 bytes, stm32h7xx_hal_i2c.o(.text.HAL_I2C_Mem_Read_IT), UNUSED)

<P><STRONG><a name="[63]"></a>HAL_I2C_Mem_Write</STRONG> (Thumb, 500 bytes, Stack size 40 bytes, stm32h7xx_hal_i2c.o(.text.HAL_I2C_Mem_Write), UNUSED)
<BR><BR>[Calls]<UL><LI><a href="#[5a]">&gt;&gt;</a>&nbsp;&nbsp;&nbsp;I2C_WaitOnSTOPFlagUntilTimeout
<LI><a href="#[5f]">&gt;&gt;</a>&nbsp;&nbsp;&nbsp;I2C_WaitOnTXISFlagUntilTimeout
<LI><a href="#[57]">&gt;&gt;</a>&nbsp;&nbsp;&nbsp;I2C_WaitOnFlagUntilTimeout
<LI><a href="#[28]">&gt;&gt;</a>&nbsp;&nbsp;&nbsp;HAL_GetTick
</UL>

<P><STRONG><a name="[64]"></a>HAL_I2C_Mem_Write_DMA</STRONG> (Thumb, 272 bytes, Stack size 24 bytes, stm32h7xx_hal_i2c.o(.text.HAL_I2C_Mem_Write_DMA), UNUSED)
<BR><BR>[Calls]<UL><LI><a href="#[38]">&gt;&gt;</a>&nbsp;&nbsp;&nbsp;HAL_DMA_Start_IT
</UL>

<P><STRONG><a name="[184]"></a>HAL_I2C_Mem_Write_IT</STRONG> (Thumb, 182 bytes, Stack size 16 bytes, stm32h7xx_hal_i2c.o(.text.HAL_I2C_Mem_Write_IT), UNUSED)

<P><STRONG><a name="[51]"></a>HAL_I2C_MspDeInit</STRONG> (Thumb, 2 bytes, Stack size 0 bytes, stm32h7xx_hal_i2c.o(.text.HAL_I2C_MspDeInit), UNUSED)
<BR><BR>[Called By]<UL><LI><a href="#[50]">&gt;&gt;</a>&nbsp;&nbsp;&nbsp;HAL_I2C_DeInit
</UL>

<P><STRONG><a name="[55]"></a>HAL_I2C_MspInit</STRONG> (Thumb, 2 bytes, Stack size 0 bytes, stm32h7xx_hal_i2c.o(.text.HAL_I2C_MspInit), UNUSED)
<BR><BR>[Called By]<UL><LI><a href="#[54]">&gt;&gt;</a>&nbsp;&nbsp;&nbsp;HAL_I2C_Init
</UL>

<P><STRONG><a name="[109]"></a>HAL_I2C_SlaveRxCpltCallback</STRONG> (Thumb, 2 bytes, Stack size 0 bytes, stm32h7xx_hal_i2c.o(.text.HAL_I2C_SlaveRxCpltCallback))
<BR><BR>[Called By]<UL><LI><a href="#[fc]">&gt;&gt;</a>&nbsp;&nbsp;&nbsp;I2C_ITSlaveSeqCplt
<LI><a href="#[108]">&gt;&gt;</a>&nbsp;&nbsp;&nbsp;I2C_ITSlaveCplt
</UL>

<P><STRONG><a name="[10a]"></a>HAL_I2C_SlaveTxCpltCallback</STRONG> (Thumb, 2 bytes, Stack size 0 bytes, stm32h7xx_hal_i2c.o(.text.HAL_I2C_SlaveTxCpltCallback))
<BR><BR>[Called By]<UL><LI><a href="#[fc]">&gt;&gt;</a>&nbsp;&nbsp;&nbsp;I2C_ITSlaveSeqCplt
<LI><a href="#[108]">&gt;&gt;</a>&nbsp;&nbsp;&nbsp;I2C_ITSlaveCplt
</UL>

<P><STRONG><a name="[65]"></a>HAL_I2C_Slave_Receive</STRONG> (Thumb, 292 bytes, Stack size 24 bytes, stm32h7xx_hal_i2c.o(.text.HAL_I2C_Slave_Receive), UNUSED)
<BR><BR>[Calls]<UL><LI><a href="#[59]">&gt;&gt;</a>&nbsp;&nbsp;&nbsp;I2C_WaitOnRXNEFlagUntilTimeout
<LI><a href="#[5a]">&gt;&gt;</a>&nbsp;&nbsp;&nbsp;I2C_WaitOnSTOPFlagUntilTimeout
<LI><a href="#[57]">&gt;&gt;</a>&nbsp;&nbsp;&nbsp;I2C_WaitOnFlagUntilTimeout
<LI><a href="#[28]">&gt;&gt;</a>&nbsp;&nbsp;&nbsp;HAL_GetTick
</UL>

<P><STRONG><a name="[66]"></a>HAL_I2C_Slave_Receive_DMA</STRONG> (Thumb, 196 bytes, Stack size 8 bytes, stm32h7xx_hal_i2c.o(.text.HAL_I2C_Slave_Receive_DMA), UNUSED)
<BR><BR>[Calls]<UL><LI><a href="#[38]">&gt;&gt;</a>&nbsp;&nbsp;&nbsp;HAL_DMA_Start_IT
</UL>

<P><STRONG><a name="[185]"></a>HAL_I2C_Slave_Receive_IT</STRONG> (Thumb, 114 bytes, Stack size 8 bytes, stm32h7xx_hal_i2c.o(.text.HAL_I2C_Slave_Receive_IT), UNUSED)

<P><STRONG><a name="[67]"></a>HAL_I2C_Slave_Seq_Receive_DMA</STRONG> (Thumb, 352 bytes, Stack size 24 bytes, stm32h7xx_hal_i2c.o(.text.HAL_I2C_Slave_Seq_Receive_DMA), UNUSED)
<BR><BR>[Calls]<UL><LI><a href="#[68]">&gt;&gt;</a>&nbsp;&nbsp;&nbsp;HAL_DMA_Abort_IT
<LI><a href="#[38]">&gt;&gt;</a>&nbsp;&nbsp;&nbsp;HAL_DMA_Start_IT
</UL>

<P><STRONG><a name="[69]"></a>HAL_I2C_Slave_Seq_Receive_IT</STRONG> (Thumb, 210 bytes, Stack size 24 bytes, stm32h7xx_hal_i2c.o(.text.HAL_I2C_Slave_Seq_Receive_IT), UNUSED)
<BR><BR>[Calls]<UL><LI><a href="#[68]">&gt;&gt;</a>&nbsp;&nbsp;&nbsp;HAL_DMA_Abort_IT
</UL>

<P><STRONG><a name="[6a]"></a>HAL_I2C_Slave_Seq_Transmit_DMA</STRONG> (Thumb, 350 bytes, Stack size 24 bytes, stm32h7xx_hal_i2c.o(.text.HAL_I2C_Slave_Seq_Transmit_DMA), UNUSED)
<BR><BR>[Calls]<UL><LI><a href="#[68]">&gt;&gt;</a>&nbsp;&nbsp;&nbsp;HAL_DMA_Abort_IT
<LI><a href="#[38]">&gt;&gt;</a>&nbsp;&nbsp;&nbsp;HAL_DMA_Start_IT
</UL>

<P><STRONG><a name="[6b]"></a>HAL_I2C_Slave_Seq_Transmit_IT</STRONG> (Thumb, 210 bytes, Stack size 24 bytes, stm32h7xx_hal_i2c.o(.text.HAL_I2C_Slave_Seq_Transmit_IT), UNUSED)
<BR><BR>[Calls]<UL><LI><a href="#[68]">&gt;&gt;</a>&nbsp;&nbsp;&nbsp;HAL_DMA_Abort_IT
</UL>

<P><STRONG><a name="[6c]"></a>HAL_I2C_Slave_Transmit</STRONG> (Thumb, 358 bytes, Stack size 24 bytes, stm32h7xx_hal_i2c.o(.text.HAL_I2C_Slave_Transmit), UNUSED)
<BR><BR>[Calls]<UL><LI><a href="#[5a]">&gt;&gt;</a>&nbsp;&nbsp;&nbsp;I2C_WaitOnSTOPFlagUntilTimeout
<LI><a href="#[5f]">&gt;&gt;</a>&nbsp;&nbsp;&nbsp;I2C_WaitOnTXISFlagUntilTimeout
<LI><a href="#[57]">&gt;&gt;</a>&nbsp;&nbsp;&nbsp;I2C_WaitOnFlagUntilTimeout
<LI><a href="#[28]">&gt;&gt;</a>&nbsp;&nbsp;&nbsp;HAL_GetTick
</UL>

<P><STRONG><a name="[6d]"></a>HAL_I2C_Slave_Transmit_DMA</STRONG> (Thumb, 250 bytes, Stack size 16 bytes, stm32h7xx_hal_i2c.o(.text.HAL_I2C_Slave_Transmit_DMA), UNUSED)
<BR><BR>[Calls]<UL><LI><a href="#[38]">&gt;&gt;</a>&nbsp;&nbsp;&nbsp;HAL_DMA_Start_IT
</UL>

<P><STRONG><a name="[186]"></a>HAL_I2C_Slave_Transmit_IT</STRONG> (Thumb, 132 bytes, Stack size 8 bytes, stm32h7xx_hal_i2c.o(.text.HAL_I2C_Slave_Transmit_IT), UNUSED)

<P><STRONG><a name="[11c]"></a>HAL_IncTick</STRONG> (Thumb, 32 bytes, Stack size 0 bytes, stm32h7xx_hal.o(.text.HAL_IncTick), UNUSED)
<BR><BR>[Called By]<UL><LI><a href="#[11b]">&gt;&gt;</a>&nbsp;&nbsp;&nbsp;SysTick_Handler
</UL>

<P><STRONG><a name="[6e]"></a>HAL_Init</STRONG> (Thumb, 104 bytes, Stack size 8 bytes, stm32h7xx_hal.o(.text.HAL_Init), UNUSED)
<BR><BR>[Calls]<UL><LI><a href="#[70]">&gt;&gt;</a>&nbsp;&nbsp;&nbsp;HAL_RCC_GetSysClockFreq
<LI><a href="#[6f]">&gt;&gt;</a>&nbsp;&nbsp;&nbsp;HAL_NVIC_SetPriorityGrouping
<LI><a href="#[72]">&gt;&gt;</a>&nbsp;&nbsp;&nbsp;HAL_MspInit
<LI><a href="#[71]">&gt;&gt;</a>&nbsp;&nbsp;&nbsp;HAL_InitTick
</UL>
<BR>[Called By]<UL><LI><a href="#[10e]">&gt;&gt;</a>&nbsp;&nbsp;&nbsp;Init
</UL>

<P><STRONG><a name="[71]"></a>HAL_InitTick</STRONG> (Thumb, 4 bytes, Stack size 0 bytes, main.o(.text.HAL_InitTick), UNUSED)
<BR><BR>[Called By]<UL><LI><a href="#[d3]">&gt;&gt;</a>&nbsp;&nbsp;&nbsp;HAL_SetTickFreq
<LI><a href="#[c8]">&gt;&gt;</a>&nbsp;&nbsp;&nbsp;HAL_RCC_DeInit
<LI><a href="#[6e]">&gt;&gt;</a>&nbsp;&nbsp;&nbsp;HAL_Init
<LI><a href="#[c7]">&gt;&gt;</a>&nbsp;&nbsp;&nbsp;HAL_RCC_ClockConfig
</UL>

<P><STRONG><a name="[73]"></a>HAL_LIN_Init</STRONG> (Thumb, 132 bytes, Stack size 16 bytes, stm32h7xx_hal_uart.o(.text.HAL_LIN_Init), UNUSED)
<BR><BR>[Calls]<UL><LI><a href="#[4c]">&gt;&gt;</a>&nbsp;&nbsp;&nbsp;HAL_UART_MspInit
<LI><a href="#[4f]">&gt;&gt;</a>&nbsp;&nbsp;&nbsp;UART_CheckIdleState
<LI><a href="#[4e]">&gt;&gt;</a>&nbsp;&nbsp;&nbsp;UART_SetConfig
<LI><a href="#[4d]">&gt;&gt;</a>&nbsp;&nbsp;&nbsp;UART_AdvFeatureConfig
</UL>

<P><STRONG><a name="[187]"></a>HAL_LIN_SendBreak</STRONG> (Thumb, 44 bytes, Stack size 0 bytes, stm32h7xx_hal_uart.o(.text.HAL_LIN_SendBreak), UNUSED)

<P><STRONG><a name="[74]"></a>HAL_MDMA_Abort</STRONG> (Thumb, 98 bytes, Stack size 16 bytes, stm32h7xx_hal_mdma.o(.text.HAL_MDMA_Abort), UNUSED)
<BR><BR>[Calls]<UL><LI><a href="#[28]">&gt;&gt;</a>&nbsp;&nbsp;&nbsp;HAL_GetTick
</UL>
<BR>[Called By]<UL><LI><a href="#[76]">&gt;&gt;</a>&nbsp;&nbsp;&nbsp;HAL_MDMA_PollForTransfer
<LI><a href="#[92]">&gt;&gt;</a>&nbsp;&nbsp;&nbsp;HAL_QSPI_Abort
</UL>

<P><STRONG><a name="[95]"></a>HAL_MDMA_Abort_IT</STRONG> (Thumb, 34 bytes, Stack size 0 bytes, stm32h7xx_hal_mdma.o(.text.HAL_MDMA_Abort_IT))
<BR><BR>[Called By]<UL><LI><a href="#[94]">&gt;&gt;</a>&nbsp;&nbsp;&nbsp;HAL_QSPI_Abort_IT
<LI><a href="#[9e]">&gt;&gt;</a>&nbsp;&nbsp;&nbsp;HAL_QSPI_IRQHandler
</UL>

<P><STRONG><a name="[188]"></a>HAL_MDMA_ConfigPostRequestMask</STRONG> (Thumb, 78 bytes, Stack size 0 bytes, stm32h7xx_hal_mdma.o(.text.HAL_MDMA_ConfigPostRequestMask), UNUSED)

<P><STRONG><a name="[189]"></a>HAL_MDMA_DeInit</STRONG> (Thumb, 58 bytes, Stack size 0 bytes, stm32h7xx_hal_mdma.o(.text.HAL_MDMA_DeInit), UNUSED)

<P><STRONG><a name="[18a]"></a>HAL_MDMA_GenerateSWRequest</STRONG> (Thumb, 50 bytes, Stack size 0 bytes, stm32h7xx_hal_mdma.o(.text.HAL_MDMA_GenerateSWRequest), UNUSED)

<P><STRONG><a name="[18b]"></a>HAL_MDMA_GetError</STRONG> (Thumb, 4 bytes, Stack size 0 bytes, stm32h7xx_hal_mdma.o(.text.HAL_MDMA_GetError), UNUSED)

<P><STRONG><a name="[18c]"></a>HAL_MDMA_GetState</STRONG> (Thumb, 4 bytes, Stack size 0 bytes, stm32h7xx_hal_mdma.o(.text.HAL_MDMA_GetState), UNUSED)

<P><STRONG><a name="[18d]"></a>HAL_MDMA_IRQHandler</STRONG> (Thumb, 384 bytes, Stack size 24 bytes, stm32h7xx_hal_mdma.o(.text.HAL_MDMA_IRQHandler), UNUSED)

<P><STRONG><a name="[75]"></a>HAL_MDMA_Init</STRONG> (Thumb, 228 bytes, Stack size 16 bytes, stm32h7xx_hal_mdma.o(.text.HAL_MDMA_Init), UNUSED)
<BR><BR>[Calls]<UL><LI><a href="#[28]">&gt;&gt;</a>&nbsp;&nbsp;&nbsp;HAL_GetTick
</UL>

<P><STRONG><a name="[18e]"></a>HAL_MDMA_LinkedList_AddNode</STRONG> (Thumb, 200 bytes, Stack size 16 bytes, stm32h7xx_hal_mdma.o(.text.HAL_MDMA_LinkedList_AddNode), UNUSED)

<P><STRONG><a name="[18f]"></a>HAL_MDMA_LinkedList_CreateNode</STRONG> (Thumb, 250 bytes, Stack size 16 bytes, stm32h7xx_hal_mdma.o(.text.HAL_MDMA_LinkedList_CreateNode), UNUSED)

<P><STRONG><a name="[190]"></a>HAL_MDMA_LinkedList_DisableCircularMode</STRONG> (Thumb, 62 bytes, Stack size 0 bytes, stm32h7xx_hal_mdma.o(.text.HAL_MDMA_LinkedList_DisableCircularMode), UNUSED)

<P><STRONG><a name="[191]"></a>HAL_MDMA_LinkedList_EnableCircularMode</STRONG> (Thumb, 66 bytes, Stack size 0 bytes, stm32h7xx_hal_mdma.o(.text.HAL_MDMA_LinkedList_EnableCircularMode), UNUSED)

<P><STRONG><a name="[192]"></a>HAL_MDMA_LinkedList_RemoveNode</STRONG> (Thumb, 186 bytes, Stack size 16 bytes, stm32h7xx_hal_mdma.o(.text.HAL_MDMA_LinkedList_RemoveNode), UNUSED)

<P><STRONG><a name="[76]"></a>HAL_MDMA_PollForTransfer</STRONG> (Thumb, 250 bytes, Stack size 32 bytes, stm32h7xx_hal_mdma.o(.text.HAL_MDMA_PollForTransfer), UNUSED)
<BR><BR>[Calls]<UL><LI><a href="#[74]">&gt;&gt;</a>&nbsp;&nbsp;&nbsp;HAL_MDMA_Abort
<LI><a href="#[28]">&gt;&gt;</a>&nbsp;&nbsp;&nbsp;HAL_GetTick
</UL>

<P><STRONG><a name="[193]"></a>HAL_MDMA_RegisterCallback</STRONG> (Thumb, 86 bytes, Stack size 0 bytes, stm32h7xx_hal_mdma.o(.text.HAL_MDMA_RegisterCallback), UNUSED)

<P><STRONG><a name="[77]"></a>HAL_MDMA_Start</STRONG> (Thumb, 108 bytes, Stack size 24 bytes, stm32h7xx_hal_mdma.o(.text.HAL_MDMA_Start), UNUSED)
<BR><BR>[Calls]<UL><LI><a href="#[78]">&gt;&gt;</a>&nbsp;&nbsp;&nbsp;MDMA_SetConfig
</UL>

<P><STRONG><a name="[79]"></a>HAL_MDMA_Start_IT</STRONG> (Thumb, 154 bytes, Stack size 16 bytes, stm32h7xx_hal_mdma.o(.text.HAL_MDMA_Start_IT), UNUSED)
<BR><BR>[Calls]<UL><LI><a href="#[78]">&gt;&gt;</a>&nbsp;&nbsp;&nbsp;MDMA_SetConfig
</UL>
<BR>[Called By]<UL><LI><a href="#[af]">&gt;&gt;</a>&nbsp;&nbsp;&nbsp;HAL_QSPI_Receive_DMA
<LI><a href="#[b1]">&gt;&gt;</a>&nbsp;&nbsp;&nbsp;HAL_QSPI_Transmit_DMA
</UL>

<P><STRONG><a name="[7a]"></a>HAL_MDMA_UnRegisterCallback</STRONG> (Thumb, 100 bytes, Stack size 8 bytes, stm32h7xx_hal_mdma.o(.text.HAL_MDMA_UnRegisterCallback), UNUSED)
<BR><BR>[Calls]<UL><LI><a href="#[33]">&gt;&gt;</a>&nbsp;&nbsp;&nbsp;__aeabi_memclr4
</UL>

<P><STRONG><a name="[194]"></a>HAL_MPU_ConfigRegion</STRONG> (Thumb, 94 bytes, Stack size 8 bytes, stm32h7xx_hal_cortex.o(.text.HAL_MPU_ConfigRegion), UNUSED)

<P><STRONG><a name="[195]"></a>HAL_MPU_Disable</STRONG> (Thumb, 26 bytes, Stack size 0 bytes, stm32h7xx_hal_cortex.o(.text.HAL_MPU_Disable), UNUSED)

<P><STRONG><a name="[196]"></a>HAL_MPU_DisableRegion</STRONG> (Thumb, 20 bytes, Stack size 0 bytes, stm32h7xx_hal_cortex.o(.text.HAL_MPU_DisableRegion), UNUSED)

<P><STRONG><a name="[197]"></a>HAL_MPU_Enable</STRONG> (Thumb, 32 bytes, Stack size 0 bytes, stm32h7xx_hal_cortex.o(.text.HAL_MPU_Enable), UNUSED)

<P><STRONG><a name="[198]"></a>HAL_MPU_EnableRegion</STRONG> (Thumb, 20 bytes, Stack size 0 bytes, stm32h7xx_hal_cortex.o(.text.HAL_MPU_EnableRegion), UNUSED)

<P><STRONG><a name="[3b]"></a>HAL_MspDeInit</STRONG> (Thumb, 2 bytes, Stack size 0 bytes, stm32h7xx_hal.o(.text.HAL_MspDeInit), UNUSED)
<BR><BR>[Called By]<UL><LI><a href="#[3a]">&gt;&gt;</a>&nbsp;&nbsp;&nbsp;HAL_DeInit
</UL>

<P><STRONG><a name="[72]"></a>HAL_MspInit</STRONG> (Thumb, 32 bytes, Stack size 4 bytes, stm32h7xx_hal_msp.o(.text.HAL_MspInit), UNUSED)
<BR><BR>[Called By]<UL><LI><a href="#[6e]">&gt;&gt;</a>&nbsp;&nbsp;&nbsp;HAL_Init
</UL>

<P><STRONG><a name="[7b]"></a>HAL_MultiProcessorEx_AddressLength_Set</STRONG> (Thumb, 44 bytes, Stack size 0 bytes, stm32h7xx_hal_uart_ex.o(.text.HAL_MultiProcessorEx_AddressLength_Set), UNUSED)
<BR><BR>[Calls]<UL><LI><a href="#[4f]">&gt;&gt;</a>&nbsp;&nbsp;&nbsp;UART_CheckIdleState
</UL>

<P><STRONG><a name="[7c]"></a>HAL_MultiProcessor_DisableMuteMode</STRONG> (Thumb, 54 bytes, Stack size 0 bytes, stm32h7xx_hal_uart.o(.text.HAL_MultiProcessor_DisableMuteMode), UNUSED)
<BR><BR>[Calls]<UL><LI><a href="#[4f]">&gt;&gt;</a>&nbsp;&nbsp;&nbsp;UART_CheckIdleState
</UL>

<P><STRONG><a name="[7d]"></a>HAL_MultiProcessor_EnableMuteMode</STRONG> (Thumb, 54 bytes, Stack size 0 bytes, stm32h7xx_hal_uart.o(.text.HAL_MultiProcessor_EnableMuteMode), UNUSED)
<BR><BR>[Calls]<UL><LI><a href="#[4f]">&gt;&gt;</a>&nbsp;&nbsp;&nbsp;UART_CheckIdleState
</UL>

<P><STRONG><a name="[199]"></a>HAL_MultiProcessor_EnterMuteMode</STRONG> (Thumb, 12 bytes, Stack size 0 bytes, stm32h7xx_hal_uart.o(.text.HAL_MultiProcessor_EnterMuteMode), UNUSED)

<P><STRONG><a name="[7e]"></a>HAL_MultiProcessor_Init</STRONG> (Thumb, 132 bytes, Stack size 16 bytes, stm32h7xx_hal_uart.o(.text.HAL_MultiProcessor_Init), UNUSED)
<BR><BR>[Calls]<UL><LI><a href="#[4c]">&gt;&gt;</a>&nbsp;&nbsp;&nbsp;HAL_UART_MspInit
<LI><a href="#[4f]">&gt;&gt;</a>&nbsp;&nbsp;&nbsp;UART_CheckIdleState
<LI><a href="#[4e]">&gt;&gt;</a>&nbsp;&nbsp;&nbsp;UART_SetConfig
<LI><a href="#[4d]">&gt;&gt;</a>&nbsp;&nbsp;&nbsp;UART_AdvFeatureConfig
</UL>

<P><STRONG><a name="[19a]"></a>HAL_NVIC_ClearPendingIRQ</STRONG> (Thumb, 30 bytes, Stack size 0 bytes, stm32h7xx_hal_cortex.o(.text.HAL_NVIC_ClearPendingIRQ), UNUSED)

<P><STRONG><a name="[19b]"></a>HAL_NVIC_DisableIRQ</STRONG> (Thumb, 38 bytes, Stack size 0 bytes, stm32h7xx_hal_cortex.o(.text.HAL_NVIC_DisableIRQ), UNUSED)

<P><STRONG><a name="[19c]"></a>HAL_NVIC_EnableIRQ</STRONG> (Thumb, 30 bytes, Stack size 0 bytes, stm32h7xx_hal_cortex.o(.text.HAL_NVIC_EnableIRQ), UNUSED)

<P><STRONG><a name="[19d]"></a>HAL_NVIC_GetActive</STRONG> (Thumb, 36 bytes, Stack size 0 bytes, stm32h7xx_hal_cortex.o(.text.HAL_NVIC_GetActive), UNUSED)

<P><STRONG><a name="[19e]"></a>HAL_NVIC_GetPendingIRQ</STRONG> (Thumb, 36 bytes, Stack size 0 bytes, stm32h7xx_hal_cortex.o(.text.HAL_NVIC_GetPendingIRQ), UNUSED)

<P><STRONG><a name="[19f]"></a>HAL_NVIC_GetPriority</STRONG> (Thumb, 88 bytes, Stack size 8 bytes, stm32h7xx_hal_cortex.o(.text.HAL_NVIC_GetPriority), UNUSED)

<P><STRONG><a name="[1a0]"></a>HAL_NVIC_GetPriorityGrouping</STRONG> (Thumb, 16 bytes, Stack size 0 bytes, stm32h7xx_hal_cortex.o(.text.HAL_NVIC_GetPriorityGrouping), UNUSED)

<P><STRONG><a name="[1a1]"></a>HAL_NVIC_SetPendingIRQ</STRONG> (Thumb, 30 bytes, Stack size 0 bytes, stm32h7xx_hal_cortex.o(.text.HAL_NVIC_SetPendingIRQ), UNUSED)

<P><STRONG><a name="[1a2]"></a>HAL_NVIC_SetPriority</STRONG> (Thumb, 90 bytes, Stack size 16 bytes, stm32h7xx_hal_cortex.o(.text.HAL_NVIC_SetPriority), UNUSED)

<P><STRONG><a name="[6f]"></a>HAL_NVIC_SetPriorityGrouping</STRONG> (Thumb, 32 bytes, Stack size 0 bytes, stm32h7xx_hal_cortex.o(.text.HAL_NVIC_SetPriorityGrouping), UNUSED)
<BR><BR>[Called By]<UL><LI><a href="#[6e]">&gt;&gt;</a>&nbsp;&nbsp;&nbsp;HAL_Init
</UL>

<P><STRONG><a name="[7f]"></a>HAL_NVIC_SystemReset</STRONG> (Thumb, 4 bytes, Stack size 0 bytes, stm32h7xx_hal_cortex.o(.text.HAL_NVIC_SystemReset), UNUSED)
<BR><BR>[Calls]<UL><LI><a href="#[80]">&gt;&gt;</a>&nbsp;&nbsp;&nbsp;__NVIC_SystemReset
</UL>

<P><STRONG><a name="[89]"></a>HAL_PWREx_AVDCallback</STRONG> (Thumb, 2 bytes, Stack size 0 bytes, stm32h7xx_hal_pwr_ex.o(.text.HAL_PWREx_AVDCallback), UNUSED)
<BR><BR>[Called By]<UL><LI><a href="#[87]">&gt;&gt;</a>&nbsp;&nbsp;&nbsp;HAL_PWREx_PVD_AVD_IRQHandler
</UL>

<P><STRONG><a name="[1a3]"></a>HAL_PWREx_ClearPendingEvent</STRONG> (Thumb, 4 bytes, Stack size 0 bytes, stm32h7xx_hal_pwr_ex.o(.text.HAL_PWREx_ClearPendingEvent), UNUSED)

<P><STRONG><a name="[1a4]"></a>HAL_PWREx_ClearWakeupFlag</STRONG> (Thumb, 24 bytes, Stack size 0 bytes, stm32h7xx_hal_pwr_ex.o(.text.HAL_PWREx_ClearWakeupFlag), UNUSED)

<P><STRONG><a name="[1a5]"></a>HAL_PWREx_ConfigAVD</STRONG> (Thumb, 132 bytes, Stack size 0 bytes, stm32h7xx_hal_pwr_ex.o(.text.HAL_PWREx_ConfigAVD), UNUSED)

<P><STRONG><a name="[1a6]"></a>HAL_PWREx_ConfigD3Domain</STRONG> (Thumb, 20 bytes, Stack size 0 bytes, stm32h7xx_hal_pwr_ex.o(.text.HAL_PWREx_ConfigD3Domain), UNUSED)

<P><STRONG><a name="[81]"></a>HAL_PWREx_ConfigSupply</STRONG> (Thumb, 72 bytes, Stack size 16 bytes, stm32h7xx_hal_pwr_ex.o(.text.HAL_PWREx_ConfigSupply), UNUSED)
<BR><BR>[Calls]<UL><LI><a href="#[28]">&gt;&gt;</a>&nbsp;&nbsp;&nbsp;HAL_GetTick
</UL>
<BR>[Called By]<UL><LI><a href="#[110]">&gt;&gt;</a>&nbsp;&nbsp;&nbsp;SystemClock_Config
</UL>

<P><STRONG><a name="[1a7]"></a>HAL_PWREx_ControlStopModeVoltageScaling</STRONG> (Thumb, 24 bytes, Stack size 0 bytes, stm32h7xx_hal_pwr_ex.o(.text.HAL_PWREx_ControlStopModeVoltageScaling), UNUSED)

<P><STRONG><a name="[82]"></a>HAL_PWREx_ControlVoltageScaling</STRONG> (Thumb, 188 bytes, Stack size 16 bytes, stm32h7xx_hal_pwr_ex.o(.text.HAL_PWREx_ControlVoltageScaling), UNUSED)
<BR><BR>[Calls]<UL><LI><a href="#[28]">&gt;&gt;</a>&nbsp;&nbsp;&nbsp;HAL_GetTick
</UL>

<P><STRONG><a name="[1a8]"></a>HAL_PWREx_DisableAVD</STRONG> (Thumb, 18 bytes, Stack size 0 bytes, stm32h7xx_hal_pwr_ex.o(.text.HAL_PWREx_DisableAVD), UNUSED)

<P><STRONG><a name="[1a9]"></a>HAL_PWREx_DisableBatteryCharging</STRONG> (Thumb, 18 bytes, Stack size 0 bytes, stm32h7xx_hal_pwr_ex.o(.text.HAL_PWREx_DisableBatteryCharging), UNUSED)

<P><STRONG><a name="[83]"></a>HAL_PWREx_DisableBkUpReg</STRONG> (Thumb, 50 bytes, Stack size 16 bytes, stm32h7xx_hal_pwr_ex.o(.text.HAL_PWREx_DisableBkUpReg), UNUSED)
<BR><BR>[Calls]<UL><LI><a href="#[28]">&gt;&gt;</a>&nbsp;&nbsp;&nbsp;HAL_GetTick
</UL>

<P><STRONG><a name="[1aa]"></a>HAL_PWREx_DisableFlashPowerDown</STRONG> (Thumb, 18 bytes, Stack size 0 bytes, stm32h7xx_hal_pwr_ex.o(.text.HAL_PWREx_DisableFlashPowerDown), UNUSED)

<P><STRONG><a name="[1ab]"></a>HAL_PWREx_DisableMonitoring</STRONG> (Thumb, 18 bytes, Stack size 0 bytes, stm32h7xx_hal_pwr_ex.o(.text.HAL_PWREx_DisableMonitoring), UNUSED)

<P><STRONG><a name="[84]"></a>HAL_PWREx_DisableUSBReg</STRONG> (Thumb, 50 bytes, Stack size 16 bytes, stm32h7xx_hal_pwr_ex.o(.text.HAL_PWREx_DisableUSBReg), UNUSED)
<BR><BR>[Calls]<UL><LI><a href="#[28]">&gt;&gt;</a>&nbsp;&nbsp;&nbsp;HAL_GetTick
</UL>

<P><STRONG><a name="[1ac]"></a>HAL_PWREx_DisableUSBVoltageDetector</STRONG> (Thumb, 18 bytes, Stack size 0 bytes, stm32h7xx_hal_pwr_ex.o(.text.HAL_PWREx_DisableUSBVoltageDetector), UNUSED)

<P><STRONG><a name="[1ad]"></a>HAL_PWREx_DisableWakeUpPin</STRONG> (Thumb, 18 bytes, Stack size 0 bytes, stm32h7xx_hal_pwr_ex.o(.text.HAL_PWREx_DisableWakeUpPin), UNUSED)

<P><STRONG><a name="[1ae]"></a>HAL_PWREx_EnableAVD</STRONG> (Thumb, 18 bytes, Stack size 0 bytes, stm32h7xx_hal_pwr_ex.o(.text.HAL_PWREx_EnableAVD), UNUSED)

<P><STRONG><a name="[1af]"></a>HAL_PWREx_EnableBatteryCharging</STRONG> (Thumb, 28 bytes, Stack size 0 bytes, stm32h7xx_hal_pwr_ex.o(.text.HAL_PWREx_EnableBatteryCharging), UNUSED)

<P><STRONG><a name="[85]"></a>HAL_PWREx_EnableBkUpReg</STRONG> (Thumb, 50 bytes, Stack size 16 bytes, stm32h7xx_hal_pwr_ex.o(.text.HAL_PWREx_EnableBkUpReg), UNUSED)
<BR><BR>[Calls]<UL><LI><a href="#[28]">&gt;&gt;</a>&nbsp;&nbsp;&nbsp;HAL_GetTick
</UL>

<P><STRONG><a name="[1b0]"></a>HAL_PWREx_EnableFlashPowerDown</STRONG> (Thumb, 18 bytes, Stack size 0 bytes, stm32h7xx_hal_pwr_ex.o(.text.HAL_PWREx_EnableFlashPowerDown), UNUSED)

<P><STRONG><a name="[1b1]"></a>HAL_PWREx_EnableMonitoring</STRONG> (Thumb, 18 bytes, Stack size 0 bytes, stm32h7xx_hal_pwr_ex.o(.text.HAL_PWREx_EnableMonitoring), UNUSED)

<P><STRONG><a name="[86]"></a>HAL_PWREx_EnableUSBReg</STRONG> (Thumb, 50 bytes, Stack size 16 bytes, stm32h7xx_hal_pwr_ex.o(.text.HAL_PWREx_EnableUSBReg), UNUSED)
<BR><BR>[Calls]<UL><LI><a href="#[28]">&gt;&gt;</a>&nbsp;&nbsp;&nbsp;HAL_GetTick
</UL>

<P><STRONG><a name="[1b2]"></a>HAL_PWREx_EnableUSBVoltageDetector</STRONG> (Thumb, 18 bytes, Stack size 0 bytes, stm32h7xx_hal_pwr_ex.o(.text.HAL_PWREx_EnableUSBVoltageDetector), UNUSED)

<P><STRONG><a name="[1b3]"></a>HAL_PWREx_EnableWakeUpPin</STRONG> (Thumb, 114 bytes, Stack size 8 bytes, stm32h7xx_hal_pwr_ex.o(.text.HAL_PWREx_EnableWakeUpPin), UNUSED)

<P><STRONG><a name="[1b4]"></a>HAL_PWREx_EnterSTANDBYMode</STRONG> (Thumb, 76 bytes, Stack size 0 bytes, stm32h7xx_hal_pwr_ex.o(.text.HAL_PWREx_EnterSTANDBYMode), UNUSED)

<P><STRONG><a name="[1b5]"></a>HAL_PWREx_EnterSTOPMode</STRONG> (Thumb, 98 bytes, Stack size 0 bytes, stm32h7xx_hal_pwr_ex.o(.text.HAL_PWREx_EnterSTOPMode), UNUSED)

<P><STRONG><a name="[1b6]"></a>HAL_PWREx_GetStopModeVoltageRange</STRONG> (Thumb, 16 bytes, Stack size 0 bytes, stm32h7xx_hal_pwr_ex.o(.text.HAL_PWREx_GetStopModeVoltageRange), UNUSED)

<P><STRONG><a name="[1b7]"></a>HAL_PWREx_GetSupplyConfig</STRONG> (Thumb, 16 bytes, Stack size 0 bytes, stm32h7xx_hal_pwr_ex.o(.text.HAL_PWREx_GetSupplyConfig), UNUSED)

<P><STRONG><a name="[1b8]"></a>HAL_PWREx_GetTemperatureLevel</STRONG> (Thumb, 36 bytes, Stack size 0 bytes, stm32h7xx_hal_pwr_ex.o(.text.HAL_PWREx_GetTemperatureLevel), UNUSED)

<P><STRONG><a name="[1b9]"></a>HAL_PWREx_GetVBATLevel</STRONG> (Thumb, 36 bytes, Stack size 0 bytes, stm32h7xx_hal_pwr_ex.o(.text.HAL_PWREx_GetVBATLevel), UNUSED)

[...]
<LI><a href="#[108]">&gt;&gt;</a>&nbsp;&nbsp;&nbsp;I2C_ITSlaveCplt
<LI><a href="#[0]">&gt;&gt;</a>&nbsp;&nbsp;&nbsp;I2C_Slave_ISR_IT
<LI><a href="#[102]">&gt;&gt;</a>&nbsp;&nbsp;&nbsp;I2C_ITMasterCplt
<LI><a href="#[6]">&gt;&gt;</a>&nbsp;&nbsp;&nbsp;I2C_Master_ISR_IT
</UL>

<P><STRONG><a name="[0]"></a>I2C_Slave_ISR_IT</STRONG> (Thumb, 266 bytes, Stack size 8 bytes, stm32h7xx_hal_i2c.o(.text.I2C_Slave_ISR_IT))
<BR><BR>[Stack]<UL><LI>Max Depth = 40<LI>Call Chain = I2C_Slave_ISR_IT &rArr; I2C_ITSlaveCplt &rArr; I2C_ITError &rArr; HAL_DMA_Abort_IT
</UL>
<BR>[Calls]<UL><LI><a href="#[100]">&gt;&gt;</a>&nbsp;&nbsp;&nbsp;I2C_ITListenCplt
<LI><a href="#[fd]">&gt;&gt;</a>&nbsp;&nbsp;&nbsp;I2C_ITAddrCplt
<LI><a href="#[fc]">&gt;&gt;</a>&nbsp;&nbsp;&nbsp;I2C_ITSlaveSeqCplt
<LI><a href="#[108]">&gt;&gt;</a>&nbsp;&nbsp;&nbsp;I2C_ITSlaveCplt
<LI><a href="#[53]">&gt;&gt;</a>&nbsp;&nbsp;&nbsp;I2C_ITError
</UL>
<BR>[Address Reference Count : 6]<UL><LI> stm32h7xx_hal_i2c.o(.text.HAL_I2C_Slave_Transmit_IT)
<LI> stm32h7xx_hal_i2c.o(.text.HAL_I2C_Slave_Receive_IT)
<LI> stm32h7xx_hal_i2c.o(.text.HAL_I2C_Slave_Seq_Transmit_IT)
<LI> stm32h7xx_hal_i2c.o(.text.HAL_I2C_Slave_Seq_Receive_IT)
<LI> stm32h7xx_hal_i2c.o(.text.HAL_I2C_EnableListen_IT)
<LI> stm32h7xx_hal_i2c.o(.text.I2C_ITError)
</UL>
<P><STRONG><a name="[108]"></a>I2C_ITSlaveCplt</STRONG> (Thumb, 658 bytes, Stack size 16 bytes, stm32h7xx_hal_i2c.o(.text.I2C_ITSlaveCplt))
<BR><BR>[Stack]<UL><LI>Max Depth = 32<LI>Call Chain = I2C_ITSlaveCplt &rArr; I2C_ITError &rArr; HAL_DMA_Abort_IT
</UL>
<BR>[Calls]<UL><LI><a href="#[101]">&gt;&gt;</a>&nbsp;&nbsp;&nbsp;HAL_I2C_ListenCpltCallback
<LI><a href="#[109]">&gt;&gt;</a>&nbsp;&nbsp;&nbsp;HAL_I2C_SlaveRxCpltCallback
<LI><a href="#[10a]">&gt;&gt;</a>&nbsp;&nbsp;&nbsp;HAL_I2C_SlaveTxCpltCallback
<LI><a href="#[100]">&gt;&gt;</a>&nbsp;&nbsp;&nbsp;I2C_ITListenCplt
<LI><a href="#[fc]">&gt;&gt;</a>&nbsp;&nbsp;&nbsp;I2C_ITSlaveSeqCplt
<LI><a href="#[53]">&gt;&gt;</a>&nbsp;&nbsp;&nbsp;I2C_ITError
</UL>
<BR>[Called By]<UL><LI><a href="#[2]">&gt;&gt;</a>&nbsp;&nbsp;&nbsp;I2C_Slave_ISR_DMA
<LI><a href="#[0]">&gt;&gt;</a>&nbsp;&nbsp;&nbsp;I2C_Slave_ISR_IT
</UL>

<P><STRONG><a name="[fc]"></a>I2C_ITSlaveSeqCplt</STRONG> (Thumb, 128 bytes, Stack size 0 bytes, stm32h7xx_hal_i2c.o(.text.I2C_ITSlaveSeqCplt))
<BR><BR>[Calls]<UL><LI><a href="#[109]">&gt;&gt;</a>&nbsp;&nbsp;&nbsp;HAL_I2C_SlaveRxCpltCallback
<LI><a href="#[10a]">&gt;&gt;</a>&nbsp;&nbsp;&nbsp;HAL_I2C_SlaveTxCpltCallback
</UL>
<BR>[Called By]<UL><LI><a href="#[9]">&gt;&gt;</a>&nbsp;&nbsp;&nbsp;I2C_DMASlaveReceiveCplt
<LI><a href="#[b]">&gt;&gt;</a>&nbsp;&nbsp;&nbsp;I2C_DMASlaveTransmitCplt
<LI><a href="#[2]">&gt;&gt;</a>&nbsp;&nbsp;&nbsp;I2C_Slave_ISR_DMA
<LI><a href="#[108]">&gt;&gt;</a>&nbsp;&nbsp;&nbsp;I2C_ITSlaveCplt
<LI><a href="#[0]">&gt;&gt;</a>&nbsp;&nbsp;&nbsp;I2C_Slave_ISR_IT
</UL>

<P><STRONG><a name="[fd]"></a>I2C_ITAddrCplt</STRONG> (Thumb, 134 bytes, Stack size 8 bytes, stm32h7xx_hal_i2c.o(.text.I2C_ITAddrCplt))
<BR><BR>[Stack]<UL><LI>Max Depth = 8<LI>Call Chain = I2C_ITAddrCplt
</UL>
<BR>[Calls]<UL><LI><a href="#[fe]">&gt;&gt;</a>&nbsp;&nbsp;&nbsp;HAL_I2C_AddrCallback
</UL>
<BR>[Called By]<UL><LI><a href="#[2]">&gt;&gt;</a>&nbsp;&nbsp;&nbsp;I2C_Slave_ISR_DMA
<LI><a href="#[0]">&gt;&gt;</a>&nbsp;&nbsp;&nbsp;I2C_Slave_ISR_IT
</UL>

<P><STRONG><a name="[100]"></a>I2C_ITListenCplt</STRONG> (Thumb, 88 bytes, Stack size 0 bytes, stm32h7xx_hal_i2c.o(.text.I2C_ITListenCplt))
<BR><BR>[Calls]<UL><LI><a href="#[101]">&gt;&gt;</a>&nbsp;&nbsp;&nbsp;HAL_I2C_ListenCpltCallback
</UL>
<BR>[Called By]<UL><LI><a href="#[2]">&gt;&gt;</a>&nbsp;&nbsp;&nbsp;I2C_Slave_ISR_DMA
<LI><a href="#[108]">&gt;&gt;</a>&nbsp;&nbsp;&nbsp;I2C_ITSlaveCplt
<LI><a href="#[0]">&gt;&gt;</a>&nbsp;&nbsp;&nbsp;I2C_Slave_ISR_IT
</UL>

<P><STRONG><a name="[1]"></a>I2C_Master_ISR_DMA</STRONG> (Thumb, 340 bytes, Stack size 16 bytes, stm32h7xx_hal_i2c.o(.text.I2C_Master_ISR_DMA))
<BR><BR>[Stack]<UL><LI>Max Depth = 44<LI>Call Chain = I2C_Master_ISR_DMA &rArr; I2C_ITMasterCplt &rArr; I2C_ITError &rArr; HAL_DMA_Abort_IT
</UL>
<BR>[Calls]<UL><LI><a href="#[53]">&gt;&gt;</a>&nbsp;&nbsp;&nbsp;I2C_ITError
<LI><a href="#[107]">&gt;&gt;</a>&nbsp;&nbsp;&nbsp;I2C_ITMasterSeqCplt
<LI><a href="#[102]">&gt;&gt;</a>&nbsp;&nbsp;&nbsp;I2C_ITMasterCplt
</UL>
<BR>[Address Reference Count : 8]<UL><LI> stm32h7xx_hal_i2c.o(.text.HAL_I2C_Master_Transmit_DMA)
<LI> stm32h7xx_hal_i2c.o(.text.I2C_DMAMasterTransmitCplt)
<LI> stm32h7xx_hal_i2c.o(.text.HAL_I2C_Master_Receive_DMA)
<LI> stm32h7xx_hal_i2c.o(.text.I2C_DMAMasterReceiveCplt)
<LI> stm32h7xx_hal_i2c.o(.text.I2C_Mem_ISR_DMA)
<LI> stm32h7xx_hal_i2c.o(.text.HAL_I2C_Master_Seq_Transmit_DMA)
<LI> stm32h7xx_hal_i2c.o(.text.HAL_I2C_Master_Seq_Receive_DMA)
<LI> stm32h7xx_hal_i2c.o(.text.HAL_I2C_Master_Abort_IT)
</UL>
<P><STRONG><a name="[7]"></a>I2C_DMAMasterTransmitCplt</STRONG> (Thumb, 184 bytes, Stack size 8 bytes, stm32h7xx_hal_i2c.o(.text.I2C_DMAMasterTransmitCplt))
<BR><BR>[Stack]<UL><LI>Max Depth = 40<LI>Call Chain = I2C_DMAMasterTransmitCplt &rArr; HAL_DMA_Start_IT &rArr; DMA_SetConfig
</UL>
<BR>[Calls]<UL><LI><a href="#[53]">&gt;&gt;</a>&nbsp;&nbsp;&nbsp;I2C_ITError
<LI><a href="#[38]">&gt;&gt;</a>&nbsp;&nbsp;&nbsp;HAL_DMA_Start_IT
</UL>
<BR>[Address Reference Count : 3]<UL><LI> stm32h7xx_hal_i2c.o(.text.HAL_I2C_Master_Transmit_DMA)
<LI> stm32h7xx_hal_i2c.o(.text.HAL_I2C_Mem_Write_DMA)
<LI> stm32h7xx_hal_i2c.o(.text.HAL_I2C_Master_Seq_Transmit_DMA)
</UL>
<P><STRONG><a name="[5]"></a>I2C_DMAError</STRONG> (Thumb, 484 bytes, Stack size 16 bytes, stm32h7xx_hal_i2c.o(.text.I2C_DMAError))
<BR><BR>[Stack]<UL><LI>Max Depth = 32<LI>Call Chain = I2C_DMAError &rArr; I2C_ITError &rArr; HAL_DMA_Abort_IT
</UL>
<BR>[Calls]<UL><LI><a href="#[53]">&gt;&gt;</a>&nbsp;&nbsp;&nbsp;I2C_ITError
<LI><a href="#[e0]">&gt;&gt;</a>&nbsp;&nbsp;&nbsp;HAL_DMA_GetError
</UL>
<BR>[Address Reference Count : 10]<UL><LI> stm32h7xx_hal_i2c.o(.text.HAL_I2C_Master_Transmit_DMA)
<LI> stm32h7xx_hal_i2c.o(.text.HAL_I2C_Master_Receive_DMA)
<LI> stm32h7xx_hal_i2c.o(.text.HAL_I2C_Slave_Transmit_DMA)
<LI> stm32h7xx_hal_i2c.o(.text.HAL_I2C_Slave_Receive_DMA)
<LI> stm32h7xx_hal_i2c.o(.text.HAL_I2C_Mem_Write_DMA)
<LI> stm32h7xx_hal_i2c.o(.text.HAL_I2C_Mem_Read_DMA)
<LI> stm32h7xx_hal_i2c.o(.text.HAL_I2C_Master_Seq_Transmit_DMA)
<LI> stm32h7xx_hal_i2c.o(.text.HAL_I2C_Master_Seq_Receive_DMA)
<LI> stm32h7xx_hal_i2c.o(.text.HAL_I2C_Slave_Seq_Transmit_DMA)
<LI> stm32h7xx_hal_i2c.o(.text.HAL_I2C_Slave_Seq_Receive_DMA)
</UL>
<P><STRONG><a name="[2]"></a>I2C_Slave_ISR_DMA</STRONG> (Thumb, 672 bytes, Stack size 8 bytes, stm32h7xx_hal_i2c.o(.text.I2C_Slave_ISR_DMA))
<BR><BR>[Stack]<UL><LI>Max Depth = 40<LI>Call Chain = I2C_Slave_ISR_DMA &rArr; I2C_ITSlaveCplt &rArr; I2C_ITError &rArr; HAL_DMA_Abort_IT
</UL>
<BR>[Calls]<UL><LI><a href="#[100]">&gt;&gt;</a>&nbsp;&nbsp;&nbsp;I2C_ITListenCplt
<LI><a href="#[fd]">&gt;&gt;</a>&nbsp;&nbsp;&nbsp;I2C_ITAddrCplt
<LI><a href="#[fc]">&gt;&gt;</a>&nbsp;&nbsp;&nbsp;I2C_ITSlaveSeqCplt
<LI><a href="#[108]">&gt;&gt;</a>&nbsp;&nbsp;&nbsp;I2C_ITSlaveCplt
<LI><a href="#[53]">&gt;&gt;</a>&nbsp;&nbsp;&nbsp;I2C_ITError
</UL>
<BR>[Address Reference Count : 9]<UL><LI> stm32h7xx_hal_i2c.o(.text.I2C_Master_ISR_DMA)
<LI> stm32h7xx_hal_i2c.o(.text.I2C_DMAMasterTransmitCplt)
<LI> stm32h7xx_hal_i2c.o(.text.I2C_DMAMasterReceiveCplt)
<LI> stm32h7xx_hal_i2c.o(.text.HAL_I2C_Slave_Transmit_DMA)
<LI> stm32h7xx_hal_i2c.o(.text.HAL_I2C_Slave_Receive_DMA)
<LI> stm32h7xx_hal_i2c.o(.text.I2C_Mem_ISR_DMA)
<LI> stm32h7xx_hal_i2c.o(.text.HAL_I2C_Slave_Seq_Transmit_DMA)
<LI> stm32h7xx_hal_i2c.o(.text.HAL_I2C_Slave_Seq_Receive_DMA)
<LI> stm32h7xx_hal_i2c.o(.text.HAL_I2C_Master_Abort_IT)
</UL>
<P><STRONG><a name="[3]"></a>I2C_Mem_ISR_DMA</STRONG> (Thumb, 466 bytes, Stack size 16 bytes, stm32h7xx_hal_i2c.o(.text.I2C_Mem_ISR_DMA))
<BR><BR>[Stack]<UL><LI>Max Depth = 44<LI>Call Chain = I2C_Mem_ISR_DMA &rArr; I2C_ITMasterCplt &rArr; I2C_ITError &rArr; HAL_DMA_Abort_IT
</UL>
<BR>[Calls]<UL><LI><a href="#[53]">&gt;&gt;</a>&nbsp;&nbsp;&nbsp;I2C_ITError
<LI><a href="#[102]">&gt;&gt;</a>&nbsp;&nbsp;&nbsp;I2C_ITMasterCplt
</UL>
<BR>[Address Reference Count : 6]<UL><LI> stm32h7xx_hal_i2c.o(.text.I2C_Master_ISR_DMA)
<LI> stm32h7xx_hal_i2c.o(.text.I2C_DMAMasterTransmitCplt)
<LI> stm32h7xx_hal_i2c.o(.text.I2C_DMAMasterReceiveCplt)
<LI> stm32h7xx_hal_i2c.o(.text.HAL_I2C_Mem_Write_DMA)
<LI> stm32h7xx_hal_i2c.o(.text.HAL_I2C_Mem_Read_DMA)
<LI> stm32h7xx_hal_i2c.o(.text.HAL_I2C_Master_Abort_IT)
</UL>
<P><STRONG><a name="[4]"></a>I2C_DMAMasterReceiveCplt</STRONG> (Thumb, 184 bytes, Stack size 8 bytes, stm32h7xx_hal_i2c.o(.text.I2C_DMAMasterReceiveCplt))
<BR><BR>[Stack]<UL><LI>Max Depth = 40<LI>Call Chain = I2C_DMAMasterReceiveCplt &rArr; HAL_DMA_Start_IT &rArr; DMA_SetConfig
</UL>
<BR>[Calls]<UL><LI><a href="#[53]">&gt;&gt;</a>&nbsp;&nbsp;&nbsp;I2C_ITError
<LI><a href="#[38]">&gt;&gt;</a>&nbsp;&nbsp;&nbsp;HAL_DMA_Start_IT
</UL>
<BR>[Address Reference Count : 3]<UL><LI> stm32h7xx_hal_i2c.o(.text.HAL_I2C_Master_Receive_DMA)
<LI> stm32h7xx_hal_i2c.o(.text.HAL_I2C_Mem_Read_DMA)
<LI> stm32h7xx_hal_i2c.o(.text.HAL_I2C_Master_Seq_Receive_DMA)
</UL>
<P><STRONG><a name="[b]"></a>I2C_DMASlaveTransmitCplt</STRONG> (Thumb, 28 bytes, Stack size 0 bytes, stm32h7xx_hal_i2c.o(.text.I2C_DMASlaveTransmitCplt))
<BR><BR>[Calls]<UL><LI><a href="#[fc]">&gt;&gt;</a>&nbsp;&nbsp;&nbsp;I2C_ITSlaveSeqCplt
</UL>
<BR>[Address Reference Count : 2]<UL><LI> stm32h7xx_hal_i2c.o(.text.HAL_I2C_Slave_Transmit_DMA)
<LI> stm32h7xx_hal_i2c.o(.text.HAL_I2C_Slave_Seq_Transmit_DMA)
</UL>
<P><STRONG><a name="[9]"></a>I2C_DMASlaveReceiveCplt</STRONG> (Thumb, 244 bytes, Stack size 0 bytes, stm32h7xx_hal_i2c.o(.text.I2C_DMASlaveReceiveCplt))
<BR><BR>[Calls]<UL><LI><a href="#[fc]">&gt;&gt;</a>&nbsp;&nbsp;&nbsp;I2C_ITSlaveSeqCplt
</UL>
<BR>[Address Reference Count : 2]<UL><LI> stm32h7xx_hal_i2c.o(.text.HAL_I2C_Slave_Receive_DMA)
<LI> stm32h7xx_hal_i2c.o(.text.HAL_I2C_Slave_Seq_Receive_DMA)
</UL>
<P><STRONG><a name="[8]"></a>I2C_Mem_ISR_IT</STRONG> (Thumb, 434 bytes, Stack size 16 bytes, stm32h7xx_hal_i2c.o(.text.I2C_Mem_ISR_IT))
<BR><BR>[Stack]<UL><LI>Max Depth = 44<LI>Call Chain = I2C_Mem_ISR_IT &rArr; I2C_ITMasterCplt &rArr; I2C_ITError &rArr; HAL_DMA_Abort_IT
</UL>
<BR>[Calls]<UL><LI><a href="#[53]">&gt;&gt;</a>&nbsp;&nbsp;&nbsp;I2C_ITError
<LI><a href="#[102]">&gt;&gt;</a>&nbsp;&nbsp;&nbsp;I2C_ITMasterCplt
</UL>
<BR>[Address Reference Count : 2]<UL><LI> stm32h7xx_hal_i2c.o(.text.HAL_I2C_Mem_Write_IT)
<LI> stm32h7xx_hal_i2c.o(.text.HAL_I2C_Mem_Read_IT)
</UL>
<P><STRONG><a name="[a]"></a>I2C_DMAAbort</STRONG> (Thumb, 22 bytes, Stack size 0 bytes, stm32h7xx_hal_i2c.o(.text.I2C_DMAAbort))
<BR><BR>[Calls]<UL><LI><a href="#[fb]">&gt;&gt;</a>&nbsp;&nbsp;&nbsp;I2C_TreatErrorCallback
</UL>
<BR>[Address Reference Count : 5]<UL><LI> stm32h7xx_hal_i2c.o(.text.HAL_I2C_Slave_Seq_Transmit_IT)
<LI> stm32h7xx_hal_i2c.o(.text.HAL_I2C_Slave_Seq_Transmit_DMA)
<LI> stm32h7xx_hal_i2c.o(.text.HAL_I2C_Slave_Seq_Receive_IT)
<LI> stm32h7xx_hal_i2c.o(.text.HAL_I2C_Slave_Seq_Receive_DMA)
<LI> stm32h7xx_hal_i2c.o(.text.I2C_ITError)
</UL>
<P><STRONG><a name="[fb]"></a>I2C_TreatErrorCallback</STRONG> (Thumb, 30 bytes, Stack size 0 bytes, stm32h7xx_hal_i2c.o(.text.I2C_TreatErrorCallback))
<BR><BR>[Calls]<UL><LI><a href="#[10d]">&gt;&gt;</a>&nbsp;&nbsp;&nbsp;HAL_I2C_ErrorCallback
<LI><a href="#[10c]">&gt;&gt;</a>&nbsp;&nbsp;&nbsp;HAL_I2C_AbortCpltCallback
</UL>
<BR>[Called By]<UL><LI><a href="#[a]">&gt;&gt;</a>&nbsp;&nbsp;&nbsp;I2C_DMAAbort
<LI><a href="#[53]">&gt;&gt;</a>&nbsp;&nbsp;&nbsp;I2C_ITError
</UL>

<P><STRONG><a name="[ea]"></a>UART_EndRxTransfer</STRONG> (Thumb, 90 bytes, Stack size 0 bytes, stm32h7xx_hal_uart.o(.text.UART_EndRxTransfer))
<BR><BR>[Calls]<UL><LI><a href="#[ea]">&gt;&gt;</a>&nbsp;&nbsp;&nbsp;UART_EndRxTransfer
</UL>
<BR>[Called By]<UL><LI><a href="#[ed]">&gt;&gt;</a>&nbsp;&nbsp;&nbsp;HAL_UART_IRQHandler
<LI><a href="#[e9]">&gt;&gt;</a>&nbsp;&nbsp;&nbsp;HAL_UART_DMAStop
<LI><a href="#[de]">&gt;&gt;</a>&nbsp;&nbsp;&nbsp;UART_WaitOnFlagUntilTimeout
<LI><a href="#[17]">&gt;&gt;</a>&nbsp;&nbsp;&nbsp;UART_DMAError
<LI><a href="#[ea]">&gt;&gt;</a>&nbsp;&nbsp;&nbsp;UART_EndRxTransfer
</UL>

<P><STRONG><a name="[18]"></a>UART_TxISR_8BIT_FIFOEN</STRONG> (Thumb, 110 bytes, Stack size 0 bytes, stm32h7xx_hal_uart.o(.text.UART_TxISR_8BIT_FIFOEN))
<BR>[Address Reference Count : 1]<UL><LI> stm32h7xx_hal_uart.o(.text.HAL_UART_Transmit_IT)
</UL>
<P><STRONG><a name="[19]"></a>UART_TxISR_8BIT</STRONG> (Thumb, 82 bytes, Stack size 0 bytes, stm32h7xx_hal_uart.o(.text.UART_TxISR_8BIT))
<BR>[Address Reference Count : 1]<UL><LI> stm32h7xx_hal_uart.o(.text.HAL_UART_Transmit_IT)
</UL>
<P><STRONG><a name="[1a]"></a>UART_TxISR_16BIT_FIFOEN</STRONG> (Thumb, 114 bytes, Stack size 0 bytes, stm32h7xx_hal_uart.o(.text.UART_TxISR_16BIT_FIFOEN))
<BR>[Address Reference Count : 1]<UL><LI> stm32h7xx_hal_uart.o(.text.HAL_UART_Transmit_IT)
</UL>
<P><STRONG><a name="[1b]"></a>UART_TxISR_16BIT</STRONG> (Thumb, 86 bytes, Stack size 0 bytes, stm32h7xx_hal_uart.o(.text.UART_TxISR_16BIT))
<BR>[Address Reference Count : 1]<UL><LI> stm32h7xx_hal_uart.o(.text.HAL_UART_Transmit_IT)
</UL>
<P><STRONG><a name="[1d]"></a>UART_RxISR_8BIT</STRONG> (Thumb, 206 bytes, Stack size 0 bytes, stm32h7xx_hal_uart.o(.text.UART_RxISR_8BIT))
<BR><BR>[Calls]<UL><LI><a href="#[11d]">&gt;&gt;</a>&nbsp;&nbsp;&nbsp;HAL_UART_RxCpltCallback
<LI><a href="#[f3]">&gt;&gt;</a>&nbsp;&nbsp;&nbsp;HAL_UARTEx_RxEventCallback
</UL>
<BR>[Address Reference Count : 2]<UL><LI> stm32h7xx_hal_uart.o(.text.UART_Start_Receive_IT)
<LI> stm32h7xx_hal_uart.o(.text.UART_RxISR_8BIT_FIFOEN)
</UL>
<P><STRONG><a name="[20]"></a>UART_RxISR_8BIT_FIFOEN</STRONG> (Thumb, 452 bytes, Stack size 32 bytes, stm32h7xx_hal_uart.o(.text.UART_RxISR_8BIT_FIFOEN))
<BR><BR>[Stack]<UL><LI>Max Depth = 32<LI>Call Chain = UART_RxISR_8BIT_FIFOEN
</UL>
<BR>[Calls]<UL><LI><a href="#[11d]">&gt;&gt;</a>&nbsp;&nbsp;&nbsp;HAL_UART_RxCpltCallback
<LI><a href="#[f3]">&gt;&gt;</a>&nbsp;&nbsp;&nbsp;HAL_UARTEx_RxEventCallback
<LI><a href="#[ef]">&gt;&gt;</a>&nbsp;&nbsp;&nbsp;HAL_UART_ErrorCallback
</UL>
<BR>[Address Reference Count : 1]<UL><LI> stm32h7xx_hal_uart.o(.text.UART_Start_Receive_IT)
</UL>
<P><STRONG><a name="[1c]"></a>UART_RxISR_16BIT</STRONG> (Thumb, 206 bytes, Stack size 0 bytes, stm32h7xx_hal_uart.o(.text.UART_RxISR_16BIT))
<BR><BR>[Calls]<UL><LI><a href="#[11d]">&gt;&gt;</a>&nbsp;&nbsp;&nbsp;HAL_UART_RxCpltCallback
<LI><a href="#[f3]">&gt;&gt;</a>&nbsp;&nbsp;&nbsp;HAL_UARTEx_RxEventCallback
</UL>
<BR>[Address Reference Count : 2]<UL><LI> stm32h7xx_hal_uart.o(.text.UART_Start_Receive_IT)
<LI> stm32h7xx_hal_uart.o(.text.UART_RxISR_16BIT_FIFOEN)
</UL>
<P><STRONG><a name="[21]"></a>UART_RxISR_16BIT_FIFOEN</STRONG> (Thumb, 448 bytes, Stack size 32 bytes, stm32h7xx_hal_uart.o(.text.UART_RxISR_16BIT_FIFOEN))
<BR><BR>[Stack]<UL><LI>Max Depth = 32<LI>Call Chain = UART_RxISR_16BIT_FIFOEN
</UL>
<BR>[Calls]<UL><LI><a href="#[11d]">&gt;&gt;</a>&nbsp;&nbsp;&nbsp;HAL_UART_RxCpltCallback
<LI><a href="#[f3]">&gt;&gt;</a>&nbsp;&nbsp;&nbsp;HAL_UARTEx_RxEventCallback
<LI><a href="#[ef]">&gt;&gt;</a>&nbsp;&nbsp;&nbsp;HAL_UART_ErrorCallback
</UL>
<BR>[Address Reference Count : 1]<UL><LI> stm32h7xx_hal_uart.o(.text.UART_Start_Receive_IT)
</UL>
<P><STRONG><a name="[15]"></a>UART_DMATransmitCplt</STRONG> (Thumb, 62 bytes, Stack size 0 bytes, stm32h7xx_hal_uart.o(.text.UART_DMATransmitCplt))
<BR><BR>[Calls]<UL><LI><a href="#[f0]">&gt;&gt;</a>&nbsp;&nbsp;&nbsp;HAL_UART_TxCpltCallback
</UL>
<BR>[Address Reference Count : 1]<UL><LI> stm32h7xx_hal_uart.o(.text.HAL_UART_Transmit_DMA)
</UL>
<P><STRONG><a name="[16]"></a>UART_DMATxHalfCplt</STRONG> (Thumb, 6 bytes, Stack size 0 bytes, stm32h7xx_hal_uart.o(.text.UART_DMATxHalfCplt))
<BR><BR>[Calls]<UL><LI><a href="#[11f]">&gt;&gt;</a>&nbsp;&nbsp;&nbsp;HAL_UART_TxHalfCpltCallback
</UL>
<BR>[Address Reference Count : 1]<UL><LI> stm32h7xx_hal_uart.o(.text.HAL_UART_Transmit_DMA)
</UL>
<P><STRONG><a name="[17]"></a>UART_DMAError</STRONG> (Thumb, 124 bytes, Stack size 8 bytes, stm32h7xx_hal_uart.o(.text.UART_DMAError))
<BR><BR>[Stack]<UL><LI>Max Depth = 8<LI>Call Chain = UART_DMAError
</UL>
<BR>[Calls]<UL><LI><a href="#[ef]">&gt;&gt;</a>&nbsp;&nbsp;&nbsp;HAL_UART_ErrorCallback
<LI><a href="#[ea]">&gt;&gt;</a>&nbsp;&nbsp;&nbsp;UART_EndRxTransfer
</UL>
<BR>[Address Reference Count : 2]<UL><LI> stm32h7xx_hal_uart.o(.text.HAL_UART_Transmit_DMA)
<LI> stm32h7xx_hal_uart.o(.text.UART_Start_Receive_DMA)
</UL>
<P><STRONG><a name="[1e]"></a>UART_DMAReceiveCplt</STRONG> (Thumb, 130 bytes, Stack size 0 bytes, stm32h7xx_hal_uart.o(.text.UART_DMAReceiveCplt))
<BR><BR>[Calls]<UL><LI><a href="#[11d]">&gt;&gt;</a>&nbsp;&nbsp;&nbsp;HAL_UART_RxCpltCallback
<LI><a href="#[f3]">&gt;&gt;</a>&nbsp;&nbsp;&nbsp;HAL_UARTEx_RxEventCallback
</UL>
<BR>[Address Reference Count : 1]<UL><LI> stm32h7xx_hal_uart.o(.text.UART_Start_Receive_DMA)
</UL>
<P><STRONG><a name="[1f]"></a>UART_DMARxHalfCplt</STRONG> (Thumb, 26 bytes, Stack size 0 bytes, stm32h7xx_hal_uart.o(.text.UART_DMARxHalfCplt))
<BR><BR>[Calls]<UL><LI><a href="#[11e]">&gt;&gt;</a>&nbsp;&nbsp;&nbsp;HAL_UART_RxHalfCpltCallback
<LI><a href="#[f3]">&gt;&gt;</a>&nbsp;&nbsp;&nbsp;HAL_UARTEx_RxEventCallback
</UL>
<BR>[Address Reference Count : 1]<UL><LI> stm32h7xx_hal_uart.o(.text.UART_Start_Receive_DMA)
</UL>
<P><STRONG><a name="[12]"></a>UART_DMATxAbortCallback</STRONG> (Thumb, 72 bytes, Stack size 0 bytes, stm32h7xx_hal_uart.o(.text.UART_DMATxAbortCallback))
<BR><BR>[Calls]<UL><LI><a href="#[e8]">&gt;&gt;</a>&nbsp;&nbsp;&nbsp;HAL_UART_AbortCpltCallback
</UL>
<BR>[Address Reference Count : 1]<UL><LI> stm32h7xx_hal_uart.o(.text.HAL_UART_Abort_IT)
</UL>
<P><STRONG><a name="[13]"></a>UART_DMARxAbortCallback</STRONG> (Thumb, 60 bytes, Stack size 0 bytes, stm32h7xx_hal_uart.o(.text.UART_DMARxAbortCallback))
<BR><BR>[Calls]<UL><LI><a href="#[e8]">&gt;&gt;</a>&nbsp;&nbsp;&nbsp;HAL_UART_AbortCpltCallback
</UL>
<BR>[Address Reference Count : 1]<UL><LI> stm32h7xx_hal_uart.o(.text.HAL_UART_Abort_IT)
</UL>
<P><STRONG><a name="[11]"></a>UART_DMATxOnlyAbortCallback</STRONG> (Thumb, 36 bytes, Stack size 0 bytes, stm32h7xx_hal_uart.o(.text.UART_DMATxOnlyAbortCallback))
<BR><BR>[Calls]<UL><LI><a href="#[e6]">&gt;&gt;</a>&nbsp;&nbsp;&nbsp;HAL_UART_AbortTransmitCpltCallback
</UL>
<BR>[Address Reference Count : 1]<UL><LI> stm32h7xx_hal_uart.o(.text.HAL_UART_AbortTransmit_IT)
</UL>
<P><STRONG><a name="[10]"></a>UART_DMARxOnlyAbortCallback</STRONG> (Thumb, 34 bytes, Stack size 0 bytes, stm32h7xx_hal_uart.o(.text.UART_DMARxOnlyAbortCallback))
<BR><BR>[Calls]<UL><LI><a href="#[e3]">&gt;&gt;</a>&nbsp;&nbsp;&nbsp;HAL_UART_AbortReceiveCpltCallback
</UL>
<BR>[Address Reference Count : 1]<UL><LI> stm32h7xx_hal_uart.o(.text.HAL_UART_AbortReceive_IT)
</UL>
<P><STRONG><a name="[14]"></a>UART_DMAAbortOnError</STRONG> (Thumb, 16 bytes, Stack size 0 bytes, stm32h7xx_hal_uart.o(.text.UART_DMAAbortOnError))
<BR><BR>[Calls]<UL><LI><a href="#[ef]">&gt;&gt;</a>&nbsp;&nbsp;&nbsp;HAL_UART_ErrorCallback
</UL>
<BR>[Address Reference Count : 1]<UL><LI> stm32h7xx_hal_uart.o(.text.HAL_UART_IRQHandler)
</UL>
<P><STRONG><a name="[d5]"></a>UARTEx_SetNbDataToProcess</STRONG> (Thumb, 86 bytes, Stack size 8 bytes, stm32h7xx_hal_uart_ex.o(.text.UARTEx_SetNbDataToProcess), UNUSED)
<BR><BR>[Called By]<UL><LI><a href="#[db]">&gt;&gt;</a>&nbsp;&nbsp;&nbsp;HAL_UARTEx_SetRxFifoThreshold
<LI><a href="#[dc]">&gt;&gt;</a>&nbsp;&nbsp;&nbsp;HAL_UARTEx_SetTxFifoThreshold
<LI><a href="#[d4]">&gt;&gt;</a>&nbsp;&nbsp;&nbsp;HAL_UARTEx_EnableFifoMode
</UL>
<P>
<H3>
Undefined Global Symbols
</H3><HR></body></html>
